    29 : nkpt
    13 : nstsv

     1   0.000000000       0.000000000       0.000000000     : k-point, vkl
 (state, eigenvalue and occupancy below)
     1 -0.4726406138       2.000000000    
     2  0.2979116399       1.999999983    
     3  0.2979310175       1.999999983    
     4  0.2979334909       1.999999983    
     5  0.5178924932       0.000000000    
     6  0.5178954069       0.000000000    
     7  0.5179178906       0.000000000    
     8  0.7924543671       0.000000000    
     9   1.043444123       0.000000000    
    10   1.341175440       0.000000000    
    11   1.341182428       0.000000000    
    12   1.366987422       0.000000000    
    13   1.366989796       0.000000000    


     2  0.1250000000       0.000000000       0.000000000     : k-point, vkl
 (state, eigenvalue and occupancy below)
     1 -0.4570087619       2.000000000    
     2  0.2147732888       2.000000000    
     3  0.2762439651       2.000000000    
     4  0.2762583442       2.000000000    
     5  0.5483621408       0.000000000    
     6  0.5483815850       0.000000000    
     7  0.5633446644       0.000000000    
     8  0.8066285303       0.000000000    
     9   1.065686284       0.000000000    
    10   1.219954192       0.000000000    
    11   1.219966433       0.000000000    
    12   1.315888570       0.000000000    
    13   1.557340086       0.000000000    


     3  0.2500000000       0.000000000       0.000000000     : k-point, vkl
 (state, eigenvalue and occupancy below)
     1 -0.4106834859       2.000000000    
     2  0.6646297480E-01   2.000000000    
     3  0.2374150695       2.000000000    
     4  0.2374267698       2.000000000    
     5  0.5975909054       0.000000000    
     6  0.5976107337       0.000000000    
     7  0.6095818582       0.000000000    
     8  0.8447458856       0.000000000    
     9   1.092487176       0.000000000    
    10   1.176544679       0.000000000    
    11   1.176553517       0.000000000    
    12   1.273730168       0.000000000    
    13   1.813311150       0.000000000    


     4  0.3750000000       0.000000000       0.000000000     : k-point, vkl
 (state, eigenvalue and occupancy below)
     1 -0.3365273805       2.000000000    
     2 -0.7954053776E-01   2.000000000    
     3  0.2092267481       2.000000000    
     4  0.2092375583       2.000000000    
     5  0.6231321198       0.000000000    
     6  0.6231542250       0.000000000    
     7  0.6298865219       0.000000000    
     8  0.8834327299       0.000000000    
     9   1.105171399       0.000000000    
    10   1.230262650       0.000000000    
    11   1.230266288       0.000000000    
    12   1.246283047       0.000000000    
    13   1.751991228       0.000000000    


     5  0.5000000000       0.000000000       0.000000000     : k-point, vkl
 (state, eigenvalue and occupancy below)
     1 -0.2673129687       2.000000000    
     2 -0.1738616763       2.000000000    
     3  0.1993690051       2.000000000    
     4  0.1993796218       2.000000000    
     5  0.6276118456       0.000000000    
     6  0.6276350554       0.000000000    
     7  0.6354431328       0.000000000    
     8  0.8968476968       0.000000000    
     9   1.128161883       0.000000000    
    10   1.211975729       0.000000000    
    11   1.294774638       0.000000000    
    12   1.294775552       0.000000000    
    13   1.636813124       0.000000000    


     6  0.1250000000      0.1250000000       0.000000000     : k-point, vkl
 (state, eigenvalue and occupancy below)
     1 -0.4518055364       2.000000000    
     2  0.2393081202       2.000000000    
     3  0.2393163350       2.000000000    
     4  0.2507480445       2.000000000    
     5  0.5055759990       0.000000000    
     6  0.5958266021       0.000000000    
     7  0.5958381313       0.000000000    
     8  0.7962233933       0.000000000    
     9   1.075698170       0.000000000    
    10   1.108764788       0.000000000    
    11   1.369995155       0.000000000    
    12   1.417124239       0.000000000    
    13   1.417137856       0.000000000    


     7  0.2500000000      0.1250000000       0.000000000     : k-point, vkl
 (state, eigenvalue and occupancy below)
     1 -0.4157137388       2.000000000    
     2  0.1194204819       2.000000000    
     3  0.1987430271       2.000000000    
     4  0.2268683124       2.000000000    
     5  0.5297000782       0.000000000    
     6  0.6514268029       0.000000000    
     7  0.6545941279       0.000000000    
     8  0.7889367586       0.000000000    
     9   1.075807667       0.000000000    
    10   1.107102626       0.000000000    
    11   1.308361529       0.000000000    
    12   1.381230844       0.000000000    
    13   1.628606204       0.000000000    


     8  0.3750000000      0.1250000000       0.000000000     : k-point, vkl
 (state, eigenvalue and occupancy below)
     1 -0.3505051294       2.000000000    
     2 -0.2423702404E-01   2.000000000    
     3  0.1752339092       2.000000000    
     4  0.1859314236       2.000000000    
     5  0.5745816817       0.000000000    
     6  0.6787222380       0.000000000    
     7  0.6821564091       0.000000000    
     8  0.8144515130       0.000000000    
     9   1.106455010       0.000000000    
    10   1.128803190       0.000000000    
    11   1.315830604       0.000000000    
    12   1.340141597       0.000000000    
    13   1.745965605       0.000000000    


     9  0.5000000000      0.1250000000       0.000000000     : k-point, vkl
 (state, eigenvalue and occupancy below)
     1 -0.2682116722       2.000000000    
     2 -0.1458949432       2.000000000    
     3  0.1523480481       2.000000000    
     4  0.1745322381       2.000000000    
     5  0.5990646106       0.000000000    
     6  0.6747901798       0.000000000    
     7  0.6871515532       0.000000000    
     8  0.8731424472       0.000000000    
     9   1.081021380       0.000000000    
    10   1.200134555       0.000000000    
    11   1.309825170       0.000000000    
    12   1.332038095       0.000000000    
    13   1.659519492       0.000000000    


    10  0.6250000000      0.1250000000       0.000000000     : k-point, vkl
 (state, eigenvalue and occupancy below)
     1 -0.2949341978       2.000000000    
     2 -0.1107814505       2.000000000    
     3  0.1374801083       2.000000000    
     4  0.1958122659       2.000000000    
     5  0.6189025446       0.000000000    
     6  0.6506124663       0.000000000    
     7  0.6845119359       0.000000000    
     8  0.8777900014       0.000000000    
     9   1.080181612       0.000000000    
    10   1.191768750       0.000000000    
    11   1.223714733       0.000000000    
    12   1.385701107       0.000000000    
    13   1.722520721       0.000000000    


    11  0.7500000000      0.1250000000       0.000000000     : k-point, vkl
 (state, eigenvalue and occupancy below)
     1 -0.3753029357       2.000000000    
     2  0.2400676281E-01   2.000000000    
     3  0.1459039669       2.000000000    
     4  0.2334251261       2.000000000    
     5  0.6104242525       0.000000000    
     6  0.6301468150       0.000000000    
     7  0.6633566693       0.000000000    
     8  0.8319161841       0.000000000    
     9   1.100770612       0.000000000    
    10   1.106698194       0.000000000    
    11   1.206594136       0.000000000    
    12   1.422585120       0.000000000    
    13   1.729643161       0.000000000    


    12  0.8750000000      0.1250000000       0.000000000     : k-point, vkl
 (state, eigenvalue and occupancy below)
     1 -0.4311476087       2.000000000    
     2  0.1578296010       2.000000000    
     3  0.1867496896       2.000000000    
     4  0.2714963472       2.000000000    
     5  0.5599419640       0.000000000    
     6  0.6061648391       0.000000000    
     7  0.6098316608       0.000000000    
     8  0.8140551999       0.000000000    
     9   1.091369795       0.000000000    
    10   1.118277653       0.000000000    
    11   1.194757911       0.000000000    
    12   1.466394548       0.000000000    
    13   1.488467928       0.000000000    


    13  0.2500000000      0.2500000000       0.000000000     : k-point, vkl
 (state, eigenvalue and occupancy below)
     1 -0.3900776927       2.000000000    
     2  0.1359922147       2.000000000    
     3  0.1549021009       2.000000000    
     4  0.1549065417       2.000000000    
     5  0.4825988093       0.000000000    
     6  0.7032946127       0.000000000    
     7  0.7322331253       0.000000000    
     8  0.7322400614       0.000000000    
     9   1.060106796       0.000000000    
    10   1.141814057       0.000000000    
    11   1.455990875       0.000000000    
    12   1.552660392       0.000000000    
    13   1.552671174       0.000000000    


    14  0.3750000000      0.2500000000       0.000000000     : k-point, vkl
 (state, eigenvalue and occupancy below)
     1 -0.3349777251       2.000000000    
     2  0.3029146533E-01   2.000000000    
     3  0.1152030306       2.000000000    
     4  0.1283911516       2.000000000    
     5  0.5100440453       0.000000000    
     6  0.6703707475       0.000000000    
     7  0.7800572036       0.000000000    
     8  0.7804332835       0.000000000    
     9   1.101428750       0.000000000    
    10   1.149357863       0.000000000    
    11   1.442320690       0.000000000    
    12   1.523431433       0.000000000    
    13   1.709904365       0.000000000    


    15  0.5000000000      0.2500000000       0.000000000     : k-point, vkl
 (state, eigenvalue and occupancy below)
     1 -0.2562779410       2.000000000    
     2 -0.8527366795E-01   2.000000000    
     3  0.6168051326E-01   2.000000000    
     4  0.1270991910       2.000000000    
     5  0.5465733446       0.000000000    
     6  0.7388244935       0.000000000    
     7  0.7794275765       0.000000000    
     8  0.7976371103       0.000000000    
     9   1.067017126       0.000000000    
    10   1.182826379       0.000000000    
    11   1.361360479       0.000000000    
    12   1.490205733       0.000000000    
    13   1.714247610       0.000000000    


    16  0.6250000000      0.2500000000       0.000000000     : k-point, vkl
 (state, eigenvalue and occupancy below)
     1 -0.2323001829       2.000000000    
     2 -0.1126579256       2.000000000    
     3  0.2627517232E-01   2.000000000    
     4  0.1506129179       2.000000000    
     5  0.5745884515       0.000000000    
     6  0.7420566847       0.000000000    
     7  0.7930990752       0.000000000    
     8  0.8532326205       0.000000000    
     9  0.9786637733       0.000000000    
    10   1.211685711       0.000000000    
    11   1.227643876       0.000000000    
    12   1.519458828       0.000000000    
    13   1.824720005       0.000000000    


    17  0.7500000000      0.2500000000       0.000000000     : k-point, vkl
 (state, eigenvalue and occupancy below)
     1 -0.3117321711       2.000000000    
     2 -0.1204228531E-01   2.000000000    
     3  0.3299683407E-01   2.000000000    
     4  0.1924923873       2.000000000    
     5  0.6103709545       0.000000000    
     6  0.6779558710       0.000000000    
     7  0.7624700255       0.000000000    
     8  0.8212786075       0.000000000    
     9   1.049224874       0.000000000    
    10   1.114422751       0.000000000    
    11   1.229477717       0.000000000    
    12   1.571955310       0.000000000    
    13   1.692690064       0.000000000    


    18  0.3750000000      0.3750000000       0.000000000     : k-point, vkl
 (state, eigenvalue and occupancy below)
     1 -0.2903343315       2.000000000    
     2 -0.9721507057E-02   2.000000000    
     3  0.9690896245E-01   2.000000000    
     4  0.9691185068E-01   2.000000000    
     5  0.4749616956       0.000000000    
     6  0.5769836173       0.000000000    
     7  0.8591728556       0.000000000    
     8  0.8591771117       0.000000000    
     9   1.117194581       0.000000000    
    10   1.180771852       0.000000000    
    11   1.598967735       0.000000000    
    12   1.604925726       0.000000000    
    13   1.604937509       0.000000000    


    19  0.5000000000      0.3750000000       0.000000000     : k-point, vkl
 (state, eigenvalue and occupancy below)
     1 -0.2201008805       2.000000000    
     2 -0.8474915343E-01   2.000000000    
     3  0.4177275957E-01   2.000000000    
     4  0.9019194650E-01   2.000000000    
     5  0.5078745433       0.000000000    
     6  0.5822705361       0.000000000    
     7  0.8785970893       0.000000000    
     8  0.8870430104       0.000000000    
     9   1.117607968       0.000000000    
    10   1.174488742       0.000000000    
    11   1.460614894       0.000000000    
    12   1.585531363       0.000000000    
    13   1.753386664       0.000000000    


    20  0.6250000000      0.3750000000       0.000000000     : k-point, vkl
 (state, eigenvalue and occupancy below)
     1 -0.1694015059       2.000000000    
     2 -0.1218072135       2.000000000    
     3 -0.2561926112E-01   2.000000000    
     4  0.1096191064       2.000000000    
     5  0.5341827116       0.000000000    
     6  0.7124816620       0.000000000    
     7  0.8329794441       0.000000000    
     8  0.8771678501       0.000000000    
     9   1.008258656       0.000000000    
    10   1.209235197       0.000000000    
    11   1.305475965       0.000000000    
    12   1.604081465       0.000000000    
    13   1.828329069       0.000000000    


    21  0.5000000000      0.5000000000       0.000000000     : k-point, vkl
 (state, eigenvalue and occupancy below)
     1 -0.1590863139       2.000000000    
     2 -0.1590688415       2.000000000    
     3  0.7681955542E-01   2.000000000    
     4  0.7682201570E-01   2.000000000    
     5  0.5017916167       0.000000000    
     6  0.5018027966       0.000000000    
     7  0.9186045828       0.000000000    
     8  0.9186072336       0.000000000    
     9   1.167383927       0.000000000    
    10   1.167385162       0.000000000    
    11   1.548701050       0.000000000    
    12   1.548717048       0.000000000    
    13   1.800004191       0.000000000    


    22  0.3750000000      0.2500000000      0.1250000000     : k-point, vkl
 (state, eigenvalue and occupancy below)
     1 -0.3700793505       2.000000000    
     2  0.6651616315E-01   2.000000000    
     3  0.1070979151       2.000000000    
     4  0.1973006155       2.000000000    
     5  0.5568753446       0.000000000    
     6  0.6800624859       0.000000000    
     7  0.7322668966       0.000000000    
     8  0.7531216197       0.000000000    
     9   1.086622385       0.000000000    
    10   1.119716138       0.000000000    
    11   1.292011639       0.000000000    
    12   1.571930232       0.000000000    
    13   1.590708833       0.000000000    


    23  0.5000000000      0.2500000000      0.1250000000     : k-point, vkl
 (state, eigenvalue and occupancy below)
     1 -0.2974802290       2.000000000    
     2 -0.5124649360E-01   2.000000000    
     3  0.7759363547E-01   2.000000000    
     4  0.1558293072       2.000000000    
     5  0.6102546719       0.000000000    
     6  0.6693695349       0.000000000    
     7  0.7655060311       0.000000000    
     8  0.8024176899       0.000000000    
     9   1.068666281       0.000000000    
    10   1.144799079       0.000000000    
    11   1.300063344       0.000000000    
    12   1.493091139       0.000000000    
    13   1.749256869       0.000000000    


    24  0.6250000000      0.2500000000      0.1250000000     : k-point, vkl
 (state, eigenvalue and occupancy below)
     1 -0.2307819221       2.000000000    
     2 -0.1388857996       2.000000000    
     3  0.7560579944E-01   2.000000000    
     4  0.1348711810       2.000000000    
     5  0.6266479782       0.000000000    
     6  0.6605912561       0.000000000    
     7  0.7846135172       0.000000000    
     8  0.8560258144       0.000000000    
     9   1.005659680       0.000000000    
    10   1.194994505       0.000000000    
    11   1.310444594       0.000000000    
    12   1.426764110       0.000000000    
    13   1.769471521       0.000000000    


    25  0.5000000000      0.3750000000      0.1250000000     : k-point, vkl
 (state, eigenvalue and occupancy below)
     1 -0.2722433058       2.000000000    
     2 -0.2548677704E-01   2.000000000    
     3  0.5375041014E-01   2.000000000    
     4  0.9150018206E-01   2.000000000    
     5  0.5516427959       0.000000000    
     6  0.6426222439       0.000000000    
     7  0.7849924794       0.000000000    
     8  0.8580999189       0.000000000    
     9   1.120153755       0.000000000    
    10   1.132326385       0.000000000    
    11   1.431021535       0.000000000    
    12   1.563413683       0.000000000    
    13   1.765163394       0.000000000    


    26  0.6250000000      0.3750000000      0.1250000000     : k-point, vkl
 (state, eigenvalue and occupancy below)
     1 -0.1949458940       2.000000000    
     2 -0.1011530747       2.000000000    
     3  0.4225727577E-02   2.000000000    
     4  0.7710702612E-01   2.000000000    
     5  0.5986878842       0.000000000    
     6  0.7206429971       0.000000000    
     7  0.7686377759       0.000000000    
     8  0.8530180152       0.000000000    
     9   1.035204725       0.000000000    
    10   1.165178566       0.000000000    
    11   1.378392093       0.000000000    
    12   1.528994805       0.000000000    
    13   1.859923200       0.000000000    


    27  0.7500000000      0.3750000000      0.1250000000     : k-point, vkl
 (state, eigenvalue and occupancy below)
     1 -0.2229089589       2.000000000    
     2 -0.7457336142E-01   2.000000000    
     3 -0.1103433890E-01   2.000000000    
     4  0.1075022668       2.000000000    
     5  0.6289095627       0.000000000    
     6  0.7090217035       0.000000000    
     7  0.7916017996       0.000000000    
     8  0.8383786619       0.000000000    
     9  0.9927559471       0.000000000    
    10   1.163695031       0.000000000    
    11   1.313469938       0.000000000    
    12   1.558226384       0.000000000    
    13   1.816229097       0.000000000    


    28  0.6250000000      0.5000000000      0.1250000000     : k-point, vkl
 (state, eigenvalue and occupancy below)
     1 -0.1477299674       2.000000000    
     2 -0.1477122727       2.000000000    
     3  0.4264286232E-01   2.000000000    
     4  0.4264660785E-01   2.000000000    
     5  0.5758204076       0.000000000    
     6  0.5758308469       0.000000000    
     7  0.8758221223       0.000000000    
     8  0.8758264259       0.000000000    
     9   1.129975852       0.000000000    
    10   1.129977438       0.000000000    
    11   1.493412919       0.000000000    
    12   1.493418339       0.000000000    
    13   1.922291433       0.000000000    


    29  0.7500000000      0.5000000000      0.2500000000     : k-point, vkl
 (state, eigenvalue and occupancy below)
     1 -0.1330076341       2.000000000    
     2 -0.1329909457       2.000000000    
     3  0.9280438791E-02   2.000000000    
     4  0.9283783944E-02   2.000000000    
     5  0.7125223097       0.000000000    
     6  0.7125366719       0.000000000    
     7  0.7599854552       0.000000000    
     8  0.7599865365       0.000000000    
     9   1.099506071       0.000000000    
    10   1.099507676       0.000000000    
    11   1.466160862       0.000000000    
    12   1.466167269       0.000000000    
    13   1.980079467       0.000000000    

