    29 : nkpt
    13 : nstsv

     1   0.000000000       0.000000000       0.000000000     : k-point, vkl
 (state, eigenvalue and occupancy below)
     1  -90191.69148       0.000000000    
     2  -80973.98838       0.000000000    
     3  -9578.830376       0.000000000    
     4  -9447.981189       0.000000000    
     5  -6264.800147       0.000000000    
     6  -6227.080653       0.000000000    
     7  -4321.838269       0.000000000    
     8  -4286.639125       0.000000000    
     9  -147.3528957       0.000000000    
    10  -136.7407335       0.000000000    
    11  -108.7993814       0.000000000    
    12  -100.5100067       0.000000000    
    13  -67.71339948       0.000000000    


     2  0.1250000000       0.000000000       0.000000000     : k-point, vkl
 (state, eigenvalue and occupancy below)
     1  -83545.61397       0.000000000    
     2  -75038.28107       0.000000000    
     3  -9328.865862       0.000000000    
     4  -8839.737964       0.000000000    
     5  -6210.028185       0.000000000    
     6  -5811.572809       0.000000000    
     7  -4119.177578       0.000000000    
     8  -3874.985190       0.000000000    
     9  -148.5848236       0.000000000    
    10  -134.1799630       0.000000000    
    11  -110.5725652       0.000000000    
    12  -97.77709179       0.000000000    
    13  -65.49578819       0.000000000    


     3  0.2500000000       0.000000000       0.000000000     : k-point, vkl
 (state, eigenvalue and occupancy below)
     1  -84563.80144       0.000000000    
     2  -67011.76819       0.000000000    
     3  -9896.945128       0.000000000    
     4  -7474.241199       0.000000000    
     5  -5783.360350       0.000000000    
     6  -5026.917581       0.000000000    
     7  -5016.673753       0.000000000    
     8  -3339.887195       0.000000000    
     9  -131.4078519       0.000000000    
    10  -118.0866437       0.000000000    
    11  -111.5774408       0.000000000    
    12  -106.4819516       0.000000000    
    13  -62.44780340       0.000000000    


     4  0.3750000000       0.000000000       0.000000000     : k-point, vkl
 (state, eigenvalue and occupancy below)
     1  -83919.79519       0.000000000    
     2  -73391.34136       0.000000000    
     3  -10693.59174       0.000000000    
     4  -7883.812144       0.000000000    
     5  -7268.748431       0.000000000    
     6  -4933.575609       0.000000000    
     7  -4133.594579       0.000000000    
     8  -3971.871947       0.000000000    
     9  -189.1571335       0.000000000    
    10  -113.0067600       0.000000000    
    11  -97.09260794       0.000000000    
    12  -67.44995925       0.000000000    
    13  -50.40174450       0.000000000    


     5  0.5000000000       0.000000000       0.000000000     : k-point, vkl
 (state, eigenvalue and occupancy below)
     1  -90461.07924       0.000000000    
     2  -81382.74776       0.000000000    
     3  -11415.80181       0.000000000    
     4  -9206.248684       0.000000000    
     5  -7611.713505       0.000000000    
     6  -5715.402506       0.000000000    
     7  -4810.397089       0.000000000    
     8  -4661.919829       0.000000000    
     9  -179.1776259       0.000000000    
    10  -123.9216026       0.000000000    
    11  -87.57478639       0.000000000    
    12  -83.76459798       0.000000000    
    13  -82.72482958       0.000000000    


     6  0.1250000000      0.1250000000       0.000000000     : k-point, vkl
 (state, eigenvalue and occupancy below)
     1  -79791.41360       0.000000000    
     2  -78068.63604       0.000000000    
     3  -9603.806497       0.000000000    
     4  -9072.517663       0.000000000    
     5  -6360.006944       0.000000000    
     6  -5963.733760       0.000000000    
     7  -4299.697848       0.000000000    
     8  -4040.080304       0.000000000    
     9  -164.9592490       0.000000000    
    10  -128.0357695       0.000000000    
    11  -111.0680800       0.000000000    
    12  -85.93759300       0.000000000    
    13  -71.91904439       0.000000000    


     7  0.2500000000      0.1250000000       0.000000000     : k-point, vkl
 (state, eigenvalue and occupancy below)
     1  -83805.71984       0.000000000    
     2  -68759.69830       0.000000000    
     3  -10541.57246       0.000000000    
     4  -7802.188226       0.000000000    
     5  -6425.308118       0.000000000    
     6  -5339.755308       0.000000000    
     7  -4319.368808       0.000000000    
     8  -3557.255923       0.000000000    
     9  -165.1389250       0.000000000    
    10  -123.7988054       0.000000000    
    11  -111.1145755       0.000000000    
    12  -92.05398274       0.000000000    
    13  -78.02950645       0.000000000    


     8  0.3750000000      0.1250000000       0.000000000     : k-point, vkl
 (state, eigenvalue and occupancy below)
     1  -80938.12221       0.000000000    
     2  -76293.41232       0.000000000    
     3  -9653.180675       0.000000000    
     4  -8415.228930       0.000000000    
     5  -6427.623411       0.000000000    
     6  -5658.106343       0.000000000    
     7  -4360.526683       0.000000000    
     8  -4015.070755       0.000000000    
     9  -162.5701228       0.000000000    
    10  -129.8987051       0.000000000    
    11  -102.1269989       0.000000000    
    12  -93.77076719       0.000000000    
    13  -59.22253685       0.000000000    


     9  0.5000000000      0.1250000000       0.000000000     : k-point, vkl
 (state, eigenvalue and occupancy below)
     1  -81011.27767       0.000000000    
     2  -77719.50706       0.000000000    
     3  -9685.221895       0.000000000    
     4  -8611.142277       0.000000000    
     5  -5808.567435       0.000000000    
     6  -5361.938272       0.000000000    
     7  -4461.561862       0.000000000    
     8  -4200.691678       0.000000000    
     9  -115.1114485       0.000000000    
    10  -107.7622482       0.000000000    
    11  -90.28609639       0.000000000    
    12  -77.73026154       0.000000000    
    13  -68.58069004       0.000000000    


    10  0.6250000000      0.1250000000       0.000000000     : k-point, vkl
 (state, eigenvalue and occupancy below)
     1  -88520.99391       0.000000000    
     2  -77023.96430       0.000000000    
     3  -10696.12300       0.000000000    
     4  -8513.627677       0.000000000    
     5  -6639.562010       0.000000000    
     6  -5549.701528       0.000000000    
     7  -4992.826573       0.000000000    
     8  -4268.002308       0.000000000    
     9  -154.3448817       0.000000000    
    10  -118.4122743       0.000000000    
    11  -112.0581325       0.000000000    
    12  -90.43178003       0.000000000    
    13  -68.43910701       0.000000000    


    11  0.7500000000      0.1250000000       0.000000000     : k-point, vkl
 (state, eigenvalue and occupancy below)
     1  -82397.82463       0.000000000    
     2  -75795.67101       0.000000000    
     3  -10107.02235       0.000000000    
     4  -8934.119257       0.000000000    
     5  -6515.029385       0.000000000    
     6  -5926.515189       0.000000000    
     7  -4453.127151       0.000000000    
     8  -3861.794686       0.000000000    
     9  -155.4456017       0.000000000    
    10  -137.2301061       0.000000000    
    11  -107.6816257       0.000000000    
    12  -84.69532197       0.000000000    
    13  -51.82728251       0.000000000    


    12  0.8750000000      0.1250000000       0.000000000     : k-point, vkl
 (state, eigenvalue and occupancy below)
     1  -84878.41336       0.000000000    
     2  -71168.89005       0.000000000    
     3  -9337.014957       0.000000000    
     4  -8602.316355       0.000000000    
     5  -6658.022728       0.000000000    
     6  -5478.057476       0.000000000    
     7  -4729.444138       0.000000000    
     8  -3503.503089       0.000000000    
     9  -170.5568787       0.000000000    
    10  -131.0835869       0.000000000    
    11  -125.1409433       0.000000000    
    12  -85.42159694       0.000000000    
    13  -76.32359061       0.000000000    


    13  0.2500000000      0.2500000000       0.000000000     : k-point, vkl
 (state, eigenvalue and occupancy below)
     1  -80871.96311       0.000000000    
     2  -75746.34262       0.000000000    
     3  -9413.487646       0.000000000    
     4  -8650.030820       0.000000000    
     5  -6056.559278       0.000000000    
     6  -5674.810896       0.000000000    
     7  -4179.583280       0.000000000    
     8  -3996.820808       0.000000000    
     9  -134.0256468       0.000000000    
    10  -126.0382079       0.000000000    
    11  -95.47052021       0.000000000    
    12  -85.08982516       0.000000000    
    13  -61.62866249       0.000000000    


    14  0.3750000000      0.2500000000       0.000000000     : k-point, vkl
 (state, eigenvalue and occupancy below)
     1  -74894.70127       0.000000000    
     2  -73006.25797       0.000000000    
     3  -8659.861341       0.000000000    
     4  -8497.577854       0.000000000    
     5  -5863.843502       0.000000000    
     6  -5670.953843       0.000000000    
     7  -3749.673836       0.000000000    
     8  -3691.168140       0.000000000    
     9  -140.6809634       0.000000000    
    10  -110.0471604       0.000000000    
    11  -84.24215581       0.000000000    
    12  -77.08020826       0.000000000    
    13  -45.25216049       0.000000000    


    15  0.5000000000      0.2500000000       0.000000000     : k-point, vkl
 (state, eigenvalue and occupancy below)
     1  -84059.55049       0.000000000    
     2  -72333.43821       0.000000000    
     3  -9283.526828       0.000000000    
     4  -8349.062978       0.000000000    
     5  -6365.582342       0.000000000    
     6  -5364.451565       0.000000000    
     7  -4415.606020       0.000000000    
     8  -3697.497330       0.000000000    
     9  -148.2882426       0.000000000    
    10  -109.5013746       0.000000000    
    11  -96.60970756       0.000000000    
    12  -76.25585610       0.000000000    
    13  -59.34749357       0.000000000    


    16  0.6250000000      0.2500000000       0.000000000     : k-point, vkl
 (state, eigenvalue and occupancy below)
     1  -84999.27120       0.000000000    
     2  -81344.15799       0.000000000    
     3  -10159.35201       0.000000000    
     4  -8967.393885       0.000000000    
     5  -6527.561837       0.000000000    
     6  -5970.913967       0.000000000    
     7  -4732.930353       0.000000000    
     8  -4239.415749       0.000000000    
     9  -151.5899989       0.000000000    
    10  -124.2548848       0.000000000    
    11  -108.3834759       0.000000000    
    12  -104.8167275       0.000000000    
    13  -66.70462273       0.000000000    


    17  0.7500000000      0.2500000000       0.000000000     : k-point, vkl
 (state, eigenvalue and occupancy below)
     1  -78439.39899       0.000000000    
     2  -76564.18482       0.000000000    
     3  -8692.293283       0.000000000    
     4  -8127.228266       0.000000000    
     5  -6027.738815       0.000000000    
     6  -5666.576493       0.000000000    
     7  -4318.146355       0.000000000    
     8  -4052.711389       0.000000000    
     9  -125.8672738       0.000000000    
    10  -107.2837126       0.000000000    
    11  -91.95524163       0.000000000    
    12  -87.35568318       0.000000000    
    13  -55.32858659       0.000000000    


    18  0.3750000000      0.3750000000       0.000000000     : k-point, vkl
 (state, eigenvalue and occupancy below)
     1  -80181.27387       0.000000000    
     2  -71938.13250       0.000000000    
     3  -9306.938767       0.000000000    
     4  -8323.037588       0.000000000    
     5  -6078.257392       0.000000000    
     6  -5490.015128       0.000000000    
     7  -3995.620503       0.000000000    
     8  -3505.139120       0.000000000    
     9  -119.0460485       0.000000000    
    10  -100.3274503       0.000000000    
    11  -83.41014695       0.000000000    
    12  -78.48179972       0.000000000    
    13  -48.03703669       0.000000000    


    19  0.5000000000      0.3750000000       0.000000000     : k-point, vkl
 (state, eigenvalue and occupancy below)
     1  -79023.39434       0.000000000    
     2  -70584.73470       0.000000000    
     3  -9707.780495       0.000000000    
     4  -7983.696281       0.000000000    
     5  -6282.270737       0.000000000    
     6  -5420.341129       0.000000000    
     7  -3855.867723       0.000000000    
     8  -3492.949709       0.000000000    
     9  -141.9526794       0.000000000    
    10  -109.4854661       0.000000000    
    11  -89.55807065       0.000000000    
    12  -68.41500175       0.000000000    
    13  -47.82051945       0.000000000    


    20  0.6250000000      0.3750000000       0.000000000     : k-point, vkl
 (state, eigenvalue and occupancy below)
     1  -78034.79727       0.000000000    
     2  -70659.13203       0.000000000    
     3  -8515.673922       0.000000000    
     4  -8322.454791       0.000000000    
     5  -6124.504984       0.000000000    
     6  -5333.737708       0.000000000    
     7  -4336.119398       0.000000000    
     8  -3719.125915       0.000000000    
     9  -142.5346440       0.000000000    
    10  -117.7046133       0.000000000    
    11  -103.0155357       0.000000000    
    12  -79.57018483       0.000000000    
    13  -61.77511809       0.000000000    


    21  0.5000000000      0.5000000000       0.000000000     : k-point, vkl
 (state, eigenvalue and occupancy below)
     1  -67960.56358       0.000000000    
     2  -67933.92760       0.000000000    
     3  -7677.196051       0.000000000    
     4  -7520.446182       0.000000000    
     5  -5037.392557       0.000000000    
     6  -4976.631396       0.000000000    
     7  -3498.996637       0.000000000    
     8  -3420.127377       0.000000000    
     9  -110.2539413       0.000000000    
    10  -99.27983134       0.000000000    
    11  -75.64487754       0.000000000    
    12  -65.04335905       0.000000000    
    13  -34.08194988       0.000000000    


    22  0.3750000000      0.2500000000      0.1250000000     : k-point, vkl
 (state, eigenvalue and occupancy below)
     1  -78367.91480       0.000000000    
     2  -75027.07047       0.000000000    
     3  -9044.911798       0.000000000    
     4  -8358.143315       0.000000000    
     5  -6237.372967       0.000000000    
     6  -5620.201911       0.000000000    
     7  -4157.725552       0.000000000    
     8  -3919.502070       0.000000000    
     9  -141.3956110       0.000000000    
    10  -127.9874057       0.000000000    
    11  -97.00366758       0.000000000    
    12  -90.71869960       0.000000000    
    13  -53.45242038       0.000000000    


    23  0.5000000000      0.2500000000      0.1250000000     : k-point, vkl
 (state, eigenvalue and occupancy below)
     1  -80232.39294       0.000000000    
     2  -77614.01453       0.000000000    
     3  -9437.574925       0.000000000    
     4  -9115.003383       0.000000000    
     5  -6021.566200       0.000000000    
     6  -5720.950418       0.000000000    
     7  -4305.216348       0.000000000    
     8  -3853.345192       0.000000000    
     9  -125.3903819       0.000000000    
    10  -121.3323023       0.000000000    
    11  -94.79341213       0.000000000    
    12  -84.98546109       0.000000000    
    13  -55.34875620       0.000000000    


    24  0.6250000000      0.2500000000      0.1250000000     : k-point, vkl
 (state, eigenvalue and occupancy below)
     1  -74722.95568       0.000000000    
     2  -72109.08483       0.000000000    
     3  -8682.876302       0.000000000    
     4  -8194.503406       0.000000000    
     5  -5610.218284       0.000000000    
     6  -5370.920410       0.000000000    
     7  -4045.695621       0.000000000    
     8  -3703.760101       0.000000000    
     9  -117.4018886       0.000000000    
    10  -106.2640051       0.000000000    
    11  -88.41385031       0.000000000    
    12  -65.01322191       0.000000000    
    13  -51.59037098       0.000000000    


    25  0.5000000000      0.3750000000      0.1250000000     : k-point, vkl
 (state, eigenvalue and occupancy below)
     1  -79282.23191       0.000000000    
     2  -78698.12518       0.000000000    
     3  -9705.251444       0.000000000    
     4  -9044.423193       0.000000000    
     5  -6186.790374       0.000000000    
     6  -5929.848666       0.000000000    
     7  -4144.074741       0.000000000    
     8  -3855.254266       0.000000000    
     9  -141.8471174       0.000000000    
    10  -119.0017201       0.000000000    
    11  -97.87940972       0.000000000    
    12  -76.82631018       0.000000000    
    13  -56.86003478       0.000000000    


    26  0.6250000000      0.3750000000      0.1250000000     : k-point, vkl
 (state, eigenvalue and occupancy below)
     1  -79313.84574       0.000000000    
     2  -76299.97644       0.000000000    
     3  -9589.200256       0.000000000    
     4  -8786.381239       0.000000000    
     5  -6081.605917       0.000000000    
     6  -5697.033564       0.000000000    
     7  -4209.405769       0.000000000    
     8  -3866.970868       0.000000000    
     9  -120.4998313       0.000000000    
    10  -116.7022236       0.000000000    
    11  -88.35173455       0.000000000    
    12  -83.27755292       0.000000000    
    13  -47.08895071       0.000000000    


    27  0.7500000000      0.3750000000      0.1250000000     : k-point, vkl
 (state, eigenvalue and occupancy below)
     1  -78164.43848       0.000000000    
     2  -75359.43404       0.000000000    
     3  -8898.090302       0.000000000    
     4  -8542.121201       0.000000000    
     5  -5873.801729       0.000000000    
     6  -5651.409539       0.000000000    
     7  -4145.620462       0.000000000    
     8  -3944.229565       0.000000000    
     9  -119.9733314       0.000000000    
    10  -108.8681413       0.000000000    
    11  -91.13717283       0.000000000    
    12  -84.23406944       0.000000000    
    13  -55.10650424       0.000000000    


    28  0.6250000000      0.5000000000      0.1250000000     : k-point, vkl
 (state, eigenvalue and occupancy below)
     1  -76200.77055       0.000000000    
     2  -74200.17715       0.000000000    
     3  -9474.549700       0.000000000    
     4  -8633.334437       0.000000000    
     5  -6263.748273       0.000000000    
     6  -5765.932366       0.000000000    
     7  -3833.511453       0.000000000    
     8  -3627.816602       0.000000000    
     9  -153.9478744       0.000000000    
    10  -141.1609304       0.000000000    
    11  -91.42688020       0.000000000    
    12  -82.65776758       0.000000000    
    13  -53.81503976       0.000000000    


    29  0.7500000000      0.5000000000      0.2500000000     : k-point, vkl
 (state, eigenvalue and occupancy below)
     1  -71240.46822       0.000000000    
     2  -69543.15185       0.000000000    
     3  -8168.872282       0.000000000    
     4  -8154.556720       0.000000000    
     5  -5460.139909       0.000000000    
     6  -5327.737684       0.000000000    
     7  -3682.195617       0.000000000    
     8  -3643.260669       0.000000000    
     9  -117.2719516       0.000000000    
    10  -100.9158636       0.000000000    
    11  -85.41940323       0.000000000    
    12  -78.51472829       0.000000000    
    13  -48.08781486       0.000000000    

