    72 : nkpt
    13 : nstsv

     1   0.000000000       0.000000000       0.000000000     : k-point, vkl
 (state, eigenvalue and occupancy below)
     1  -313251.7197       0.000000000    
     2  -281791.2599       0.000000000    
     3  -7535.236419       0.000000000    
     4  -7535.236032       0.000000000    
     5  -6307.915430       0.000000000    
     6  -6307.915206       0.000000000    
     7  -2835.914572       0.000000000    
     8  -2027.980841       0.000000000    
     9  -1937.683162       0.000000000    
    10  -1937.683147       0.000000000    
    11  -1470.376401       0.000000000    
    12  -1470.376388       0.000000000    
    13  -459.2169884       0.000000000    


     2  0.8333333333E-01   0.000000000       0.000000000     : k-point, vkl
 (state, eigenvalue and occupancy below)
     1  -331772.8233       0.000000000    
     2  -299378.5358       0.000000000    
     3  -7926.940467       0.000000000    
     4  -7836.208029       0.000000000    
     5  -7009.612100       0.000000000    
     6  -6667.089262       0.000000000    
     7  -2857.076741       0.000000000    
     8  -2172.513519       0.000000000    
     9  -2084.262434       0.000000000    
    10  -1973.576666       0.000000000    
    11  -1622.366905       0.000000000    
    12  -1562.250740       0.000000000    
    13  -462.8788976       0.000000000    


     3  0.1666666667       0.000000000       0.000000000     : k-point, vkl
 (state, eigenvalue and occupancy below)
     1  -315796.2798       0.000000000    
     2  -304250.6947       0.000000000    
     3  -7692.997533       0.000000000    
     4  -7564.414658       0.000000000    
     5  -6944.940038       0.000000000    
     6  -6808.537213       0.000000000    
     7  -2884.950026       0.000000000    
     8  -2512.533424       0.000000000    
     9  -2026.561491       0.000000000    
    10  -1980.969768       0.000000000    
    11  -1752.767648       0.000000000    
    12  -1713.133513       0.000000000    
    13  -478.6242909       0.000000000    


     4  0.2500000000       0.000000000       0.000000000     : k-point, vkl
 (state, eigenvalue and occupancy below)
     1  -310501.7448       0.000000000    
     2  -298745.0762       0.000000000    
     3  -8284.792112       0.000000000    
     4  -7815.711109       0.000000000    
     5  -6857.207987       0.000000000    
     6  -6639.968308       0.000000000    
     7  -2819.643433       0.000000000    
     8  -2366.159083       0.000000000    
     9  -2027.945890       0.000000000    
    10  -2020.141291       0.000000000    
    11  -1601.634900       0.000000000    
    12  -1597.098121       0.000000000    
    13  -566.5899786       0.000000000    


     5  0.3333333333       0.000000000       0.000000000     : k-point, vkl
 (state, eigenvalue and occupancy below)
     1  -338253.9597       0.000000000    
     2  -333089.1667       0.000000000    
     3  -8863.782333       0.000000000    
     4  -8528.758337       0.000000000    
     5  -7676.705420       0.000000000    
     6  -7412.188279       0.000000000    
     7  -3120.129746       0.000000000    
     8  -2550.409715       0.000000000    
     9  -2201.709402       0.000000000    
    10  -2136.393794       0.000000000    
    11  -1954.586672       0.000000000    
    12  -1725.631773       0.000000000    
    13  -642.1149430       0.000000000    


     6  0.4166666667       0.000000000       0.000000000     : k-point, vkl
 (state, eigenvalue and occupancy below)
     1  -307481.1305       0.000000000    
     2  -294324.3013       0.000000000    
     3  -8071.905710       0.000000000    
     4  -8066.497566       0.000000000    
     5  -6819.728197       0.000000000    
     6  -6770.062836       0.000000000    
     7  -2810.506940       0.000000000    
     8  -2396.721957       0.000000000    
     9  -2126.142825       0.000000000    
    10  -1965.862251       0.000000000    
    11  -1703.324751       0.000000000    
    12  -1599.686366       0.000000000    
    13  -545.7715177       0.000000000    


     7  0.5000000000       0.000000000       0.000000000     : k-point, vkl
 (state, eigenvalue and occupancy below)
     1  -315084.3649       0.000000000    
     2  -294707.7325       0.000000000    
     3  -8872.940689       0.000000000    
     4  -6935.428625       0.000000000    
     5  -6672.362411       0.000000000    
     6  -6408.822640       0.000000000    
     7  -2976.804807       0.000000000    
     8  -2426.242580       0.000000000    
     9  -1999.719670       0.000000000    
    10  -1967.719278       0.000000000    
    11  -1801.018744       0.000000000    
    12  -1514.133571       0.000000000    
    13  -499.8577049       0.000000000    


     8  0.8333333333E-01  0.8333333333E-01   0.000000000     : k-point, vkl
 (state, eigenvalue and occupancy below)
     1  -304665.7102       0.000000000    
     2  -289612.1877       0.000000000    
     3  -7674.979422       0.000000000    
     4  -6976.404419       0.000000000    
     5  -6643.671632       0.000000000    
     6  -6418.777656       0.000000000    
     7  -2685.044043       0.000000000    
     8  -2387.917344       0.000000000    
     9  -1886.385171       0.000000000    
    10  -1837.533329       0.000000000    
    11  -1715.782019       0.000000000    
    12  -1614.609138       0.000000000    
    13  -428.4316875       0.000000000    


     9  0.1666666667      0.8333333333E-01   0.000000000     : k-point, vkl
 (state, eigenvalue and occupancy below)
     1  -326465.6817       0.000000000    
     2  -299618.3828       0.000000000    
     3  -8459.260955       0.000000000    
     4  -7536.155659       0.000000000    
     5  -6944.334452       0.000000000    
     6  -6755.545310       0.000000000    
     7  -2860.477024       0.000000000    
     8  -2558.980492       0.000000000    
     9  -2000.360652       0.000000000    
    10  -1901.509882       0.000000000    
    11  -1816.901332       0.000000000    
    12  -1667.402816       0.000000000    
    13  -479.4892736       0.000000000    


    10  0.2500000000      0.8333333333E-01   0.000000000     : k-point, vkl
 (state, eigenvalue and occupancy below)
     1  -312404.0156       0.000000000    
     2  -306270.7588       0.000000000    
     3  -8146.120007       0.000000000    
     4  -7237.581729       0.000000000    
     5  -6975.165963       0.000000000    
     6  -6768.482317       0.000000000    
     7  -2812.735245       0.000000000    
     8  -2501.169910       0.000000000    
     9  -2001.985214       0.000000000    
    10  -1934.617144       0.000000000    
    11  -1789.879340       0.000000000    
    12  -1609.115789       0.000000000    
    13  -504.3310315       0.000000000    


    11  0.3333333333      0.8333333333E-01   0.000000000     : k-point, vkl
 (state, eigenvalue and occupancy below)
     1  -312814.9589       0.000000000    
     2  -301262.6241       0.000000000    
     3  -8165.248492       0.000000000    
     4  -7467.241164       0.000000000    
     5  -7222.743966       0.000000000    
     6  -6771.461987       0.000000000    
     7  -2722.091245       0.000000000    
     8  -2569.612332       0.000000000    
     9  -2045.644749       0.000000000    
    10  -1866.532177       0.000000000    
    11  -1792.994773       0.000000000    
    12  -1617.170854       0.000000000    
    13  -545.6757418       0.000000000    


    12  0.4166666667      0.8333333333E-01   0.000000000     : k-point, vkl
 (state, eigenvalue and occupancy below)
     1  -313612.2042       0.000000000    
     2  -302910.3739       0.000000000    
     3  -8446.311249       0.000000000    
     4  -7809.009531       0.000000000    
     5  -7313.019739       0.000000000    
     6  -6853.832707       0.000000000    
     7  -2727.223246       0.000000000    
     8  -2339.777268       0.000000000    
     9  -1936.491926       0.000000000    
    10  -1875.779684       0.000000000    
    11  -1864.600701       0.000000000    
    12  -1571.230547       0.000000000    
    13  -532.3272606       0.000000000    


    13  0.5000000000      0.8333333333E-01   0.000000000     : k-point, vkl
 (state, eigenvalue and occupancy below)
     1  -291274.7456       0.000000000    
     2  -282496.7332       0.000000000    
     3  -7441.838234       0.000000000    
     4  -7114.300133       0.000000000    
     5  -6621.240916       0.000000000    
     6  -6269.088525       0.000000000    
     7  -2603.579827       0.000000000    
     8  -2315.462090       0.000000000    
     9  -1747.032140       0.000000000    
    10  -1718.791013       0.000000000    
    11  -1649.765640       0.000000000    
    12  -1445.818273       0.000000000    
    13  -422.2022019       0.000000000    


    14  0.5833333333      0.8333333333E-01   0.000000000     : k-point, vkl
 (state, eigenvalue and occupancy below)
     1  -291261.9041       0.000000000    
     2  -278094.5512       0.000000000    
     3  -7667.434124       0.000000000    
     4  -7332.975160       0.000000000    
     5  -6285.982281       0.000000000    
     6  -6250.618081       0.000000000    
     7  -2415.407534       0.000000000    
     8  -2359.713332       0.000000000    
     9  -1866.294493       0.000000000    
    10  -1702.448119       0.000000000    
    11  -1633.594717       0.000000000    
    12  -1574.522126       0.000000000    
    13  -434.9613281       0.000000000    


    15  0.6666666667      0.8333333333E-01   0.000000000     : k-point, vkl
 (state, eigenvalue and occupancy below)
     1  -321156.0918       0.000000000    
     2  -289799.0868       0.000000000    
     3  -8106.684935       0.000000000    
     4  -7517.971117       0.000000000    
     5  -7129.449049       0.000000000    
     6  -6853.576165       0.000000000    
     7  -2883.902989       0.000000000    
     8  -2469.790474       0.000000000    
     9  -1996.587992       0.000000000    
    10  -1861.086481       0.000000000    
    11  -1739.255753       0.000000000    
    12  -1678.646312       0.000000000    
    13  -497.1466302       0.000000000    


    16  0.7500000000      0.8333333333E-01   0.000000000     : k-point, vkl
 (state, eigenvalue and occupancy below)
     1  -306696.1360       0.000000000    
     2  -290706.3489       0.000000000    
     3  -8193.006019       0.000000000    
     4  -8076.169090       0.000000000    
     5  -6994.429447       0.000000000    
     6  -6545.252994       0.000000000    
     7  -2773.824525       0.000000000    
     8  -2335.481378       0.000000000    
     9  -1988.317812       0.000000000    
    10  -1900.268695       0.000000000    
    11  -1643.575702       0.000000000    
    12  -1618.808814       0.000000000    
    13  -565.0685050       0.000000000    


    17  0.8333333333      0.8333333333E-01   0.000000000     : k-point, vkl
 (state, eigenvalue and occupancy below)
     1  -303274.9557       0.000000000    
     2  -291327.7580       0.000000000    
     3  -8471.607986       0.000000000    
     4  -7606.884351       0.000000000    
     5  -6972.864723       0.000000000    
     6  -6499.574054       0.000000000    
     7  -2764.976199       0.000000000    
     8  -2237.114697       0.000000000    
     9  -1959.259261       0.000000000    
    10  -1932.697280       0.000000000    
    11  -1661.951209       0.000000000    
    12  -1468.238523       0.000000000    
    13  -542.3652120       0.000000000    


    18  0.9166666667      0.8333333333E-01   0.000000000     : k-point, vkl
 (state, eigenvalue and occupancy below)
     1  -305169.2900       0.000000000    
     2  -300670.1291       0.000000000    
     3  -7588.231490       0.000000000    
     4  -7516.010635       0.000000000    
     5  -6764.217708       0.000000000    
     6  -6536.021692       0.000000000    
     7  -2806.356305       0.000000000    
     8  -2336.231026       0.000000000    
     9  -1972.841147       0.000000000    
    10  -1863.991376       0.000000000    
    11  -1819.938171       0.000000000    
    12  -1654.944299       0.000000000    
    13  -452.7113380       0.000000000    


    19  0.1666666667      0.1666666667       0.000000000     : k-point, vkl
 (state, eigenvalue and occupancy below)
     1  -316026.7932       0.000000000    
     2  -292677.9433       0.000000000    
     3  -8032.801502       0.000000000    
     4  -7211.882895       0.000000000    
     5  -6732.462961       0.000000000    
     6  -6379.222881       0.000000000    
     7  -2663.324303       0.000000000    
     8  -2476.675228       0.000000000    
     9  -1905.413834       0.000000000    
    10  -1793.748421       0.000000000    
    11  -1779.422453       0.000000000    
    12  -1698.717163       0.000000000    
    13  -470.7024873       0.000000000    


    20  0.2500000000      0.1666666667       0.000000000     : k-point, vkl
 (state, eigenvalue and occupancy below)
     1  -328429.6515       0.000000000    
     2  -306223.5700       0.000000000    
     3  -8315.010905       0.000000000    
     4  -7585.031361       0.000000000    
     5  -7128.376757       0.000000000    
     6  -6385.877649       0.000000000    
     7  -2769.022323       0.000000000    
     8  -2528.055975       0.000000000    
     9  -1938.751414       0.000000000    
    10  -1836.471607       0.000000000    
    11  -1685.132439       0.000000000    
    12  -1596.258312       0.000000000    
    13  -472.3018880       0.000000000    


    21  0.3333333333      0.1666666667       0.000000000     : k-point, vkl
 (state, eigenvalue and occupancy below)
     1  -301250.8083       0.000000000    
     2  -286822.1993       0.000000000    
     3  -7634.642422       0.000000000    
     4  -7092.532658       0.000000000    
     5  -6855.298221       0.000000000    
     6  -6778.585449       0.000000000    
     7  -2505.535557       0.000000000    
     8  -2370.397230       0.000000000    
     9  -1867.658900       0.000000000    
    10  -1764.248780       0.000000000    
    11  -1728.839274       0.000000000    
    12  -1599.812098       0.000000000    
    13  -458.8782292       0.000000000    


    22  0.4166666667      0.1666666667       0.000000000     : k-point, vkl
 (state, eigenvalue and occupancy below)
     1  -285994.6816       0.000000000    
     2  -282473.1419       0.000000000    
     3  -7461.200906       0.000000000    
     4  -7274.337387       0.000000000    
     5  -6918.106014       0.000000000    
     6  -6259.323906       0.000000000    
     7  -2360.427687       0.000000000    
     8  -2169.271984       0.000000000    
     9  -1863.177082       0.000000000    
    10  -1771.624849       0.000000000    
    11  -1675.505682       0.000000000    
    12  -1579.900636       0.000000000    
    13  -457.7321552       0.000000000    


    23  0.5000000000      0.1666666667       0.000000000     : k-point, vkl
 (state, eigenvalue and occupancy below)
     1  -298473.3849       0.000000000    
     2  -274331.1750       0.000000000    
     3  -7421.311057       0.000000000    
     4  -7204.531694       0.000000000    
     5  -6831.294066       0.000000000    
     6  -6454.280512       0.000000000    
     7  -2491.891862       0.000000000    
     8  -2332.152378       0.000000000    
     9  -1891.277166       0.000000000    
    10  -1838.836858       0.000000000    
    11  -1680.919856       0.000000000    
    12  -1634.574214       0.000000000    
    13  -463.5918765       0.000000000    


    24  0.5833333333      0.1666666667       0.000000000     : k-point, vkl
 (state, eigenvalue and occupancy below)
     1  -306392.2924       0.000000000    
     2  -287267.6312       0.000000000    
     3  -7735.087801       0.000000000    
     4  -7315.120954       0.000000000    
     5  -7165.284933       0.000000000    
     6  -6508.540054       0.000000000    
     7  -2565.762628       0.000000000    
     8  -2416.060578       0.000000000    
     9  -1880.330839       0.000000000    
    10  -1844.966592       0.000000000    
    11  -1724.602564       0.000000000    
    12  -1642.408129       0.000000000    
    13  -451.0079941       0.000000000    


    25  0.6666666667      0.1666666667       0.000000000     : k-point, vkl
 (state, eigenvalue and occupancy below)
     1  -316953.5163       0.000000000    
     2  -303110.2140       0.000000000    
     3  -7741.386054       0.000000000    
     4  -7279.571607       0.000000000    
     5  -6945.706100       0.000000000    
     6  -6727.283220       0.000000000    
     7  -2764.145792       0.000000000    
     8  -2676.176148       0.000000000    
     9  -1912.588006       0.000000000    
    10  -1813.041051       0.000000000    
    11  -1741.152741       0.000000000    
    12  -1639.379732       0.000000000    
    13  -444.9486290       0.000000000    


    26  0.7500000000      0.1666666667       0.000000000     : k-point, vkl
 (state, eigenvalue and occupancy below)
     1  -299404.4890       0.000000000    
     2  -289520.6816       0.000000000    
     3  -8055.788251       0.000000000    
     4  -7596.762672       0.000000000    
     5  -6877.216222       0.000000000    
     6  -6522.101409       0.000000000    
     7  -2712.473002       0.000000000    
     8  -2406.312374       0.000000000    
     9  -1901.730769       0.000000000    
    10  -1775.216132       0.000000000    
    11  -1707.728515       0.000000000    
    12  -1683.891373       0.000000000    
    13  -521.2773492       0.000000000    


    27  0.8333333333      0.1666666667       0.000000000     : k-point, vkl
 (state, eigenvalue and occupancy below)
     1  -285068.2788       0.000000000    
     2  -276741.6738       0.000000000    
     3  -8242.960210       0.000000000    
     4  -7313.045584       0.000000000    
     5  -7002.271892       0.000000000    
     6  -5924.648250       0.000000000    
     7  -2539.106177       0.000000000    
     8  -2234.220349       0.000000000    
     9  -1887.729688       0.000000000    
    10  -1770.677537       0.000000000    
    11  -1645.941643       0.000000000    
    12  -1493.014628       0.000000000    
    13  -517.4511567       0.000000000    


    28  0.2500000000      0.2500000000       0.000000000     : k-point, vkl
 (state, eigenvalue and occupancy below)
     1  -344887.5704       0.000000000    
     2  -301725.8857       0.000000000    
     3  -8412.029779       0.000000000    
     4  -7671.049673       0.000000000    
     5  -7450.730714       0.000000000    
     6  -6919.932636       0.000000000    
     7  -2877.247375       0.000000000    
     8  -2565.735925       0.000000000    
     9  -1998.717088       0.000000000    
    10  -1964.284960       0.000000000    
    11  -1815.760985       0.000000000    
    12  -1797.432739       0.000000000    
    13  -510.0835716       0.000000000    


    29  0.3333333333      0.2500000000       0.000000000     : k-point, vkl
 (state, eigenvalue and occupancy below)
     1  -282895.6285       0.000000000    
     2  -281627.8853       0.000000000    
     3  -7158.148696       0.000000000    
     4  -6772.620739       0.000000000    
     5  -6474.283509       0.000000000    
     6  -6103.845869       0.000000000    
     7  -2471.639402       0.000000000    
     8  -2263.617987       0.000000000    
     9  -1791.131974       0.000000000    
    10  -1721.454579       0.000000000    
    11  -1598.216178       0.000000000    
    12  -1509.627021       0.000000000    
    13  -401.2735538       0.000000000    


    30  0.4166666667      0.2500000000       0.000000000     : k-point, vkl
 (state, eigenvalue and occupancy below)
     1  -288485.0130       0.000000000    
     2  -274142.5758       0.000000000    
     3  -7171.346261       0.000000000    
     4  -6903.382906       0.000000000    
     5  -6599.369765       0.000000000    
     6  -6394.738739       0.000000000    
     7  -2505.046956       0.000000000    
     8  -2149.393031       0.000000000    
     9  -1847.106210       0.000000000    
    10  -1781.374006       0.000000000    
    11  -1665.550915       0.000000000    
    12  -1535.915904       0.000000000    
    13  -431.1715131       0.000000000    


    31  0.5000000000      0.2500000000       0.000000000     : k-point, vkl
 (state, eigenvalue and occupancy below)
     1  -306219.6367       0.000000000    
     2  -287667.6895       0.000000000    
     3  -7720.628091       0.000000000    
     4  -7483.578379       0.000000000    
     5  -7132.573856       0.000000000    
     6  -6791.185682       0.000000000    
     7  -2561.457631       0.000000000    
     8  -2488.215185       0.000000000    
     9  -1979.161900       0.000000000    
    10  -1879.321455       0.000000000    
    11  -1818.546984       0.000000000    
    12  -1636.992986       0.000000000    
    13  -489.5861131       0.000000000    


    32  0.5833333333      0.2500000000       0.000000000     : k-point, vkl
 (state, eigenvalue and occupancy below)
     1  -289295.0756       0.000000000    
     2  -279943.6407       0.000000000    
     3  -7053.238581       0.000000000    
     4  -6937.650465       0.000000000    
     5  -6890.308458       0.000000000    
     6  -6551.308588       0.000000000    
     7  -2498.570849       0.000000000    
     8  -2422.149655       0.000000000    
     9  -1885.479058       0.000000000    
    10  -1840.070919       0.000000000    
    11  -1737.275349       0.000000000    
    12  -1599.973483       0.000000000    
    13  -442.1971269       0.000000000    


    33  0.6666666667      0.2500000000       0.000000000     : k-point, vkl
 (state, eigenvalue and occupancy below)
     1  -319597.4143       0.000000000    
     2  -287262.4950       0.000000000    
     3  -7770.610558       0.000000000    
     4  -7569.420064       0.000000000    
     5  -7244.124068       0.000000000    
     6  -6383.465254       0.000000000    
     7  -2632.507394       0.000000000    
     8  -2583.583009       0.000000000    
     9  -1994.600734       0.000000000    
    10  -1927.782732       0.000000000    
    11  -1781.296242       0.000000000    
    12  -1714.059042       0.000000000    
    13  -484.0435302       0.000000000    


    34  0.7500000000      0.2500000000       0.000000000     : k-point, vkl
 (state, eigenvalue and occupancy below)
     1  -301636.0668       0.000000000    
     2  -289112.1753       0.000000000    
     3  -7514.515134       0.000000000    
     4  -7089.918299       0.000000000    
     5  -6717.883650       0.000000000    
     6  -6483.138031       0.000000000    
     7  -2562.570672       0.000000000    
     8  -2474.939507       0.000000000    
     9  -1849.563800       0.000000000    
    10  -1784.262885       0.000000000    
    11  -1694.797494       0.000000000    
    12  -1633.417296       0.000000000    
    13  -430.1742459       0.000000000    


    35  0.3333333333      0.3333333333       0.000000000     : k-point, vkl
 (state, eigenvalue and occupancy below)
     1  -261699.2193       0.000000000    
     2  -253147.4213       0.000000000    
     3  -6503.636152       0.000000000    
     4  -6415.507693       0.000000000    
     5  -5938.378543       0.000000000    
     6  -5680.659066       0.000000000    
     7  -2340.031938       0.000000000    
     8  -1991.982909       0.000000000    
     9  -1659.845504       0.000000000    
    10  -1617.132521       0.000000000    
    11  -1430.148813       0.000000000    
    12  -1291.592504       0.000000000    
    13  -380.9929260       0.000000000    


    36  0.4166666667      0.3333333333       0.000000000     : k-point, vkl
 (state, eigenvalue and occupancy below)
     1  -286430.0625       0.000000000    
     2  -270536.5107       0.000000000    
     3  -7047.510409       0.000000000    
     4  -6699.598704       0.000000000    
     5  -6620.106622       0.000000000    
     6  -6417.906706       0.000000000    
     7  -2442.143547       0.000000000    
     8  -2234.347091       0.000000000    
     9  -1728.259667       0.000000000    
    10  -1723.312107       0.000000000    
    11  -1705.073425       0.000000000    
    12  -1564.631048       0.000000000    
    13  -410.0624180       0.000000000    


    37  0.5000000000      0.3333333333       0.000000000     : k-point, vkl
 (state, eigenvalue and occupancy below)
     1  -306677.2449       0.000000000    
     2  -278001.4519       0.000000000    
     3  -7744.278181       0.000000000    
     4  -7351.064590       0.000000000    
     5  -6663.447705       0.000000000    
     6  -6604.487722       0.000000000    
     7  -2648.809167       0.000000000    
     8  -2456.952503       0.000000000    
     9  -2020.307209       0.000000000    
    10  -1850.562750       0.000000000    
    11  -1683.298863       0.000000000    
    12  -1624.551664       0.000000000    
    13  -469.2226847       0.000000000    


    38  0.5833333333      0.3333333333       0.000000000     : k-point, vkl
 (state, eigenvalue and occupancy below)
     1  -295692.1613       0.000000000    
     2  -274616.7419       0.000000000    
     3  -7599.718815       0.000000000    
     4  -7155.175877       0.000000000    
     5  -6910.566471       0.000000000    
     6  -6341.019585       0.000000000    
     7  -2632.419010       0.000000000    
     8  -2402.392813       0.000000000    
     9  -1957.556596       0.000000000    
    10  -1861.337119       0.000000000    
    11  -1759.109839       0.000000000    
    12  -1619.327708       0.000000000    
    13  -493.5266315       0.000000000    


    39  0.6666666667      0.3333333333       0.000000000     : k-point, vkl
 (state, eigenvalue and occupancy below)
     1  -297901.9036       0.000000000    
     2  -276578.6095       0.000000000    
     3  -7334.203723       0.000000000    
     4  -7059.631859       0.000000000    
     5  -6513.177874       0.000000000    
     6  -6467.083124       0.000000000    
     7  -2607.304233       0.000000000    
     8  -2537.622136       0.000000000    
     9  -1927.887767       0.000000000    
    10  -1846.486991       0.000000000    
    11  -1665.117204       0.000000000    
    12  -1604.478149       0.000000000    
    13  -460.9205410       0.000000000    


    40  0.4166666667      0.4166666667       0.000000000     : k-point, vkl
 (state, eigenvalue and occupancy below)
     1  -296564.4909       0.000000000    
     2  -256187.6219       0.000000000    
     3  -7261.867258       0.000000000    
     4  -6646.392822       0.000000000    
     5  -6549.678428       0.000000000    
     6  -6054.250756       0.000000000    
     7  -2457.914281       0.000000000    
     8  -2236.811269       0.000000000    
     9  -1735.143438       0.000000000    
    10  -1639.732895       0.000000000    
    11  -1579.930053       0.000000000    
    12  -1577.574778       0.000000000    
    13  -431.9174289       0.000000000    


    41  0.5000000000      0.4166666667       0.000000000     : k-point, vkl
 (state, eigenvalue and occupancy below)
     1  -308743.4787       0.000000000    
     2  -271753.8837       0.000000000    
     3  -7449.955066       0.000000000    
     4  -7148.749086       0.000000000    
     5  -6851.565693       0.000000000    
     6  -6478.553368       0.000000000    
     7  -2677.035576       0.000000000    
     8  -2477.399607       0.000000000    
     9  -1958.782301       0.000000000    
    10  -1792.364939       0.000000000    
    11  -1683.172953       0.000000000    
    12  -1681.126818       0.000000000    
    13  -470.1996411       0.000000000    


    42  0.5833333333      0.4166666667       0.000000000     : k-point, vkl
 (state, eigenvalue and occupancy below)
     1  -303639.0061       0.000000000    
     2  -285061.2816       0.000000000    
     3  -7573.641322       0.000000000    
     4  -7307.770780       0.000000000    
     5  -7220.397010       0.000000000    
     6  -7145.412896       0.000000000    
     7  -2613.797345       0.000000000    
     8  -2531.961720       0.000000000    
     9  -2070.097433       0.000000000    
    10  -1921.838378       0.000000000    
    11  -1899.749034       0.000000000    
    12  -1718.604806       0.000000000    
    13  -515.4205214       0.000000000    


    43  0.5000000000      0.5000000000       0.000000000     : k-point, vkl
 (state, eigenvalue and occupancy below)
     1  -318208.4224       0.000000000    
     2  -281440.8702       0.000000000    
     3  -7407.929240       0.000000000    
     4  -7387.153382       0.000000000    
     5  -6977.219102       0.000000000    
     6  -6575.101193       0.000000000    
     7  -2812.498798       0.000000000    
     8  -2582.809422       0.000000000    
     9  -1976.698515       0.000000000    
    10  -1912.474012       0.000000000    
    11  -1731.789215       0.000000000    
    12  -1726.432006       0.000000000    
    13  -461.4801207       0.000000000    


    44  0.2500000000      0.1666666667      0.8333333333E-01 : k-point, vkl
 (state, eigenvalue and occupancy below)
     1  -292787.0712       0.000000000    
     2  -273079.5624       0.000000000    
     3  -7859.473815       0.000000000    
     4  -6973.094884       0.000000000    
     5  -6665.535979       0.000000000    
     6  -6221.059977       0.000000000    
     7  -2570.991465       0.000000000    
     8  -2209.917522       0.000000000    
     9  -1864.666912       0.000000000    
    10  -1824.681409       0.000000000    
    11  -1574.090067       0.000000000    
    12  -1537.755832       0.000000000    
    13  -465.6316601       0.000000000    


    45  0.3333333333      0.1666666667      0.8333333333E-01 : k-point, vkl
 (state, eigenvalue and occupancy below)
     1  -302962.4985       0.000000000    
     2  -286032.9586       0.000000000    
     3  -7913.913347       0.000000000    
     4  -7453.166582       0.000000000    
     5  -7029.985135       0.000000000    
     6  -6701.484836       0.000000000    
     7  -2646.009891       0.000000000    
     8  -2290.509985       0.000000000    
     9  -1915.087775       0.000000000    
    10  -1828.335770       0.000000000    
    11  -1672.406827       0.000000000    
    12  -1627.620484       0.000000000    
    13  -500.3265749       0.000000000    


    46  0.4166666667      0.1666666667      0.8333333333E-01 : k-point, vkl
 (state, eigenvalue and occupancy below)
     1  -307790.4669       0.000000000    
     2  -297546.9904       0.000000000    
     3  -8244.906028       0.000000000    
     4  -7709.452490       0.000000000    
     5  -7431.542354       0.000000000    
     6  -6914.611885       0.000000000    
     7  -2582.589114       0.000000000    
     8  -2305.932418       0.000000000    
     9  -2006.048723       0.000000000    
    10  -1875.643923       0.000000000    
    11  -1798.651819       0.000000000    
    12  -1748.015325       0.000000000    
    13  -533.4553224       0.000000000    


    47  0.5000000000      0.1666666667      0.8333333333E-01 : k-point, vkl
 (state, eigenvalue and occupancy below)
     1  -297089.2832       0.000000000    
     2  -272121.6349       0.000000000    
     3  -7723.939023       0.000000000    
     4  -7181.351789       0.000000000    
     5  -6845.223392       0.000000000    
     6  -6372.626265       0.000000000    
     7  -2482.027900       0.000000000    
     8  -2194.735780       0.000000000    
     9  -1859.653271       0.000000000    
    10  -1749.671858       0.000000000    
    11  -1713.430354       0.000000000    
    12  -1608.092510       0.000000000    
    13  -469.2864595       0.000000000    


    48  0.5833333333      0.1666666667      0.8333333333E-01 : k-point, vkl
 (state, eigenvalue and occupancy below)
     1  -283421.9182       0.000000000    
     2  -270960.9417       0.000000000    
     3  -7273.169093       0.000000000    
     4  -7141.453212       0.000000000    
     5  -6438.717008       0.000000000    
     6  -6103.399543       0.000000000    
     7  -2446.865852       0.000000000    
     8  -2152.805340       0.000000000    
     9  -1898.406784       0.000000000    
    10  -1675.132249       0.000000000    
    11  -1581.518874       0.000000000    
    12  -1559.014263       0.000000000    
    13  -432.5229458       0.000000000    


    49  0.3333333333      0.2500000000      0.8333333333E-01 : k-point, vkl
 (state, eigenvalue and occupancy below)
     1  -293414.4703       0.000000000    
     2  -280490.1075       0.000000000    
     3  -7597.953824       0.000000000    
     4  -7083.804421       0.000000000    
     5  -6878.128577       0.000000000    
     6  -6580.955345       0.000000000    
     7  -2452.864831       0.000000000    
     8  -2236.385795       0.000000000    
     9  -1989.480405       0.000000000    
    10  -1837.471306       0.000000000    
    11  -1778.145583       0.000000000    
    12  -1579.942962       0.000000000    
    13  -445.2803410       0.000000000    


    50  0.4166666667      0.2500000000      0.8333333333E-01 : k-point, vkl
 (state, eigenvalue and occupancy below)
     1  -286461.4934       0.000000000    
     2  -274360.3552       0.000000000    
     3  -7328.864413       0.000000000    
     4  -6932.417002       0.000000000    
     5  -6755.156426       0.000000000    
     6  -6119.772026       0.000000000    
     7  -2475.303444       0.000000000    
     8  -2190.086119       0.000000000    
     9  -1837.999196       0.000000000    
    10  -1785.754320       0.000000000    
    11  -1645.438829       0.000000000    
    12  -1527.337965       0.000000000    
    13  -440.7504479       0.000000000    


    51  0.5000000000      0.2500000000      0.8333333333E-01 : k-point, vkl
 (state, eigenvalue and occupancy below)
     1  -283921.9092       0.000000000    
     2  -280710.2500       0.000000000    
     3  -7069.154754       0.000000000    
     4  -6849.663106       0.000000000    
     5  -6665.599845       0.000000000    
     6  -6161.925854       0.000000000    
     7  -2585.660278       0.000000000    
     8  -2344.278744       0.000000000    
     9  -1859.072046       0.000000000    
    10  -1776.257116       0.000000000    
    11  -1619.211711       0.000000000    
    12  -1554.767983       0.000000000    
    13  -411.0122445       0.000000000    


    52  0.5833333333      0.2500000000      0.8333333333E-01 : k-point, vkl
 (state, eigenvalue and occupancy below)
     1  -301475.3428       0.000000000    
     2  -294160.1521       0.000000000    
     3  -7630.941741       0.000000000    
     4  -7297.105571       0.000000000    
     5  -7227.406720       0.000000000    
     6  -7045.199556       0.000000000    
     7  -2538.437584       0.000000000    
     8  -2342.082575       0.000000000    
     9  -1900.393219       0.000000000    
    10  -1850.707133       0.000000000    
    11  -1806.505547       0.000000000    
    12  -1716.660800       0.000000000    
    13  -466.2456721       0.000000000    


    53  0.6666666667      0.2500000000      0.8333333333E-01 : k-point, vkl
 (state, eigenvalue and occupancy below)
     1  -292088.9018       0.000000000    
     2  -284269.8539       0.000000000    
     3  -7469.872001       0.000000000    
     4  -6817.546704       0.000000000    
     5  -6650.449600       0.000000000    
     6  -6295.972743       0.000000000    
     7  -2554.451558       0.000000000    
     8  -2381.356925       0.000000000    
     9  -1901.869666       0.000000000    
    10  -1795.041407       0.000000000    
    11  -1651.762708       0.000000000    
    12  -1625.520382       0.000000000    
    13  -418.4769804       0.000000000    


    54  0.7500000000      0.2500000000      0.8333333333E-01 : k-point, vkl
 (state, eigenvalue and occupancy below)
     1  -310097.1819       0.000000000    
     2  -288603.7780       0.000000000    
     3  -7782.493375       0.000000000    
     4  -6961.213900       0.000000000    
     5  -6706.878017       0.000000000    
     6  -6211.942966       0.000000000    
     7  -2741.288741       0.000000000    
     8  -2580.679486       0.000000000    
     9  -1874.066785       0.000000000    
    10  -1803.088878       0.000000000    
    11  -1773.462458       0.000000000    
    12  -1606.684847       0.000000000    
    13  -429.7789921       0.000000000    


    55  0.8333333333      0.2500000000      0.8333333333E-01 : k-point, vkl
 (state, eigenvalue and occupancy below)
     1  -309878.1461       0.000000000    
     2  -300971.1030       0.000000000    
     3  -7764.605243       0.000000000    
     4  -7630.251545       0.000000000    
     5  -7116.775697       0.000000000    
     6  -6741.048847       0.000000000    
     7  -2861.342580       0.000000000    
     8  -2621.114774       0.000000000    
     9  -1964.003513       0.000000000    
    10  -1887.597168       0.000000000    
    11  -1744.566853       0.000000000    
    12  -1726.680914       0.000000000    
    13  -504.2734494       0.000000000    


    56  0.4166666667      0.3333333333      0.8333333333E-01 : k-point, vkl
 (state, eigenvalue and occupancy below)
     1  -290107.8819       0.000000000    
     2  -275248.5509       0.000000000    
     3  -7018.268410       0.000000000    
     4  -6790.681297       0.000000000    
     5  -6590.300979       0.000000000    
     6  -6380.727756       0.000000000    
     7  -2448.261721       0.000000000    
     8  -2395.860299       0.000000000    
     9  -1918.816721       0.000000000    
    10  -1743.551607       0.000000000    
    11  -1686.015438       0.000000000    
    12  -1589.152072       0.000000000    
    13  -402.4896320       0.000000000    


    57  0.5000000000      0.3333333333      0.8333333333E-01 : k-point, vkl
 (state, eigenvalue and occupancy below)
     1  -288296.1473       0.000000000    
     2  -286926.1205       0.000000000    
     3  -7523.486480       0.000000000    
     4  -6878.050834       0.000000000    
     5  -6691.770613       0.000000000    
     6  -6650.117475       0.000000000    
     7  -2508.006543       0.000000000    
     8  -2488.105134       0.000000000    
     9  -1990.139395       0.000000000    
    10  -1818.712386       0.000000000    
    11  -1664.246078       0.000000000    
    12  -1606.343029       0.000000000    
    13  -460.8423903       0.000000000    


    58  0.5833333333      0.3333333333      0.8333333333E-01 : k-point, vkl
 (state, eigenvalue and occupancy below)
     1  -297214.1987       0.000000000    
     2  -279145.5939       0.000000000    
     3  -7297.211454       0.000000000    
     4  -7201.411076       0.000000000    
     5  -6885.413467       0.000000000    
     6  -6581.679469       0.000000000    
     7  -2574.829018       0.000000000    
     8  -2392.696297       0.000000000    
     9  -1927.940796       0.000000000    
    10  -1774.873433       0.000000000    
    11  -1714.866699       0.000000000    
    12  -1681.829402       0.000000000    
    13  -443.3433169       0.000000000    


    59  0.6666666667      0.3333333333      0.8333333333E-01 : k-point, vkl
 (state, eigenvalue and occupancy below)
     1  -303360.0771       0.000000000    
     2  -278592.1230       0.000000000    
     3  -7693.916936       0.000000000    
     4  -7350.038277       0.000000000    
     5  -7059.812918       0.000000000    
     6  -6447.016096       0.000000000    
     7  -2618.708357       0.000000000    
     8  -2448.693053       0.000000000    
     9  -1951.519581       0.000000000    
    10  -1898.946295       0.000000000    
    11  -1730.296672       0.000000000    
    12  -1589.903683       0.000000000    
    13  -512.5069130       0.000000000    


    60  0.7500000000      0.3333333333      0.8333333333E-01 : k-point, vkl
 (state, eigenvalue and occupancy below)
     1  -306062.6980       0.000000000    
     2  -267212.2293       0.000000000    
     3  -7313.106075       0.000000000    
     4  -7195.008545       0.000000000    
     5  -6450.013427       0.000000000    
     6  -6183.201086       0.000000000    
     7  -2575.417250       0.000000000    
     8  -2513.175690       0.000000000    
     9  -1915.245242       0.000000000    
    10  -1746.295984       0.000000000    
    11  -1707.224678       0.000000000    
    12  -1659.148987       0.000000000    
    13  -443.3585386       0.000000000    


    61  0.5000000000      0.4166666667      0.8333333333E-01 : k-point, vkl
 (state, eigenvalue and occupancy below)
     1  -319726.0753       0.000000000    
     2  -272786.2400       0.000000000    
     3  -7637.858263       0.000000000    
     4  -7100.256004       0.000000000    
     5  -6789.452809       0.000000000    
     6  -6484.656511       0.000000000    
     7  -2781.584283       0.000000000    
     8  -2434.208802       0.000000000    
     9  -1913.887154       0.000000000    
    10  -1818.521791       0.000000000    
    11  -1742.637186       0.000000000    
    12  -1679.707715       0.000000000    
    13  -471.0108565       0.000000000    


    62  0.5833333333      0.4166666667      0.8333333333E-01 : k-point, vkl
 (state, eigenvalue and occupancy below)
     1  -301254.8396       0.000000000    
     2  -284998.8747       0.000000000    
     3  -7463.686175       0.000000000    
     4  -6981.494961       0.000000000    
     5  -6810.430253       0.000000000    
     6  -6589.048438       0.000000000    
     7  -2788.491281       0.000000000    
     8  -2616.292367       0.000000000    
     9  -2055.857734       0.000000000    
    10  -1832.784078       0.000000000    
    11  -1705.373695       0.000000000    
    12  -1617.752176       0.000000000    
    13  -476.1588501       0.000000000    


    63  0.6666666667      0.4166666667      0.8333333333E-01 : k-point, vkl
 (state, eigenvalue and occupancy below)
     1  -306165.4036       0.000000000    
     2  -282369.8472       0.000000000    
     3  -7602.137133       0.000000000    
     4  -7269.832677       0.000000000    
     5  -6927.665268       0.000000000    
     6  -6561.117786       0.000000000    
     7  -2811.490684       0.000000000    
     8  -2552.599335       0.000000000    
     9  -2019.229300       0.000000000    
    10  -1886.892233       0.000000000    
    11  -1768.640118       0.000000000    
    12  -1618.080102       0.000000000    
    13  -489.4241170       0.000000000    


    64  0.5833333333      0.5000000000      0.8333333333E-01 : k-point, vkl
 (state, eigenvalue and occupancy below)
     1  -310793.0364       0.000000000    
     2  -281084.7442       0.000000000    
     3  -7529.410220       0.000000000    
     4  -7386.197614       0.000000000    
     5  -7009.712189       0.000000000    
     6  -6617.421620       0.000000000    
     7  -2752.872592       0.000000000    
     8  -2639.859316       0.000000000    
     9  -1921.496242       0.000000000    
    10  -1883.286697       0.000000000    
    11  -1849.086877       0.000000000    
    12  -1744.589009       0.000000000    
    13  -465.8439725       0.000000000    


    65  0.5000000000      0.3333333333      0.1666666667     : k-point, vkl
 (state, eigenvalue and occupancy below)
     1  -292333.4275       0.000000000    
     2  -270847.3239       0.000000000    
     3  -7288.903703       0.000000000    
     4  -6808.767304       0.000000000    
     5  -6774.624690       0.000000000    
     6  -6365.895267       0.000000000    
     7  -2572.163386       0.000000000    
     8  -2394.122751       0.000000000    
     9  -1880.007004       0.000000000    
    10  -1683.638478       0.000000000    
    11  -1674.376064       0.000000000    
    12  -1594.177026       0.000000000    
    13  -432.5405518       0.000000000    


    66  0.5833333333      0.3333333333      0.1666666667     : k-point, vkl
 (state, eigenvalue and occupancy below)
     1  -286833.9047       0.000000000    
     2  -276451.3752       0.000000000    
     3  -7448.944517       0.000000000    
     4  -6761.112150       0.000000000    
     5  -6666.944524       0.000000000    
     6  -6536.976757       0.000000000    
     7  -2472.722637       0.000000000    
     8  -2435.860325       0.000000000    
     9  -1846.915215       0.000000000    
    10  -1808.702379       0.000000000    
    11  -1659.036891       0.000000000    
    12  -1618.395573       0.000000000    
    13  -452.3858704       0.000000000    


    67  0.6666666667      0.3333333333      0.1666666667     : k-point, vkl
 (state, eigenvalue and occupancy below)
     1  -308523.0558       0.000000000    
     2  -279770.4123       0.000000000    
     3  -7768.861596       0.000000000    
     4  -7296.378695       0.000000000    
     5  -6887.597021       0.000000000    
     6  -6595.238250       0.000000000    
     7  -2727.488934       0.000000000    
     8  -2546.294768       0.000000000    
     9  -1920.097374       0.000000000    
    10  -1816.899462       0.000000000    
    11  -1780.701239       0.000000000    
    12  -1703.573694       0.000000000    
    13  -463.8650630       0.000000000    


    68  0.5833333333      0.4166666667      0.1666666667     : k-point, vkl
 (state, eigenvalue and occupancy below)
     1  -308990.0400       0.000000000    
     2  -273126.9775       0.000000000    
     3  -7310.100005       0.000000000    
     4  -7102.968617       0.000000000    
     5  -6831.610267       0.000000000    
     6  -6586.368788       0.000000000    
     7  -2884.106941       0.000000000    
     8  -2440.369064       0.000000000    
     9  -1905.983834       0.000000000    
    10  -1813.364263       0.000000000    
    11  -1724.932154       0.000000000    
    12  -1606.614006       0.000000000    
    13  -449.7601848       0.000000000    


    69  0.6666666667      0.4166666667      0.1666666667     : k-point, vkl
 (state, eigenvalue and occupancy below)
     1  -295703.0587       0.000000000    
     2  -284119.2493       0.000000000    
     3  -7330.539722       0.000000000    
     4  -7206.961314       0.000000000    
     5  -6717.125062       0.000000000    
     6  -6550.788009       0.000000000    
     7  -2792.846405       0.000000000    
     8  -2611.416758       0.000000000    
     9  -1977.865157       0.000000000    
    10  -1791.008642       0.000000000    
    11  -1717.065437       0.000000000    
    12  -1638.343200       0.000000000    
    13  -445.9431001       0.000000000    


    70  0.7500000000      0.4166666667      0.1666666667     : k-point, vkl
 (state, eigenvalue and occupancy below)
     1  -311159.0906       0.000000000    
     2  -266325.6475       0.000000000    
     3  -7650.215538       0.000000000    
     4  -7149.856980       0.000000000    
     5  -6906.555121       0.000000000    
     6  -6546.967790       0.000000000    
     7  -2684.282622       0.000000000    
     8  -2475.102421       0.000000000    
     9  -2010.829526       0.000000000    
    10  -1895.516304       0.000000000    
    11  -1769.887893       0.000000000    
    12  -1661.582229       0.000000000    
    13  -480.2957704       0.000000000    


    71  0.6666666667      0.5000000000      0.1666666667     : k-point, vkl
 (state, eigenvalue and occupancy below)
     1  -304861.6591       0.000000000    
     2  -269845.7152       0.000000000    
     3  -7365.869988       0.000000000    
     4  -7171.463464       0.000000000    
     5  -6616.264153       0.000000000    
     6  -6557.092344       0.000000000    
     7  -2763.556436       0.000000000    
     8  -2596.705714       0.000000000    
     9  -1957.557221       0.000000000    
    10  -1837.604803       0.000000000    
    11  -1737.747729       0.000000000    
    12  -1690.826535       0.000000000    
    13  -455.6650034       0.000000000    


    72  0.7500000000      0.5000000000      0.2500000000     : k-point, vkl
 (state, eigenvalue and occupancy below)
     1  -295281.2630       0.000000000    
     2  -243393.0520       0.000000000    
     3  -7387.204442       0.000000000    
     4  -6541.322616       0.000000000    
     5  -6256.372315       0.000000000    
     6  -6162.711030       0.000000000    
     7  -2395.775512       0.000000000    
     8  -2325.993049       0.000000000    
     9  -1781.117716       0.000000000    
    10  -1674.862629       0.000000000    
    11  -1568.696010       0.000000000    
    12  -1469.058290       0.000000000    
    13  -417.8332744       0.000000000    

