    35 : nkpt
    13 : nstsv

     1   0.000000000       0.000000000       0.000000000     : k-point, vkl
 (state, eigenvalue and occupancy below)
     1  -313251.7197       0.000000000    
     2  -281791.2599       0.000000000    
     3  -7535.236419       0.000000000    
     4  -7535.236032       0.000000000    
     5  -6307.915430       0.000000000    
     6  -6307.915206       0.000000000    
     7  -2835.914572       0.000000000    
     8  -2027.980841       0.000000000    
     9  -1937.683162       0.000000000    
    10  -1937.683147       0.000000000    
    11  -1470.376401       0.000000000    
    12  -1470.376388       0.000000000    
    13  -459.2169884       0.000000000    


     2  0.1111111111       0.000000000       0.000000000     : k-point, vkl
 (state, eigenvalue and occupancy below)
     1  -322782.5526       0.000000000    
     2  -308876.5956       0.000000000    
     3  -7678.650377       0.000000000    
     4  -7394.925089       0.000000000    
     5  -6855.492232       0.000000000    
     6  -6774.742324       0.000000000    
     7  -2911.337217       0.000000000    
     8  -2416.347052       0.000000000    
     9  -2058.933115       0.000000000    
    10  -1804.667809       0.000000000    
    11  -1726.277210       0.000000000    
    12  -1661.114680       0.000000000    
    13  -431.4868434       0.000000000    


     3  0.2222222222       0.000000000       0.000000000     : k-point, vkl
 (state, eigenvalue and occupancy below)
     1  -295518.2687       0.000000000    
     2  -282939.5544       0.000000000    
     3  -7535.803772       0.000000000    
     4  -7373.916870       0.000000000    
     5  -6372.209675       0.000000000    
     6  -6248.237034       0.000000000    
     7  -2763.119766       0.000000000    
     8  -2329.720475       0.000000000    
     9  -2005.663930       0.000000000    
    10  -1976.681221       0.000000000    
    11  -1568.665107       0.000000000    
    12  -1513.028364       0.000000000    
    13  -494.0592314       0.000000000    


     4  0.3333333333       0.000000000       0.000000000     : k-point, vkl
 (state, eigenvalue and occupancy below)
     1  -338253.9597       0.000000000    
     2  -333089.1667       0.000000000    
     3  -8863.782333       0.000000000    
     4  -8528.758337       0.000000000    
     5  -7676.705420       0.000000000    
     6  -7412.188279       0.000000000    
     7  -3120.129746       0.000000000    
     8  -2550.409715       0.000000000    
     9  -2201.709402       0.000000000    
    10  -2136.393794       0.000000000    
    11  -1954.586672       0.000000000    
    12  -1725.631773       0.000000000    
    13  -642.1149430       0.000000000    


     5  0.4444444444       0.000000000       0.000000000     : k-point, vkl
 (state, eigenvalue and occupancy below)
     1  -316409.8078       0.000000000    
     2  -307831.6776       0.000000000    
     3  -8735.104557       0.000000000    
     4  -8095.984926       0.000000000    
     5  -7088.109808       0.000000000    
     6  -6867.663578       0.000000000    
     7  -2836.168507       0.000000000    
     8  -2607.039841       0.000000000    
     9  -2087.323875       0.000000000    
    10  -1912.768182       0.000000000    
    11  -1849.181524       0.000000000    
    12  -1687.361412       0.000000000    
    13  -530.1314891       0.000000000    


     6  0.1111111111      0.1111111111       0.000000000     : k-point, vkl
 (state, eigenvalue and occupancy below)
     1  -322198.8046       0.000000000    
     2  -295207.5554       0.000000000    
     3  -8510.788487       0.000000000    
     4  -7743.694210       0.000000000    
     5  -6756.192070       0.000000000    
     6  -6431.889440       0.000000000    
     7  -2867.968262       0.000000000    
     8  -2508.250036       0.000000000    
     9  -2037.802101       0.000000000    
    10  -2019.837991       0.000000000    
    11  -1743.097127       0.000000000    
    12  -1721.338828       0.000000000    
    13  -504.9132579       0.000000000    


     7  0.2222222222      0.1111111111       0.000000000     : k-point, vkl
 (state, eigenvalue and occupancy below)
     1  -326076.6014       0.000000000    
     2  -301553.7426       0.000000000    
     3  -8209.732297       0.000000000    
     4  -7564.348984       0.000000000    
     5  -6859.701488       0.000000000    
     6  -6542.454613       0.000000000    
     7  -2857.017673       0.000000000    
     8  -2559.517181       0.000000000    
     9  -2026.496070       0.000000000    
    10  -1909.823597       0.000000000    
    11  -1708.856526       0.000000000    
    12  -1601.013969       0.000000000    
    13  -509.1982290       0.000000000    


     8  0.3333333333      0.1111111111       0.000000000     : k-point, vkl
 (state, eigenvalue and occupancy below)
     1  -310663.2627       0.000000000    
     2  -295684.2937       0.000000000    
     3  -8206.740492       0.000000000    
     4  -7563.249103       0.000000000    
     5  -7029.926020       0.000000000    
     6  -6822.136066       0.000000000    
     7  -2708.083457       0.000000000    
     8  -2415.014494       0.000000000    
     9  -1940.247553       0.000000000    
    10  -1867.606020       0.000000000    
    11  -1778.929296       0.000000000    
    12  -1691.986442       0.000000000    
    13  -526.5708439       0.000000000    


     9  0.4444444444      0.1111111111       0.000000000     : k-point, vkl
 (state, eigenvalue and occupancy below)
     1  -304582.0451       0.000000000    
     2  -297493.6075       0.000000000    
     3  -8242.975200       0.000000000    
     4  -7636.223954       0.000000000    
     5  -7099.754854       0.000000000    
     6  -6794.869359       0.000000000    
     7  -2575.861307       0.000000000    
     8  -2279.999554       0.000000000    
     9  -1892.134883       0.000000000    
    10  -1836.364561       0.000000000    
    11  -1823.520970       0.000000000    
    12  -1532.005538       0.000000000    
    13  -516.3759504       0.000000000    


    10  0.5555555556      0.1111111111       0.000000000     : k-point, vkl
 (state, eigenvalue and occupancy below)
     1  -310937.3410       0.000000000    
     2  -289001.0077       0.000000000    
     3  -7579.206388       0.000000000    
     4  -7490.043694       0.000000000    
     5  -7228.470601       0.000000000    
     6  -6479.078304       0.000000000    
     7  -2588.046174       0.000000000    
     8  -2518.024286       0.000000000    
     9  -1889.136753       0.000000000    
    10  -1731.268863       0.000000000    
    11  -1664.784633       0.000000000    
    12  -1583.151999       0.000000000    
    13  -431.8718020       0.000000000    


    11  0.6666666667      0.1111111111       0.000000000     : k-point, vkl
 (state, eigenvalue and occupancy below)
     1  -308744.9252       0.000000000    
     2  -283899.2493       0.000000000    
     3  -7649.129019       0.000000000    
     4  -7396.436839       0.000000000    
     5  -6687.295954       0.000000000    
     6  -6356.139961       0.000000000    
     7  -2840.112771       0.000000000    
     8  -2451.659797       0.000000000    
     9  -1918.525518       0.000000000    
    10  -1862.527506       0.000000000    
    11  -1710.614281       0.000000000    
    12  -1616.019564       0.000000000    
    13  -450.5703446       0.000000000    


    12  0.7777777778      0.1111111111       0.000000000     : k-point, vkl
 (state, eigenvalue and occupancy below)
     1  -295159.7383       0.000000000    
     2  -281626.1823       0.000000000    
     3  -8068.747260       0.000000000    
     4  -7584.314758       0.000000000    
     5  -6853.797133       0.000000000    
     6  -6399.137527       0.000000000    
     7  -2690.814476       0.000000000    
     8  -2240.049112       0.000000000    
     9  -1855.539235       0.000000000    
    10  -1816.770666       0.000000000    
    11  -1608.002383       0.000000000    
    12  -1515.976163       0.000000000    
    13  -538.4423268       0.000000000    


    13  0.8888888889      0.1111111111       0.000000000     : k-point, vkl
 (state, eigenvalue and occupancy below)
     1  -296720.7764       0.000000000    
     2  -284625.5944       0.000000000    
     3  -7880.816698       0.000000000    
     4  -6970.811173       0.000000000    
     5  -6711.003680       0.000000000    
     6  -6506.157573       0.000000000    
     7  -2657.533752       0.000000000    
     8  -2381.749503       0.000000000    
     9  -1959.572973       0.000000000    
    10  -1812.278864       0.000000000    
    11  -1742.822552       0.000000000    
    12  -1582.874857       0.000000000    
    13  -461.8990537       0.000000000    


    14  0.2222222222      0.2222222222       0.000000000     : k-point, vkl
 (state, eigenvalue and occupancy below)
     1  -333592.5663       0.000000000    
     2  -297661.8354       0.000000000    
     3  -8306.210608       0.000000000    
     4  -7600.837972       0.000000000    
     5  -7224.444356       0.000000000    
     6  -6877.047994       0.000000000    
     7  -2872.639711       0.000000000    
     8  -2450.694615       0.000000000    
     9  -1989.968727       0.000000000    
    10  -1949.136671       0.000000000    
    11  -1758.139079       0.000000000    
    12  -1700.729564       0.000000000    
    13  -507.5768831       0.000000000    


    15  0.3333333333      0.2222222222       0.000000000     : k-point, vkl
 (state, eigenvalue and occupancy below)
     1  -283059.2253       0.000000000    
     2  -272796.1637       0.000000000    
     3  -7168.350199       0.000000000    
     4  -6950.263902       0.000000000    
     5  -6577.482120       0.000000000    
     6  -6031.850969       0.000000000    
     7  -2326.984221       0.000000000    
     8  -2202.844079       0.000000000    
     9  -1767.401660       0.000000000    
    10  -1719.925418       0.000000000    
    11  -1576.732107       0.000000000    
    12  -1525.527793       0.000000000    
    13  -424.9574657       0.000000000    


    16  0.4444444444      0.2222222222       0.000000000     : k-point, vkl
 (state, eigenvalue and occupancy below)
     1  -287974.9319       0.000000000    
     2  -273136.8215       0.000000000    
     3  -7184.942451       0.000000000    
     4  -6908.494779       0.000000000    
     5  -6758.415357       0.000000000    
     6  -6530.326035       0.000000000    
     7  -2468.427435       0.000000000    
     8  -2199.391344       0.000000000    
     9  -1867.985702       0.000000000    
    10  -1768.051110       0.000000000    
    11  -1639.102040       0.000000000    
    12  -1577.398295       0.000000000    
    13  -439.1224795       0.000000000    


    17  0.5555555556      0.2222222222       0.000000000     : k-point, vkl
 (state, eigenvalue and occupancy below)
     1  -317740.5986       0.000000000    
     2  -297445.9161       0.000000000    
     3  -7764.343263       0.000000000    
     4  -7486.367485       0.000000000    
     5  -7125.883463       0.000000000    
     6  -7009.991769       0.000000000    
     7  -2698.627178       0.000000000    
     8  -2589.882351       0.000000000    
     9  -2009.579829       0.000000000    
    10  -1968.299578       0.000000000    
    11  -1808.609031       0.000000000    
    12  -1777.093641       0.000000000    
    13  -494.7798084       0.000000000    


    18  0.6666666667      0.2222222222       0.000000000     : k-point, vkl
 (state, eigenvalue and occupancy below)
     1  -302689.9157       0.000000000    
     2  -286977.4378       0.000000000    
     3  -7653.094508       0.000000000    
     4  -7149.162236       0.000000000    
     5  -6805.329116       0.000000000    
     6  -6374.969231       0.000000000    
     7  -2616.954781       0.000000000    
     8  -2498.306997       0.000000000    
     9  -1886.326580       0.000000000    
    10  -1868.491302       0.000000000    
    11  -1709.118938       0.000000000    
    12  -1581.887460       0.000000000    
    13  -459.8916523       0.000000000    


    19  0.7777777778      0.2222222222       0.000000000     : k-point, vkl
 (state, eigenvalue and occupancy below)
     1  -290303.6350       0.000000000    
     2  -276463.5184       0.000000000    
     3  -7501.610715       0.000000000    
     4  -7053.026613       0.000000000    
     5  -6306.773858       0.000000000    
     6  -6248.896567       0.000000000    
     7  -2644.942491       0.000000000    
     8  -2377.808893       0.000000000    
     9  -1908.209522       0.000000000    
    10  -1773.812714       0.000000000    
    11  -1716.390616       0.000000000    
    12  -1564.964799       0.000000000    
    13  -439.2181923       0.000000000    


    20  0.3333333333      0.3333333333       0.000000000     : k-point, vkl
 (state, eigenvalue and occupancy below)
     1  -261699.2193       0.000000000    
     2  -253147.4213       0.000000000    
     3  -6503.636152       0.000000000    
     4  -6415.507693       0.000000000    
     5  -5938.378543       0.000000000    
     6  -5680.659066       0.000000000    
     7  -2340.031938       0.000000000    
     8  -1991.982909       0.000000000    
     9  -1659.845504       0.000000000    
    10  -1617.132521       0.000000000    
    11  -1430.148813       0.000000000    
    12  -1291.592504       0.000000000    
    13  -380.9929260       0.000000000    


    21  0.4444444444      0.3333333333       0.000000000     : k-point, vkl
 (state, eigenvalue and occupancy below)
     1  -310351.6595       0.000000000    
     2  -277934.0722       0.000000000    
     3  -7518.219847       0.000000000    
     4  -7371.166351       0.000000000    
     5  -6946.214745       0.000000000    
     6  -6681.071953       0.000000000    
     7  -2629.729957       0.000000000    
     8  -2316.241064       0.000000000    
     9  -1925.201601       0.000000000    
    10  -1849.466201       0.000000000    
    11  -1748.225342       0.000000000    
    12  -1644.819137       0.000000000    
    13  -486.2872485       0.000000000    


    22  0.5555555556      0.3333333333       0.000000000     : k-point, vkl
 (state, eigenvalue and occupancy below)
     1  -299069.4198       0.000000000    
     2  -275000.8932       0.000000000    
     3  -7475.085717       0.000000000    
     4  -7266.286279       0.000000000    
     5  -6938.258453       0.000000000    
     6  -6412.200866       0.000000000    
     7  -2613.262868       0.000000000    
     8  -2442.438479       0.000000000    
     9  -1990.253789       0.000000000    
    10  -1798.580276       0.000000000    
    11  -1668.141314       0.000000000    
    12  -1589.847586       0.000000000    
    13  -461.6330597       0.000000000    


    23  0.6666666667      0.3333333333       0.000000000     : k-point, vkl
 (state, eigenvalue and occupancy below)
     1  -297901.9036       0.000000000    
     2  -276578.6095       0.000000000    
     3  -7334.203723       0.000000000    
     4  -7059.631859       0.000000000    
     5  -6513.177874       0.000000000    
     6  -6467.083124       0.000000000    
     7  -2607.304233       0.000000000    
     8  -2537.622136       0.000000000    
     9  -1927.887767       0.000000000    
    10  -1846.486991       0.000000000    
    11  -1665.117204       0.000000000    
    12  -1604.478149       0.000000000    
    13  -460.9205410       0.000000000    


    24  0.4444444444      0.4444444444       0.000000000     : k-point, vkl
 (state, eigenvalue and occupancy below)
     1  -289700.9673       0.000000000    
     2  -247921.2276       0.000000000    
     3  -6882.452737       0.000000000    
     4  -6645.371346       0.000000000    
     5  -6045.666675       0.000000000    
     6  -6039.058077       0.000000000    
     7  -2433.277649       0.000000000    
     8  -2224.165430       0.000000000    
     9  -1701.040857       0.000000000    
    10  -1624.959997       0.000000000    
    11  -1576.354254       0.000000000    
    12  -1572.055384       0.000000000    
    13  -418.4231882       0.000000000    


    25  0.5555555556      0.4444444444       0.000000000     : k-point, vkl
 (state, eigenvalue and occupancy below)
     1  -317321.4214       0.000000000    
     2  -289891.5006       0.000000000    
     3  -7643.228869       0.000000000    
     4  -7454.533842       0.000000000    
     5  -7366.368950       0.000000000    
     6  -7147.795562       0.000000000    
     7  -2919.313387       0.000000000    
     8  -2547.300431       0.000000000    
     9  -2106.102587       0.000000000    
    10  -1894.565524       0.000000000    
    11  -1880.234622       0.000000000    
    12  -1799.510876       0.000000000    
    13  -517.6938603       0.000000000    


    26  0.3333333333      0.2222222222      0.1111111111     : k-point, vkl
 (state, eigenvalue and occupancy below)
     1  -314056.2621       0.000000000    
     2  -277647.7893       0.000000000    
     3  -8159.722595       0.000000000    
     4  -7412.116492       0.000000000    
     5  -7080.642176       0.000000000    
     6  -6281.558870       0.000000000    
     7  -2701.099341       0.000000000    
     8  -2189.653749       0.000000000    
     9  -1903.614246       0.000000000    
    10  -1882.421048       0.000000000    
    11  -1608.676510       0.000000000    
    12  -1549.699659       0.000000000    
    13  -485.9958517       0.000000000    


    27  0.4444444444      0.2222222222      0.1111111111     : k-point, vkl
 (state, eigenvalue and occupancy below)
     1  -293618.8344       0.000000000    
     2  -280421.1569       0.000000000    
     3  -7883.307520       0.000000000    
     4  -7234.295273       0.000000000    
     5  -6885.680166       0.000000000    
     6  -6307.130638       0.000000000    
     7  -2461.726595       0.000000000    
     8  -2290.674545       0.000000000    
     9  -1812.809155       0.000000000    
    10  -1753.555621       0.000000000    
    11  -1684.791390       0.000000000    
    12  -1673.922800       0.000000000    
    13  -469.5354494       0.000000000    


    28  0.5555555556      0.2222222222      0.1111111111     : k-point, vkl
 (state, eigenvalue and occupancy below)
     1  -297131.7125       0.000000000    
     2  -280159.8759       0.000000000    
     3  -7413.141886       0.000000000    
     4  -7228.316922       0.000000000    
     5  -6833.564891       0.000000000    
     6  -6747.067165       0.000000000    
     7  -2514.894137       0.000000000    
     8  -2257.191525       0.000000000    
     9  -1887.150822       0.000000000    
    10  -1835.866614       0.000000000    
    11  -1720.293228       0.000000000    
    12  -1674.115485       0.000000000    
    13  -467.9342038       0.000000000    


    29  0.4444444444      0.3333333333      0.1111111111     : k-point, vkl
 (state, eigenvalue and occupancy below)
     1  -293310.5578       0.000000000    
     2  -279597.0978       0.000000000    
     3  -7108.838798       0.000000000    
     4  -6889.168113       0.000000000    
     5  -6790.619715       0.000000000    
     6  -6398.834322       0.000000000    
     7  -2487.495227       0.000000000    
     8  -2437.273787       0.000000000    
     9  -1942.845169       0.000000000    
    10  -1764.609520       0.000000000    
    11  -1704.069906       0.000000000    
    12  -1590.239427       0.000000000    
    13  -411.8794549       0.000000000    


    30  0.5555555556      0.3333333333      0.1111111111     : k-point, vkl
 (state, eigenvalue and occupancy below)
     1  -298573.4598       0.000000000    
     2  -272451.6777       0.000000000    
     3  -7392.580567       0.000000000    
     4  -6917.622799       0.000000000    
     5  -6831.810714       0.000000000    
     6  -6621.928286       0.000000000    
     7  -2614.994254       0.000000000    
     8  -2348.379814       0.000000000    
     9  -1951.405964       0.000000000    
    10  -1799.852592       0.000000000    
    11  -1735.261654       0.000000000    
    12  -1598.798496       0.000000000    
    13  -440.6628290       0.000000000    


    31  0.6666666667      0.3333333333      0.1111111111     : k-point, vkl
 (state, eigenvalue and occupancy below)
     1  -292603.2246       0.000000000    
     2  -282368.6460       0.000000000    
     3  -7382.938761       0.000000000    
     4  -7296.407997       0.000000000    
     5  -6812.273686       0.000000000    
     6  -6756.787323       0.000000000    
     7  -2595.927465       0.000000000    
     8  -2529.817722       0.000000000    
     9  -1907.842974       0.000000000    
    10  -1795.483169       0.000000000    
    11  -1734.249830       0.000000000    
    12  -1610.806742       0.000000000    
    13  -464.0460976       0.000000000    


    32  0.7777777778      0.3333333333      0.1111111111     : k-point, vkl
 (state, eigenvalue and occupancy below)
     1  -308021.9991       0.000000000    
     2  -283066.2039       0.000000000    
     3  -7441.730581       0.000000000    
     4  -7348.883756       0.000000000    
     5  -6727.081174       0.000000000    
     6  -6445.685407       0.000000000    
     7  -2641.350181       0.000000000    
     8  -2553.619056       0.000000000    
     9  -1971.024443       0.000000000    
    10  -1875.267004       0.000000000    
    11  -1744.524304       0.000000000    
    12  -1728.874641       0.000000000    
    13  -447.8801109       0.000000000    


    33  0.5555555556      0.4444444444      0.1111111111     : k-point, vkl
 (state, eigenvalue and occupancy below)
     1  -302915.8940       0.000000000    
     2  -273407.9678       0.000000000    
     3  -7118.895595       0.000000000    
     4  -6880.032468       0.000000000    
     5  -6803.130551       0.000000000    
     6  -6451.358320       0.000000000    
     7  -2799.988652       0.000000000    
     8  -2630.830478       0.000000000    
     9  -1899.234848       0.000000000    
    10  -1865.260278       0.000000000    
    11  -1768.427569       0.000000000    
    12  -1710.848657       0.000000000    
    13  -449.8176229       0.000000000    


    34  0.6666666667      0.4444444444      0.1111111111     : k-point, vkl
 (state, eigenvalue and occupancy below)
     1  -293834.4007       0.000000000    
     2  -262167.2814       0.000000000    
     3  -7336.912612       0.000000000    
     4  -6801.968020       0.000000000    
     5  -6619.490107       0.000000000    
     6  -6209.326689       0.000000000    
     7  -2541.171831       0.000000000    
     8  -2472.324713       0.000000000    
     9  -1884.924840       0.000000000    
    10  -1729.339756       0.000000000    
    11  -1676.887623       0.000000000    
    12  -1552.678101       0.000000000    
    13  -429.0104722       0.000000000    


    35  0.6666666667      0.4444444444      0.2222222222     : k-point, vkl
 (state, eigenvalue and occupancy below)
     1  -298808.3063       0.000000000    
     2  -266502.0335       0.000000000    
     3  -7261.129555       0.000000000    
     4  -7214.712945       0.000000000    
     5  -6653.275708       0.000000000    
     6  -6481.963859       0.000000000    
     7  -2827.311020       0.000000000    
     8  -2488.477966       0.000000000    
     9  -1894.103139       0.000000000    
    10  -1813.493047       0.000000000    
    11  -1734.287763       0.000000000    
    12  -1684.044025       0.000000000    
    13  -459.4045659       0.000000000    

