    29 : nkpt
    13 : nstsv

     1   0.000000000       0.000000000       0.000000000     : k-point, vkl
 (state, eigenvalue and occupancy below)
     1 -0.3496069442       2.000000000    
     2  0.4357559160       1.999999983    
     3  0.4357559160       1.999999983    
     4  0.4357562381       1.999999983    
     5  0.6413015408       0.000000000    
     6  0.6413015408       0.000000000    
     7  0.6413018877       0.000000000    
     8  0.9184734373       0.000000000    
     9   1.141718265       0.000000000    
    10   1.449770945       0.000000000    
    11   1.449770945       0.000000000    
    12   1.457021612       0.000000000    
    13   1.457021612       0.000000000    


     2  0.1250000000       0.000000000       0.000000000     : k-point, vkl
 (state, eigenvalue and occupancy below)
     1 -0.3338249042       2.000000000    
     2  0.3473724538       2.000000000    
     3  0.4119113582       2.000000000    
     4  0.4119116150       2.000000000    
     5  0.6727758779       0.000000000    
     6  0.6727761838       0.000000000    
     7  0.6881909692       0.000000000    
     8  0.9327056397       0.000000000    
     9   1.165928933       0.000000000    
    10   1.319102742       0.000000000    
    11   1.319102995       0.000000000    
    12   1.406431755       0.000000000    
    13   1.656183318       0.000000000    


     3  0.2500000000       0.000000000       0.000000000     : k-point, vkl
 (state, eigenvalue and occupancy below)
     1 -0.2869701387       2.000000000    
     2  0.1946645185       2.000000000    
     3  0.3719397388       2.000000000    
     4  0.3719400288       2.000000000    
     5  0.7221663423       0.000000000    
     6  0.7221666399       0.000000000    
     7  0.7338714279       0.000000000    
     8  0.9694184277       0.000000000    
     9   1.195141142       0.000000000    
    10   1.276868594       0.000000000    
    11   1.276868791       0.000000000    
    12   1.371951986       0.000000000    
    13   1.913057389       0.000000000    


     4  0.3750000000       0.000000000       0.000000000     : k-point, vkl
 (state, eigenvalue and occupancy below)
     1 -0.2115802690       2.000000000    
     2  0.4558880516E-01   2.000000000    
     3  0.3433400597       2.000000000    
     4  0.3433403648       2.000000000    
     5  0.7445615344       0.000000000    
     6  0.7445618470       0.000000000    
     7  0.7532561423       0.000000000    
     8   1.002409141       0.000000000    
     9   1.212332694       0.000000000    
    10   1.334418878       0.000000000    
    11   1.334418929       0.000000000    
    12   1.354239166       0.000000000    
    13   1.862868089       0.000000000    


     5  0.5000000000       0.000000000       0.000000000     : k-point, vkl
 (state, eigenvalue and occupancy below)
     1 -0.1391773751       2.000000000    
     2 -0.5259569253E-01   2.000000000    
     3  0.3333798701       2.000000000    
     4  0.3333801746       2.000000000    
     5  0.7475371662       0.000000000    
     6  0.7475374762       0.000000000    
     7  0.7584747955       0.000000000    
     8   1.011920801       0.000000000    
     9   1.240629673       0.000000000    
    10   1.321516491       0.000000000    
    11   1.401813319       0.000000000    
    12   1.401813471       0.000000000    
    13   1.745675924       0.000000000    


     6  0.1250000000      0.1250000000       0.000000000     : k-point, vkl
 (state, eigenvalue and occupancy below)
     1 -0.3285714408       2.000000000    
     2  0.3727729036       2.000000000    
     3  0.3727731115       2.000000000    
     4  0.3869150179       2.000000000    
     5  0.6262407349       0.000000000    
     6  0.7225712326       0.000000000    
     7  0.7225714600       0.000000000    
     8  0.9198969955       0.000000000    
     9   1.176787385       0.000000000    
    10   1.208953699       0.000000000    
    11   1.478162886       0.000000000    
    12   1.507116590       0.000000000    
    13   1.507116982       0.000000000    


     7  0.2500000000      0.1250000000       0.000000000     : k-point, vkl
 (state, eigenvalue and occupancy below)
     1 -0.2920816519       2.000000000    
     2  0.2495766900       2.000000000    
     3  0.3307658040       2.000000000    
     4  0.3612812654       2.000000000    
     5  0.6503817806       0.000000000    
     6  0.7784078516       0.000000000    
     7  0.7820616384       0.000000000    
     8  0.9066851902       0.000000000    
     9   1.183729911       0.000000000    
    10   1.211733212       0.000000000    
    11   1.409574875       0.000000000    
    12   1.473604147       0.000000000    
    13   1.726329195       0.000000000    


     8  0.3750000000      0.1250000000       0.000000000     : k-point, vkl
 (state, eigenvalue and occupancy below)
     1 -0.2259406457       2.000000000    
     2  0.1024562911       2.000000000    
     3  0.3070878373       2.000000000    
     4  0.3186850817       2.000000000    
     5  0.6935025620       0.000000000    
     6  0.8045328615       0.000000000    
     7  0.8070009753       0.000000000    
     8  0.9309708262       0.000000000    
     9   1.214302648       0.000000000    
    10   1.243244730       0.000000000    
    11   1.419742783       0.000000000    
    12   1.437200500       0.000000000    
    13   1.856846688       0.000000000    


     9  0.5000000000      0.1250000000       0.000000000     : k-point, vkl
 (state, eigenvalue and occupancy below)
     1 -0.1410392554       2.000000000    
     2 -0.2288809199E-01   2.000000000    
     3  0.2839351184       2.000000000    
     4  0.3070066581       2.000000000    
     5  0.7162050617       0.000000000    
     6  0.7972203952       0.000000000    
     7  0.8117748669       0.000000000    
     8  0.9929626275       0.000000000    
     9   1.192826994       0.000000000    
    10   1.317219251       0.000000000    
    11   1.416611291       0.000000000    
    12   1.430217396       0.000000000    
    13   1.768567197       0.000000000    


    10  0.6250000000      0.1250000000       0.000000000     : k-point, vkl
 (state, eigenvalue and occupancy below)
     1 -0.1689972786       2.000000000    
     2  0.1362330459E-01   2.000000000    
     3  0.2682392731       2.000000000    
     4  0.3294518713       2.000000000    
     5  0.7376449243       0.000000000    
     6  0.7731748806       0.000000000    
     7  0.8085219758       0.000000000    
     8  0.9997564113       0.000000000    
     9   1.190907283       0.000000000    
    10   1.295991337       0.000000000    
    11   1.337960997       0.000000000    
    12   1.485580491       0.000000000    
    13   1.831292372       0.000000000    


    11  0.7500000000      0.1250000000       0.000000000     : k-point, vkl
 (state, eigenvalue and occupancy below)
     1 -0.2511154874       2.000000000    
     2  0.1517679472       2.000000000    
     3  0.2761991949       2.000000000    
     4  0.3684948333       2.000000000    
     5  0.7343534119       0.000000000    
     6  0.7531345126       0.000000000    
     7  0.7884301924       0.000000000    
     8  0.9533761483       0.000000000    
     9   1.206783599       0.000000000    
    10   1.207660683       0.000000000    
    11   1.316127350       0.000000000    
    12   1.519621171       0.000000000    
    13   1.826949411       0.000000000    


    12  0.8750000000      0.1250000000       0.000000000     : k-point, vkl
 (state, eigenvalue and occupancy below)
     1 -0.3076825276       2.000000000    
     2  0.2898169458       2.000000000    
     3  0.3170373457       2.000000000    
     4  0.4080265848       2.000000000    
     5  0.6838169280       0.000000000    
     6  0.7318886881       0.000000000    
     7  0.7356832931       0.000000000    
     8  0.9378580898       0.000000000    
     9   1.194682686       0.000000000    
    10   1.216772238       0.000000000    
    11   1.295423534       0.000000000    
    12   1.557007870       0.000000000    
    13   1.588976199       0.000000000    


    13  0.2500000000      0.2500000000       0.000000000     : k-point, vkl
 (state, eigenvalue and occupancy below)
     1 -0.2661733700       2.000000000    
     2  0.2698556736       2.000000000    
     3  0.2852780302       2.000000000    
     4  0.2852782671       2.000000000    
     5  0.5992199638       0.000000000    
     6  0.8128714893       0.000000000    
     7  0.8614235135       0.000000000    
     8  0.8614237118       0.000000000    
     9   1.176302541       0.000000000    
    10   1.249550381       0.000000000    
    11   1.563466244       0.000000000    
    12   1.643785383       0.000000000    
    13   1.643785708       0.000000000    


    14  0.3750000000      0.2500000000       0.000000000     : k-point, vkl
 (state, eigenvalue and occupancy below)
     1 -0.2103075048       2.000000000    
     2  0.1604722706       2.000000000    
     3  0.2448312007       2.000000000    
     4  0.2586207289       2.000000000    
     5  0.6261312406       0.000000000    
     6  0.7798552225       0.000000000    
     7  0.9092804012       0.000000000    
     8  0.9096546650       0.000000000    
     9   1.222432424       0.000000000    
    10   1.261475115       0.000000000    
    11   1.546603559       0.000000000    
    12   1.617171675       0.000000000    
    13   1.814965235       0.000000000    


    15  0.5000000000      0.2500000000       0.000000000     : k-point, vkl
 (state, eigenvalue and occupancy below)
     1 -0.1298205845       2.000000000    
     2  0.4126491082E-01   2.000000000    
     3  0.1893643278       2.000000000    
     4  0.2576930704       2.000000000    
     5  0.6597256595       0.000000000    
     6  0.8563492552       0.000000000    
     7  0.9066938997       0.000000000    
     8  0.9241868363       0.000000000    
     9   1.184663400       0.000000000    
    10   1.303071759       0.000000000    
    11   1.467257188       0.000000000    
    12   1.584755562       0.000000000    
    13   1.823614180       0.000000000    


    16  0.6250000000      0.2500000000       0.000000000     : k-point, vkl
 (state, eigenvalue and occupancy below)
     1 -0.1045116950       2.000000000    
     2  0.1219867819E-01   2.000000000    
     3  0.1527901970       2.000000000    
     4  0.2822447690       2.000000000    
     5  0.6880378997       0.000000000    
     6  0.8684839443       0.000000000    
     7  0.9211425535       0.000000000    
     8  0.9782623078       0.000000000    
     9   1.090404928       0.000000000    
    10   1.315265952       0.000000000    
    11   1.347387903       0.000000000    
    12   1.614015269       0.000000000    
    13   1.935365741       0.000000000    


    17  0.7500000000      0.2500000000       0.000000000     : k-point, vkl
 (state, eigenvalue and occupancy below)
     1 -0.1865005030       2.000000000    
     2  0.1172142331       2.000000000    
     3  0.1580123086       2.000000000    
     4  0.3257058803       2.000000000    
     5  0.7275248868       0.000000000    
     6  0.8034355597       0.000000000    
     7  0.8897339843       0.000000000    
     8  0.9440783180       0.000000000    
     9   1.160460945       0.000000000    
    10   1.215172433       0.000000000    
    11   1.345336569       0.000000000    
    12   1.664509998       0.000000000    
    13   1.793536309       0.000000000    


    18  0.3750000000      0.3750000000       0.000000000     : k-point, vkl
 (state, eigenvalue and occupancy below)
     1 -0.1650379620       2.000000000    
     2  0.1211226860       2.000000000    
     3  0.2262400916       2.000000000    
     4  0.2262403349       2.000000000    
     5  0.5879959089       0.000000000    
     6  0.6840837824       0.000000000    
     7  0.9907692265       0.000000000    
     8  0.9907693664       0.000000000    
     9   1.239137098       0.000000000    
    10   1.297370628       0.000000000    
    11   1.706038990       0.000000000    
    12   1.707451060       0.000000000    
    13   1.707451252       0.000000000    


    19  0.5000000000      0.3750000000       0.000000000     : k-point, vkl
 (state, eigenvalue and occupancy below)
     1 -0.9344100770E-01   2.000000000    
     2  0.4489316873E-01   2.000000000    
     3  0.1678239245       2.000000000    
     4  0.2195710048       2.000000000    
     5  0.6191360046       0.000000000    
     6  0.6939617572       0.000000000    
     7   1.010072605       0.000000000    
     8   1.019051920       0.000000000    
     9   1.238480792       0.000000000    
    10   1.295371215       0.000000000    
    11   1.565684526       0.000000000    
    12   1.687532080       0.000000000    
    13   1.861538188       0.000000000    


    20  0.6250000000      0.3750000000       0.000000000     : k-point, vkl
 (state, eigenvalue and occupancy below)
     1 -0.3964854541E-01   2.000000000    
     2  0.6271175234E-02   2.000000000    
     3  0.9604779403E-01   2.000000000    
     4  0.2399176030       2.000000000    
     5  0.6450738282       0.000000000    
     6  0.8310479943       0.000000000    
     7  0.9630997710       0.000000000    
     8   1.007483485       0.000000000    
     9   1.126400691       0.000000000    
    10   1.331440594       0.000000000    
    11   1.409374121       0.000000000    
    12   1.701978578       0.000000000    
    13   1.937512063       0.000000000    


    21  0.5000000000      0.5000000000       0.000000000     : k-point, vkl
 (state, eigenvalue and occupancy below)
     1 -0.3147100536E-01   2.000000000    
     2 -0.3147089280E-01   2.000000000    
     3  0.2058306478       2.000000000    
     4  0.2058308892       2.000000000    
     5  0.6113214330       0.000000000    
     6  0.6113218185       0.000000000    
     7   1.051829305       0.000000000    
     8   1.051829406       0.000000000    
     9   1.288764090       0.000000000    
    10   1.288764121       0.000000000    
    11   1.653676884       0.000000000    
    12   1.653677146       0.000000000    
    13   1.906393797       0.000000000    


    22  0.3750000000      0.2500000000      0.1250000000     : k-point, vkl
 (state, eigenvalue and occupancy below)
     1 -0.2458697145       2.000000000    
     2  0.1973147700       2.000000000    
     3  0.2348896133       2.000000000    
     4  0.3301532854       2.000000000    
     5  0.6773962301       0.000000000    
     6  0.8048200091       0.000000000    
     7  0.8610253308       0.000000000    
     8  0.8671046544       0.000000000    
     9   1.200688058       0.000000000    
    10   1.228723428       0.000000000    
    11   1.393826263       0.000000000    
    12   1.664383979       0.000000000    
    13   1.690842917       0.000000000    


    23  0.5000000000      0.2500000000      0.1250000000     : k-point, vkl
 (state, eigenvalue and occupancy below)
     1 -0.1719618399       2.000000000    
     2  0.7564491870E-01   2.000000000    
     3  0.2062245886       2.000000000    
     4  0.2866763154       2.000000000    
     5  0.7290047395       0.000000000    
     6  0.7901686871       0.000000000    
     7  0.8895119935       0.000000000    
     8  0.9265477005       0.000000000    
     9   1.180824063       0.000000000    
    10   1.261621546       0.000000000    
    11   1.405939865       0.000000000    
    12   1.589603012       0.000000000    
    13   1.855593419       0.000000000    


    24  0.6250000000      0.2500000000      0.1250000000     : k-point, vkl
 (state, eigenvalue and occupancy below)
     1 -0.1022231297       2.000000000    
     2 -0.1588592475E-01   2.000000000    
     3  0.2048346810       2.000000000    
     4  0.2646341698       2.000000000    
     5  0.7419390068       0.000000000    
     6  0.7825185047       0.000000000    
     7  0.9136519262       0.000000000    
     8  0.9808955332       0.000000000    
     9   1.115355640       0.000000000    
    10   1.316424560       0.000000000    
    11   1.417430298       0.000000000    
    12   1.521594157       0.000000000    
    13   1.878056845       0.000000000    


    25  0.5000000000      0.3750000000      0.1250000000     : k-point, vkl
 (state, eigenvalue and occupancy below)
     1 -0.1464883781       2.000000000    
     2  0.1054872370       2.000000000    
     3  0.1804738341       2.000000000    
     4  0.2189794664       2.000000000    
     5  0.6684245400       0.000000000    
     6  0.7528147716       0.000000000    
     7  0.9125618395       0.000000000    
     8  0.9904965694       0.000000000    
     9   1.235510568       0.000000000    
    10   1.255214983       0.000000000    
    11   1.535075662       0.000000000    
    12   1.664327933       0.000000000    
    13   1.864550572       0.000000000    


    26  0.6250000000      0.3750000000      0.1250000000     : k-point, vkl
 (state, eigenvalue and occupancy below)
     1 -0.6664072290E-01   2.000000000    
     2  0.2699117506E-01   2.000000000    
     3  0.1286651829       2.000000000    
     4  0.2041067044       2.000000000    
     5  0.7131873746       0.000000000    
     6  0.8374446805       0.000000000    
     7  0.8951300279       0.000000000    
     8  0.9827280129       0.000000000    
     9   1.152807042       0.000000000    
    10   1.288186676       0.000000000    
    11   1.484288906       0.000000000    
    12   1.628871926       0.000000000    
    13   1.962062433       0.000000000    


    27  0.7500000000      0.3750000000      0.1250000000     : k-point, vkl
 (state, eigenvalue and occupancy below)
     1 -0.9546642409E-01   2.000000000    
     2  0.5469626045E-01   2.000000000    
     3  0.1121613399       2.000000000    
     4  0.2359399023       2.000000000    
     5  0.7441980638       0.000000000    
     6  0.8317584667       0.000000000    
     7  0.9144871384       0.000000000    
     8  0.9681776610       0.000000000    
     9   1.105899834       0.000000000    
    10   1.282929793       0.000000000    
    11   1.420875696       0.000000000    
    12   1.655817637       0.000000000    
    13   1.914761634       0.000000000    


    28  0.6250000000      0.5000000000      0.1250000000     : k-point, vkl
 (state, eigenvalue and occupancy below)
     1 -0.1924594656E-01   2.000000000    
     2 -0.1924584605E-01   2.000000000    
     3  0.1688614014       2.000000000    
     4  0.1688616226       2.000000000    
     5  0.6889534914       0.000000000    
     6  0.6889538449       0.000000000    
     7   1.006343007       0.000000000    
     8   1.006343313       0.000000000    
     9   1.251367265       0.000000000    
    10   1.251367330       0.000000000    
    11   1.598373733       0.000000000    
    12   1.598374024       0.000000000    
    13   2.028236061       0.000000000    


    29  0.7500000000      0.5000000000      0.2500000000     : k-point, vkl
 (state, eigenvalue and occupancy below)
     1 -0.2920804192E-02   2.000000000    
     2 -0.2920732591E-02   2.000000000    
     3  0.1322641213       2.000000000    
     4  0.1322643495       2.000000000    
     5  0.8278441370       0.000000000    
     6  0.8278443732       0.000000000    
     7  0.8867114449       0.000000000    
     8  0.8867119083       0.000000000    
     9   1.222922514       0.000000000    
    10   1.222922668       0.000000000    
    11   1.571520776       0.000000000    
    12   1.571521034       0.000000000    
    13   2.079196401       0.000000000    

