
┌─────────────────────────────────┐
│ Elk code version 11.2.3 started │
└─────────────────────────────────┘

Number of MPI processes : 4
Number of OpenMP threads per MPI process : 1
Total number of threads (MPI x OpenMP) : 4
Maximum OpenMP nesting level : 4
Number of OpenMP threads at first nesting level : 1
Number of MKL threads : 1

RAM disk enabled

┌──────────────────┐
│ Current task : 0 │
└──────────────────┘
Info(checkmt): changed muffin-tin radius of species 1 (C) from   1.8000 to   1.4384

Warning(linengy): could not find 1 linearisation energies in s.c. loop 1

Warning(linengy): could not find 1 linearisation energies in s.c. loop 2

Warning(linengy): could not find 1 linearisation energies in s.c. loop 3

Warning(linengy): could not find 1 linearisation energies in s.c. loop 4

Warning(linengy): could not find 1 linearisation energies in s.c. loop 5

Warning(linengy): could not find 1 linearisation energies in s.c. loop 6

Warning(linengy): could not find 1 linearisation energies in s.c. loop 7

Warning(linengy): could not find 1 linearisation energies in s.c. loop 8

Warning(linengy): could not find 1 linearisation energies in s.c. loop 9

Warning(linengy): could not find 1 linearisation energies in s.c. loop 10

Warning(linengy): could not find 1 linearisation energies in s.c. loop 11

Warning(linengy): could not find 1 linearisation energies in s.c. loop 12

Warning(linengy): could not find 1 linearisation energies in s.c. loop 13

Warning(linengy): could not find 1 linearisation energies in s.c. loop 14

┌──────────────────┐
│ Elk code stopped │
└──────────────────┘
