
┌─────────────────────────┐
│ Elk code version 11.2.3 │
└─────────────────────────┘

Date (YYYY-MM-DD) : 2026-09-02
Time (hh:mm:ss)   : 04:48:44

Using MPI, number of processes : 4

All units are atomic (Hartree, Bohr, etc.)

┌─────────────────────────────────────────────────┐
│ Ground-state run starting from atomic densities │
└─────────────────────────────────────────────────┘

Lattice vectors :
   0.000000000       3.379539863       3.379539863    
   3.379539863       0.000000000       3.379539863    
   3.379539863       3.379539863       0.000000000    

Reciprocal lattice vectors :
 -0.9295918323      0.9295918323      0.9295918323    
  0.9295918323     -0.9295918323      0.9295918323    
  0.9295918323      0.9295918323     -0.9295918323    

Unit cell volume      :    77.19740756    
Brillouin zone volume :    3.213193568    

Muffin-tin inner radius fraction :   0.1000000000E-01

Nuclei treated as point charges

Species : 1 (C)
 parameters loaded from : C.in
 name : carbon
 nuclear charge    :   -6.000000000    
 electronic charge :    6.000000000    
 atomic mass :    21894.16674    
 muffin-tin radius :    1.438383687    
 number of radial points in muffin-tin :    297
 number on inner part of muffin-tin    :    201
 approximate nuclear radius :   0.4747601631E-04
 number of mesh points to nuclear radius :     85
 atomic positions (lattice), magnetic fields (Cartesian) :
  1 :   0.37500000  0.37500000  0.37500000    0.00000000  0.00000000  0.00000000
  2 :  -0.37500000 -0.37500000 -0.37500000    0.00000000  0.00000000  0.00000000

Total number of atoms per unit cell :    2
Total muffin-tin volume :    24.93118103    
 ratio of muffin-tin to unit cell volume :   0.3229536045    

Spin treatment :
 spin-unpolarised

Number of Bravais lattice symmetries :   48
Number of crystal symmetries         :   48
Crystal has inversion symmetry
Real symmetric eigensolver will be used

k-point grid :      8     8     8
k-point offset :    0.000000000       0.000000000       0.000000000    
k-point set is reduced with full crystal symmetry group
Total number of k-points :       29

Muffin-tin radius times maximum |G+k| :    8.000000000    
 using average radius
Maximum |G+k| for APW functions       :    5.561798337    
Maximum (1/2)|G+k|²                   :    15.46680037    
Maximum |G| for potential and density :    16.00000000    
Constant for pseudocharge density :    6
Radial integration step length :    4

G-vector grid sizes :     25    25    25
Number of G-vectors :     5329

Maximum angular momentum used for
 APW functions            :   10
 outer part of muffin-tin :    6
 inner part of muffin-tin :    1

Total nuclear charge    :   -12.00000000    
Total core charge       :    4.000000000    
Total valence charge    :    8.000000000    
Total excess charge     :    0.000000000    
Total electronic charge :    12.00000000    

Effective Wigner radius, rₛ :    1.153747980    

Number of empty states         :      8
Total number of valence states :     13
Total number of core states    :      4

Total number of local-orbitals :     10

Exchange-correlation functional :     20     0     0
 Perdew-Burke-Ernzerhof, Phys. Rev. Lett. 77, 3865 (1996)
 gradient requirement :    1
 generalised gradient approximation (GGA)

Smearing type :    3
 Fermi-Dirac
Smearing width :   0.1000000000E-02
Effective electronic temperature (K) :    315.7750248    

Mixing type :    3
 Broyden mixing, J. Phys. A: Math. Gen. 17, L317 (1984)

Kohn-Sham potential initialised from atomic data

┌──────────────────────────────┐
│ Self-consistent loop started │
└──────────────────────────────┘

┌─────────────────┐
│ Loop number : 1 │
└─────────────────┘

Energies :
 Fermi                       :     0.31098669124502    
 sum of occupied eigenvalues :     -38.253122110302    
 electron kinetic            :      75.920515156312    
 core electron kinetic       :      63.852056402440    
 Coulomb                     :     -141.55815416377    
 Coulomb potential           :     -98.494649143702    
 nuclear-nuclear             :     -24.231449424222    
 electron-nuclear            :     -136.15876033538    
 Hartree                     :      18.832055595842    
 Madelung                    :     -92.310829591915    
 xc potential                :     -15.678988122912    
 exchange                    :     -10.456021820282    
 correlation                 :    -0.44011712184067    
 electron entropic           :    -0.19539293793549E-11
 total energy                :     -76.533777949579    

Density of states at Fermi energy :   0.1000005988E-06
 (states/Hartree/unit cell)

Estimated indirect band gap :   0.1776038351    
 from k-point 1 to k-point 18
Estimated direct band gap   :   0.2187367450    
 at k-point 1

Charges :
 core                        :    4.000000000    
 valence                     :    8.000000000    
 interstitial                :    3.097807915    
 muffin-tins (core leakage)
  species : 1 (C)
   atom 1                    :    4.451096042     (  0.8439732600E-04)
   atom 2                    :    4.451096042     (  0.8439732600E-04)
 total in muffin-tins        :    8.902192085    
 total calculated charge     :    11.99461086    
 total charge                :    12.00000000    
 error                       :   0.5389143488E-02

Time (CPU seconds) :         0.49

┌─────────────────┐
│ Loop number : 2 │
└─────────────────┘

Energies :
 Fermi                       :     0.31236898750338    
 sum of occupied eigenvalues :     -38.235334170658    
 electron kinetic            :      75.199140998912    
 core electron kinetic       :      63.487339830704    
 Coulomb                     :     -141.55437138246    
 Coulomb potential           :     -98.493721193482    
 nuclear-nuclear             :     -24.231449424222    
 electron-nuclear            :     -136.15212272299    
 Hartree                     :      18.829200764756    
 Madelung                    :     -92.307510785719    
 xc potential                :     -14.940753976088    
 exchange                    :     -10.455448251784    
 correlation                 :    -0.44016404576371    
 electron entropic           :    -0.19540011159660E-11
 total energy                :     -77.250842681098    

Density of states at Fermi energy :   0.1000005995E-06
 (states/Hartree/unit cell)

Estimated indirect band gap :   0.1773288827    
 from k-point 1 to k-point 18
Estimated direct band gap   :   0.2185952345    
 at k-point 1

Charges :
 core                        :    4.000000000    
 valence                     :    8.000000000    
 interstitial                :    3.098976138    
 muffin-tins (core leakage)
  species : 1 (C)
   atom 1                    :    4.450511931     (  0.8441755444E-04)
   atom 2                    :    4.450511931     (  0.8441755444E-04)
 total in muffin-tins        :    8.901023862    
 total calculated charge     :    11.99461760    
 total charge                :    12.00000000    
 error                       :   0.5382403677E-02

RMS change in Kohn-Sham potential (target) :    5.169525883     (  0.1000000000E-05)
Absolute change in total energy (target)   :   0.7170647315     (  0.1000000000E-03)

Time (CPU seconds) :         0.62

┌─────────────────┐
│ Loop number : 3 │
└─────────────────┘

Energies :
 Fermi                       :     0.38243206817508    
 sum of occupied eigenvalues :     -37.351108735551    
 electron kinetic            :      75.413574133689    
 core electron kinetic       :      63.603868160914    
 Coulomb                     :     -141.38350321703    
 Coulomb potential           :     -98.456043087658    
 nuclear-nuclear             :     -24.231449424222    
 electron-nuclear            :     -135.84806449796    
 Hartree                     :      18.696010705151    
 Madelung                    :     -92.155481673203    
 xc potential                :     -14.308639781581    
 exchange                    :     -10.428858238673    
 correlation                 :    -0.44241532387178    
 electron entropic           :    -0.19568716670796E-11
 total energy                :     -76.841202645890    

Density of states at Fermi energy :   0.1000005994E-06
 (states/Hartree/unit cell)

Estimated indirect band gap :   0.1641119251    
 from k-point 1 to k-point 18
Estimated direct band gap   :   0.2117517097    
 at k-point 1

Charges :
 core                        :    4.000000000    
 valence                     :    8.000000000    
 interstitial                :    3.154363817    
 muffin-tins (core leakage)
  species : 1 (C)
   atom 1                    :    4.422818092     (  0.8519639647E-04)
   atom 2                    :    4.422818092     (  0.8519639647E-04)
 total in muffin-tins        :    8.845636183    
 total calculated charge     :    11.99495835    
 total charge                :    12.00000000    
 error                       :   0.5041652959E-02

RMS change in Kohn-Sham potential (target) :    2.761328121     (  0.1000000000E-05)
Absolute change in total energy (target)   :   0.2303738523     (  0.1000000000E-03)

Time (CPU seconds) :         0.76

┌─────────────────┐
│ Loop number : 4 │
└─────────────────┘

Energies :
 Fermi                       :     0.42913201803938    
 sum of occupied eigenvalues :     -36.773282463324    
 electron kinetic            :      75.693474742444    
 core electron kinetic       :      63.741817167074    
 Coulomb                     :     -141.28286501071    
 Coulomb potential           :     -98.436568660320    
 nuclear-nuclear             :     -24.231449424222    
 electron-nuclear            :     -135.66626251265    
 Hartree                     :      18.614846926166    
 Madelung                    :     -92.064580680548    
 xc potential                :     -14.030188545448    
 exchange                    :     -10.412811595719    
 correlation                 :    -0.44383780173421    
 electron entropic           :    -0.19577925174181E-11
 total energy                :     -76.446039665719    

Density of states at Fermi energy :   0.1000006007E-06
 (states/Hartree/unit cell)

Estimated indirect band gap :   0.1558052148    
 from k-point 1 to k-point 18
Estimated direct band gap   :   0.2074279407    
 at k-point 1

Charges :
 core                        :    4.000000000    
 valence                     :    8.000000000    
 interstitial                :    3.188734932    
 muffin-tins (core leakage)
  species : 1 (C)
   atom 1                    :    4.405632534     (  0.8555247352E-04)
   atom 2                    :    4.405632534     (  0.8555247352E-04)
 total in muffin-tins        :    8.811265068    
 total calculated charge     :    11.99518492    
 total charge                :    12.00000000    
 error                       :   0.4815078383E-02

RMS change in Kohn-Sham potential (target) :    1.043855445     (  0.1000000000E-05)
Absolute change in total energy (target)   :   0.4527564433     (  0.1000000000E-03)

Time (CPU seconds) :         0.89

┌─────────────────┐
│ Loop number : 5 │
└─────────────────┘

Energies :
 Fermi                       :     0.44809342107889    
 sum of occupied eigenvalues :     -36.544415125734    
 electron kinetic            :      75.837361275268    
 core electron kinetic       :      63.807682363202    
 Coulomb                     :     -141.25010889779    
 Coulomb potential           :     -98.431939788516    
 nuclear-nuclear             :     -24.231449424222    
 electron-nuclear            :     -135.60537915862    
 Hartree                     :      18.586719685050    
 Madelung                    :     -92.034139003530    
 xc potential                :     -13.949836612486    
 exchange                    :     -10.407279457308    
 correlation                 :    -0.44434929320034    
 electron entropic           :    -0.19579277639469E-11
 total energy                :     -76.264376373031    

Density of states at Fermi energy :   0.1000006017E-06
 (states/Hartree/unit cell)

Estimated indirect band gap :   0.1527826946    
 from k-point 1 to k-point 18
Estimated direct band gap   :   0.2058414282    
 at k-point 1

Charges :
 core                        :    4.000000000    
 valence                     :    8.000000000    
 interstitial                :    3.200928638    
 muffin-tins (core leakage)
  species : 1 (C)
   atom 1                    :    4.399535681     (  0.8560945819E-04)
   atom 2                    :    4.399535681     (  0.8560945819E-04)
 total in muffin-tins        :    8.799071362    
 total calculated charge     :    11.99527641    
 total charge                :    12.00000000    
 error                       :   0.4723594640E-02

RMS change in Kohn-Sham potential (target) :   0.2911147487     (  0.1000000000E-05)
Absolute change in total energy (target)   :   0.2948524035     (  0.1000000000E-03)

Time (CPU seconds) :         1.03

┌─────────────────┐
│ Loop number : 6 │
└─────────────────┘

Energies :
 Fermi                       :     0.45341309901983    
 sum of occupied eigenvalues :     -36.482699603768    
 electron kinetic            :      75.883771565603    
 core electron kinetic       :      63.826371238350    
 Coulomb                     :     -141.24498037946    
 Coulomb potential           :     -98.432180361509    
 nuclear-nuclear             :     -24.231449424222    
 electron-nuclear            :     -135.59488154897    
 Hartree                     :      18.581350593731    
 Madelung                    :     -92.028890198708    
 xc potential                :     -13.934290807862    
 exchange                    :     -10.406219402608    
 correlation                 :    -0.44445481015519    
 electron entropic           :    -0.19579390788970E-11
 total energy                :     -76.211883026625    

Density of states at Fermi energy :   0.1000005987E-06
 (states/Hartree/unit cell)

Estimated indirect band gap :   0.1521245008    
 from k-point 1 to k-point 18
Estimated direct band gap   :   0.2054892593    
 at k-point 1

Charges :
 core                        :    4.000000000    
 valence                     :    8.000000000    
 interstitial                :    3.203392269    
 muffin-tins (core leakage)
  species : 1 (C)
   atom 1                    :    4.398303865     (  0.8558541014E-04)
   atom 2                    :    4.398303865     (  0.8558541014E-04)
 total in muffin-tins        :    8.796607731    
 total calculated charge     :    11.99530184    
 total charge                :    12.00000000    
 error                       :   0.4698164648E-02

RMS change in Kohn-Sham potential (target) :   0.5717663708E-01 (  0.1000000000E-05)
Absolute change in total energy (target)   :   0.1262064473     (  0.1000000000E-03)

Time (CPU seconds) :         1.16

┌─────────────────┐
│ Loop number : 7 │
└─────────────────┘

Energies :
 Fermi                       :     0.45460608170670    
 sum of occupied eigenvalues :     -36.469712801567    
 electron kinetic            :      75.900033937529    
 core electron kinetic       :      63.832318675080    
 Coulomb                     :     -141.24541775001    
 Coulomb potential           :     -98.432766319409    
 nuclear-nuclear             :     -24.231449424222    
 electron-nuclear            :     -135.59517033217    
 Hartree                     :      18.581202006379    
 Madelung                    :     -92.029034590306    
 xc potential                :     -13.936980419687    
 exchange                    :     -10.406182070579    
 correlation                 :    -0.44446204076873    
 electron entropic           :    -0.19579397022371E-11
 total energy                :     -76.196027923831    

Density of states at Fermi energy :   0.1000005990E-06
 (states/Hartree/unit cell)

Estimated indirect band gap :   0.1520591734    
 from k-point 1 to k-point 18
Estimated direct band gap   :   0.2054516958    
 at k-point 1

Charges :
 core                        :    4.000000000    
 valence                     :    8.000000000    
 interstitial                :    3.203533083    
 muffin-tins (core leakage)
  species : 1 (C)
   atom 1                    :    4.398233458     (  0.8556559046E-04)
   atom 2                    :    4.398233458     (  0.8556559046E-04)
 total in muffin-tins        :    8.796466917    
 total calculated charge     :    11.99530748    
 total charge                :    12.00000000    
 error                       :   0.4692524639E-02

RMS change in Kohn-Sham potential (target) :   0.5803370592E-02 (  0.1000000000E-05)
Absolute change in total energy (target)   :   0.4740671461E-01 (  0.1000000000E-03)

Time (CPU seconds) :         1.30

┌─────────────────┐
│ Loop number : 8 │
└─────────────────┘

Energies :
 Fermi                       :     0.45442749620261    
 sum of occupied eigenvalues :     -36.472576782804    
 electron kinetic            :      75.901973612187    
 core electron kinetic       :      63.832675304268    
 Coulomb                     :     -141.24706973993    
 Coulomb potential           :     -98.433254776580    
 nuclear-nuclear             :     -24.231449424222    
 electron-nuclear            :     -135.59798585483    
 Hartree                     :      18.582365539124    
 Madelung                    :     -92.030442351636    
 xc potential                :     -13.941295618411    
 exchange                    :     -10.406404118390    
 correlation                 :    -0.44444319099506    
 electron entropic           :    -0.19579397206850E-11
 total energy                :     -76.195943437127    

Density of states at Fermi energy :   0.1000005988E-06
 (states/Hartree/unit cell)

Estimated indirect band gap :   0.1521576647    
 from k-point 1 to k-point 18
Estimated direct band gap   :   0.2055021875    
 at k-point 1

Charges :
 core                        :    4.000000000    
 valence                     :    8.000000000    
 interstitial                :    3.203067075    
 muffin-tins (core leakage)
  species : 1 (C)
   atom 1                    :    4.398466463     (  0.8555298466E-04)
   atom 2                    :    4.398466463     (  0.8555298466E-04)
 total in muffin-tins        :    8.796932925    
 total calculated charge     :    11.99530657    
 total charge                :    12.00000000    
 error                       :   0.4693431964E-02

RMS change in Kohn-Sham potential (target) :   0.4052212450E-02 (  0.1000000000E-05)
Absolute change in total energy (target)   :   0.1193616536E-01 (  0.1000000000E-03)

Time (CPU seconds) :         1.43

┌─────────────────┐
│ Loop number : 9 │
└─────────────────┘

Energies :
 Fermi                       :     0.45425642396795    
 sum of occupied eigenvalues :     -36.475387797307    
 electron kinetic            :      75.900143900784    
 core electron kinetic       :      63.830239264705    
 Coulomb                     :     -141.24898754257    
 Coulomb potential           :     -98.433763132860    
 nuclear-nuclear             :     -24.231449424222    
 electron-nuclear            :     -135.60131310383    
 Hartree                     :      18.583774985487    
 Madelung                    :     -92.032105976139    
 xc potential                :     -13.941768565231    
 exchange                    :     -10.406668397945    
 correlation                 :    -0.44442023486983    
 electron entropic           :    -0.19579397269485E-11
 total energy                :     -76.199932274602    

Density of states at Fermi energy :   0.1000005991E-06
 (states/Hartree/unit cell)

Estimated indirect band gap :   0.1522775173    
 from k-point 1 to k-point 18
Estimated direct band gap   :   0.2055649275    
 at k-point 1

Charges :
 core                        :    4.000000000    
 valence                     :    8.000000000    
 interstitial                :    3.202495949    
 muffin-tins (core leakage)
  species : 1 (C)
   atom 1                    :    4.398752025     (  0.8553897952E-04)
   atom 2                    :    4.398752025     (  0.8553897952E-04)
 total in muffin-tins        :    8.797504051    
 total calculated charge     :    11.99530573    
 total charge                :    12.00000000    
 error                       :   0.4694271304E-02

RMS change in Kohn-Sham potential (target) :   0.1036762168E-02 (  0.1000000000E-05)
Absolute change in total energy (target)   :   0.1004796136E-02 (  0.1000000000E-03)

Time (CPU seconds) :         1.56

┌──────────────────┐
│ Loop number : 10 │
└──────────────────┘

Energies :
 Fermi                       :     0.45433649127298    
 sum of occupied eigenvalues :     -36.474152924989    
 electron kinetic            :      75.900641894615    
 core electron kinetic       :      63.830740406482    
 Coulomb                     :     -141.24844002164    
 Coulomb potential           :     -98.433576194348    
 nuclear-nuclear             :     -24.231449424222    
 electron-nuclear            :     -135.60040500048    
 Hartree                     :      18.583414403068    
 Madelung                    :     -92.031651924465    
 xc potential                :     -13.941218625256    
 exchange                    :     -10.406597358666    
 correlation                 :    -0.44442603979371    
 electron entropic           :    -0.19579397440970E-11
 total energy                :     -76.198821525485    

Density of states at Fermi energy :   0.1000006015E-06
 (states/Hartree/unit cell)

Estimated indirect band gap :   0.1522470187    
 from k-point 1 to k-point 18
Estimated direct band gap   :   0.2055499978    
 at k-point 1

Charges :
 core                        :    4.000000000    
 valence                     :    8.000000000    
 interstitial                :    3.202637470    
 muffin-tins (core leakage)
  species : 1 (C)
   atom 1                    :    4.398681265     (  0.8554342338E-04)
   atom 2                    :    4.398681265     (  0.8554342338E-04)
 total in muffin-tins        :    8.797362530    
 total calculated charge     :    11.99530615    
 total charge                :    12.00000000    
 error                       :   0.4693847054E-02

RMS change in Kohn-Sham potential (target) :   0.1182418557E-03 (  0.1000000000E-05)
Absolute change in total energy (target)   :   0.8595500830E-03 (  0.1000000000E-03)

Time (CPU seconds) :         1.70

┌──────────────────┐
│ Loop number : 11 │
└──────────────────┘

Energies :
 Fermi                       :     0.45434497078634    
 sum of occupied eigenvalues :     -36.474017090704    
 electron kinetic            :      75.900667593824    
 core electron kinetic       :      63.830788055412    
 Coulomb                     :     -141.24837134142    
 Coulomb potential           :     -98.433554410248    
 nuclear-nuclear             :     -24.231449424222    
 electron-nuclear            :     -135.60028942415    
 Hartree                     :      18.583367506953    
 Madelung                    :     -92.031594136299    
 xc potential                :     -13.941130274280    
 exchange                    :     -10.406588254717    
 correlation                 :    -0.44442680064500    
 electron entropic           :    -0.19579396957764E-11
 total energy                :     -76.198718802963    

Density of states at Fermi energy :   0.1000005992E-06
 (states/Hartree/unit cell)

Estimated indirect band gap :   0.1522430214    
 from k-point 1 to k-point 18
Estimated direct band gap   :   0.2055480693    
 at k-point 1

Charges :
 core                        :    4.000000000    
 valence                     :    8.000000000    
 interstitial                :    3.202656008    
 muffin-tins (core leakage)
  species : 1 (C)
   atom 1                    :    4.398671996     (  0.8554398768E-04)
   atom 2                    :    4.398671996     (  0.8554398768E-04)
 total in muffin-tins        :    8.797343992    
 total calculated charge     :    11.99530620    
 total charge                :    12.00000000    
 error                       :   0.4693799509E-02

RMS change in Kohn-Sham potential (target) :   0.4566272251E-04 (  0.1000000000E-05)
Absolute change in total energy (target)   :   0.3176100429E-03 (  0.1000000000E-03)

Time (CPU seconds) :         1.83

┌──────────────────┐
│ Loop number : 12 │
└──────────────────┘

Energies :
 Fermi                       :     0.45434708224321    
 sum of occupied eigenvalues :     -36.473981188170    
 electron kinetic            :      75.900662411655    
 core electron kinetic       :      63.830792456889    
 Coulomb                     :     -141.24835397943    
 Coulomb potential           :     -98.433548615024    
 nuclear-nuclear             :     -24.231449424222    
 electron-nuclear            :     -135.60026049539    
 Hartree                     :      18.583355940184    
 Madelung                    :     -92.031579671918    
 xc potential                :     -13.941094984802    
 exchange                    :     -10.406585969140    
 correlation                 :    -0.44442699027853    
 electron entropic           :    -0.19579397763575E-11
 total energy                :     -76.198704527195    

Density of states at Fermi energy :   0.1000006013E-06
 (states/Hartree/unit cell)

Estimated indirect band gap :   0.1522420156    
 from k-point 1 to k-point 18
Estimated direct band gap   :   0.2055476530    
 at k-point 1

Charges :
 core                        :    4.000000000    
 valence                     :    8.000000000    
 interstitial                :    3.202660488    
 muffin-tins (core leakage)
  species : 1 (C)
   atom 1                    :    4.398669756     (  0.8554415391E-04)
   atom 2                    :    4.398669756     (  0.8554415391E-04)
 total in muffin-tins        :    8.797339512    
 total calculated charge     :    11.99530622    
 total charge                :    12.00000000    
 error                       :   0.4693784849E-02

RMS change in Kohn-Sham potential (target) :   0.1842486530E-04 (  0.1000000000E-05)
Absolute change in total energy (target)   :   0.9367827852E-04 (  0.1000000000E-03)

Time (CPU seconds) :         1.97

┌──────────────────┐
│ Loop number : 13 │
└──────────────────┘

Energies :
 Fermi                       :     0.45434844449304    
 sum of occupied eigenvalues :     -36.473957985956    
 electron kinetic            :      75.900672795343    
 core electron kinetic       :      63.830804340238    
 Coulomb                     :     -141.24834303279    
 Coulomb potential           :     -98.433544944084    
 nuclear-nuclear             :     -24.231449424222    
 electron-nuclear            :     -135.60024227305    
 Hartree                     :      18.583348664480    
 Madelung                    :     -92.031570560745    
 xc potential                :     -13.941085837214    
 exchange                    :     -10.406584525883    
 correlation                 :    -0.44442711015021    
 electron entropic           :    -0.19579397119029E-11
 total energy                :     -76.198681873479    

Density of states at Fermi energy :   0.1000005990E-06
 (states/Hartree/unit cell)

Estimated indirect band gap :   0.1522413763    
 from k-point 1 to k-point 18
Estimated direct band gap   :   0.2055473990    
 at k-point 1

Charges :
 core                        :    4.000000000    
 valence                     :    8.000000000    
 interstitial                :    3.202663294    
 muffin-tins (core leakage)
  species : 1 (C)
   atom 1                    :    4.398668353     (  0.8554426129E-04)
   atom 2                    :    4.398668353     (  0.8554426129E-04)
 total in muffin-tins        :    8.797336706    
 total calculated charge     :    11.99530622    
 total charge                :    12.00000000    
 error                       :   0.4693775074E-02

RMS change in Kohn-Sham potential (target) :   0.6801965588E-06 (  0.1000000000E-05)
Absolute change in total energy (target)   :   0.4607328586E-04 (  0.1000000000E-03)

Convergence targets achieved

Time (CPU seconds) :         2.10

┌──────────────────┐
│ Loop number : 14 │
└──────────────────┘

Energies :
 Fermi                       :     0.45434849118407    
 sum of occupied eigenvalues :     -36.473957241077    
 electron kinetic            :      75.900673313834    
 core electron kinetic       :      63.830804770606    
 Coulomb                     :     -141.24834278245    
 Coulomb potential           :     -98.433544872181    
 nuclear-nuclear             :     -24.231449424222    
 electron-nuclear            :     -135.60024184428    
 Hartree                     :      18.583348486052    
 Madelung                    :     -92.031570346365    
 xc potential                :     -13.941085682731    
 exchange                    :     -10.406584488940    
 correlation                 :    -0.44442711347548    
 electron entropic           :    -0.19579397441330E-11
 total energy                :     -76.198681071038    

Density of states at Fermi energy :   0.1000006014E-06
 (states/Hartree/unit cell)

Estimated indirect band gap :   0.1522413567    
 from k-point 1 to k-point 18
Estimated direct band gap   :   0.2055473948    
 at k-point 1

Charges :
 core                        :    4.000000000    
 valence                     :    8.000000000    
 interstitial                :    3.202663363    
 muffin-tins (core leakage)
  species : 1 (C)
   atom 1                    :    4.398668319     (  0.8554426380E-04)
   atom 2                    :    4.398668319     (  0.8554426380E-04)
 total in muffin-tins        :    8.797336637    
 total calculated charge     :    11.99530623    
 total charge                :    12.00000000    
 error                       :   0.4693774653E-02

┌──────────────────────────────┐
│ Self-consistent loop stopped │
└──────────────────────────────┘

Wrote STATE.OUT

Timings (CPU seconds) :
 initialisation                        :         0.33
 Hamiltonian and overlap matrix set up :         0.94
 first-variational eigenvalue equation :         0.56
 charge density calculation            :         0.13
 potential calculation                 :         0.28
 total                                 :         2.24
