
┌────────────────────────────┐
│ Real-space lattice vectors │
└────────────────────────────┘

vector a1 :    0.000000000       3.379539863       3.379539863    
vector a2 :    3.379539863       0.000000000       3.379539863    
vector a3 :    3.379539863       3.379539863       0.000000000    

Stored column-wise as a matrix :
   0.000000000       3.379539863       3.379539863    
   3.379539863       0.000000000       3.379539863    
   3.379539863       3.379539863       0.000000000    

Inverse of matrix :
 -0.1479491352      0.1479491352      0.1479491352    
  0.1479491352     -0.1479491352      0.1479491352    
  0.1479491352      0.1479491352     -0.1479491352    

Unit cell volume :    77.19740756    


┌──────────────────────────────────┐
│ Reciprocal-space lattice vectors │
└──────────────────────────────────┘

vector b1 :  -0.9295918323      0.9295918323      0.9295918323    
vector b2 :   0.9295918323     -0.9295918323      0.9295918323    
vector b3 :   0.9295918323      0.9295918323     -0.9295918323    

Stored column-wise as a matrix :
 -0.9295918323      0.9295918323      0.9295918323    
  0.9295918323     -0.9295918323      0.9295918323    
  0.9295918323      0.9295918323     -0.9295918323    

Inverse of matrix :
 -0.1244521775E-16  0.5378704746      0.5378704746    
  0.5378704746     -0.1244521775E-16  0.5378704746    
  0.5378704746      0.5378704746       0.000000000    

Brillouin zone volume :    3.213193568    
