    29 : nkpt
    13 : nstsv

     1   0.000000000       0.000000000       0.000000000     : k-point, vkl
 (state, eigenvalue and occupancy below)
     1 -0.4719522003       2.000000000    
     2  0.3005671787       1.999999983    
     3  0.3005791782       1.999999983    
     4  0.3005856768       1.999999983    
     5  0.5220924294       0.000000000    
     6  0.5220980135       0.000000000    
     7  0.5220990745       0.000000000    
     8  0.7933830756       0.000000000    
     9   1.044382747       0.000000000    
    10   1.342539284       0.000000000    
    11   1.342545822       0.000000000    
    12   1.368654159       0.000000000    
    13   1.368665493       0.000000000    


     2  0.1250000000       0.000000000       0.000000000     : k-point, vkl
 (state, eigenvalue and occupancy below)
     1 -0.4563153394       2.000000000    
     2  0.2172290883       2.000000000    
     3  0.2784238341       2.000000000    
     4  0.2784347145       2.000000000    
     5  0.5522532886       0.000000000    
     6  0.5522560737       0.000000000    
     7  0.5662117863       0.000000000    
     8  0.8078369444       0.000000000    
     9   1.067097062       0.000000000    
    10   1.221406079       0.000000000    
    11   1.221422481       0.000000000    
    12   1.317120473       0.000000000    
    13   1.558009327       0.000000000    


     3  0.2500000000       0.000000000       0.000000000     : k-point, vkl
 (state, eigenvalue and occupancy below)
     1 -0.4099470858       2.000000000    
     2  0.6943120829E-01   2.000000000    
     3  0.2402613893       2.000000000    
     4  0.2402725971       2.000000000    
     5  0.6021026421       0.000000000    
     6  0.6021031564       0.000000000    
     7  0.6126338016       0.000000000    
     8  0.8491122538       0.000000000    
     9   1.095117622       0.000000000    
    10   1.178121237       0.000000000    
    11   1.178135587       0.000000000    
    12   1.276425941       0.000000000    
    13   1.814106928       0.000000000    


     4  0.3750000000       0.000000000       0.000000000     : k-point, vkl
 (state, eigenvalue and occupancy below)
     1 -0.3356507007       2.000000000    
     2 -0.7600794465E-01   2.000000000    
     3  0.2127106351       2.000000000    
     4  0.2127223569       2.000000000    
     5  0.6266602597       0.000000000    
     6  0.6266649272       0.000000000    
     7  0.6319521560       0.000000000    
     8  0.8901284031       0.000000000    
     9   1.110402204       0.000000000    
    10   1.232497045       0.000000000    
    11   1.232507585       0.000000000    
    12   1.251023123       0.000000000    
    13   1.759531557       0.000000000    


     5  0.5000000000       0.000000000       0.000000000     : k-point, vkl
 (state, eigenvalue and occupancy below)
     1 -0.2662515493       2.000000000    
     2 -0.1718617567       2.000000000    
     3  0.2056931129       2.000000000    
     4  0.2057046097       2.000000000    
     5  0.6324106307       0.000000000    
     6  0.6324170809       0.000000000    
     7  0.6369776570       0.000000000    
     8  0.9091732633       0.000000000    
     9   1.134927943       0.000000000    
    10   1.220855250       0.000000000    
    11   1.298592437       0.000000000    
    12   1.298600666       0.000000000    
    13   1.642048679       0.000000000    


     6  0.1250000000      0.1250000000       0.000000000     : k-point, vkl
 (state, eigenvalue and occupancy below)
     1 -0.4511068119       2.000000000    
     2  0.2419941203       2.000000000    
     3  0.2420046506       2.000000000    
     4  0.2529052065       2.000000000    
     5  0.5090308341       0.000000000    
     6  0.5991067695       0.000000000    
     7  0.5991126478       0.000000000    
     8  0.7975501916       0.000000000    
     9   1.077442667       0.000000000    
    10   1.110039628       0.000000000    
    11   1.371014446       0.000000000    
    12   1.418553747       0.000000000    
    13   1.418566190       0.000000000    


     7  0.2500000000      0.1250000000       0.000000000     : k-point, vkl
 (state, eigenvalue and occupancy below)
     1 -0.4150096540       2.000000000    
     2  0.1226517185       2.000000000    
     3  0.2015885588       2.000000000    
     4  0.2293555017       2.000000000    
     5  0.5324376529       0.000000000    
     6  0.6554226163       0.000000000    
     7  0.6581563158       0.000000000    
     8  0.7921408994       0.000000000    
     9   1.077921916       0.000000000    
    10   1.109254331       0.000000000    
    11   1.309712882       0.000000000    
    12   1.382706696       0.000000000    
    13   1.629611699       0.000000000    


     8  0.3750000000      0.1250000000       0.000000000     : k-point, vkl
 (state, eigenvalue and occupancy below)
     1 -0.3495161225       2.000000000    
     2 -0.2033109000E-01   2.000000000    
     3  0.1796349814       2.000000000    
     4  0.1901603361       2.000000000    
     5  0.5786561522       0.000000000    
     6  0.6817970591       0.000000000    
     7  0.6894326987       0.000000000    
     8  0.8209711385       0.000000000    
     9   1.113154090       0.000000000    
    10   1.135844183       0.000000000    
    11   1.320517897       0.000000000    
    12   1.343535370       0.000000000    
    13   1.756143320       0.000000000    


     9  0.5000000000      0.1250000000       0.000000000     : k-point, vkl
 (state, eigenvalue and occupancy below)
     1 -0.2671344481       2.000000000    
     2 -0.1438706936       2.000000000    
     3  0.1566203686       2.000000000    
     4  0.1801440721       2.000000000    
     5  0.6026876685       0.000000000    
     6  0.6798714112       0.000000000    
     7  0.6895509334       0.000000000    
     8  0.8829311259       0.000000000    
     9   1.087404296       0.000000000    
    10   1.209161531       0.000000000    
    11   1.313778140       0.000000000    
    12   1.334654825       0.000000000    
    13   1.664793023       0.000000000    


    10  0.6250000000      0.1250000000       0.000000000     : k-point, vkl
 (state, eigenvalue and occupancy below)
     1 -0.2938600423       2.000000000    
     2 -0.1077372138       2.000000000    
     3  0.1417137566       2.000000000    
     4  0.2008963973       2.000000000    
     5  0.6235580207       0.000000000    
     6  0.6558709766       0.000000000    
     7  0.6875068095       0.000000000    
     8  0.8882668549       0.000000000    
     9   1.086362143       0.000000000    
    10   1.194035184       0.000000000    
    11   1.233623703       0.000000000    
    12   1.389408895       0.000000000    
    13   1.729180465       0.000000000    


    11  0.7500000000      0.1250000000       0.000000000     : k-point, vkl
 (state, eigenvalue and occupancy below)
     1 -0.3743659909       2.000000000    
     2  0.2766508906E-01   2.000000000    
     3  0.1500246486       2.000000000    
     4  0.2374130171       2.000000000    
     5  0.6145293520       0.000000000    
     6  0.6343957039       0.000000000    
     7  0.6673585099       0.000000000    
     8  0.8384524415       0.000000000    
     9   1.106364416       0.000000000    
    10   1.108945746       0.000000000    
    11   1.211756336       0.000000000    
    12   1.425679874       0.000000000    
    13   1.732946173       0.000000000    


    12  0.8750000000      0.1250000000       0.000000000     : k-point, vkl
 (state, eigenvalue and occupancy below)
     1 -0.4304142130       2.000000000    
     2  0.1616805232       2.000000000    
     3  0.1899726016       2.000000000    
     4  0.2739975916       2.000000000    
     5  0.5647570598       0.000000000    
     6  0.6105269702       0.000000000    
     7  0.6146920981       0.000000000    
     8  0.8181277114       0.000000000    
     9   1.094700099       0.000000000    
    10   1.119713129       0.000000000    
    11   1.197032710       0.000000000    
    12   1.468068828       0.000000000    
    13   1.489211839       0.000000000    


    13  0.2500000000      0.2500000000       0.000000000     : k-point, vkl
 (state, eigenvalue and occupancy below)
     1 -0.3891628328       2.000000000    
     2  0.1407812758       2.000000000    
     3  0.1586675996       2.000000000    
     4  0.1586763741       2.000000000    
     5  0.4869088801       0.000000000    
     6  0.7063260931       0.000000000    
     7  0.7390322376       0.000000000    
     8  0.7390396367       0.000000000    
     9   1.066839505       0.000000000    
    10   1.147693702       0.000000000    
    11   1.456565222       0.000000000    
    12   1.555042587       0.000000000    
    13   1.555053869       0.000000000    


    14  0.3750000000      0.2500000000       0.000000000     : k-point, vkl
 (state, eigenvalue and occupancy below)
     1 -0.3340051743       2.000000000    
     2  0.3382055286E-01   2.000000000    
     3  0.1191041337       2.000000000    
     4  0.1325196060       2.000000000    
     5  0.5139593528       0.000000000    
     6  0.6734088474       0.000000000    
     7  0.7851440386       0.000000000    
     8  0.7872134165       0.000000000    
     9   1.110528042       0.000000000    
    10   1.156536609       0.000000000    
    11   1.445316662       0.000000000    
    12   1.526577478       0.000000000    
    13   1.715603450       0.000000000    


    15  0.5000000000      0.2500000000       0.000000000     : k-point, vkl
 (state, eigenvalue and occupancy below)
     1 -0.2550942170       2.000000000    
     2 -0.8276077677E-01   2.000000000    
     3  0.6504825183E-01   2.000000000    
     4  0.1328819251       2.000000000    
     5  0.5497355168       0.000000000    
     6  0.7440970598       0.000000000    
     7  0.7863015467       0.000000000    
     8  0.8029274657       0.000000000    
     9   1.076190365       0.000000000    
    10   1.191894044       0.000000000    
    11   1.366713609       0.000000000    
    12   1.493274338       0.000000000    
    13   1.719911114       0.000000000    


    16  0.6250000000      0.2500000000       0.000000000     : k-point, vkl
 (state, eigenvalue and occupancy below)
     1 -0.2311476502       2.000000000    
     2 -0.1096040407       2.000000000    
     3  0.2931234509E-01   2.000000000    
     4  0.1552319351       2.000000000    
     5  0.5780811250       0.000000000    
     6  0.7494849108       0.000000000    
     7  0.7979191532       0.000000000    
     8  0.8611576203       0.000000000    
     9  0.9836819168       0.000000000    
    10   1.214852229       0.000000000    
    11   1.237246955       0.000000000    
    12   1.521923005       0.000000000    
    13   1.832584970       0.000000000    


    17  0.7500000000      0.2500000000       0.000000000     : k-point, vkl
 (state, eigenvalue and occupancy below)
     1 -0.3107815807       2.000000000    
     2 -0.9078986985E-02   2.000000000    
     3  0.3583483327E-01   2.000000000    
     4  0.1964834985       2.000000000    
     5  0.6142408099       0.000000000    
     6  0.6818023797       0.000000000    
     7  0.7661412397       0.000000000    
     8  0.8273719834       0.000000000    
     9   1.052967007       0.000000000    
    10   1.116381750       0.000000000    
    11   1.236818135       0.000000000    
    12   1.573416772       0.000000000    
    13   1.694584279       0.000000000    


    18  0.3750000000      0.3750000000       0.000000000     : k-point, vkl
 (state, eigenvalue and occupancy below)
     1 -0.2892702546       2.000000000    
     2 -0.6044183713E-02   2.000000000    
     3  0.1009740581       2.000000000    
     4  0.1009820373       2.000000000    
     5  0.4782846049       0.000000000    
     6  0.5798037158       0.000000000    
     7  0.8667787521       0.000000000    
     8  0.8667871330       0.000000000    
     9   1.127729659       0.000000000    
    10   1.189156098       0.000000000    
    11   1.599589505       0.000000000    
    12   1.611987032       0.000000000    
    13   1.611996366       0.000000000    


    19  0.5000000000      0.3750000000       0.000000000     : k-point, vkl
 (state, eigenvalue and occupancy below)
     1 -0.2187510752       2.000000000    
     2 -0.8220461152E-01   2.000000000    
     3  0.4591257821E-01   2.000000000    
     4  0.9593415235E-01   2.000000000    
     5  0.5106900946       0.000000000    
     6  0.5862842083       0.000000000    
     7  0.8865445346       0.000000000    
     8  0.8973084253       0.000000000    
     9   1.128577182       0.000000000    
    10   1.183666497       0.000000000    
    11   1.465841426       0.000000000    
    12   1.592610228       0.000000000    
    13   1.760102297       0.000000000    


    20  0.6250000000      0.3750000000       0.000000000     : k-point, vkl
 (state, eigenvalue and occupancy below)
     1 -0.1677464842       2.000000000    
     2 -0.1191874142       2.000000000    
     3 -0.2160236804E-01   2.000000000    
     4  0.1142400240       2.000000000    
     5  0.5373163986       0.000000000    
     6  0.7178432407       0.000000000    
     7  0.8411753475       0.000000000    
     8  0.8871434035       0.000000000    
     9   1.014829460       0.000000000    
    10   1.219304564       0.000000000    
    11   1.308189343       0.000000000    
    12   1.609510452       0.000000000    
    13   1.834706854       0.000000000    


    21  0.5000000000      0.5000000000       0.000000000     : k-point, vkl
 (state, eigenvalue and occupancy below)
     1 -0.1573054724       2.000000000    
     2 -0.1572975404       2.000000000    
     3  0.8394634968E-01   2.000000000    
     4  0.8395396387E-01   2.000000000    
     5  0.5047445523       0.000000000    
     6  0.5047524819       0.000000000    
     7  0.9313910003       0.000000000    
     8  0.9313993923       0.000000000    
     9   1.180233056       0.000000000    
    10   1.180234857       0.000000000    
    11   1.560079376       0.000000000    
    12   1.560088978       0.000000000    
    13   1.809280822       0.000000000    


    22  0.3750000000      0.2500000000      0.1250000000     : k-point, vkl
 (state, eigenvalue and occupancy below)
     1 -0.3692152348       2.000000000    
     2  0.7005071120E-01   2.000000000    
     3  0.1106805372       2.000000000    
     4  0.2004342363       2.000000000    
     5  0.5605335978       0.000000000    
     6  0.6842698047       0.000000000    
     7  0.7371040843       0.000000000    
     8  0.7567099300       0.000000000    
     9   1.091976886       0.000000000    
    10   1.125037965       0.000000000    
    11   1.294681140       0.000000000    
    12   1.575523570       0.000000000    
    13   1.591910797       0.000000000    


    23  0.5000000000      0.2500000000      0.1250000000     : k-point, vkl
 (state, eigenvalue and occupancy below)
     1 -0.2964202743       2.000000000    
     2 -0.4792346299E-01   2.000000000    
     3  0.8102495613E-01   2.000000000    
     4  0.1608298765       2.000000000    
     5  0.6147375546       0.000000000    
     6  0.6742626251       0.000000000    
     7  0.7704089577       0.000000000    
     8  0.8094268768       0.000000000    
     9   1.073940581       0.000000000    
    10   1.154294975       0.000000000    
    11   1.305481780       0.000000000    
    12   1.495293246       0.000000000    
    13   1.754500641       0.000000000    


    24  0.6250000000      0.2500000000      0.1250000000     : k-point, vkl
 (state, eigenvalue and occupancy below)
     1 -0.2297847394       2.000000000    
     2 -0.1369265532       2.000000000    
     3  0.7861241160E-01   2.000000000    
     4  0.1389703215       2.000000000    
     5  0.6306017404       0.000000000    
     6  0.6641932492       0.000000000    
     7  0.7885633893       0.000000000    
     8  0.8627207041       0.000000000    
     9   1.009827640       0.000000000    
    10   1.203811867       0.000000000    
    11   1.315329681       0.000000000    
    12   1.428490844       0.000000000    
    13   1.774524564       0.000000000    


    25  0.5000000000      0.3750000000      0.1250000000     : k-point, vkl
 (state, eigenvalue and occupancy below)
     1 -0.2711150689       2.000000000    
     2 -0.2244624156E-01   2.000000000    
     3  0.5747983527E-01   2.000000000    
     4  0.9625863243E-01   2.000000000    
     5  0.5555296927       0.000000000    
     6  0.6464723500       0.000000000    
     7  0.7919702011       0.000000000    
     8  0.8667242443       0.000000000    
     9   1.126661638       0.000000000    
    10   1.142361069       0.000000000    
    11   1.435510203       0.000000000    
    12   1.567741618       0.000000000    
    13   1.767970514       0.000000000    


    26  0.6250000000      0.3750000000      0.1250000000     : k-point, vkl
 (state, eigenvalue and occupancy below)
     1 -0.1937205917       2.000000000    
     2 -0.9894183646E-01   2.000000000    
     3  0.7860047628E-02   2.000000000    
     4  0.8121062773E-01   2.000000000    
     5  0.6021409933       0.000000000    
     6  0.7254990910       0.000000000    
     7  0.7746755216       0.000000000    
     8  0.8596877624       0.000000000    
     9   1.041760385       0.000000000    
    10   1.174794309       0.000000000    
    11   1.383284640       0.000000000    
    12   1.533386385       0.000000000    
    13   1.864121585       0.000000000    


    27  0.7500000000      0.3750000000      0.1250000000     : k-point, vkl
 (state, eigenvalue and occupancy below)
     1 -0.2217743392       2.000000000    
     2 -0.7176342721E-01   2.000000000    
     3 -0.7286169237E-02   2.000000000    
     4  0.1114124726       2.000000000    
     5  0.6322574632       0.000000000    
     6  0.7137457745       0.000000000    
     7  0.7981790629       0.000000000    
     8  0.8445083507       0.000000000    
     9  0.9978531068       0.000000000    
    10   1.170766782       0.000000000    
    11   1.318391496       0.000000000    
    12   1.562033961       0.000000000    
    13   1.821064797       0.000000000    


    28  0.6250000000      0.5000000000      0.1250000000     : k-point, vkl
 (state, eigenvalue and occupancy below)
     1 -0.1458619575       2.000000000    
     2 -0.1458530498       2.000000000    
     3  0.4677455913E-01   2.000000000    
     4  0.4678463542E-01   2.000000000    
     5  0.5794816871       0.000000000    
     6  0.5794900891       0.000000000    
     7  0.8839547874       0.000000000    
     8  0.8839627207       0.000000000    
     9   1.138774959       0.000000000    
    10   1.138777850       0.000000000    
    11   1.499558373       0.000000000    
    12   1.499564909       0.000000000    
    13   1.928748214       0.000000000    


    29  0.7500000000      0.5000000000      0.2500000000     : k-point, vkl
 (state, eigenvalue and occupancy below)
     1 -0.1312937713       2.000000000    
     2 -0.1312847836       2.000000000    
     3  0.1290480839E-01   2.000000000    
     4  0.1291600145E-01   2.000000000    
     5  0.7162957448       0.000000000    
     6  0.7163001560       0.000000000    
     7  0.7656777931       0.000000000    
     8  0.7656811645       0.000000000    
     9   1.107669078       0.000000000    
    10   1.107672436       0.000000000    
    11   1.472436854       0.000000000    
    12   1.472442258       0.000000000    
    13   1.983614318       0.000000000    

