
     Program MATDYN v.7.4.1 starts on  9Aug2026 at 15:42:17 

     This program is part of the open-source Quantum ESPRESSO suite
     for quantum simulation of materials; please cite
         "P. Giannozzi et al., J. Phys.:Condens. Matter 21 395502 (2009);
         "P. Giannozzi et al., J. Phys.:Condens. Matter 29 465901 (2017);
         "P. Giannozzi et al., J. Chem. Phys. 152 154105 (2020);
          URL http://www.quantum-espresso.org", 
     in publications or presentations arising from this work. More details at
     http://www.quantum-espresso.org/quote

     Parallel version (MPI), running on    28 processors

     MPI processes distributed on     1 nodes
     R & G space division:  proc/nbgrp/npool/nimage =      28
     88072 MiB available memory on the printing compute node when the environment starts
 
 mass for atomic type   1 not given; uses mass from file diamond.fc                                                                                                                                                                                                                                                      
 Norm of the difference between old and new effective charges:    0.00000000000000000000

 Norm of the difference between old and new force-constants:   0.00034799268638793855

 
     MATDYN       :     57.80s CPU     58.12s WALL

 
   This run was terminated on:  15:43:15   9Aug2026            

=------------------------------------------------------------------------------=
   JOB DONE.
=------------------------------------------------------------------------------=
