    29 : nkpt
    13 : nstsv

     1   0.000000000       0.000000000       0.000000000     : k-point, vkl
 (state, eigenvalue and occupancy below)
     1  -230849.0121       0.000000000    
     2  -219243.9841       0.000000000    
     3  -141391.9438       0.000000000    
     4  -124096.6806       0.000000000    
     5  -115535.8056       0.000000000    
     6  -80919.04570       0.000000000    
     7  -30008.99132       0.000000000    
     8  -25494.02800       0.000000000    
     9  -22797.16719       0.000000000    
    10  -16453.89099       0.000000000    
    11  -16337.51044       0.000000000    
    12  -11898.69249       0.000000000    
    13  -10667.21544       0.000000000    


     2  0.1250000000       0.000000000       0.000000000     : k-point, vkl
 (state, eigenvalue and occupancy below)
     1  -177013.7581       0.000000000    
     2  -175670.2848       0.000000000    
     3  -157240.9634       0.000000000    
     4  -133679.9557       0.000000000    
     5  -105378.1527       0.000000000    
     6  -92299.14680       0.000000000    
     7  -22921.54047       0.000000000    
     8  -21198.92185       0.000000000    
     9  -18507.04774       0.000000000    
    10  -16294.94731       0.000000000    
    11  -16230.84471       0.000000000    
    12  -13204.19364       0.000000000    
    13  -12110.73743       0.000000000    


     3  0.2500000000       0.000000000       0.000000000     : k-point, vkl
 (state, eigenvalue and occupancy below)
     1  -181226.7765       0.000000000    
     2  -156444.8859       0.000000000    
     3  -148305.7861       0.000000000    
     4  -143978.1673       0.000000000    
     5  -105533.6785       0.000000000    
     6  -97898.13381       0.000000000    
     7  -22722.16413       0.000000000    
     8  -21346.70857       0.000000000    
     9  -18344.17584       0.000000000    
    10  -16005.18793       0.000000000    
    11  -15555.10988       0.000000000    
    12  -14591.06447       0.000000000    
    13  -11902.31441       0.000000000    


     4  0.3750000000       0.000000000       0.000000000     : k-point, vkl
 (state, eigenvalue and occupancy below)
     1  -190197.8626       0.000000000    
     2  -161496.1375       0.000000000    
     3  -150782.1226       0.000000000    
     4  -142205.4368       0.000000000    
     5  -101273.0920       0.000000000    
     6  -97276.97438       0.000000000    
     7  -22272.57064       0.000000000    
     8  -21468.13548       0.000000000    
     9  -18519.44140       0.000000000    
    10  -17096.52169       0.000000000    
    11  -15620.79163       0.000000000    
    12  -14299.42602       0.000000000    
    13  -11660.69451       0.000000000    


     5  0.5000000000       0.000000000       0.000000000     : k-point, vkl
 (state, eigenvalue and occupancy below)
     1  -151859.0530       0.000000000    
     2  -147589.1663       0.000000000    
     3  -145189.5101       0.000000000    
     4  -130344.4867       0.000000000    
     5  -101081.4344       0.000000000    
     6  -89698.65767       0.000000000    
     7  -20640.14671       0.000000000    
     8  -19332.86296       0.000000000    
     9  -15782.63864       0.000000000    
    10  -15239.91042       0.000000000    
    11  -14580.76127       0.000000000    
    12  -13273.29014       0.000000000    
    13  -10398.06448       0.000000000    


     6  0.1250000000      0.1250000000       0.000000000     : k-point, vkl
 (state, eigenvalue and occupancy below)
     1  -183040.2514       0.000000000    
     2  -167574.3827       0.000000000    
     3  -155911.1146       0.000000000    
     4  -131033.4469       0.000000000    
     5  -113359.3258       0.000000000    
     6  -90080.52653       0.000000000    
     7  -24254.43043       0.000000000    
     8  -20918.76608       0.000000000    
     9  -19888.21399       0.000000000    
    10  -18475.41318       0.000000000    
    11  -15777.85209       0.000000000    
    12  -13170.94528       0.000000000    
    13  -13119.46510       0.000000000    


     7  0.2500000000      0.1250000000       0.000000000     : k-point, vkl
 (state, eigenvalue and occupancy below)
     1  -168276.6914       0.000000000    
     2  -160001.2026       0.000000000    
     3  -147156.4978       0.000000000    
     4  -135529.2231       0.000000000    
     5  -104824.5711       0.000000000    
     6  -92912.15347       0.000000000    
     7  -22916.72039       0.000000000    
     8  -20354.99687       0.000000000    
     9  -17122.42979       0.000000000    
    10  -16142.56556       0.000000000    
    11  -15471.12308       0.000000000    
    12  -13530.72586       0.000000000    
    13  -11669.52592       0.000000000    


     8  0.3750000000      0.1250000000       0.000000000     : k-point, vkl
 (state, eigenvalue and occupancy below)
     1  -186741.9936       0.000000000    
     2  -168984.2682       0.000000000    
     3  -152293.7989       0.000000000    
     4  -139970.1847       0.000000000    
     5  -102819.8139       0.000000000    
     6  -95251.29762       0.000000000    
     7  -22256.12069       0.000000000    
     8  -21515.15073       0.000000000    
     9  -17807.76136       0.000000000    
    10  -17011.67591       0.000000000    
    11  -15861.72264       0.000000000    
    12  -13651.36521       0.000000000    
    13  -11498.93229       0.000000000    


     9  0.5000000000      0.1250000000       0.000000000     : k-point, vkl
 (state, eigenvalue and occupancy below)
     1  -176602.9129       0.000000000    
     2  -147711.1312       0.000000000    
     3  -140366.6963       0.000000000    
     4  -134871.7289       0.000000000    
     5  -97246.95823       0.000000000    
     6  -91906.42198       0.000000000    
     7  -20744.72726       0.000000000    
     8  -20333.72341       0.000000000    
     9  -16381.37824       0.000000000    
    10  -15538.13872       0.000000000    
    11  -14923.38559       0.000000000    
    12  -13788.77158       0.000000000    
    13  -10937.80169       0.000000000    


    10  0.6250000000      0.1250000000       0.000000000     : k-point, vkl
 (state, eigenvalue and occupancy below)
     1  -165126.0868       0.000000000    
     2  -145170.9276       0.000000000    
     3  -142155.9970       0.000000000    
     4  -136837.0612       0.000000000    
     5  -99976.93463       0.000000000    
     6  -95083.99606       0.000000000    
     7  -21081.06738       0.000000000    
     8  -20488.74992       0.000000000    
     9  -18047.43994       0.000000000    
    10  -15871.41484       0.000000000    
    11  -14427.57777       0.000000000    
    12  -13837.76286       0.000000000    
    13  -10775.71193       0.000000000    


    11  0.7500000000      0.1250000000       0.000000000     : k-point, vkl
 (state, eigenvalue and occupancy below)
     1  -185003.7330       0.000000000    
     2  -166910.1088       0.000000000    
     3  -144597.6139       0.000000000    
     4  -136752.3500       0.000000000    
     5  -103464.6036       0.000000000    
     6  -96413.44857       0.000000000    
     7  -23326.88023       0.000000000    
     8  -21198.20946       0.000000000    
     9  -17730.51930       0.000000000    
    10  -16341.19617       0.000000000    
    11  -15512.74640       0.000000000    
    12  -13774.24765       0.000000000    
    13  -11881.34527       0.000000000    


    12  0.8750000000      0.1250000000       0.000000000     : k-point, vkl
 (state, eigenvalue and occupancy below)
     1  -157402.4893       0.000000000    
     2  -151250.4125       0.000000000    
     3  -145863.0703       0.000000000    
     4  -136896.6575       0.000000000    
     5  -104215.3581       0.000000000    
     6  -95556.66625       0.000000000    
     7  -21583.95831       0.000000000    
     8  -20602.01376       0.000000000    
     9  -16561.60842       0.000000000    
    10  -15432.45391       0.000000000    
    11  -14659.77059       0.000000000    
    12  -13772.45158       0.000000000    
    13  -11054.72145       0.000000000    


    13  0.2500000000      0.2500000000       0.000000000     : k-point, vkl
 (state, eigenvalue and occupancy below)
     1  -166708.7883       0.000000000    
     2  -158087.4165       0.000000000    
     3  -138512.0274       0.000000000    
     4  -132423.8112       0.000000000    
     5  -102727.1537       0.000000000    
     6  -89585.58267       0.000000000    
     7  -21562.40675       0.000000000    
     8  -20185.46954       0.000000000    
     9  -17100.79545       0.000000000    
    10  -16503.82785       0.000000000    
    11  -14471.49149       0.000000000    
    12  -13386.30257       0.000000000    
    13  -10761.08634       0.000000000    


    14  0.3750000000      0.2500000000       0.000000000     : k-point, vkl
 (state, eigenvalue and occupancy below)
     1  -165690.8996       0.000000000    
     2  -155397.4605       0.000000000    
     3  -137318.4453       0.000000000    
     4  -133076.7014       0.000000000    
     5  -96296.76678       0.000000000    
     6  -91343.99299       0.000000000    
     7  -19466.85449       0.000000000    
     8  -19191.44719       0.000000000    
     9  -16376.93709       0.000000000    
    10  -15877.68682       0.000000000    
    11  -14269.07647       0.000000000    
    12  -13276.34402       0.000000000    
    13  -10275.82872       0.000000000    


    15  0.5000000000      0.2500000000       0.000000000     : k-point, vkl
 (state, eigenvalue and occupancy below)
     1  -181310.4206       0.000000000    
     2  -154378.2204       0.000000000    
     3  -150621.8200       0.000000000    
     4  -134283.3566       0.000000000    
     5  -101320.9981       0.000000000    
     6  -91127.37309       0.000000000    
     7  -22444.29948       0.000000000    
     8  -20688.99258       0.000000000    
     9  -16781.43631       0.000000000    
    10  -16112.83466       0.000000000    
    11  -15335.00661       0.000000000    
    12  -13158.91748       0.000000000    
    13  -11607.69634       0.000000000    


    16  0.6250000000      0.2500000000       0.000000000     : k-point, vkl
 (state, eigenvalue and occupancy below)
     1  -182404.1301       0.000000000    
     2  -154131.0762       0.000000000    
     3  -146861.0454       0.000000000    
     4  -139652.5285       0.000000000    
     5  -98172.13763       0.000000000    
     6  -91648.70640       0.000000000    
     7  -21186.14009       0.000000000    
     8  -20680.39764       0.000000000    
     9  -17065.86703       0.000000000    
    10  -16220.52390       0.000000000    
    11  -14264.11782       0.000000000    
    12  -13863.30272       0.000000000    
    13  -11039.16457       0.000000000    


    17  0.7500000000      0.2500000000       0.000000000     : k-point, vkl
 (state, eigenvalue and occupancy below)
     1  -165331.3421       0.000000000    
     2  -154107.1942       0.000000000    
     3  -148468.4149       0.000000000    
     4  -138417.9638       0.000000000    
     5  -102446.3781       0.000000000    
     6  -96019.00235       0.000000000    
     7  -21387.07892       0.000000000    
     8  -20576.94744       0.000000000    
     9  -17685.78664       0.000000000    
    10  -16410.73974       0.000000000    
    11  -15676.15965       0.000000000    
    12  -14154.93714       0.000000000    
    13  -11165.98935       0.000000000    


    18  0.3750000000      0.3750000000       0.000000000     : k-point, vkl
 (state, eigenvalue and occupancy below)
     1  -177781.6739       0.000000000    
     2  -161579.3000       0.000000000    
     3  -160054.7289       0.000000000    
     4  -152426.7533       0.000000000    
     5  -111401.5886       0.000000000    
     6  -102413.4308       0.000000000    
     7  -23677.21324       0.000000000    
     8  -21601.99079       0.000000000    
     9  -17756.66653       0.000000000    
    10  -16782.99563       0.000000000    
    11  -15821.36606       0.000000000    
    12  -14809.06911       0.000000000    
    13  -12100.41515       0.000000000    


    19  0.5000000000      0.3750000000       0.000000000     : k-point, vkl
 (state, eigenvalue and occupancy below)
     1  -177564.3556       0.000000000    
     2  -160426.8751       0.000000000    
     3  -153116.6394       0.000000000    
     4  -144923.6695       0.000000000    
     5  -100371.7464       0.000000000    
     6  -95927.18526       0.000000000    
     7  -21709.08127       0.000000000    
     8  -20863.99372       0.000000000    
     9  -17869.39071       0.000000000    
    10  -16488.47585       0.000000000    
    11  -14877.40306       0.000000000    
    12  -14136.53761       0.000000000    
    13  -10676.78604       0.000000000    


    20  0.6250000000      0.3750000000       0.000000000     : k-point, vkl
 (state, eigenvalue and occupancy below)
     1  -170583.0553       0.000000000    
     2  -156920.7665       0.000000000    
     3  -147572.1497       0.000000000    
     4  -139227.9101       0.000000000    
     5  -95266.45290       0.000000000    
     6  -86449.17244       0.000000000    
     7  -20256.64488       0.000000000    
     8  -19917.32662       0.000000000    
     9  -16963.33303       0.000000000    
    10  -15665.71896       0.000000000    
    11  -14485.94029       0.000000000    
    12  -13154.07969       0.000000000    
    13  -10983.40233       0.000000000    


    21  0.5000000000      0.5000000000       0.000000000     : k-point, vkl
 (state, eigenvalue and occupancy below)
     1  -169661.9053       0.000000000    
     2  -165391.9185       0.000000000    
     3  -157769.4130       0.000000000    
     4  -157455.1832       0.000000000    
     5  -107266.3757       0.000000000    
     6  -102728.3167       0.000000000    
     7  -24164.52786       0.000000000    
     8  -23689.15246       0.000000000    
     9  -20468.97185       0.000000000    
    10  -18600.48471       0.000000000    
    11  -15941.69154       0.000000000    
    12  -15593.17483       0.000000000    
    13  -11798.68109       0.000000000    


    22  0.3750000000      0.2500000000      0.1250000000     : k-point, vkl
 (state, eigenvalue and occupancy below)
     1  -170557.9007       0.000000000    
     2  -158951.3913       0.000000000    
     3  -141579.8808       0.000000000    
     4  -141137.6871       0.000000000    
     5  -102695.9921       0.000000000    
     6  -97658.50210       0.000000000    
     7  -22776.09433       0.000000000    
     8  -20184.90812       0.000000000    
     9  -17373.43910       0.000000000    
    10  -16558.69082       0.000000000    
    11  -14916.31519       0.000000000    
    12  -14134.04591       0.000000000    
    13  -10743.98947       0.000000000    


    23  0.5000000000      0.2500000000      0.1250000000     : k-point, vkl
 (state, eigenvalue and occupancy below)
     1  -166970.3005       0.000000000    
     2  -152669.5538       0.000000000    
     3  -149197.7396       0.000000000    
     4  -131950.9997       0.000000000    
     5  -102868.2019       0.000000000    
     6  -94849.26293       0.000000000    
     7  -21195.70319       0.000000000    
     8  -19464.32954       0.000000000    
     9  -17155.92587       0.000000000    
    10  -16073.92926       0.000000000    
    11  -15477.87518       0.000000000    
    12  -14091.61607       0.000000000    
    13  -11156.57095       0.000000000    


    24  0.6250000000      0.2500000000      0.1250000000     : k-point, vkl
 (state, eigenvalue and occupancy below)
     1  -173500.5437       0.000000000    
     2  -149405.1234       0.000000000    
     3  -144559.4660       0.000000000    
     4  -139918.5176       0.000000000    
     5  -101446.6655       0.000000000    
     6  -94459.60352       0.000000000    
     7  -22216.97081       0.000000000    
     8  -20792.69656       0.000000000    
     9  -17708.16677       0.000000000    
    10  -16551.89023       0.000000000    
    11  -15731.94363       0.000000000    
    12  -14078.70978       0.000000000    
    13  -11222.11567       0.000000000    


    25  0.5000000000      0.3750000000      0.1250000000     : k-point, vkl
 (state, eigenvalue and occupancy below)
     1  -179447.4426       0.000000000    
     2  -171942.3098       0.000000000    
     3  -166438.2136       0.000000000    
     4  -149302.1673       0.000000000    
     5  -113130.8494       0.000000000    
     6  -104970.9450       0.000000000    
     7  -23273.18809       0.000000000    
     8  -22410.55585       0.000000000    
     9  -19013.34863       0.000000000    
    10  -18308.37806       0.000000000    
    11  -16400.29155       0.000000000    
    12  -15203.70064       0.000000000    
    13  -11666.37882       0.000000000    


    26  0.6250000000      0.3750000000      0.1250000000     : k-point, vkl
 (state, eigenvalue and occupancy below)
     1  -182099.2558       0.000000000    
     2  -158114.0007       0.000000000    
     3  -149254.4252       0.000000000    
     4  -146768.3885       0.000000000    
     5  -102603.5454       0.000000000    
     6  -96276.39343       0.000000000    
     7  -22110.74599       0.000000000    
     8  -20681.13518       0.000000000    
     9  -17570.81133       0.000000000    
    10  -16694.16370       0.000000000    
    11  -15291.11920       0.000000000    
    12  -14799.09915       0.000000000    
    13  -11358.24236       0.000000000    


    27  0.7500000000      0.3750000000      0.1250000000     : k-point, vkl
 (state, eigenvalue and occupancy below)
     1  -167997.8122       0.000000000    
     2  -159187.7133       0.000000000    
     3  -151529.4807       0.000000000    
     4  -140277.5527       0.000000000    
     5  -97660.08028       0.000000000    
     6  -94934.21541       0.000000000    
     7  -20886.82724       0.000000000    
     8  -20700.57580       0.000000000    
     9  -16724.77167       0.000000000    
    10  -16468.73005       0.000000000    
    11  -15439.90643       0.000000000    
    12  -14336.94659       0.000000000    
    13  -11164.19607       0.000000000    


    28  0.6250000000      0.5000000000      0.1250000000     : k-point, vkl
 (state, eigenvalue and occupancy below)
     1  -174241.3061       0.000000000    
     2  -167078.8175       0.000000000    
     3  -151167.5812       0.000000000    
     4  -140554.7263       0.000000000    
     5  -110387.0867       0.000000000    
     6  -96845.52794       0.000000000    
     7  -21977.76889       0.000000000    
     8  -20761.11802       0.000000000    
     9  -17486.69493       0.000000000    
    10  -16567.58488       0.000000000    
    11  -15563.20994       0.000000000    
    12  -14310.78205       0.000000000    
    13  -11467.39864       0.000000000    


    29  0.7500000000      0.5000000000      0.2500000000     : k-point, vkl
 (state, eigenvalue and occupancy below)
     1  -182333.5528       0.000000000    
     2  -173847.8666       0.000000000    
     3  -168266.4902       0.000000000    
     4  -161679.1676       0.000000000    
     5  -113956.5660       0.000000000    
     6  -110420.5404       0.000000000    
     7  -22549.04590       0.000000000    
     8  -22266.63684       0.000000000    
     9  -19157.07107       0.000000000    
    10  -18458.30999       0.000000000    
    11  -17426.38407       0.000000000    
    12  -16365.15373       0.000000000    
    13  -12705.17574       0.000000000    

