   104 : nkpt
    13 : nstsv

     1   0.000000000       0.000000000       0.000000000     : k-point, vkl
 (state, eigenvalue and occupancy below)
     1  -313251.7197       0.000000000    
     2  -281791.2599       0.000000000    
     3  -7535.236419       0.000000000    
     4  -7535.236032       0.000000000    
     5  -6307.915430       0.000000000    
     6  -6307.915206       0.000000000    
     7  -2835.914572       0.000000000    
     8  -2027.980841       0.000000000    
     9  -1937.683162       0.000000000    
    10  -1937.683147       0.000000000    
    11  -1470.376401       0.000000000    
    12  -1470.376388       0.000000000    
    13  -459.2169884       0.000000000    


     2  0.7142857143E-01   0.000000000       0.000000000     : k-point, vkl
 (state, eigenvalue and occupancy below)
     1  -331785.6588       0.000000000    
     2  -299364.0579       0.000000000    
     3  -7926.283806       0.000000000    
     4  -7836.184608       0.000000000    
     5  -7009.205243       0.000000000    
     6  -6667.108904       0.000000000    
     7  -2857.033126       0.000000000    
     8  -2172.493070       0.000000000    
     9  -2084.147263       0.000000000    
    10  -1973.508070       0.000000000    
    11  -1622.354944       0.000000000    
    12  -1562.228471       0.000000000    
    13  -462.9050429       0.000000000    


     3  0.1428571429       0.000000000       0.000000000     : k-point, vkl
 (state, eigenvalue and occupancy below)
     1  -318643.3405       0.000000000    
     2  -308248.4119       0.000000000    
     3  -7720.376912       0.000000000    
     4  -7623.201675       0.000000000    
     5  -7062.231757       0.000000000    
     6  -6877.690476       0.000000000    
     7  -2890.334364       0.000000000    
     8  -2597.436789       0.000000000    
     9  -2028.303668       0.000000000    
    10  -1993.259103       0.000000000    
    11  -1820.575854       0.000000000    
    12  -1722.462373       0.000000000    
    13  -484.3848988       0.000000000    


     4  0.2142857143       0.000000000       0.000000000     : k-point, vkl
 (state, eigenvalue and occupancy below)
     1  -297078.5278       0.000000000    
     2  -290177.5855       0.000000000    
     3  -7680.099752       0.000000000    
     4  -7395.139908       0.000000000    
     5  -6530.089450       0.000000000    
     6  -6510.182663       0.000000000    
     7  -2764.332593       0.000000000    
     8  -2442.819951       0.000000000    
     9  -2020.890104       0.000000000    
    10  -1978.298175       0.000000000    
    11  -1655.916764       0.000000000    
    12  -1647.865174       0.000000000    
    13  -494.9084704       0.000000000    


     5  0.2857142857       0.000000000       0.000000000     : k-point, vkl
 (state, eigenvalue and occupancy below)
     1  -305923.4951       0.000000000    
     2  -295320.9844       0.000000000    
     3  -8285.174241       0.000000000    
     4  -7644.330881       0.000000000    
     5  -6973.800701       0.000000000    
     6  -6805.181852       0.000000000    
     7  -2571.111416       0.000000000    
     8  -2327.631251       0.000000000    
     9  -1899.106235       0.000000000    
    10  -1850.536036       0.000000000    
    11  -1636.533982       0.000000000    
    12  -1587.562237       0.000000000    
    13  -552.9100289       0.000000000    


     6  0.3571428571       0.000000000       0.000000000     : k-point, vkl
 (state, eigenvalue and occupancy below)
     1  -335157.9231       0.000000000    
     2  -331314.9363       0.000000000    
     3  -8848.837852       0.000000000    
     4  -8480.216093       0.000000000    
     5  -7629.379076       0.000000000    
     6  -7347.845129       0.000000000    
     7  -3104.284646       0.000000000    
     8  -2545.412596       0.000000000    
     9  -2174.059261       0.000000000    
    10  -2120.672439       0.000000000    
    11  -1932.939033       0.000000000    
    12  -1723.298391       0.000000000    
    13  -640.0851240       0.000000000    


     7  0.4285714286       0.000000000       0.000000000     : k-point, vkl
 (state, eigenvalue and occupancy below)
     1  -295099.1606       0.000000000    
     2  -290698.9900       0.000000000    
     3  -8022.413997       0.000000000    
     4  -7648.986857       0.000000000    
     5  -6717.195475       0.000000000    
     6  -6620.704939       0.000000000    
     7  -2707.545657       0.000000000    
     8  -2359.816514       0.000000000    
     9  -2055.711201       0.000000000    
    10  -1859.623749       0.000000000    
    11  -1698.359602       0.000000000    
    12  -1530.754199       0.000000000    
    13  -521.7920446       0.000000000    


     8  0.5000000000       0.000000000       0.000000000     : k-point, vkl
 (state, eigenvalue and occupancy below)
     1  -315084.3649       0.000000000    
     2  -294707.7325       0.000000000    
     3  -8872.940689       0.000000000    
     4  -6935.428625       0.000000000    
     5  -6672.362411       0.000000000    
     6  -6408.822640       0.000000000    
     7  -2976.804807       0.000000000    
     8  -2426.242580       0.000000000    
     9  -1999.719670       0.000000000    
    10  -1967.719278       0.000000000    
    11  -1801.018744       0.000000000    
    12  -1514.133571       0.000000000    
    13  -499.8577049       0.000000000    


     9  0.7142857143E-01  0.7142857143E-01   0.000000000     : k-point, vkl
 (state, eigenvalue and occupancy below)
     1  -345322.2517       0.000000000    
     2  -298353.5680       0.000000000    
     3  -7963.195210       0.000000000    
     4  -7841.167057       0.000000000    
     5  -6835.572757       0.000000000    
     6  -6551.451575       0.000000000    
     7  -3001.499506       0.000000000    
     8  -2459.194264       0.000000000    
     9  -2150.593341       0.000000000    
    10  -2097.392315       0.000000000    
    11  -1750.353049       0.000000000    
    12  -1699.117428       0.000000000    
    13  -466.3951057       0.000000000    


    10  0.1428571429      0.7142857143E-01   0.000000000     : k-point, vkl
 (state, eigenvalue and occupancy below)
     1  -330271.3684       0.000000000    
     2  -309925.8268       0.000000000    
     3  -8696.407471       0.000000000    
     4  -7808.228869       0.000000000    
     5  -7244.262774       0.000000000    
     6  -6824.823108       0.000000000    
     7  -2887.515001       0.000000000    
     8  -2473.246275       0.000000000    
     9  -2068.330412       0.000000000    
    10  -2008.274015       0.000000000    
    11  -1849.976699       0.000000000    
    12  -1683.184371       0.000000000    
    13  -518.4803259       0.000000000    


    11  0.2142857143      0.7142857143E-01   0.000000000     : k-point, vkl
 (state, eigenvalue and occupancy below)
     1  -323166.4059       0.000000000    
     2  -307329.6231       0.000000000    
     3  -8221.992779       0.000000000    
     4  -7404.083518       0.000000000    
     5  -6923.129926       0.000000000    
     6  -6862.241386       0.000000000    
     7  -2861.751313       0.000000000    
     8  -2622.684457       0.000000000    
     9  -1989.217672       0.000000000    
    10  -1940.201764       0.000000000    
    11  -1835.070835       0.000000000    
    12  -1609.194474       0.000000000    
    13  -503.0543660       0.000000000    


    12  0.2857142857      0.7142857143E-01   0.000000000     : k-point, vkl
 (state, eigenvalue and occupancy below)
     1  -310602.9786       0.000000000    
     2  -300244.7080       0.000000000    
     3  -8125.023714       0.000000000    
     4  -7617.249855       0.000000000    
     5  -6984.451435       0.000000000    
     6  -6775.635100       0.000000000    
     7  -2687.536643       0.000000000    
     8  -2480.047594       0.000000000    
     9  -1996.609742       0.000000000    
    10  -1880.051966       0.000000000    
    11  -1734.155975       0.000000000    
    12  -1558.479636       0.000000000    
    13  -534.1392249       0.000000000    


    13  0.3571428571      0.7142857143E-01   0.000000000     : k-point, vkl
 (state, eigenvalue and occupancy below)
     1  -310881.6264       0.000000000    
     2  -298715.8381       0.000000000    
     3  -8238.352567       0.000000000    
     4  -7317.721329       0.000000000    
     5  -7181.345241       0.000000000    
     6  -7031.859570       0.000000000    
     7  -2885.527491       0.000000000    
     8  -2455.210295       0.000000000    
     9  -1993.266152       0.000000000    
    10  -1939.400916       0.000000000    
    11  -1792.876070       0.000000000    
    12  -1595.498138       0.000000000    
    13  -537.3026749       0.000000000    


    14  0.4285714286      0.7142857143E-01   0.000000000     : k-point, vkl
 (state, eigenvalue and occupancy below)
     1  -311816.2351       0.000000000    
     2  -293123.4350       0.000000000    
     3  -8390.889023       0.000000000    
     4  -7774.785504       0.000000000    
     5  -7296.031434       0.000000000    
     6  -6407.244079       0.000000000    
     7  -2724.228033       0.000000000    
     8  -2327.861350       0.000000000    
     9  -1932.541067       0.000000000    
    10  -1871.136237       0.000000000    
    11  -1839.402720       0.000000000    
    12  -1542.796702       0.000000000    
    13  -531.0308534       0.000000000    


    15  0.5000000000      0.7142857143E-01   0.000000000     : k-point, vkl
 (state, eigenvalue and occupancy below)
     1  -298011.4841       0.000000000    
     2  -295730.4020       0.000000000    
     3  -7866.361381       0.000000000    
     4  -7394.046747       0.000000000    
     5  -6777.715509       0.000000000    
     6  -6475.410389       0.000000000    
     7  -2694.841709       0.000000000    
     8  -2451.465603       0.000000000    
     9  -1826.041572       0.000000000    
    10  -1817.485943       0.000000000    
    11  -1678.006431       0.000000000    
    12  -1515.708471       0.000000000    
    13  -443.0477778       0.000000000    


    16  0.5714285714      0.7142857143E-01   0.000000000     : k-point, vkl
 (state, eigenvalue and occupancy below)
     1  -302645.3270       0.000000000    
     2  -286369.7681       0.000000000    
     3  -7792.702963       0.000000000    
     4  -7319.426372       0.000000000    
     5  -6483.385500       0.000000000    
     6  -6223.258229       0.000000000    
     7  -2593.181498       0.000000000    
     8  -2519.688172       0.000000000    
     9  -1932.184815       0.000000000    
    10  -1733.789352       0.000000000    
    11  -1687.990088       0.000000000    
    12  -1630.490611       0.000000000    
    13  -422.7298925       0.000000000    


    17  0.6428571429      0.7142857143E-01   0.000000000     : k-point, vkl
 (state, eigenvalue and occupancy below)
     1  -319030.3873       0.000000000    
     2  -294442.9730       0.000000000    
     3  -8346.505726       0.000000000    
     4  -7650.032244       0.000000000    
     5  -7190.544449       0.000000000    
     6  -6782.530305       0.000000000    
     7  -2842.244624       0.000000000    
     8  -2476.837048       0.000000000    
     9  -2022.776044       0.000000000    
    10  -1904.746033       0.000000000    
    11  -1818.507789       0.000000000    
    12  -1668.865646       0.000000000    
    13  -520.7906703       0.000000000    


    18  0.7142857143      0.7142857143E-01   0.000000000     : k-point, vkl
 (state, eigenvalue and occupancy below)
     1  -313416.9987       0.000000000    
     2  -291335.0422       0.000000000    
     3  -8152.411067       0.000000000    
     4  -8046.581885       0.000000000    
     5  -7332.915853       0.000000000    
     6  -6779.629651       0.000000000    
     7  -2795.011971       0.000000000    
     8  -2331.188748       0.000000000    
     9  -2060.353064       0.000000000    
    10  -1943.272888       0.000000000    
    11  -1898.003155       0.000000000    
    12  -1653.183134       0.000000000    
    13  -564.2498899       0.000000000    


    19  0.7857142857      0.7142857143E-01   0.000000000     : k-point, vkl
 (state, eigenvalue and occupancy below)
     1  -317006.3591       0.000000000    
     2  -293481.4892       0.000000000    
     3  -8476.269947       0.000000000    
     4  -7947.296162       0.000000000    
     5  -7098.882060       0.000000000    
     6  -6510.484191       0.000000000    
     7  -2874.476516       0.000000000    
     8  -2345.787191       0.000000000    
     9  -2010.107549       0.000000000    
    10  -1964.286692       0.000000000    
    11  -1699.303335       0.000000000    
    12  -1583.215706       0.000000000    
    13  -556.4349679       0.000000000    


    20  0.8571428571      0.7142857143E-01   0.000000000     : k-point, vkl
 (state, eigenvalue and occupancy below)
     1  -298955.6576       0.000000000    
     2  -293421.0026       0.000000000    
     3  -7737.778877       0.000000000    
     4  -7289.653234       0.000000000    
     5  -6906.658397       0.000000000    
     6  -6648.949344       0.000000000    
     7  -2679.438704       0.000000000    
     8  -2299.439625       0.000000000    
     9  -1964.094124       0.000000000    
    10  -1870.250075       0.000000000    
    11  -1712.230975       0.000000000    
    12  -1619.276776       0.000000000    
    13  -467.3833445       0.000000000    


    21  0.9285714286      0.7142857143E-01   0.000000000     : k-point, vkl
 (state, eigenvalue and occupancy below)
     1  -307270.4958       0.000000000    
     2  -304567.0679       0.000000000    
     3  -7464.647422       0.000000000    
     4  -7418.472585       0.000000000    
     5  -7123.358972       0.000000000    
     6  -6714.596191       0.000000000    
     7  -2744.281721       0.000000000    
     8  -2300.561540       0.000000000    
     9  -1920.774969       0.000000000    
    10  -1839.081904       0.000000000    
    11  -1796.404758       0.000000000    
    12  -1701.819697       0.000000000    
    13  -428.1105562       0.000000000    


    22  0.1428571429      0.1428571429       0.000000000     : k-point, vkl
 (state, eigenvalue and occupancy below)
     1  -321202.0511       0.000000000    
     2  -295251.5220       0.000000000    
     3  -8042.047993       0.000000000    
     4  -7297.967309       0.000000000    
     5  -6811.355300       0.000000000    
     6  -6479.292437       0.000000000    
     7  -2667.188750       0.000000000    
     8  -2545.004662       0.000000000    
     9  -1914.511725       0.000000000    
    10  -1812.547652       0.000000000    
    11  -1800.482380       0.000000000    
    12  -1761.668461       0.000000000    
    13  -471.7946968       0.000000000    


    23  0.2142857143      0.1428571429       0.000000000     : k-point, vkl
 (state, eigenvalue and occupancy below)
     1  -316146.9516       0.000000000    
     2  -300003.0499       0.000000000    
     3  -8009.978713       0.000000000    
     4  -7244.181803       0.000000000    
     5  -6918.409102       0.000000000    
     6  -6420.817460       0.000000000    
     7  -2756.342744       0.000000000    
     8  -2523.644814       0.000000000    
     9  -1937.381859       0.000000000    
    10  -1828.712875       0.000000000    
    11  -1687.953775       0.000000000    
    12  -1609.304369       0.000000000    
    13  -468.1710198       0.000000000    


    24  0.2857142857      0.1428571429       0.000000000     : k-point, vkl
 (state, eigenvalue and occupancy below)
     1  -328257.3631       0.000000000    
     2  -310002.8765       0.000000000    
     3  -8384.662313       0.000000000    
     4  -7695.052525       0.000000000    
     5  -7331.856787       0.000000000    
     6  -6582.108668       0.000000000    
     7  -2782.845769       0.000000000    
     8  -2571.716095       0.000000000    
     9  -2031.824199       0.000000000    
    10  -1914.253357       0.000000000    
    11  -1758.447821       0.000000000    
    12  -1663.536666       0.000000000    
    13  -509.9406302       0.000000000    


    25  0.3571428571      0.1428571429       0.000000000     : k-point, vkl
 (state, eigenvalue and occupancy below)
     1  -307719.1804       0.000000000    
     2  -291308.7321       0.000000000    
     3  -7732.996697       0.000000000    
     4  -7290.730969       0.000000000    
     5  -7175.220110       0.000000000    
     6  -6985.340014       0.000000000    
     7  -2565.557315       0.000000000    
     8  -2377.323611       0.000000000    
     9  -1882.301125       0.000000000    
    10  -1830.848972       0.000000000    
    11  -1765.695308       0.000000000    
    12  -1709.834387       0.000000000    
    13  -489.9021676       0.000000000    


    26  0.4285714286      0.1428571429       0.000000000     : k-point, vkl
 (state, eigenvalue and occupancy below)
     1  -294473.8940       0.000000000    
     2  -290249.6409       0.000000000    
     3  -7808.997353       0.000000000    
     4  -7226.227473       0.000000000    
     5  -7030.926732       0.000000000    
     6  -6716.807467       0.000000000    
     7  -2513.353782       0.000000000    
     8  -2295.105535       0.000000000    
     9  -1905.775331       0.000000000    
    10  -1841.655005       0.000000000    
    11  -1787.749933       0.000000000    
    12  -1616.421340       0.000000000    
    13  -470.8770019       0.000000000    


    27  0.5000000000      0.1428571429       0.000000000     : k-point, vkl
 (state, eigenvalue and occupancy below)
     1  -322185.2513       0.000000000    
     2  -297385.6459       0.000000000    
     3  -8118.798068       0.000000000    
     4  -7793.324741       0.000000000    
     5  -7459.895199       0.000000000    
     6  -6791.440581       0.000000000    
     7  -2626.538829       0.000000000    
     8  -2485.211497       0.000000000    
     9  -1958.609273       0.000000000    
    10  -1905.217096       0.000000000    
    11  -1743.630041       0.000000000    
    12  -1719.570591       0.000000000    
    13  -487.3089187       0.000000000    


    28  0.5714285714      0.1428571429       0.000000000     : k-point, vkl
 (state, eigenvalue and occupancy below)
     1  -301597.1777       0.000000000    
     2  -287863.2774       0.000000000    
     3  -7666.109121       0.000000000    
     4  -7286.216848       0.000000000    
     5  -7064.069993       0.000000000    
     6  -6486.633453       0.000000000    
     7  -2591.693939       0.000000000    
     8  -2409.143933       0.000000000    
     9  -1847.174242       0.000000000    
    10  -1808.782703       0.000000000    
    11  -1734.366112       0.000000000    
    12  -1567.118414       0.000000000    
    13  -444.2914562       0.000000000    


    29  0.6428571429      0.1428571429       0.000000000     : k-point, vkl
 (state, eigenvalue and occupancy below)
     1  -295097.5842       0.000000000    
     2  -281013.9013       0.000000000    
     3  -7594.010100       0.000000000    
     4  -7062.881830       0.000000000    
     5  -6642.254333       0.000000000    
     6  -6199.017887       0.000000000    
     7  -2670.712930       0.000000000    
     8  -2409.755816       0.000000000    
     9  -1835.898559       0.000000000    
    10  -1761.004831       0.000000000    
    11  -1693.692689       0.000000000    
    12  -1584.719570       0.000000000    
    13  -431.1747437       0.000000000    


    30  0.7142857143      0.1428571429       0.000000000     : k-point, vkl
 (state, eigenvalue and occupancy below)
     1  -299259.0164       0.000000000    
     2  -276681.4907       0.000000000    
     3  -8011.314418       0.000000000    
     4  -7136.777042       0.000000000    
     5  -6663.614923       0.000000000    
     6  -6356.565005       0.000000000    
     7  -2690.211726       0.000000000    
     8  -2274.283972       0.000000000    
     9  -1886.954835       0.000000000    
    10  -1789.460078       0.000000000    
    11  -1707.255020       0.000000000    
    12  -1620.920493       0.000000000    
    13  -466.3023294       0.000000000    


    31  0.7857142857      0.1428571429       0.000000000     : k-point, vkl
 (state, eigenvalue and occupancy below)
     1  -306109.4083       0.000000000    
     2  -297354.5957       0.000000000    
     3  -8416.032585       0.000000000    
     4  -7786.949855       0.000000000    
     5  -7234.021582       0.000000000    
     6  -6656.936629       0.000000000    
     7  -2807.443527       0.000000000    
     8  -2439.345236       0.000000000    
     9  -1936.833680       0.000000000    
    10  -1836.770883       0.000000000    
    11  -1707.149703       0.000000000    
    12  -1636.534660       0.000000000    
    13  -553.1157585       0.000000000    


    32  0.8571428571      0.1428571429       0.000000000     : k-point, vkl
 (state, eigenvalue and occupancy below)
     1  -283685.4520       0.000000000    
     2  -277593.3157       0.000000000    
     3  -8083.558152       0.000000000    
     4  -7276.982346       0.000000000    
     5  -6504.534229       0.000000000    
     6  -6184.378882       0.000000000    
     7  -2598.777366       0.000000000    
     8  -2238.073663       0.000000000    
     9  -1918.273468       0.000000000    
    10  -1784.779806       0.000000000    
    11  -1644.908777       0.000000000    
    12  -1478.968048       0.000000000    
    13  -516.3626803       0.000000000    


    33  0.2142857143      0.2142857143       0.000000000     : k-point, vkl
 (state, eigenvalue and occupancy below)
     1  -337784.4669       0.000000000    
     2  -320683.7822       0.000000000    
     3  -8457.491413       0.000000000    
     4  -7705.616013       0.000000000    
     5  -7619.041189       0.000000000    
     6  -6964.268770       0.000000000    
     7  -2889.478022       0.000000000    
     8  -2641.153787       0.000000000    
     9  -2026.121866       0.000000000    
    10  -1998.215629       0.000000000    
    11  -1847.085934       0.000000000    
    12  -1837.783504       0.000000000    
    13  -513.6728345       0.000000000    


    34  0.2857142857      0.2142857143       0.000000000     : k-point, vkl
 (state, eigenvalue and occupancy below)
     1  -315181.8180       0.000000000    
     2  -290766.1146       0.000000000    
     3  -8113.261563       0.000000000    
     4  -7260.682645       0.000000000    
     5  -6838.269881       0.000000000    
     6  -6416.666324       0.000000000    
     7  -2701.558176       0.000000000    
     8  -2334.397275       0.000000000    
     9  -1881.801713       0.000000000    
    10  -1813.542114       0.000000000    
    11  -1672.473055       0.000000000    
    12  -1564.736900       0.000000000    
    13  -471.9185749       0.000000000    


    35  0.3571428571      0.2142857143       0.000000000     : k-point, vkl
 (state, eigenvalue and occupancy below)
     1  -279112.5214       0.000000000    
     2  -264376.0530       0.000000000    
     3  -7073.642934       0.000000000    
     4  -6847.832884       0.000000000    
     5  -6347.161211       0.000000000    
     6  -5988.704547       0.000000000    
     7  -2290.780532       0.000000000    
     8  -2118.726528       0.000000000    
     9  -1717.979232       0.000000000    
    10  -1677.392242       0.000000000    
    11  -1521.767374       0.000000000    
    12  -1468.949366       0.000000000    
    13  -418.7248185       0.000000000    


    36  0.4285714286      0.2142857143       0.000000000     : k-point, vkl
 (state, eigenvalue and occupancy below)
     1  -280023.8144       0.000000000    
     2  -271957.1350       0.000000000    
     3  -7054.772640       0.000000000    
     4  -6852.999506       0.000000000    
     5  -6526.397344       0.000000000    
     6  -6263.982934       0.000000000    
     7  -2417.152180       0.000000000    
     8  -2164.308761       0.000000000    
     9  -1860.147488       0.000000000    
    10  -1691.116120       0.000000000    
    11  -1623.824439       0.000000000    
    12  -1569.574974       0.000000000    
    13  -431.7952065       0.000000000    


    37  0.5000000000      0.2142857143       0.000000000     : k-point, vkl
 (state, eigenvalue and occupancy below)
     1  -304764.0407       0.000000000    
     2  -281727.4034       0.000000000    
     3  -7716.982933       0.000000000    
     4  -7212.637207       0.000000000    
     5  -7176.703370       0.000000000    
     6  -6707.262154       0.000000000    
     7  -2537.204586       0.000000000    
     8  -2352.196528       0.000000000    
     9  -1916.281763       0.000000000    
    10  -1849.693821       0.000000000    
    11  -1741.388668       0.000000000    
    12  -1687.916775       0.000000000    
    13  -464.8608225       0.000000000    


    38  0.5714285714      0.2142857143       0.000000000     : k-point, vkl
 (state, eigenvalue and occupancy below)
     1  -300648.6132       0.000000000    
     2  -282120.7018       0.000000000    
     3  -7417.314610       0.000000000    
     4  -7056.291475       0.000000000    
     5  -6860.607755       0.000000000    
     6  -6425.162183       0.000000000    
     7  -2565.239838       0.000000000    
     8  -2480.977582       0.000000000    
     9  -1906.474346       0.000000000    
    10  -1856.203057       0.000000000    
    11  -1690.803780       0.000000000    
    12  -1641.160785       0.000000000    
    13  -453.7499094       0.000000000    


    39  0.6428571429      0.2142857143       0.000000000     : k-point, vkl
 (state, eigenvalue and occupancy below)
     1  -306628.6598       0.000000000    
     2  -290609.9903       0.000000000    
     3  -7633.069647       0.000000000    
     4  -7381.105716       0.000000000    
     5  -6823.220750       0.000000000    
     6  -6554.656556       0.000000000    
     7  -2651.336457       0.000000000    
     8  -2501.859730       0.000000000    
     9  -1889.037109       0.000000000    
    10  -1866.455498       0.000000000    
    11  -1721.384932       0.000000000    
    12  -1587.498051       0.000000000    
    13  -464.2226179       0.000000000    


    40  0.7142857143      0.2142857143       0.000000000     : k-point, vkl
 (state, eigenvalue and occupancy below)
     1  -319340.6061       0.000000000    
     2  -297857.5167       0.000000000    
     3  -7973.363568       0.000000000    
     4  -7271.700183       0.000000000    
     5  -6952.802566       0.000000000    
     6  -6689.791254       0.000000000    
     7  -2788.776457       0.000000000    
     8  -2572.528295       0.000000000    
     9  -1951.683632       0.000000000    
    10  -1865.114800       0.000000000    
    11  -1776.080202       0.000000000    
    12  -1703.168303       0.000000000    
    13  -452.9302630       0.000000000    


    41  0.7857142857      0.2142857143       0.000000000     : k-point, vkl
 (state, eigenvalue and occupancy below)
     1  -280503.8740       0.000000000    
     2  -263377.2593       0.000000000    
     3  -7196.090402       0.000000000    
     4  -6790.156897       0.000000000    
     5  -6090.858806       0.000000000    
     6  -5963.526090       0.000000000    
     7  -2566.236912       0.000000000    
     8  -2348.100380       0.000000000    
     9  -1714.363782       0.000000000    
    10  -1642.070268       0.000000000    
    11  -1518.350399       0.000000000    
    12  -1508.784143       0.000000000    
    13  -406.1939403       0.000000000    


    42  0.2857142857      0.2857142857       0.000000000     : k-point, vkl
 (state, eigenvalue and occupancy below)
     1  -309351.9480       0.000000000    
     2  -297421.8025       0.000000000    
     3  -7508.505737       0.000000000    
     4  -7089.577176       0.000000000    
     5  -6905.325531       0.000000000    
     6  -6559.339635       0.000000000    
     7  -2784.049451       0.000000000    
     8  -2477.886004       0.000000000    
     9  -1958.108340       0.000000000    
    10  -1919.548629       0.000000000    
    11  -1760.115710       0.000000000    
    12  -1707.087977       0.000000000    
    13  -444.5622540       0.000000000    


    43  0.3571428571      0.2857142857       0.000000000     : k-point, vkl
 (state, eigenvalue and occupancy below)
     1  -283366.2394       0.000000000    
     2  -278420.0337       0.000000000    
     3  -7144.973435       0.000000000    
     4  -6761.126191       0.000000000    
     5  -6686.583070       0.000000000    
     6  -6110.098915       0.000000000    
     7  -2468.237814       0.000000000    
     8  -2191.534530       0.000000000    
     9  -1805.230090       0.000000000    
    10  -1721.151951       0.000000000    
    11  -1576.417698       0.000000000    
    12  -1532.067375       0.000000000    
    13  -403.6790158       0.000000000    


    44  0.4285714286      0.2857142857       0.000000000     : k-point, vkl
 (state, eigenvalue and occupancy below)
     1  -285652.2486       0.000000000    
     2  -272370.9439       0.000000000    
     3  -7154.800538       0.000000000    
     4  -6697.243131       0.000000000    
     5  -6611.914825       0.000000000    
     6  -6373.719572       0.000000000    
     7  -2498.808670       0.000000000    
     8  -2136.811835       0.000000000    
     9  -1815.331692       0.000000000    
    10  -1772.577962       0.000000000    
    11  -1673.400045       0.000000000    
    12  -1524.594196       0.000000000    
    13  -428.1640696       0.000000000    


    45  0.5000000000      0.2857142857       0.000000000     : k-point, vkl
 (state, eigenvalue and occupancy below)
     1  -292277.7926       0.000000000    
     2  -274046.2493       0.000000000    
     3  -7262.029604       0.000000000    
     4  -6954.743145       0.000000000    
     5  -6605.877162       0.000000000    
     6  -6465.081918       0.000000000    
     7  -2487.348244       0.000000000    
     8  -2351.974683       0.000000000    
     9  -1903.943805       0.000000000    
    10  -1747.374172       0.000000000    
    11  -1621.164164       0.000000000    
    12  -1580.476765       0.000000000    
    13  -426.8058931       0.000000000    


    46  0.5714285714      0.2857142857       0.000000000     : k-point, vkl
 (state, eigenvalue and occupancy below)
     1  -315762.5823       0.000000000    
     2  -294507.6809       0.000000000    
     3  -8024.525095       0.000000000    
     4  -7435.615877       0.000000000    
     5  -7295.061841       0.000000000    
     6  -6982.479259       0.000000000    
     7  -2718.071723       0.000000000    
     8  -2640.578469       0.000000000    
     9  -2060.155448       0.000000000    
    10  -1936.046014       0.000000000    
    11  -1858.415917       0.000000000    
    12  -1740.296250       0.000000000    
    13  -521.9788557       0.000000000    


    47  0.6428571429      0.2857142857       0.000000000     : k-point, vkl
 (state, eigenvalue and occupancy below)
     1  -299838.1283       0.000000000    
     2  -274713.9369       0.000000000    
     3  -7419.652047       0.000000000    
     4  -7071.553450       0.000000000    
     5  -6522.981922       0.000000000    
     6  -6375.683665       0.000000000    
     7  -2612.857263       0.000000000    
     8  -2459.015234       0.000000000    
     9  -1905.192915       0.000000000    
    10  -1833.141641       0.000000000    
    11  -1675.763199       0.000000000    
    12  -1616.668977       0.000000000    
    13  -461.1437383       0.000000000    


    48  0.7142857143      0.2857142857       0.000000000     : k-point, vkl
 (state, eigenvalue and occupancy below)
     1  -331542.8695       0.000000000    
     2  -294745.2135       0.000000000    
     3  -8359.855143       0.000000000    
     4  -7670.278531       0.000000000    
     5  -7344.234580       0.000000000    
     6  -6847.413008       0.000000000    
     7  -2686.835352       0.000000000    
     8  -2678.912150       0.000000000    
     9  -2016.577484       0.000000000    
    10  -1981.175863       0.000000000    
    11  -1829.635937       0.000000000    
    12  -1749.785224       0.000000000    
    13  -506.6641670       0.000000000    


    49  0.3571428571      0.3571428571       0.000000000     : k-point, vkl
 (state, eigenvalue and occupancy below)
     1  -259703.0584       0.000000000    
     2  -251982.0280       0.000000000    
     3  -6398.177054       0.000000000    
     4  -6340.945481       0.000000000    
     5  -5916.182488       0.000000000    
     6  -5737.593199       0.000000000    
     7  -2247.820906       0.000000000    
     8  -2049.652905       0.000000000    
     9  -1589.364880       0.000000000    
    10  -1583.907274       0.000000000    
    11  -1468.016084       0.000000000    
    12  -1352.878572       0.000000000    
    13  -373.5231644       0.000000000    


    50  0.4285714286      0.3571428571       0.000000000     : k-point, vkl
 (state, eigenvalue and occupancy below)
     1  -309010.8907       0.000000000    
     2  -271930.1633       0.000000000    
     3  -7579.096234       0.000000000    
     4  -7047.181458       0.000000000    
     5  -6713.479940       0.000000000    
     6  -6591.426212       0.000000000    
     7  -2620.353138       0.000000000    
     8  -2292.125188       0.000000000    
     9  -1949.675009       0.000000000    
    10  -1754.738420       0.000000000    
    11  -1700.060825       0.000000000    
    12  -1614.890954       0.000000000    
    13  -465.5835856       0.000000000    


    51  0.5000000000      0.3571428571       0.000000000     : k-point, vkl
 (state, eigenvalue and occupancy below)
     1  -307570.3500       0.000000000    
     2  -278904.5898       0.000000000    
     3  -7397.448286       0.000000000    
     4  -7272.464929       0.000000000    
     5  -7090.838432       0.000000000    
     6  -6782.984366       0.000000000    
     7  -2682.594974       0.000000000    
     8  -2426.158101       0.000000000    
     9  -2031.402612       0.000000000    
    10  -1870.782043       0.000000000    
    11  -1775.834915       0.000000000    
    12  -1606.647610       0.000000000    
    13  -503.6646831       0.000000000    


    52  0.5714285714      0.3571428571       0.000000000     : k-point, vkl
 (state, eigenvalue and occupancy below)
     1  -301302.6605       0.000000000    
     2  -273167.8345       0.000000000    
     3  -7434.220762       0.000000000    
     4  -7302.139701       0.000000000    
     5  -6746.861174       0.000000000    
     6  -6401.856471       0.000000000    
     7  -2655.433120       0.000000000    
     8  -2481.178762       0.000000000    
     9  -2014.580576       0.000000000    
    10  -1832.618936       0.000000000    
    11  -1676.118238       0.000000000    
    12  -1603.170136       0.000000000    
    13  -463.7904392       0.000000000    


    53  0.6428571429      0.3571428571       0.000000000     : k-point, vkl
 (state, eigenvalue and occupancy below)
     1  -287960.8619       0.000000000    
     2  -268327.7732       0.000000000    
     3  -7298.812016       0.000000000    
     4  -6840.396776       0.000000000    
     5  -6487.390100       0.000000000    
     6  -6356.082285       0.000000000    
     7  -2589.442883       0.000000000    
     8  -2377.349659       0.000000000    
     9  -1872.347186       0.000000000    
    10  -1811.401424       0.000000000    
    11  -1687.021690       0.000000000    
    12  -1508.717893       0.000000000    
    13  -445.6586251       0.000000000    


    54  0.4285714286      0.4285714286       0.000000000     : k-point, vkl
 (state, eigenvalue and occupancy below)
     1  -296567.9917       0.000000000    
     2  -256185.1552       0.000000000    
     3  -7261.133870       0.000000000    
     4  -6646.201218       0.000000000    
     5  -6549.901692       0.000000000    
     6  -6054.378706       0.000000000    
     7  -2457.789132       0.000000000    
     8  -2236.887276       0.000000000    
     9  -1735.061597       0.000000000    
    10  -1639.705372       0.000000000    
    11  -1579.935671       0.000000000    
    12  -1577.644078       0.000000000    
    13  -431.9117472       0.000000000    


    55  0.5000000000      0.4285714286       0.000000000     : k-point, vkl
 (state, eigenvalue and occupancy below)
     1  -304801.2041       0.000000000    
     2  -269069.2487       0.000000000    
     3  -7294.485822       0.000000000    
     4  -7053.230240       0.000000000    
     5  -6939.715678       0.000000000    
     6  -6291.111085       0.000000000    
     7  -2609.946998       0.000000000    
     8  -2497.410111       0.000000000    
     9  -1843.273917       0.000000000    
    10  -1803.028152       0.000000000    
    11  -1748.714772       0.000000000    
    12  -1676.674528       0.000000000    
    13  -448.3284310       0.000000000    


    56  0.5714285714      0.4285714286       0.000000000     : k-point, vkl
 (state, eigenvalue and occupancy below)
     1  -322382.2791       0.000000000    
     2  -296026.2145       0.000000000    
     3  -7723.343095       0.000000000    
     4  -7553.783962       0.000000000    
     5  -7417.898403       0.000000000    
     6  -7256.824552       0.000000000    
     7  -2990.298839       0.000000000    
     8  -2558.433553       0.000000000    
     9  -2144.888307       0.000000000    
    10  -1932.627747       0.000000000    
    11  -1918.065295       0.000000000    
    12  -1809.518902       0.000000000    
    13  -520.7620454       0.000000000    


    57  0.5000000000      0.5000000000       0.000000000     : k-point, vkl
 (state, eigenvalue and occupancy below)
     1  -318208.4224       0.000000000    
     2  -281440.8702       0.000000000    
     3  -7407.929240       0.000000000    
     4  -7387.153382       0.000000000    
     5  -6977.219102       0.000000000    
     6  -6575.101193       0.000000000    
     7  -2812.498798       0.000000000    
     8  -2582.809422       0.000000000    
     9  -1976.698515       0.000000000    
    10  -1912.474012       0.000000000    
    11  -1731.789215       0.000000000    
    12  -1726.432006       0.000000000    
    13  -461.4801207       0.000000000    


    58  0.2142857143      0.1428571429      0.7142857143E-01 : k-point, vkl
 (state, eigenvalue and occupancy below)
     1  -302862.0731       0.000000000    
     2  -284909.8401       0.000000000    
     3  -8019.355968       0.000000000    
     4  -7224.591100       0.000000000    
     5  -6706.314638       0.000000000    
     6  -6281.139604       0.000000000    
     7  -2557.691557       0.000000000    
     8  -2406.852498       0.000000000    
     9  -1877.758152       0.000000000    
    10  -1848.833302       0.000000000    
    11  -1691.808447       0.000000000    
    12  -1545.961535       0.000000000    
    13  -475.8792129       0.000000000    


    59  0.2857142857      0.1428571429      0.7142857143E-01 : k-point, vkl
 (state, eigenvalue and occupancy below)
     1  -309096.7443       0.000000000    
     2  -288831.9902       0.000000000    
     3  -8065.014706       0.000000000    
     4  -7563.692908       0.000000000    
     5  -7013.568948       0.000000000    
     6  -6689.622033       0.000000000    
     7  -2671.481026       0.000000000    
     8  -2327.007176       0.000000000    
     9  -1952.073925       0.000000000    
    10  -1947.657889       0.000000000    
    11  -1693.852913       0.000000000    
    12  -1615.978448       0.000000000    
    13  -514.8658085       0.000000000    


    60  0.3571428571      0.1428571429      0.7142857143E-01 : k-point, vkl
 (state, eigenvalue and occupancy below)
     1  -319295.8486       0.000000000    
     2  -292593.3481       0.000000000    
     3  -8693.840239       0.000000000    
     4  -7413.511515       0.000000000    
     5  -7142.474715       0.000000000    
     6  -6936.984466       0.000000000    
     7  -2692.950718       0.000000000    
     8  -2411.833308       0.000000000    
     9  -2006.317145       0.000000000    
    10  -1920.544493       0.000000000    
    11  -1692.998716       0.000000000    
    12  -1677.121069       0.000000000    
    13  -546.2621355       0.000000000    


    61  0.4285714286      0.1428571429      0.7142857143E-01 : k-point, vkl
 (state, eigenvalue and occupancy below)
     1  -306347.9965       0.000000000    
     2  -293131.4837       0.000000000    
     3  -8352.079268       0.000000000    
     4  -7591.703387       0.000000000    
     5  -7213.025629       0.000000000    
     6  -6738.601017       0.000000000    
     7  -2534.431951       0.000000000    
     8  -2292.339297       0.000000000    
     9  -1965.727704       0.000000000    
    10  -1871.080180       0.000000000    
    11  -1798.448277       0.000000000    
    12  -1662.133326       0.000000000    
    13  -521.1616254       0.000000000    


    62  0.5000000000      0.1428571429      0.7142857143E-01 : k-point, vkl
 (state, eigenvalue and occupancy below)
     1  -289265.3137       0.000000000    
     2  -263166.9095       0.000000000    
     3  -7597.599211       0.000000000    
     4  -7035.373721       0.000000000    
     5  -6767.398646       0.000000000    
     6  -6278.659567       0.000000000    
     7  -2331.623373       0.000000000    
     8  -2161.425634       0.000000000    
     9  -1754.725550       0.000000000    
    10  -1728.990765       0.000000000    
    11  -1677.224367       0.000000000    
    12  -1525.364954       0.000000000    
    13  -450.7508409       0.000000000    


    63  0.5714285714      0.1428571429      0.7142857143E-01 : k-point, vkl
 (state, eigenvalue and occupancy below)
     1  -302337.3454       0.000000000    
     2  -272632.4457       0.000000000    
     3  -7716.542763       0.000000000    
     4  -7428.280442       0.000000000    
     5  -6507.887776       0.000000000    
     6  -6263.452673       0.000000000    
     7  -2512.237914       0.000000000    
     8  -2193.774901       0.000000000    
     9  -1908.942370       0.000000000    
    10  -1702.680342       0.000000000    
    11  -1595.237737       0.000000000    
    12  -1561.433953       0.000000000    
    13  -445.9800397       0.000000000    


    64  0.2857142857      0.2142857143      0.7142857143E-01 : k-point, vkl
 (state, eigenvalue and occupancy below)
     1  -320425.2303       0.000000000    
     2  -277516.3909       0.000000000    
     3  -8272.766248       0.000000000    
     4  -7356.286031       0.000000000    
     5  -7208.297766       0.000000000    
     6  -6247.569257       0.000000000    
     7  -2618.038515       0.000000000    
     8  -2254.893696       0.000000000    
     9  -1932.009866       0.000000000    
    10  -1840.905371       0.000000000    
    11  -1655.512142       0.000000000    
    12  -1615.292708       0.000000000    
    13  -475.0587260       0.000000000    


    65  0.3571428571      0.2142857143      0.7142857143E-01 : k-point, vkl
 (state, eigenvalue and occupancy below)
     1  -292769.6331       0.000000000    
     2  -278689.8105       0.000000000    
     3  -7901.281080       0.000000000    
     4  -7403.879503       0.000000000    
     5  -7066.279341       0.000000000    
     6  -6406.967234       0.000000000    
     7  -2324.323439       0.000000000    
     8  -2224.172509       0.000000000    
     9  -1923.470225       0.000000000    
    10  -1843.798832       0.000000000    
    11  -1729.788810       0.000000000    
    12  -1585.504781       0.000000000    
    13  -484.0650675       0.000000000    


    66  0.4285714286      0.2142857143      0.7142857143E-01 : k-point, vkl
 (state, eigenvalue and occupancy below)
     1  -294865.7539       0.000000000    
     2  -283234.9441       0.000000000    
     3  -7556.040932       0.000000000    
     4  -7403.239800       0.000000000    
     5  -7108.096009       0.000000000    
     6  -6286.561962       0.000000000    
     7  -2509.504816       0.000000000    
     8  -2238.900930       0.000000000    
     9  -1938.158077       0.000000000    
    10  -1826.040612       0.000000000    
    11  -1737.343725       0.000000000    
    12  -1685.083913       0.000000000    
    13  -485.2458699       0.000000000    


    67  0.5000000000      0.2142857143      0.7142857143E-01 : k-point, vkl
 (state, eigenvalue and occupancy below)
     1  -302405.7428       0.000000000    
     2  -294198.3843       0.000000000    
     3  -7702.770970       0.000000000    
     4  -7345.520694       0.000000000    
     5  -6898.299406       0.000000000    
     6  -6456.930246       0.000000000    
     7  -2705.134879       0.000000000    
     8  -2427.671048       0.000000000    
     9  -1935.114498       0.000000000    
    10  -1828.143673       0.000000000    
    11  -1708.671522       0.000000000    
    12  -1651.810597       0.000000000    
    13  -458.3479868       0.000000000    


    68  0.5714285714      0.2142857143      0.7142857143E-01 : k-point, vkl
 (state, eigenvalue and occupancy below)
     1  -301830.2425       0.000000000    
     2  -279442.2429       0.000000000    
     3  -7461.142523       0.000000000    
     4  -7190.727093       0.000000000    
     5  -6818.541552       0.000000000    
     6  -6435.345919       0.000000000    
     7  -2589.896160       0.000000000    
     8  -2300.394486       0.000000000    
     9  -1904.211771       0.000000000    
    10  -1788.513961       0.000000000    
    11  -1737.324863       0.000000000    
    12  -1681.222004       0.000000000    
    13  -445.3935317       0.000000000    


    69  0.6428571429      0.2142857143      0.7142857143E-01 : k-point, vkl
 (state, eigenvalue and occupancy below)
     1  -298516.8839       0.000000000    
     2  -285727.5769       0.000000000    
     3  -7481.961158       0.000000000    
     4  -6958.520271       0.000000000    
     5  -6728.121567       0.000000000    
     6  -6228.071374       0.000000000    
     7  -2648.026211       0.000000000    
     8  -2332.114175       0.000000000    
     9  -1878.469376       0.000000000    
    10  -1789.898090       0.000000000    
    11  -1659.936415       0.000000000    
    12  -1588.022748       0.000000000    
    13  -415.4925534       0.000000000    


    70  0.7142857143      0.2142857143      0.7142857143E-01 : k-point, vkl
 (state, eigenvalue and occupancy below)
     1  -302563.8984       0.000000000    
     2  -279226.3592       0.000000000    
     3  -7258.525962       0.000000000    
     4  -6808.704687       0.000000000    
     5  -6377.914730       0.000000000    
     6  -6175.124550       0.000000000    
     7  -2772.538085       0.000000000    
     8  -2410.472900       0.000000000    
     9  -1847.720420       0.000000000    
    10  -1766.219767       0.000000000    
    11  -1634.481840       0.000000000    
    12  -1514.317927       0.000000000    
    13  -404.1540863       0.000000000    


    71  0.7857142857      0.2142857143      0.7142857143E-01 : k-point, vkl
 (state, eigenvalue and occupancy below)
     1  -304232.2800       0.000000000    
     2  -291361.0348       0.000000000    
     3  -7797.416101       0.000000000    
     4  -7269.411044       0.000000000    
     5  -6856.945276       0.000000000    
     6  -6457.007162       0.000000000    
     7  -2693.859005       0.000000000    
     8  -2481.707235       0.000000000    
     9  -1868.355973       0.000000000    
    10  -1770.697667       0.000000000    
    11  -1634.106073       0.000000000    
    12  -1612.137218       0.000000000    
    13  -477.0013154       0.000000000    


    72  0.8571428571      0.2142857143      0.7142857143E-01 : k-point, vkl
 (state, eigenvalue and occupancy below)
     1  -319671.5460       0.000000000    
     2  -297539.2189       0.000000000    
     3  -8501.143523       0.000000000    
     4  -7554.420001       0.000000000    
     5  -7230.379220       0.000000000    
     6  -6342.626700       0.000000000    
     7  -2757.145461       0.000000000    
     8  -2546.094054       0.000000000    
     9  -1959.045364       0.000000000    
    10  -1786.630323       0.000000000    
    11  -1711.568627       0.000000000    
    12  -1558.359829       0.000000000    
    13  -535.7459257       0.000000000    


    73  0.3571428571      0.2857142857      0.7142857143E-01 : k-point, vkl
 (state, eigenvalue and occupancy below)
     1  -284564.3050       0.000000000    
     2  -274718.5998       0.000000000    
     3  -7044.565879       0.000000000    
     4  -6936.925943       0.000000000    
     5  -6567.344950       0.000000000    
     6  -6263.680834       0.000000000    
     7  -2458.459939       0.000000000    
     8  -2165.973317       0.000000000    
     9  -1883.737569       0.000000000    
    10  -1775.975442       0.000000000    
    11  -1650.088121       0.000000000    
    12  -1494.808583       0.000000000    
    13  -418.7505282       0.000000000    


    74  0.4285714286      0.2857142857      0.7142857143E-01 : k-point, vkl
 (state, eigenvalue and occupancy below)
     1  -286067.8360       0.000000000    
     2  -281652.0914       0.000000000    
     3  -7321.927841       0.000000000    
     4  -6789.424258       0.000000000    
     5  -6639.606700       0.000000000    
     6  -6198.049921       0.000000000    
     7  -2477.903108       0.000000000    
     8  -2281.706841       0.000000000    
     9  -1928.750595       0.000000000    
    10  -1727.773976       0.000000000    
    11  -1632.987155       0.000000000    
    12  -1589.417664       0.000000000    
    13  -426.5528736       0.000000000    


    75  0.5000000000      0.2857142857      0.7142857143E-01 : k-point, vkl
 (state, eigenvalue and occupancy below)
     1  -297774.1190       0.000000000    
     2  -289053.2673       0.000000000    
     3  -7257.176532       0.000000000    
     4  -6972.795916       0.000000000    
     5  -6794.367097       0.000000000    
     6  -6616.341151       0.000000000    
     7  -2615.824895       0.000000000    
     8  -2566.568380       0.000000000    
     9  -1972.734571       0.000000000    
    10  -1801.206593       0.000000000    
    11  -1681.672261       0.000000000    
    12  -1587.508631       0.000000000    
    13  -437.5715514       0.000000000    


    76  0.5714285714      0.2857142857      0.7142857143E-01 : k-point, vkl
 (state, eigenvalue and occupancy below)
     1  -287914.6514       0.000000000    
     2  -282165.8990       0.000000000    
     3  -7355.046089       0.000000000    
     4  -7314.273924       0.000000000    
     5  -6993.843744       0.000000000    
     6  -6838.538094       0.000000000    
     7  -2443.564942       0.000000000    
     8  -2279.410506       0.000000000    
     9  -1896.638404       0.000000000    
    10  -1784.918875       0.000000000    
    11  -1736.942314       0.000000000    
    12  -1685.013115       0.000000000    
    13  -471.0146931       0.000000000    


    77  0.6428571429      0.2857142857      0.7142857143E-01 : k-point, vkl
 (state, eigenvalue and occupancy below)
     1  -294919.5622       0.000000000    
     2  -291849.3129       0.000000000    
     3  -7677.780380       0.000000000    
     4  -7315.505536       0.000000000    
     5  -6910.610524       0.000000000    
     6  -6670.998460       0.000000000    
     7  -2626.971927       0.000000000    
     8  -2411.823619       0.000000000    
     9  -1869.796798       0.000000000    
    10  -1832.964839       0.000000000    
    11  -1790.764385       0.000000000    
    12  -1669.401570       0.000000000    
    13  -459.2486047       0.000000000    


    78  0.7142857143      0.2857142857      0.7142857143E-01 : k-point, vkl
 (state, eigenvalue and occupancy below)
     1  -296152.5366       0.000000000    
     2  -281251.4040       0.000000000    
     3  -7521.543576       0.000000000    
     4  -7081.593540       0.000000000    
     5  -6528.640482       0.000000000    
     6  -6161.448898       0.000000000    
     7  -2731.657878       0.000000000    
     8  -2384.595967       0.000000000    
     9  -1858.400233       0.000000000    
    10  -1755.835792       0.000000000    
    11  -1708.938865       0.000000000    
    12  -1675.833142       0.000000000    
    13  -431.1509474       0.000000000    


    79  0.7857142857      0.2857142857      0.7142857143E-01 : k-point, vkl
 (state, eigenvalue and occupancy below)
     1  -287952.2949       0.000000000    
     2  -281367.7527       0.000000000    
     3  -7229.677279       0.000000000    
     4  -6746.058800       0.000000000    
     5  -6374.703061       0.000000000    
     6  -6250.600512       0.000000000    
     7  -2628.310805       0.000000000    
     8  -2451.817390       0.000000000    
     9  -1838.540646       0.000000000    
    10  -1758.521994       0.000000000    
    11  -1655.560040       0.000000000    
    12  -1576.886870       0.000000000    
    13  -410.2274042       0.000000000    


    80  0.4285714286      0.3571428571      0.7142857143E-01 : k-point, vkl
 (state, eigenvalue and occupancy below)
     1  -286498.3093       0.000000000    
     2  -271298.2074       0.000000000    
     3  -6956.819363       0.000000000    
     4  -6714.426903       0.000000000    
     5  -6515.914921       0.000000000    
     6  -6278.002594       0.000000000    
     7  -2438.723262       0.000000000    
     8  -2392.279194       0.000000000    
     9  -1873.559655       0.000000000    
    10  -1715.935110       0.000000000    
    11  -1674.844271       0.000000000    
    12  -1509.042826       0.000000000    
    13  -396.4580269       0.000000000    


    81  0.5000000000      0.3571428571      0.7142857143E-01 : k-point, vkl
 (state, eigenvalue and occupancy below)
     1  -302259.3032       0.000000000    
     2  -275023.8230       0.000000000    
     3  -7123.139469       0.000000000    
     4  -6981.547686       0.000000000    
     5  -6768.228990       0.000000000    
     6  -6621.441908       0.000000000    
     7  -2661.418274       0.000000000    
     8  -2417.134792       0.000000000    
     9  -1891.164259       0.000000000    
    10  -1856.951380       0.000000000    
    11  -1745.366251       0.000000000    
    12  -1616.103911       0.000000000    
    13  -441.7073274       0.000000000    


    82  0.5714285714      0.3571428571      0.7142857143E-01 : k-point, vkl
 (state, eigenvalue and occupancy below)
     1  -302390.6442       0.000000000    
     2  -281433.9167       0.000000000    
     3  -7586.650476       0.000000000    
     4  -7124.406547       0.000000000    
     5  -6982.260946       0.000000000    
     6  -6905.890810       0.000000000    
     7  -2627.604951       0.000000000    
     8  -2439.006629       0.000000000    
     9  -2022.821808       0.000000000    
    10  -1823.286289       0.000000000    
    11  -1724.946008       0.000000000    
    12  -1709.914028       0.000000000    
    13  -472.9027910       0.000000000    


    83  0.6428571429      0.3571428571      0.7142857143E-01 : k-point, vkl
 (state, eigenvalue and occupancy below)
     1  -298355.3365       0.000000000    
     2  -282313.6848       0.000000000    
     3  -7587.564694       0.000000000    
     4  -7329.134856       0.000000000    
     5  -6932.790050       0.000000000    
     6  -6522.405847       0.000000000    
     7  -2617.482660       0.000000000    
     8  -2519.778780       0.000000000    
     9  -2014.980232       0.000000000    
    10  -1856.241156       0.000000000    
    11  -1707.514155       0.000000000    
    12  -1619.543469       0.000000000    
    13  -497.2599210       0.000000000    


    84  0.7142857143      0.3571428571      0.7142857143E-01 : k-point, vkl
 (state, eigenvalue and occupancy below)
     1  -313985.6862       0.000000000    
     2  -276433.6177       0.000000000    
     3  -7798.068519       0.000000000    
     4  -7302.019375       0.000000000    
     5  -6938.108648       0.000000000    
     6  -6325.153997       0.000000000    
     7  -2585.629902       0.000000000    
     8  -2504.965230       0.000000000    
     9  -1929.085823       0.000000000    
    10  -1886.123653       0.000000000    
    11  -1721.135081       0.000000000    
    12  -1645.367003       0.000000000    
    13  -468.2066165       0.000000000    


    85  0.5000000000      0.4285714286      0.7142857143E-01 : k-point, vkl
 (state, eigenvalue and occupancy below)
     1  -319520.6392       0.000000000    
     2  -274036.3938       0.000000000    
     3  -7635.776530       0.000000000    
     4  -7129.468656       0.000000000    
     5  -6799.357701       0.000000000    
     6  -6515.412174       0.000000000    
     7  -2783.867630       0.000000000    
     8  -2510.531174       0.000000000    
     9  -1908.038910       0.000000000    
    10  -1855.737890       0.000000000    
    11  -1747.011341       0.000000000    
    12  -1691.391232       0.000000000    
    13  -469.8068239       0.000000000    


    86  0.5714285714      0.4285714286      0.7142857143E-01 : k-point, vkl
 (state, eigenvalue and occupancy below)
     1  -305476.3236       0.000000000    
     2  -283006.4655       0.000000000    
     3  -7387.836681       0.000000000    
     4  -7171.223007       0.000000000    
     5  -6939.337694       0.000000000    
     6  -6606.320791       0.000000000    
     7  -2786.107754       0.000000000    
     8  -2596.243702       0.000000000    
     9  -2042.077550       0.000000000    
    10  -1891.716144       0.000000000    
    11  -1810.192946       0.000000000    
    12  -1685.824793       0.000000000    
    13  -476.8015621       0.000000000    


    87  0.6428571429      0.4285714286      0.7142857143E-01 : k-point, vkl
 (state, eigenvalue and occupancy below)
     1  -301554.8887       0.000000000    
     2  -274409.9758       0.000000000    
     3  -7505.802033       0.000000000    
     4  -6944.192164       0.000000000    
     5  -6660.367954       0.000000000    
     6  -6490.645010       0.000000000    
     7  -2770.461950       0.000000000    
     8  -2543.197153       0.000000000    
     9  -1946.157875       0.000000000    
    10  -1821.713779       0.000000000    
    11  -1699.927637       0.000000000    
    12  -1547.744704       0.000000000    
    13  -447.1614148       0.000000000    


    88  0.5714285714      0.5000000000      0.7142857143E-01 : k-point, vkl
 (state, eigenvalue and occupancy below)
     1  -301895.2773       0.000000000    
     2  -273810.2717       0.000000000    
     3  -7410.048247       0.000000000    
     4  -7207.120633       0.000000000    
     5  -6819.788406       0.000000000    
     6  -6460.553574       0.000000000    
     7  -2644.156533       0.000000000    
     8  -2569.874318       0.000000000    
     9  -1861.479224       0.000000000    
    10  -1844.445922       0.000000000    
    11  -1748.632249       0.000000000    
    12  -1687.876674       0.000000000    
    13  -454.8830120       0.000000000    


    89  0.4285714286      0.2857142857      0.1428571429     : k-point, vkl
 (state, eigenvalue and occupancy below)
     1  -277844.1891       0.000000000    
     2  -273436.9994       0.000000000    
     3  -7190.196713       0.000000000    
     4  -6875.490326       0.000000000    
     5  -6749.034342       0.000000000    
     6  -6248.577369       0.000000000    
     7  -2463.361195       0.000000000    
     8  -2251.724448       0.000000000    
     9  -1819.768065       0.000000000    
    10  -1785.144797       0.000000000    
    11  -1612.805768       0.000000000    
    12  -1551.736328       0.000000000    
    13  -436.1090055       0.000000000    


    90  0.5000000000      0.2857142857      0.1428571429     : k-point, vkl
 (state, eigenvalue and occupancy below)
     1  -287704.2565       0.000000000    
     2  -281957.1853       0.000000000    
     3  -7690.391388       0.000000000    
     4  -7102.489162       0.000000000    
     5  -6890.609610       0.000000000    
     6  -6433.978326       0.000000000    
     7  -2456.964733       0.000000000    
     8  -2345.340270       0.000000000    
     9  -1895.169325       0.000000000    
    10  -1825.033317       0.000000000    
    11  -1727.963954       0.000000000    
    12  -1635.494586       0.000000000    
    13  -470.3876314       0.000000000    


    91  0.5714285714      0.2857142857      0.1428571429     : k-point, vkl
 (state, eigenvalue and occupancy below)
     1  -282818.0501       0.000000000    
     2  -267998.0699       0.000000000    
     3  -7129.457785       0.000000000    
     4  -6970.550558       0.000000000    
     5  -6528.153557       0.000000000    
     6  -6475.215380       0.000000000    
     7  -2379.149945       0.000000000    
     8  -2206.472206       0.000000000    
     9  -1853.643977       0.000000000    
    10  -1778.530840       0.000000000    
    11  -1653.775979       0.000000000    
    12  -1607.134358       0.000000000    
    13  -427.4686085       0.000000000    


    92  0.6428571429      0.2857142857      0.1428571429     : k-point, vkl
 (state, eigenvalue and occupancy below)
     1  -311264.8514       0.000000000    
     2  -301669.3082       0.000000000    
     3  -7679.519468       0.000000000    
     4  -7656.404104       0.000000000    
     5  -7330.915265       0.000000000    
     6  -7113.205610       0.000000000    
     7  -2728.079620       0.000000000    
     8  -2507.154878       0.000000000    
     9  -1943.966015       0.000000000    
    10  -1923.620434       0.000000000    
    11  -1786.038801       0.000000000    
    12  -1685.085297       0.000000000    
    13  -484.7172629       0.000000000    


    93  0.5000000000      0.3571428571      0.1428571429     : k-point, vkl
 (state, eigenvalue and occupancy below)
     1  -284362.0932       0.000000000    
     2  -271539.2199       0.000000000    
     3  -6998.833204       0.000000000    
     4  -6851.853149       0.000000000    
     5  -6701.402516       0.000000000    
     6  -6360.894930       0.000000000    
     7  -2528.975628       0.000000000    
     8  -2351.791430       0.000000000    
     9  -1781.558802       0.000000000    
    10  -1729.968429       0.000000000    
    11  -1625.760559       0.000000000    
    12  -1583.463570       0.000000000    
    13  -405.9603535       0.000000000    


    94  0.5714285714      0.3571428571      0.1428571429     : k-point, vkl
 (state, eigenvalue and occupancy below)
     1  -301284.2635       0.000000000    
     2  -273042.7290       0.000000000    
     3  -7255.162214       0.000000000    
     4  -6911.439274       0.000000000    
     5  -6767.665480       0.000000000    
     6  -6570.603275       0.000000000    
     7  -2760.498100       0.000000000    
     8  -2347.073863       0.000000000    
     9  -1935.135104       0.000000000    
    10  -1781.834036       0.000000000    
    11  -1758.016135       0.000000000    
    12  -1598.164703       0.000000000    
    13  -432.3452806       0.000000000    


    95  0.6428571429      0.3571428571      0.1428571429     : k-point, vkl
 (state, eigenvalue and occupancy below)
     1  -287113.0182       0.000000000    
     2  -275839.3897       0.000000000    
     3  -7217.207058       0.000000000    
     4  -6857.069585       0.000000000    
     5  -6675.196699       0.000000000    
     6  -6471.820026       0.000000000    
     7  -2613.320053       0.000000000    
     8  -2511.838434       0.000000000    
     9  -1929.039631       0.000000000    
    10  -1776.832737       0.000000000    
    11  -1717.629644       0.000000000    
    12  -1624.265568       0.000000000    
    13  -441.4863672       0.000000000    


    96  0.7142857143      0.3571428571      0.1428571429     : k-point, vkl
 (state, eigenvalue and occupancy below)
     1  -315154.7359       0.000000000    
     2  -283311.3542       0.000000000    
     3  -7900.633015       0.000000000    
     4  -7430.486931       0.000000000    
     5  -7080.678562       0.000000000    
     6  -6707.219901       0.000000000    
     7  -2749.233240       0.000000000    
     8  -2590.125882       0.000000000    
     9  -2079.867264       0.000000000    
    10  -1891.916774       0.000000000    
    11  -1828.586086       0.000000000    
    12  -1639.413017       0.000000000    
    13  -503.2035620       0.000000000    


    97  0.7857142857      0.3571428571      0.1428571429     : k-point, vkl
 (state, eigenvalue and occupancy below)
     1  -299543.6133       0.000000000    
     2  -275521.3431       0.000000000    
     3  -7590.947754       0.000000000    
     4  -7164.040509       0.000000000    
     5  -6680.239152       0.000000000    
     6  -6320.044687       0.000000000    
     7  -2647.719509       0.000000000    
     8  -2314.945110       0.000000000    
     9  -1962.477317       0.000000000    
    10  -1894.433395       0.000000000    
    11  -1707.365761       0.000000000    
    12  -1685.105875       0.000000000    
    13  -430.1767638       0.000000000    


    98  0.5714285714      0.4285714286      0.1428571429     : k-point, vkl
 (state, eigenvalue and occupancy below)
     1  -295484.6433       0.000000000    
     2  -263319.6532       0.000000000    
     3  -7123.744115       0.000000000    
     4  -6848.430188       0.000000000    
     5  -6707.552798       0.000000000    
     6  -6490.415609       0.000000000    
     7  -2620.571275       0.000000000    
     8  -2503.808466       0.000000000    
     9  -1903.200373       0.000000000    
    10  -1781.866003       0.000000000    
    11  -1681.196800       0.000000000    
    12  -1580.406667       0.000000000    
    13  -441.8364059       0.000000000    


    99  0.6428571429      0.4285714286      0.1428571429     : k-point, vkl
 (state, eigenvalue and occupancy below)
     1  -294351.4244       0.000000000    
     2  -271204.7980       0.000000000    
     3  -7196.971252       0.000000000    
     4  -6834.144889       0.000000000    
     5  -6668.288312       0.000000000    
     6  -6646.766601       0.000000000    
     7  -2709.573433       0.000000000    
     8  -2477.960073       0.000000000    
     9  -1958.788456       0.000000000    
    10  -1759.575091       0.000000000    
    11  -1711.134760       0.000000000    
    12  -1642.484104       0.000000000    
    13  -442.6790669       0.000000000    


   100  0.7142857143      0.4285714286      0.1428571429     : k-point, vkl
 (state, eigenvalue and occupancy below)
     1  -316989.8022       0.000000000    
     2  -275596.1564       0.000000000    
     3  -7712.870910       0.000000000    
     4  -7203.163293       0.000000000    
     5  -7030.225401       0.000000000    
     6  -6500.559208       0.000000000    
     7  -2722.739578       0.000000000    
     8  -2617.207736       0.000000000    
     9  -1990.878648       0.000000000    
    10  -1831.609383       0.000000000    
    11  -1818.109976       0.000000000    
    12  -1625.859505       0.000000000    
    13  -482.9661155       0.000000000    


   101  0.6428571429      0.5000000000      0.1428571429     : k-point, vkl
 (state, eigenvalue and occupancy below)
     1  -297026.8733       0.000000000    
     2  -260673.6398       0.000000000    
     3  -7172.464048       0.000000000    
     4  -6710.071790       0.000000000    
     5  -6644.410316       0.000000000    
     6  -6317.885105       0.000000000    
     7  -2610.290925       0.000000000    
     8  -2537.222549       0.000000000    
     9  -1958.849692       0.000000000    
    10  -1749.140005       0.000000000    
    11  -1696.631055       0.000000000    
    12  -1633.200535       0.000000000    
    13  -439.2350090       0.000000000    


   102  0.6428571429      0.4285714286      0.2142857143     : k-point, vkl
 (state, eigenvalue and occupancy below)
     1  -308020.3011       0.000000000    
     2  -275593.1922       0.000000000    
     3  -7653.968779       0.000000000    
     4  -7366.563559       0.000000000    
     5  -6800.996013       0.000000000    
     6  -6604.745092       0.000000000    
     7  -2911.336728       0.000000000    
     8  -2514.065735       0.000000000    
     9  -1947.868431       0.000000000    
    10  -1840.129717       0.000000000    
    11  -1771.741786       0.000000000    
    12  -1740.394183       0.000000000    
    13  -477.6824151       0.000000000    


   103  0.7142857143      0.4285714286      0.2142857143     : k-point, vkl
 (state, eigenvalue and occupancy below)
     1  -313154.1957       0.000000000    
     2  -262719.7299       0.000000000    
     3  -7678.793889       0.000000000    
     4  -6846.140490       0.000000000    
     5  -6740.011978       0.000000000    
     6  -6528.112721       0.000000000    
     7  -2673.769394       0.000000000    
     8  -2512.782458       0.000000000    
     9  -1929.179238       0.000000000    
    10  -1775.267847       0.000000000    
    11  -1711.599592       0.000000000    
    12  -1630.445569       0.000000000    
    13  -446.5662279       0.000000000    


   104  0.7142857143      0.5000000000      0.2142857143     : k-point, vkl
 (state, eigenvalue and occupancy below)
     1  -304444.5283       0.000000000    
     2  -258965.9894       0.000000000    
     3  -7558.025326       0.000000000    
     4  -6850.846037       0.000000000    
     5  -6620.635829       0.000000000    
     6  -6535.945775       0.000000000    
     7  -2599.097785       0.000000000    
     8  -2464.663594       0.000000000    
     9  -1918.208929       0.000000000    
    10  -1754.870736       0.000000000    
    11  -1687.816192       0.000000000    
    12  -1609.800730       0.000000000    
    13  -446.3829634       0.000000000    

