    29 : nkpt
    13 : nstsv

     1   0.000000000       0.000000000       0.000000000     : k-point, vkl
 (state, eigenvalue and occupancy below)
     1 -0.4700027481       2.000000000    
     2  0.3001407491       1.999999983    
     3  0.3001516339       1.999999983    
     4  0.3001656953       1.999999983    
     5  0.5193454997       0.000000000    
     6  0.5193483348       0.000000000    
     7  0.5193609818       0.000000000    
     8  0.7942298841       0.000000000    
     9   1.046103707       0.000000000    
    10   1.343828673       0.000000000    
    11   1.343832000       0.000000000    
    12   1.369559150       0.000000000    
    13   1.369559260       0.000000000    


     2  0.1250000000       0.000000000       0.000000000     : k-point, vkl
 (state, eigenvalue and occupancy below)
     1 -0.4543881317       2.000000000    
     2  0.2166038681       2.000000000    
     3  0.2777461006       2.000000000    
     4  0.2777533256       2.000000000    
     5  0.5493947299       0.000000000    
     6  0.5494015331       0.000000000    
     7  0.5642423952       0.000000000    
     8  0.8081844837       0.000000000    
     9   1.067848298       0.000000000    
    10   1.222470154       0.000000000    
    11   1.222475171       0.000000000    
    12   1.318204209       0.000000000    
    13   1.559141371       0.000000000    


     3  0.2500000000       0.000000000       0.000000000     : k-point, vkl
 (state, eigenvalue and occupancy below)
     1 -0.4080934315       2.000000000    
     2  0.6845785538E-01   2.000000000    
     3  0.2391148103       2.000000000    
     4  0.2391172731       2.000000000    
     5  0.5986623991       0.000000000    
     6  0.5986641176       0.000000000    
     7  0.6111071290       0.000000000    
     8  0.8458905965       0.000000000    
     9   1.094209436       0.000000000    
    10   1.178898958       0.000000000    
    11   1.178904786       0.000000000    
    12   1.275478167       0.000000000    
    13   1.815142357       0.000000000    


     4  0.3750000000       0.000000000       0.000000000     : k-point, vkl
 (state, eigenvalue and occupancy below)
     1 -0.3339722088       2.000000000    
     2 -0.7727020190E-01   2.000000000    
     3  0.2109743063       2.000000000    
     4  0.2109744542       2.000000000    
     5  0.6236313766       0.000000000    
     6  0.6236379354       0.000000000    
     7  0.6318583431       0.000000000    
     8  0.8843155475       0.000000000    
     9   1.106806024       0.000000000    
    10   1.231932421       0.000000000    
    11   1.231933520       0.000000000    
    12   1.247587414       0.000000000    
    13   1.753678755       0.000000000    


     5  0.5000000000       0.000000000       0.000000000     : k-point, vkl
 (state, eigenvalue and occupancy below)
     1 -0.2647509451       2.000000000    
     2 -0.1716313539       2.000000000    
     3  0.2011006927       2.000000000    
     4  0.2011018094       2.000000000    
     5  0.6281058044       0.000000000    
     6  0.6281131868       0.000000000    
     7  0.6374715571       0.000000000    
     8  0.8980734346       0.000000000    
     9   1.129021203       0.000000000    
    10   1.213675379       0.000000000    
    11   1.295805740       0.000000000    
    12   1.295814021       0.000000000    
    13   1.639213349       0.000000000    


     6  0.1250000000      0.1250000000       0.000000000     : k-point, vkl
 (state, eigenvalue and occupancy below)
     1 -0.4491899710       2.000000000    
     2  0.2411095140       2.000000000    
     3  0.2411219285       2.000000000    
     4  0.2525610150       2.000000000    
     5  0.5065715440       0.000000000    
     6  0.5964862468       0.000000000    
     7  0.5964878888       0.000000000    
     8  0.7978442334       0.000000000    
     9   1.077653853       0.000000000    
    10   1.111232030       0.000000000    
    11   1.372312895       0.000000000    
    12   1.419340277       0.000000000    
    13   1.419344272       0.000000000    


     7  0.2500000000      0.1250000000       0.000000000     : k-point, vkl
 (state, eigenvalue and occupancy below)
     1 -0.4131250744       2.000000000    
     2  0.1213616825       2.000000000    
     3  0.2003778289       2.000000000    
     4  0.2285442892       2.000000000    
     5  0.5308442083       0.000000000    
     6  0.6521598004       0.000000000    
     7  0.6551424524       0.000000000    
     8  0.7904955751       0.000000000    
     9   1.077878603       0.000000000    
    10   1.108403442       0.000000000    
    11   1.310503633       0.000000000    
    12   1.383346396       0.000000000    
    13   1.630540948       0.000000000    


     8  0.3750000000      0.1250000000       0.000000000     : k-point, vkl
 (state, eigenvalue and occupancy below)
     1 -0.3479620785       2.000000000    
     2 -0.2203443036E-01   2.000000000    
     3  0.1768462770       2.000000000    
     4  0.1875041746       2.000000000    
     5  0.5756578308       0.000000000    
     6  0.6799558114       0.000000000    
     7  0.6823751600       0.000000000    
     8  0.8156603835       0.000000000    
     9   1.107544838       0.000000000    
    10   1.130178638       0.000000000    
    11   1.317362582       0.000000000    
    12   1.342046778       0.000000000    
    13   1.747815816       0.000000000    


     9  0.5000000000      0.1250000000       0.000000000     : k-point, vkl
 (state, eigenvalue and occupancy below)
     1 -0.2656730453       2.000000000    
     2 -0.1435691386       2.000000000    
     3  0.1539931954       2.000000000    
     4  0.1762036728       2.000000000    
     5  0.6005350916       0.000000000    
     6  0.6752433731       0.000000000    
     7  0.6886135595       0.000000000    
     8  0.8740513071       0.000000000    
     9   1.082515569       0.000000000    
    10   1.201325715       0.000000000    
    11   1.311088583       0.000000000    
    12   1.334259615       0.000000000    
    13   1.661962887       0.000000000    


    10  0.6250000000      0.1250000000       0.000000000     : k-point, vkl
 (state, eigenvalue and occupancy below)
     1 -0.2924006689       2.000000000    
     2 -0.1085056712       2.000000000    
     3  0.1392278032       2.000000000    
     4  0.1976027600       2.000000000    
     5  0.6204158327       0.000000000    
     6  0.6514438682       0.000000000    
     7  0.6859000586       0.000000000    
     8  0.8786699502       0.000000000    
     9   1.081622795       0.000000000    
    10   1.193858712       0.000000000    
    11   1.224904474       0.000000000    
    12   1.387747320       0.000000000    
    13   1.724872423       0.000000000    


    11  0.7500000000      0.1250000000       0.000000000     : k-point, vkl
 (state, eigenvalue and occupancy below)
     1 -0.3727322172       2.000000000    
     2  0.2610845734E-01   2.000000000    
     3  0.1477371465       2.000000000    
     4  0.2351932393       2.000000000    
     5  0.6114499581       0.000000000    
     6  0.6313515900       0.000000000    
     7  0.6645232428       0.000000000    
     8  0.8331375481       0.000000000    
     9   1.102148281       0.000000000    
    10   1.109096262       0.000000000    
    11   1.207928619       0.000000000    
    12   1.424557836       0.000000000    
    13   1.731810829       0.000000000    


    12  0.8750000000      0.1250000000       0.000000000     : k-point, vkl
 (state, eigenvalue and occupancy below)
     1 -0.4285418218       2.000000000    
     2  0.1597943272       2.000000000    
     3  0.1884941061       2.000000000    
     4  0.2731851752       2.000000000    
     5  0.5612076886       0.000000000    
     6  0.6070142258       0.000000000    
     7  0.6108833273       0.000000000    
     8  0.8154919308       0.000000000    
     9   1.093096520       0.000000000    
    10   1.120835616       0.000000000    
    11   1.196893423       0.000000000    
    12   1.468403115       0.000000000    
    13   1.490661465       0.000000000    


    13  0.2500000000      0.2500000000       0.000000000     : k-point, vkl
 (state, eigenvalue and occupancy below)
     1 -0.3875214283       2.000000000    
     2  0.1379951130       2.000000000    
     3  0.1563950890       2.000000000    
     4  0.1564042827       2.000000000    
     5  0.4839504955       0.000000000    
     6  0.7051983516       0.000000000    
     7  0.7319920270       0.000000000    
     8  0.7319938350       0.000000000    
     9   1.061740747       0.000000000    
    10   1.142324717       0.000000000    
    11   1.457903701       0.000000000    
    12   1.554313569       0.000000000    
    13   1.554315887       0.000000000    


    14  0.3750000000      0.2500000000       0.000000000     : k-point, vkl
 (state, eigenvalue and occupancy below)
     1 -0.3324507336       2.000000000    
     2  0.3236152656E-01   2.000000000    
     3  0.1171011165       2.000000000    
     4  0.1301730271       2.000000000    
     5  0.5117029617       0.000000000    
     6  0.6722378165       0.000000000    
     7  0.7800861032       0.000000000    
     8  0.7808906913       0.000000000    
     9   1.102525847       0.000000000    
    10   1.149930772       0.000000000    
    11   1.444097827       0.000000000    
    12   1.525423072       0.000000000    
    13   1.711646029       0.000000000    


    15  0.5000000000      0.2500000000       0.000000000     : k-point, vkl
 (state, eigenvalue and occupancy below)
     1 -0.2537919792       2.000000000    
     2 -0.8295183769E-01   2.000000000    
     3  0.6360680208E-01   2.000000000    
     4  0.1289096996       2.000000000    
     5  0.5484085307       0.000000000    
     6  0.7400276970       0.000000000    
     7  0.7796191810       0.000000000    
     8  0.7986643810       0.000000000    
     9   1.067738633       0.000000000    
    10   1.183497302       0.000000000    
    11   1.363071976       0.000000000    
    12   1.492470183       0.000000000    
    13   1.716580494       0.000000000    


    16  0.6250000000      0.2500000000       0.000000000     : k-point, vkl
 (state, eigenvalue and occupancy below)
     1 -0.2297941365       2.000000000    
     2 -0.1103045263       2.000000000    
     3  0.2832165661E-01   2.000000000    
     4  0.1524610130       2.000000000    
     5  0.5764734765       0.000000000    
     6  0.7425579729       0.000000000    
     7  0.7941071274       0.000000000    
     8  0.8541276102       0.000000000    
     9  0.9805950957       0.000000000    
    10   1.213973461       0.000000000    
    11   1.228275014       0.000000000    
    12   1.521874696       0.000000000    
    13   1.826063826       0.000000000    


    17  0.7500000000      0.2500000000       0.000000000     : k-point, vkl
 (state, eigenvalue and occupancy below)
     1 -0.3092155827       2.000000000    
     2 -0.9902568440E-02   2.000000000    
     3  0.3501407120E-01   2.000000000    
     4  0.1942456133       2.000000000    
     5  0.6119503196       0.000000000    
     6  0.6784751774       0.000000000    
     7  0.7635066580       0.000000000    
     8  0.8223375910       0.000000000    
     9   1.050428467       0.000000000    
    10   1.116817398       0.000000000    
    11   1.230022731       0.000000000    
    12   1.574367947       0.000000000    
    13   1.694905193       0.000000000    


    18  0.3750000000      0.3750000000       0.000000000     : k-point, vkl
 (state, eigenvalue and occupancy below)
     1 -0.2878061539       2.000000000    
     2 -0.7352347872E-02   2.000000000    
     3  0.9857740461E-01   2.000000000    
     4  0.9858509339E-01   2.000000000    
     5  0.4769584176       0.000000000    
     6  0.5792313384       0.000000000    
     7  0.8586363759       0.000000000    
     8  0.8586390186       0.000000000    
     9   1.118492970       0.000000000    
    10   1.181716665       0.000000000    
    11   1.601008738       0.000000000    
    12   1.606413035       0.000000000    
    13   1.606416027       0.000000000    


    19  0.5000000000      0.3750000000       0.000000000     : k-point, vkl
 (state, eigenvalue and occupancy below)
     1 -0.2176004035       2.000000000    
     2 -0.8230445152E-01   2.000000000    
     3  0.4385948211E-01   2.000000000    
     4  0.9192047545E-01   2.000000000    
     5  0.5099867905       0.000000000    
     6  0.5843268936       0.000000000    
     7  0.8780604704       0.000000000    
     8  0.8873333176       0.000000000    
     9   1.118742573       0.000000000    
    10   1.175512482       0.000000000    
    11   1.462725037       0.000000000    
    12   1.587501647       0.000000000    
    13   1.755590625       0.000000000    


    20  0.6250000000      0.3750000000       0.000000000     : k-point, vkl
 (state, eigenvalue and occupancy below)
     1 -0.1668918356       2.000000000    
     2 -0.1193594963       2.000000000    
     3 -0.2346712197E-01   2.000000000    
     4  0.1115883604       2.000000000    
     5  0.5363395181       0.000000000    
     6  0.7139855831       0.000000000    
     7  0.8332265769       0.000000000    
     8  0.8780764946       0.000000000    
     9   1.010015369       0.000000000    
    10   1.210156744       0.000000000    
    11   1.307937558       0.000000000    
    12   1.606237801       0.000000000    
    13   1.829893935       0.000000000    


    21  0.5000000000      0.5000000000       0.000000000     : k-point, vkl
 (state, eigenvalue and occupancy below)
     1 -0.1566179721       2.000000000    
     2 -0.1566082278       2.000000000    
     3  0.7852175584E-01   2.000000000    
     4  0.7852900415E-01   2.000000000    
     5  0.5039780802       0.000000000    
     6  0.5039894358       0.000000000    
     7  0.9177645772       0.000000000    
     8  0.9177671107       0.000000000    
     9   1.168450711       0.000000000    
    10   1.168455023       0.000000000    
    11   1.550706023       0.000000000    
    12   1.550708316       0.000000000    
    13   1.802209238       0.000000000    


    22  0.3750000000      0.2500000000      0.1250000000     : k-point, vkl
 (state, eigenvalue and occupancy below)
     1 -0.3675259669       2.000000000    
     2  0.6856273091E-01   2.000000000    
     3  0.1089652812       2.000000000    
     4  0.1989163730       2.000000000    
     5  0.5580712872       0.000000000    
     6  0.6808288204       0.000000000    
     7  0.7327217725       0.000000000    
     8  0.7548091005       0.000000000    
     9   1.088266532       0.000000000    
    10   1.120583149       0.000000000    
    11   1.293805173       0.000000000    
    12   1.573724602       0.000000000    
    13   1.592961224       0.000000000    


    23  0.5000000000      0.2500000000      0.1250000000     : k-point, vkl
 (state, eigenvalue and occupancy below)
     1 -0.2949682265       2.000000000    
     2 -0.4899232189E-01   2.000000000    
     3  0.7959488214E-01   2.000000000    
     4  0.1575973275       2.000000000    
     5  0.6114661211       0.000000000    
     6  0.6707029057       0.000000000    
     7  0.7664179891       0.000000000    
     8  0.8033484471       0.000000000    
     9   1.069753422       0.000000000    
    10   1.145903527       0.000000000    
    11   1.301552310       0.000000000    
    12   1.495310304       0.000000000    
    13   1.751414145       0.000000000    


    24  0.6250000000      0.2500000000      0.1250000000     : k-point, vkl
 (state, eigenvalue and occupancy below)
     1 -0.2282603231       2.000000000    
     2 -0.1365703517       2.000000000    
     3  0.7760582309E-01   2.000000000    
     4  0.1366616695       2.000000000    
     5  0.6280902308       0.000000000    
     6  0.6620961782       0.000000000    
     7  0.7851281308       0.000000000    
     8  0.8568560817       0.000000000    
     9   1.007502646       0.000000000    
    10   1.195853684       0.000000000    
    11   1.312164233       0.000000000    
    12   1.429221949       0.000000000    
    13   1.771492840       0.000000000    


    25  0.5000000000      0.3750000000      0.1250000000     : k-point, vkl
 (state, eigenvalue and occupancy below)
     1 -0.2697413729       2.000000000    
     2 -0.2321135884E-01   2.000000000    
     3  0.5584004589E-01   2.000000000    
     4  0.9337468394E-01   2.000000000    
     5  0.5534085330       0.000000000    
     6  0.6446038442       0.000000000    
     7  0.7856940994       0.000000000    
     8  0.8584133155       0.000000000    
     9   1.121154880       0.000000000    
    10   1.133161412       0.000000000    
    11   1.432695505       0.000000000    
    12   1.565495869       0.000000000    
    13   1.767512437       0.000000000    


    26  0.6250000000      0.3750000000      0.1250000000     : k-point, vkl
 (state, eigenvalue and occupancy below)
     1 -0.1924553521       2.000000000    
     2 -0.9878111279E-01   2.000000000    
     3  0.6298910926E-02   2.000000000    
     4  0.7897360616E-01   2.000000000    
     5  0.6004962994       0.000000000    
     6  0.7220489032       0.000000000    
     7  0.7694549357       0.000000000    
     8  0.8535515873       0.000000000    
     9   1.036587207       0.000000000    
    10   1.165923574       0.000000000    
    11   1.380235872       0.000000000    
    12   1.530908183       0.000000000    
    13   1.861968123       0.000000000    


    27  0.7500000000      0.3750000000      0.1250000000     : k-point, vkl
 (state, eigenvalue and occupancy below)
     1 -0.2204419542       2.000000000    
     2 -0.7219626084E-01   2.000000000    
     3 -0.8916460453E-02   2.000000000    
     4  0.1093513707       2.000000000    
     5  0.6306329655       0.000000000    
     6  0.7097797940       0.000000000    
     7  0.7927615444       0.000000000    
     8  0.8387341917       0.000000000    
     9  0.9942907155       0.000000000    
    10   1.164431207       0.000000000    
    11   1.315077808       0.000000000    
    12   1.560092081       0.000000000    
    13   1.818646085       0.000000000    


    28  0.6250000000      0.5000000000      0.1250000000     : k-point, vkl
 (state, eigenvalue and occupancy below)
     1 -0.1452571769       2.000000000    
     2 -0.1452478848       2.000000000    
     3  0.4477785426E-01   2.000000000    
     4  0.4478932852E-01   2.000000000    
     5  0.5778179842       0.000000000    
     6  0.5778288464       0.000000000    
     7  0.8759637037       0.000000000    
     8  0.8759644454       0.000000000    
     9   1.130922950       0.000000000    
    10   1.130927289       0.000000000    
    11   1.495581722       0.000000000    
    12   1.495598946       0.000000000    
    13   1.924450522       0.000000000    


    29  0.7500000000      0.5000000000      0.2500000000     : k-point, vkl
 (state, eigenvalue and occupancy below)
     1 -0.1305067850       2.000000000    
     2 -0.1304997633       2.000000000    
     3  0.1131345028E-01   2.000000000    
     4  0.1132926200E-01   2.000000000    
     5  0.7139732988       0.000000000    
     6  0.7139764819       0.000000000    
     7  0.7612506025       0.000000000    
     8  0.7612541892       0.000000000    
     9   1.100645048       0.000000000    
    10   1.100650767       0.000000000    
    11   1.468233178       0.000000000    
    12   1.468241532       0.000000000    
    13   1.982632418       0.000000000    

