
     Program OPEN_GRID v.7.4.1 starts on 28Jul2026 at  1:31:12 

     This program is part of the open-source Quantum ESPRESSO suite
     for quantum simulation of materials; please cite
         "P. Giannozzi et al., J. Phys.:Condens. Matter 21 395502 (2009);
         "P. Giannozzi et al., J. Phys.:Condens. Matter 29 465901 (2017);
         "P. Giannozzi et al., J. Chem. Phys. 152 154105 (2020);
          URL http://www.quantum-espresso.org", 
     in publications or presentations arising from this work. More details at
     http://www.quantum-espresso.org/quote

     Parallel version (MPI), running on     1 processors

     MPI processes distributed on     1 nodes
     292772 MiB available memory on the printing compute node when the environment starts
 
 
  Reading nscf_save data

     Reading xml data from directory:

     ../tmp/diamond-HSE06.save/
     EXX fraction changed:   0.25
     EXX Screening parameter changed:    0.2000000
     file C.pbe-n-kjpaw_psl.1.0.0.UPF: wavefunction(s)  2S 2P renormalized

     IMPORTANT: XC functional enforced from input :
     Exchange-correlation= HSE
                           (   1   4  12   4   0   0   0)
     EXX-fraction              =        0.25
     Any further DFT definition will be discarded
     Please, verify this is what you really want

 
     G-vector sticks info
     --------------------
     sticks:   dense  smooth     PW     G-vecs:    dense   smooth      PW
     Sum         283     283    109                 3119     3119     701
 
     Using Slab Decomposition
 

     Check: negative core charge=   -0.000077
     Reading collected, re-writing distributed wavefunctions
 
     EXX: q-point mesh:     8    8    8
     EXX: setup a grid of 512 q-points centered on each k-point
     (set verbosity='high' to see the list)

     EXX grid:     3119 G-vectors     FFT dimensions: (  24,  24,  24)
     Message from routine rotate_becxx:
     skipping rotation of <beta|psi>, this will only work for open_grid

     Writing all to output data dir ../tmp/diamond-HSE06_open.save/ :
     XML data file, pseudopotentials, collected wavefunctions
     Grid of q-points
     Dimensions:   2   2   2
     Shift:        0   0   0
     List to be put in the .win file of wannier90: (already in crystal/fractionary coordinates):
    0.000000000000000    0.000000000000000    0.000000000000000    0.0019531250
    0.000000000000000    0.000000000000000    0.125000000000000    0.0019531250
    0.000000000000000    0.000000000000000    0.250000000000000    0.0019531250
    0.000000000000000    0.000000000000000    0.375000000000000    0.0019531250
    0.000000000000000    0.000000000000000   -0.500000000000000    0.0019531250
    0.000000000000000    0.000000000000000   -0.375000000000000    0.0019531250
    0.000000000000000    0.000000000000000   -0.250000000000000    0.0019531250
    0.000000000000000    0.000000000000000   -0.125000000000000    0.0019531250
    0.000000000000000    0.125000000000000    0.000000000000000    0.0019531250
    0.000000000000000    0.125000000000000    0.125000000000000    0.0019531250
    0.000000000000000    0.125000000000000    0.250000000000000    0.0019531250
    0.000000000000000    0.125000000000000    0.375000000000000    0.0019531250
    0.000000000000000    0.125000000000000   -0.500000000000000    0.0019531250
    0.000000000000000    0.125000000000000   -0.375000000000000    0.0019531250
    0.000000000000000    0.125000000000000   -0.250000000000000    0.0019531250
    0.000000000000000    0.125000000000000   -0.125000000000000    0.0019531250
    0.000000000000000    0.250000000000000    0.000000000000000    0.0019531250
    0.000000000000000    0.250000000000000    0.125000000000000    0.0019531250
    0.000000000000000    0.250000000000000    0.250000000000000    0.0019531250
    0.000000000000000    0.250000000000000    0.375000000000000    0.0019531250
    0.000000000000000    0.250000000000000   -0.500000000000000    0.0019531250
    0.000000000000000    0.250000000000000   -0.375000000000000    0.0019531250
    0.000000000000000    0.250000000000000   -0.250000000000000    0.0019531250
    0.000000000000000    0.250000000000000   -0.125000000000000    0.0019531250
    0.000000000000000    0.375000000000000    0.000000000000000    0.0019531250
    0.000000000000000    0.375000000000000    0.125000000000000    0.0019531250
    0.000000000000000    0.375000000000000    0.250000000000000    0.0019531250
    0.000000000000000    0.375000000000000    0.375000000000000    0.0019531250
    0.000000000000000    0.375000000000000   -0.500000000000000    0.0019531250
    0.000000000000000    0.375000000000000   -0.375000000000000    0.0019531250
    0.000000000000000    0.375000000000000   -0.250000000000000    0.0019531250
    0.000000000000000    0.375000000000000   -0.125000000000000    0.0019531250
    0.000000000000000   -0.500000000000000    0.000000000000000    0.0019531250
    0.000000000000000   -0.500000000000000    0.125000000000000    0.0019531250
    0.000000000000000   -0.500000000000000    0.250000000000000    0.0019531250
    0.000000000000000   -0.500000000000000    0.375000000000000    0.0019531250
    0.000000000000000   -0.500000000000000   -0.500000000000000    0.0019531250
    0.000000000000000    0.500000000000000   -0.375000000000000    0.0019531250
    0.000000000000000    0.500000000000000   -0.250000000000000    0.0019531250
    0.000000000000000    0.500000000000000   -0.125000000000000    0.0019531250
    0.000000000000000   -0.375000000000000    0.000000000000000    0.0019531250
    0.000000000000000   -0.375000000000000    0.125000000000000    0.0019531250
    0.000000000000000   -0.375000000000000    0.250000000000000    0.0019531250
    0.000000000000000   -0.375000000000000    0.375000000000000    0.0019531250
    0.000000000000000   -0.375000000000000    0.500000000000000    0.0019531250
    0.000000000000000   -0.375000000000000   -0.375000000000000    0.0019531250
    0.000000000000000   -0.375000000000000   -0.250000000000000    0.0019531250
    0.000000000000000   -0.375000000000000   -0.125000000000000    0.0019531250
    0.000000000000000   -0.250000000000000    0.000000000000000    0.0019531250
    0.000000000000000   -0.250000000000000    0.125000000000000    0.0019531250
    0.000000000000000   -0.250000000000000    0.250000000000000    0.0019531250
    0.000000000000000   -0.250000000000000    0.375000000000000    0.0019531250
    0.000000000000000   -0.250000000000000    0.500000000000000    0.0019531250
    0.000000000000000   -0.250000000000000   -0.375000000000000    0.0019531250
    0.000000000000000   -0.250000000000000   -0.250000000000000    0.0019531250
    0.000000000000000   -0.250000000000000   -0.125000000000000    0.0019531250
    0.000000000000000   -0.125000000000000    0.000000000000000    0.0019531250
    0.000000000000000   -0.125000000000000    0.125000000000000    0.0019531250
    0.000000000000000   -0.125000000000000    0.250000000000000    0.0019531250
    0.000000000000000   -0.125000000000000    0.375000000000000    0.0019531250
    0.000000000000000   -0.125000000000000    0.500000000000000    0.0019531250
    0.000000000000000   -0.125000000000000   -0.375000000000000    0.0019531250
    0.000000000000000   -0.125000000000000   -0.250000000000000    0.0019531250
    0.000000000000000   -0.125000000000000   -0.125000000000000    0.0019531250
    0.125000000000000    0.000000000000000    0.000000000000000    0.0019531250
    0.125000000000000    0.000000000000000    0.125000000000000    0.0019531250
    0.125000000000000    0.000000000000000    0.250000000000000    0.0019531250
    0.125000000000000    0.000000000000000    0.375000000000000    0.0019531250
    0.125000000000000    0.000000000000000   -0.500000000000000    0.0019531250
    0.125000000000000    0.000000000000000   -0.375000000000000    0.0019531250
    0.125000000000000    0.000000000000000   -0.250000000000000    0.0019531250
    0.125000000000000    0.000000000000000   -0.125000000000000    0.0019531250
    0.125000000000000    0.125000000000000    0.000000000000000    0.0019531250
    0.125000000000000    0.125000000000000    0.125000000000000    0.0019531250
    0.125000000000000    0.125000000000000    0.250000000000000    0.0019531250
    0.125000000000000    0.125000000000000    0.375000000000000    0.0019531250
    0.125000000000000    0.125000000000000   -0.500000000000000    0.0019531250
    0.125000000000000    0.125000000000000   -0.375000000000000    0.0019531250
    0.125000000000000    0.125000000000000   -0.250000000000000    0.0019531250
    0.125000000000000    0.125000000000000   -0.125000000000000    0.0019531250
    0.125000000000000    0.250000000000000    0.000000000000000    0.0019531250
    0.125000000000000    0.250000000000000    0.125000000000000    0.0019531250
    0.125000000000000    0.250000000000000    0.250000000000000    0.0019531250
    0.125000000000000    0.250000000000000    0.375000000000000    0.0019531250
    0.125000000000000    0.250000000000000   -0.500000000000000    0.0019531250
    0.125000000000000    0.250000000000000   -0.375000000000000    0.0019531250
    0.125000000000000    0.250000000000000   -0.250000000000000    0.0019531250
    0.125000000000000    0.250000000000000   -0.125000000000000    0.0019531250
    0.125000000000000    0.375000000000000    0.000000000000000    0.0019531250
    0.125000000000000    0.375000000000000    0.125000000000000    0.0019531250
    0.125000000000000    0.375000000000000    0.250000000000000    0.0019531250
    0.125000000000000    0.375000000000000    0.375000000000000    0.0019531250
    0.125000000000000    0.375000000000000   -0.500000000000000    0.0019531250
    0.125000000000000    0.375000000000000   -0.375000000000000    0.0019531250
    0.125000000000000    0.375000000000000   -0.250000000000000    0.0019531250
    0.125000000000000    0.375000000000000   -0.125000000000000    0.0019531250
    0.125000000000000   -0.500000000000000    0.000000000000000    0.0019531250
    0.125000000000000   -0.500000000000000    0.125000000000000    0.0019531250
    0.125000000000000   -0.500000000000000    0.250000000000000    0.0019531250
    0.125000000000000   -0.500000000000000    0.375000000000000    0.0019531250
    0.125000000000000   -0.500000000000000   -0.500000000000000    0.0019531250
    0.125000000000000   -0.500000000000000   -0.375000000000000    0.0019531250
    0.125000000000000   -0.500000000000000   -0.250000000000000    0.0019531250
    0.125000000000000   -0.500000000000000   -0.125000000000000    0.0019531250
    0.125000000000000   -0.375000000000000    0.000000000000000    0.0019531250
    0.125000000000000   -0.375000000000000    0.125000000000000    0.0019531250
    0.125000000000000   -0.375000000000000    0.250000000000000    0.0019531250
    0.125000000000000   -0.375000000000000    0.375000000000000    0.0019531250
    0.125000000000000   -0.375000000000000   -0.500000000000000    0.0019531250
    0.125000000000000   -0.375000000000000   -0.375000000000000    0.0019531250
    0.125000000000000   -0.375000000000000   -0.250000000000000    0.0019531250
    0.125000000000000   -0.375000000000000   -0.125000000000000    0.0019531250
    0.125000000000000   -0.250000000000000    0.000000000000000    0.0019531250
    0.125000000000000   -0.250000000000000    0.125000000000000    0.0019531250
    0.125000000000000   -0.250000000000000    0.250000000000000    0.0019531250
    0.125000000000000   -0.250000000000000    0.375000000000000    0.0019531250
    0.125000000000000   -0.250000000000000   -0.500000000000000    0.0019531250
    0.125000000000000   -0.250000000000000   -0.375000000000000    0.0019531250
    0.125000000000000   -0.250000000000000   -0.250000000000000    0.0019531250
    0.125000000000000   -0.250000000000000   -0.125000000000000    0.0019531250
    0.125000000000000   -0.125000000000000    0.000000000000000    0.0019531250
    0.125000000000000   -0.125000000000000    0.125000000000000    0.0019531250
    0.125000000000000   -0.125000000000000    0.250000000000000    0.0019531250
    0.125000000000000   -0.125000000000000    0.375000000000000    0.0019531250
    0.125000000000000   -0.125000000000000   -0.500000000000000    0.0019531250
    0.125000000000000   -0.125000000000000   -0.375000000000000    0.0019531250
    0.125000000000000   -0.125000000000000   -0.250000000000000    0.0019531250
    0.125000000000000   -0.125000000000000   -0.125000000000000    0.0019531250
    0.250000000000000    0.000000000000000    0.000000000000000    0.0019531250
    0.250000000000000    0.000000000000000    0.125000000000000    0.0019531250
    0.250000000000000    0.000000000000000    0.250000000000000    0.0019531250
    0.250000000000000    0.000000000000000    0.375000000000000    0.0019531250
    0.250000000000000    0.000000000000000   -0.500000000000000    0.0019531250
    0.250000000000000    0.000000000000000   -0.375000000000000    0.0019531250
    0.250000000000000    0.000000000000000   -0.250000000000000    0.0019531250
    0.250000000000000    0.000000000000000   -0.125000000000000    0.0019531250
    0.250000000000000    0.125000000000000    0.000000000000000    0.0019531250
    0.250000000000000    0.125000000000000    0.125000000000000    0.0019531250
    0.250000000000000    0.125000000000000    0.250000000000000    0.0019531250
    0.250000000000000    0.125000000000000    0.375000000000000    0.0019531250
    0.250000000000000    0.125000000000000   -0.500000000000000    0.0019531250
    0.250000000000000    0.125000000000000   -0.375000000000000    0.0019531250
    0.250000000000000    0.125000000000000   -0.250000000000000    0.0019531250
    0.250000000000000    0.125000000000000   -0.125000000000000    0.0019531250
    0.250000000000000    0.250000000000000    0.000000000000000    0.0019531250
    0.250000000000000    0.250000000000000    0.125000000000000    0.0019531250
    0.250000000000000    0.250000000000000    0.250000000000000    0.0019531250
    0.250000000000000    0.250000000000000    0.375000000000000    0.0019531250
    0.250000000000000    0.250000000000000   -0.500000000000000    0.0019531250
    0.250000000000000    0.250000000000000   -0.375000000000000    0.0019531250
    0.250000000000000    0.250000000000000   -0.250000000000000    0.0019531250
    0.250000000000000    0.250000000000000   -0.125000000000000    0.0019531250
    0.250000000000000    0.375000000000000    0.000000000000000    0.0019531250
    0.250000000000000    0.375000000000000    0.125000000000000    0.0019531250
    0.250000000000000    0.375000000000000    0.250000000000000    0.0019531250
    0.250000000000000    0.375000000000000    0.375000000000000    0.0019531250
    0.250000000000000    0.375000000000000   -0.500000000000000    0.0019531250
    0.250000000000000    0.375000000000000   -0.375000000000000    0.0019531250
    0.250000000000000    0.375000000000000   -0.250000000000000    0.0019531250
    0.250000000000000    0.375000000000000   -0.125000000000000    0.0019531250
    0.250000000000000   -0.500000000000000    0.000000000000000    0.0019531250
    0.250000000000000   -0.500000000000000    0.125000000000000    0.0019531250
    0.250000000000000   -0.500000000000000    0.250000000000000    0.0019531250
    0.250000000000000   -0.500000000000000    0.375000000000000    0.0019531250
    0.250000000000000   -0.500000000000000   -0.500000000000000    0.0019531250
    0.250000000000000   -0.500000000000000   -0.375000000000000    0.0019531250
    0.250000000000000   -0.500000000000000   -0.250000000000000    0.0019531250
    0.250000000000000   -0.500000000000000   -0.125000000000000    0.0019531250
    0.250000000000000   -0.375000000000000    0.000000000000000    0.0019531250
    0.250000000000000   -0.375000000000000    0.125000000000000    0.0019531250
    0.250000000000000   -0.375000000000000    0.250000000000000    0.0019531250
    0.250000000000000   -0.375000000000000    0.375000000000000    0.0019531250
    0.250000000000000   -0.375000000000000   -0.500000000000000    0.0019531250
    0.250000000000000   -0.375000000000000   -0.375000000000000    0.0019531250
    0.250000000000000   -0.375000000000000   -0.250000000000000    0.0019531250
    0.250000000000000   -0.375000000000000   -0.125000000000000    0.0019531250
    0.250000000000000   -0.250000000000000    0.000000000000000    0.0019531250
    0.250000000000000   -0.250000000000000    0.125000000000000    0.0019531250
    0.250000000000000   -0.250000000000000    0.250000000000000    0.0019531250
    0.250000000000000   -0.250000000000000    0.375000000000000    0.0019531250
    0.250000000000000   -0.250000000000000   -0.500000000000000    0.0019531250
    0.250000000000000   -0.250000000000000   -0.375000000000000    0.0019531250
    0.250000000000000   -0.250000000000000   -0.250000000000000    0.0019531250
    0.250000000000000   -0.250000000000000   -0.125000000000000    0.0019531250
    0.250000000000000   -0.125000000000000    0.000000000000000    0.0019531250
    0.250000000000000   -0.125000000000000    0.125000000000000    0.0019531250
    0.250000000000000   -0.125000000000000    0.250000000000000    0.0019531250
    0.250000000000000   -0.125000000000000    0.375000000000000    0.0019531250
    0.250000000000000   -0.125000000000000   -0.500000000000000    0.0019531250
    0.250000000000000   -0.125000000000000   -0.375000000000000    0.0019531250
    0.250000000000000   -0.125000000000000   -0.250000000000000    0.0019531250
    0.250000000000000   -0.125000000000000   -0.125000000000000    0.0019531250
    0.375000000000000    0.000000000000000    0.000000000000000    0.0019531250
    0.375000000000000    0.000000000000000    0.125000000000000    0.0019531250
    0.375000000000000    0.000000000000000    0.250000000000000    0.0019531250
    0.375000000000000    0.000000000000000    0.375000000000000    0.0019531250
    0.375000000000000    0.000000000000000   -0.500000000000000    0.0019531250
    0.375000000000000    0.000000000000000   -0.375000000000000    0.0019531250
    0.375000000000000    0.000000000000000   -0.250000000000000    0.0019531250
    0.375000000000000    0.000000000000000   -0.125000000000000    0.0019531250
    0.375000000000000    0.125000000000000    0.000000000000000    0.0019531250
    0.375000000000000    0.125000000000000    0.125000000000000    0.0019531250
    0.375000000000000    0.125000000000000    0.250000000000000    0.0019531250
    0.375000000000000    0.125000000000000    0.375000000000000    0.0019531250
    0.375000000000000    0.125000000000000   -0.500000000000000    0.0019531250
    0.375000000000000    0.125000000000000   -0.375000000000000    0.0019531250
    0.375000000000000    0.125000000000000   -0.250000000000000    0.0019531250
    0.375000000000000    0.125000000000000   -0.125000000000000    0.0019531250
    0.375000000000000    0.250000000000000    0.000000000000000    0.0019531250
    0.375000000000000    0.250000000000000    0.125000000000000    0.0019531250
    0.375000000000000    0.250000000000000    0.250000000000000    0.0019531250
    0.375000000000000    0.250000000000000    0.375000000000000    0.0019531250
    0.375000000000000    0.250000000000000   -0.500000000000000    0.0019531250
    0.375000000000000    0.250000000000000   -0.375000000000000    0.0019531250
    0.375000000000000    0.250000000000000   -0.250000000000000    0.0019531250
    0.375000000000000    0.250000000000000   -0.125000000000000    0.0019531250
    0.375000000000000    0.375000000000000    0.000000000000000    0.0019531250
    0.375000000000000    0.375000000000000    0.125000000000000    0.0019531250
    0.375000000000000    0.375000000000000    0.250000000000000    0.0019531250
    0.375000000000000    0.375000000000000    0.375000000000000    0.0019531250
    0.375000000000000    0.375000000000000   -0.500000000000000    0.0019531250
    0.375000000000000    0.375000000000000   -0.375000000000000    0.0019531250
    0.375000000000000    0.375000000000000   -0.250000000000000    0.0019531250
    0.375000000000000    0.375000000000000   -0.125000000000000    0.0019531250
    0.375000000000000   -0.500000000000000    0.000000000000000    0.0019531250
    0.375000000000000   -0.500000000000000    0.125000000000000    0.0019531250
    0.375000000000000   -0.500000000000000    0.250000000000000    0.0019531250
    0.375000000000000   -0.500000000000000    0.375000000000000    0.0019531250
    0.375000000000000   -0.500000000000000   -0.500000000000000    0.0019531250
    0.375000000000000   -0.500000000000000   -0.375000000000000    0.0019531250
    0.375000000000000   -0.500000000000000   -0.250000000000000    0.0019531250
    0.375000000000000   -0.500000000000000   -0.125000000000000    0.0019531250
    0.375000000000000   -0.375000000000000    0.000000000000000    0.0019531250
    0.375000000000000   -0.375000000000000    0.125000000000000    0.0019531250
    0.375000000000000   -0.375000000000000    0.250000000000000    0.0019531250
    0.375000000000000   -0.375000000000000    0.375000000000000    0.0019531250
    0.375000000000000   -0.375000000000000   -0.500000000000000    0.0019531250
    0.375000000000000   -0.375000000000000   -0.375000000000000    0.0019531250
    0.375000000000000   -0.375000000000000   -0.250000000000000    0.0019531250
    0.375000000000000   -0.375000000000000   -0.125000000000000    0.0019531250
    0.375000000000000   -0.250000000000000    0.000000000000000    0.0019531250
    0.375000000000000   -0.250000000000000    0.125000000000000    0.0019531250
    0.375000000000000   -0.250000000000000    0.250000000000000    0.0019531250
    0.375000000000000   -0.250000000000000    0.375000000000000    0.0019531250
    0.375000000000000   -0.250000000000000   -0.500000000000000    0.0019531250
    0.375000000000000   -0.250000000000000   -0.375000000000000    0.0019531250
    0.375000000000000   -0.250000000000000   -0.250000000000000    0.0019531250
    0.375000000000000   -0.250000000000000   -0.125000000000000    0.0019531250
    0.375000000000000   -0.125000000000000    0.000000000000000    0.0019531250
    0.375000000000000   -0.125000000000000    0.125000000000000    0.0019531250
    0.375000000000000   -0.125000000000000    0.250000000000000    0.0019531250
    0.375000000000000   -0.125000000000000    0.375000000000000    0.0019531250
    0.375000000000000   -0.125000000000000   -0.500000000000000    0.0019531250
    0.375000000000000   -0.125000000000000   -0.375000000000000    0.0019531250
    0.375000000000000   -0.125000000000000   -0.250000000000000    0.0019531250
    0.375000000000000   -0.125000000000000   -0.125000000000000    0.0019531250
   -0.500000000000000    0.000000000000000    0.000000000000000    0.0019531250
   -0.500000000000000    0.000000000000000    0.125000000000000    0.0019531250
   -0.500000000000000    0.000000000000000    0.250000000000000    0.0019531250
   -0.500000000000000    0.000000000000000    0.375000000000000    0.0019531250
   -0.500000000000000    0.000000000000000   -0.500000000000000    0.0019531250
    0.500000000000000    0.000000000000000   -0.375000000000000    0.0019531250
    0.500000000000000    0.000000000000000   -0.250000000000000    0.0019531250
    0.500000000000000    0.000000000000000   -0.125000000000000    0.0019531250
   -0.500000000000000    0.125000000000000    0.000000000000000    0.0019531250
   -0.500000000000000    0.125000000000000    0.125000000000000    0.0019531250
   -0.500000000000000    0.125000000000000    0.250000000000000    0.0019531250
   -0.500000000000000    0.125000000000000    0.375000000000000    0.0019531250
   -0.500000000000000    0.125000000000000   -0.500000000000000    0.0019531250
   -0.500000000000000    0.125000000000000   -0.375000000000000    0.0019531250
   -0.500000000000000    0.125000000000000   -0.250000000000000    0.0019531250
   -0.500000000000000    0.125000000000000   -0.125000000000000    0.0019531250
   -0.500000000000000    0.250000000000000    0.000000000000000    0.0019531250
   -0.500000000000000    0.250000000000000    0.125000000000000    0.0019531250
   -0.500000000000000    0.250000000000000    0.250000000000000    0.0019531250
   -0.500000000000000    0.250000000000000    0.375000000000000    0.0019531250
   -0.500000000000000    0.250000000000000   -0.500000000000000    0.0019531250
   -0.500000000000000    0.250000000000000   -0.375000000000000    0.0019531250
   -0.500000000000000    0.250000000000000   -0.250000000000000    0.0019531250
   -0.500000000000000    0.250000000000000   -0.125000000000000    0.0019531250
   -0.500000000000000    0.375000000000000    0.000000000000000    0.0019531250
   -0.500000000000000    0.375000000000000    0.125000000000000    0.0019531250
   -0.500000000000000    0.375000000000000    0.250000000000000    0.0019531250
   -0.500000000000000    0.375000000000000    0.375000000000000    0.0019531250
   -0.500000000000000    0.375000000000000   -0.500000000000000    0.0019531250
   -0.500000000000000    0.375000000000000   -0.375000000000000    0.0019531250
   -0.500000000000000    0.375000000000000   -0.250000000000000    0.0019531250
   -0.500000000000000    0.375000000000000   -0.125000000000000    0.0019531250
   -0.500000000000000   -0.500000000000000    0.000000000000000    0.0019531250
   -0.500000000000000   -0.500000000000000    0.125000000000000    0.0019531250
   -0.500000000000000   -0.500000000000000    0.250000000000000    0.0019531250
   -0.500000000000000   -0.500000000000000    0.375000000000000    0.0019531250
   -0.500000000000000   -0.500000000000000   -0.500000000000000    0.0019531250
    0.500000000000000    0.500000000000000   -0.375000000000000    0.0019531250
    0.500000000000000    0.500000000000000   -0.250000000000000    0.0019531250
    0.500000000000000    0.500000000000000   -0.125000000000000    0.0019531250
    0.500000000000000   -0.375000000000000    0.000000000000000    0.0019531250
    0.500000000000000   -0.375000000000000    0.125000000000000    0.0019531250
    0.500000000000000   -0.375000000000000    0.250000000000000    0.0019531250
    0.500000000000000   -0.375000000000000    0.375000000000000    0.0019531250
    0.500000000000000   -0.375000000000000    0.500000000000000    0.0019531250
    0.500000000000000   -0.375000000000000   -0.375000000000000    0.0019531250
    0.500000000000000   -0.375000000000000   -0.250000000000000    0.0019531250
    0.500000000000000   -0.375000000000000   -0.125000000000000    0.0019531250
    0.500000000000000   -0.250000000000000    0.000000000000000    0.0019531250
    0.500000000000000   -0.250000000000000    0.125000000000000    0.0019531250
    0.500000000000000   -0.250000000000000    0.250000000000000    0.0019531250
    0.500000000000000   -0.250000000000000    0.375000000000000    0.0019531250
    0.500000000000000   -0.250000000000000    0.500000000000000    0.0019531250
    0.500000000000000   -0.250000000000000   -0.375000000000000    0.0019531250
    0.500000000000000   -0.250000000000000   -0.250000000000000    0.0019531250
    0.500000000000000   -0.250000000000000   -0.125000000000000    0.0019531250
    0.500000000000000   -0.125000000000000    0.000000000000000    0.0019531250
    0.500000000000000   -0.125000000000000    0.125000000000000    0.0019531250
    0.500000000000000   -0.125000000000000    0.250000000000000    0.0019531250
    0.500000000000000   -0.125000000000000    0.375000000000000    0.0019531250
    0.500000000000000   -0.125000000000000    0.500000000000000    0.0019531250
    0.500000000000000   -0.125000000000000   -0.375000000000000    0.0019531250
    0.500000000000000   -0.125000000000000   -0.250000000000000    0.0019531250
    0.500000000000000   -0.125000000000000   -0.125000000000000    0.0019531250
   -0.375000000000000    0.000000000000000    0.000000000000000    0.0019531250
   -0.375000000000000    0.000000000000000    0.125000000000000    0.0019531250
   -0.375000000000000    0.000000000000000    0.250000000000000    0.0019531250
   -0.375000000000000    0.000000000000000    0.375000000000000    0.0019531250
   -0.375000000000000    0.000000000000000    0.500000000000000    0.0019531250
   -0.375000000000000    0.000000000000000   -0.375000000000000    0.0019531250
   -0.375000000000000    0.000000000000000   -0.250000000000000    0.0019531250
   -0.375000000000000    0.000000000000000   -0.125000000000000    0.0019531250
   -0.375000000000000    0.125000000000000    0.000000000000000    0.0019531250
   -0.375000000000000    0.125000000000000    0.125000000000000    0.0019531250
   -0.375000000000000    0.125000000000000    0.250000000000000    0.0019531250
   -0.375000000000000    0.125000000000000    0.375000000000000    0.0019531250
   -0.375000000000000    0.125000000000000    0.500000000000000    0.0019531250
   -0.375000000000000    0.125000000000000   -0.375000000000000    0.0019531250
   -0.375000000000000    0.125000000000000   -0.250000000000000    0.0019531250
   -0.375000000000000    0.125000000000000   -0.125000000000000    0.0019531250
   -0.375000000000000    0.250000000000000    0.000000000000000    0.0019531250
   -0.375000000000000    0.250000000000000    0.125000000000000    0.0019531250
   -0.375000000000000    0.250000000000000    0.250000000000000    0.0019531250
   -0.375000000000000    0.250000000000000    0.375000000000000    0.0019531250
   -0.375000000000000    0.250000000000000    0.500000000000000    0.0019531250
   -0.375000000000000    0.250000000000000   -0.375000000000000    0.0019531250
   -0.375000000000000    0.250000000000000   -0.250000000000000    0.0019531250
   -0.375000000000000    0.250000000000000   -0.125000000000000    0.0019531250
   -0.375000000000000    0.375000000000000    0.000000000000000    0.0019531250
   -0.375000000000000    0.375000000000000    0.125000000000000    0.0019531250
   -0.375000000000000    0.375000000000000    0.250000000000000    0.0019531250
   -0.375000000000000    0.375000000000000    0.375000000000000    0.0019531250
   -0.375000000000000    0.375000000000000    0.500000000000000    0.0019531250
   -0.375000000000000    0.375000000000000   -0.375000000000000    0.0019531250
   -0.375000000000000    0.375000000000000   -0.250000000000000    0.0019531250
   -0.375000000000000    0.375000000000000   -0.125000000000000    0.0019531250
   -0.375000000000000    0.500000000000000    0.000000000000000    0.0019531250
   -0.375000000000000    0.500000000000000    0.125000000000000    0.0019531250
   -0.375000000000000    0.500000000000000    0.250000000000000    0.0019531250
   -0.375000000000000    0.500000000000000    0.375000000000000    0.0019531250
   -0.375000000000000    0.500000000000000    0.500000000000000    0.0019531250
   -0.375000000000000    0.500000000000000   -0.375000000000000    0.0019531250
   -0.375000000000000    0.500000000000000   -0.250000000000000    0.0019531250
   -0.375000000000000    0.500000000000000   -0.125000000000000    0.0019531250
   -0.375000000000000   -0.375000000000000    0.000000000000000    0.0019531250
   -0.375000000000000   -0.375000000000000    0.125000000000000    0.0019531250
   -0.375000000000000   -0.375000000000000    0.250000000000000    0.0019531250
   -0.375000000000000   -0.375000000000000    0.375000000000000    0.0019531250
   -0.375000000000000   -0.375000000000000    0.500000000000000    0.0019531250
   -0.375000000000000   -0.375000000000000   -0.375000000000000    0.0019531250
   -0.375000000000000   -0.375000000000000   -0.250000000000000    0.0019531250
   -0.375000000000000   -0.375000000000000   -0.125000000000000    0.0019531250
   -0.375000000000000   -0.250000000000000    0.000000000000000    0.0019531250
   -0.375000000000000   -0.250000000000000    0.125000000000000    0.0019531250
   -0.375000000000000   -0.250000000000000    0.250000000000000    0.0019531250
   -0.375000000000000   -0.250000000000000    0.375000000000000    0.0019531250
   -0.375000000000000   -0.250000000000000    0.500000000000000    0.0019531250
   -0.375000000000000   -0.250000000000000   -0.375000000000000    0.0019531250
   -0.375000000000000   -0.250000000000000   -0.250000000000000    0.0019531250
   -0.375000000000000   -0.250000000000000   -0.125000000000000    0.0019531250
   -0.375000000000000   -0.125000000000000    0.000000000000000    0.0019531250
   -0.375000000000000   -0.125000000000000    0.125000000000000    0.0019531250
   -0.375000000000000   -0.125000000000000    0.250000000000000    0.0019531250
   -0.375000000000000   -0.125000000000000    0.375000000000000    0.0019531250
   -0.375000000000000   -0.125000000000000    0.500000000000000    0.0019531250
   -0.375000000000000   -0.125000000000000   -0.375000000000000    0.0019531250
   -0.375000000000000   -0.125000000000000   -0.250000000000000    0.0019531250
   -0.375000000000000   -0.125000000000000   -0.125000000000000    0.0019531250
   -0.250000000000000    0.000000000000000    0.000000000000000    0.0019531250
   -0.250000000000000    0.000000000000000    0.125000000000000    0.0019531250
   -0.250000000000000    0.000000000000000    0.250000000000000    0.0019531250
   -0.250000000000000    0.000000000000000    0.375000000000000    0.0019531250
   -0.250000000000000    0.000000000000000    0.500000000000000    0.0019531250
   -0.250000000000000    0.000000000000000   -0.375000000000000    0.0019531250
   -0.250000000000000    0.000000000000000   -0.250000000000000    0.0019531250
   -0.250000000000000    0.000000000000000   -0.125000000000000    0.0019531250
   -0.250000000000000    0.125000000000000    0.000000000000000    0.0019531250
   -0.250000000000000    0.125000000000000    0.125000000000000    0.0019531250
   -0.250000000000000    0.125000000000000    0.250000000000000    0.0019531250
   -0.250000000000000    0.125000000000000    0.375000000000000    0.0019531250
   -0.250000000000000    0.125000000000000    0.500000000000000    0.0019531250
   -0.250000000000000    0.125000000000000   -0.375000000000000    0.0019531250
   -0.250000000000000    0.125000000000000   -0.250000000000000    0.0019531250
   -0.250000000000000    0.125000000000000   -0.125000000000000    0.0019531250
   -0.250000000000000    0.250000000000000    0.000000000000000    0.0019531250
   -0.250000000000000    0.250000000000000    0.125000000000000    0.0019531250
   -0.250000000000000    0.250000000000000    0.250000000000000    0.0019531250
   -0.250000000000000    0.250000000000000    0.375000000000000    0.0019531250
   -0.250000000000000    0.250000000000000    0.500000000000000    0.0019531250
   -0.250000000000000    0.250000000000000   -0.375000000000000    0.0019531250
   -0.250000000000000    0.250000000000000   -0.250000000000000    0.0019531250
   -0.250000000000000    0.250000000000000   -0.125000000000000    0.0019531250
   -0.250000000000000    0.375000000000000    0.000000000000000    0.0019531250
   -0.250000000000000    0.375000000000000    0.125000000000000    0.0019531250
   -0.250000000000000    0.375000000000000    0.250000000000000    0.0019531250
   -0.250000000000000    0.375000000000000    0.375000000000000    0.0019531250
   -0.250000000000000    0.375000000000000    0.500000000000000    0.0019531250
   -0.250000000000000    0.375000000000000   -0.375000000000000    0.0019531250
   -0.250000000000000    0.375000000000000   -0.250000000000000    0.0019531250
   -0.250000000000000    0.375000000000000   -0.125000000000000    0.0019531250
   -0.250000000000000    0.500000000000000    0.000000000000000    0.0019531250
   -0.250000000000000    0.500000000000000    0.125000000000000    0.0019531250
   -0.250000000000000    0.500000000000000    0.250000000000000    0.0019531250
   -0.250000000000000    0.500000000000000    0.375000000000000    0.0019531250
   -0.250000000000000    0.500000000000000    0.500000000000000    0.0019531250
   -0.250000000000000    0.500000000000000   -0.375000000000000    0.0019531250
   -0.250000000000000    0.500000000000000   -0.250000000000000    0.0019531250
   -0.250000000000000    0.500000000000000   -0.125000000000000    0.0019531250
   -0.250000000000000   -0.375000000000000    0.000000000000000    0.0019531250
   -0.250000000000000   -0.375000000000000    0.125000000000000    0.0019531250
   -0.250000000000000   -0.375000000000000    0.250000000000000    0.0019531250
   -0.250000000000000   -0.375000000000000    0.375000000000000    0.0019531250
   -0.250000000000000   -0.375000000000000    0.500000000000000    0.0019531250
   -0.250000000000000   -0.375000000000000   -0.375000000000000    0.0019531250
   -0.250000000000000   -0.375000000000000   -0.250000000000000    0.0019531250
   -0.250000000000000   -0.375000000000000   -0.125000000000000    0.0019531250
   -0.250000000000000   -0.250000000000000    0.000000000000000    0.0019531250
   -0.250000000000000   -0.250000000000000    0.125000000000000    0.0019531250
   -0.250000000000000   -0.250000000000000    0.250000000000000    0.0019531250
   -0.250000000000000   -0.250000000000000    0.375000000000000    0.0019531250
   -0.250000000000000   -0.250000000000000    0.500000000000000    0.0019531250
   -0.250000000000000   -0.250000000000000   -0.375000000000000    0.0019531250
   -0.250000000000000   -0.250000000000000   -0.250000000000000    0.0019531250
   -0.250000000000000   -0.250000000000000   -0.125000000000000    0.0019531250
   -0.250000000000000   -0.125000000000000    0.000000000000000    0.0019531250
   -0.250000000000000   -0.125000000000000    0.125000000000000    0.0019531250
   -0.250000000000000   -0.125000000000000    0.250000000000000    0.0019531250
   -0.250000000000000   -0.125000000000000    0.375000000000000    0.0019531250
   -0.250000000000000   -0.125000000000000    0.500000000000000    0.0019531250
   -0.250000000000000   -0.125000000000000   -0.375000000000000    0.0019531250
   -0.250000000000000   -0.125000000000000   -0.250000000000000    0.0019531250
   -0.250000000000000   -0.125000000000000   -0.125000000000000    0.0019531250
   -0.125000000000000    0.000000000000000    0.000000000000000    0.0019531250
   -0.125000000000000    0.000000000000000    0.125000000000000    0.0019531250
   -0.125000000000000    0.000000000000000    0.250000000000000    0.0019531250
   -0.125000000000000    0.000000000000000    0.375000000000000    0.0019531250
   -0.125000000000000    0.000000000000000    0.500000000000000    0.0019531250
   -0.125000000000000    0.000000000000000   -0.375000000000000    0.0019531250
   -0.125000000000000    0.000000000000000   -0.250000000000000    0.0019531250
   -0.125000000000000    0.000000000000000   -0.125000000000000    0.0019531250
   -0.125000000000000    0.125000000000000    0.000000000000000    0.0019531250
   -0.125000000000000    0.125000000000000    0.125000000000000    0.0019531250
   -0.125000000000000    0.125000000000000    0.250000000000000    0.0019531250
   -0.125000000000000    0.125000000000000    0.375000000000000    0.0019531250
   -0.125000000000000    0.125000000000000    0.500000000000000    0.0019531250
   -0.125000000000000    0.125000000000000   -0.375000000000000    0.0019531250
   -0.125000000000000    0.125000000000000   -0.250000000000000    0.0019531250
   -0.125000000000000    0.125000000000000   -0.125000000000000    0.0019531250
   -0.125000000000000    0.250000000000000    0.000000000000000    0.0019531250
   -0.125000000000000    0.250000000000000    0.125000000000000    0.0019531250
   -0.125000000000000    0.250000000000000    0.250000000000000    0.0019531250
   -0.125000000000000    0.250000000000000    0.375000000000000    0.0019531250
   -0.125000000000000    0.250000000000000    0.500000000000000    0.0019531250
   -0.125000000000000    0.250000000000000   -0.375000000000000    0.0019531250
   -0.125000000000000    0.250000000000000   -0.250000000000000    0.0019531250
   -0.125000000000000    0.250000000000000   -0.125000000000000    0.0019531250
   -0.125000000000000    0.375000000000000    0.000000000000000    0.0019531250
   -0.125000000000000    0.375000000000000    0.125000000000000    0.0019531250
   -0.125000000000000    0.375000000000000    0.250000000000000    0.0019531250
   -0.125000000000000    0.375000000000000    0.375000000000000    0.0019531250
   -0.125000000000000    0.375000000000000    0.500000000000000    0.0019531250
   -0.125000000000000    0.375000000000000   -0.375000000000000    0.0019531250
   -0.125000000000000    0.375000000000000   -0.250000000000000    0.0019531250
   -0.125000000000000    0.375000000000000   -0.125000000000000    0.0019531250
   -0.125000000000000    0.500000000000000    0.000000000000000    0.0019531250
   -0.125000000000000    0.500000000000000    0.125000000000000    0.0019531250
   -0.125000000000000    0.500000000000000    0.250000000000000    0.0019531250
   -0.125000000000000    0.500000000000000    0.375000000000000    0.0019531250
   -0.125000000000000    0.500000000000000    0.500000000000000    0.0019531250
   -0.125000000000000    0.500000000000000   -0.375000000000000    0.0019531250
   -0.125000000000000    0.500000000000000   -0.250000000000000    0.0019531250
   -0.125000000000000    0.500000000000000   -0.125000000000000    0.0019531250
   -0.125000000000000   -0.375000000000000    0.000000000000000    0.0019531250
   -0.125000000000000   -0.375000000000000    0.125000000000000    0.0019531250
   -0.125000000000000   -0.375000000000000    0.250000000000000    0.0019531250
   -0.125000000000000   -0.375000000000000    0.375000000000000    0.0019531250
   -0.125000000000000   -0.375000000000000    0.500000000000000    0.0019531250
   -0.125000000000000   -0.375000000000000   -0.375000000000000    0.0019531250
   -0.125000000000000   -0.375000000000000   -0.250000000000000    0.0019531250
   -0.125000000000000   -0.375000000000000   -0.125000000000000    0.0019531250
   -0.125000000000000   -0.250000000000000    0.000000000000000    0.0019531250
   -0.125000000000000   -0.250000000000000    0.125000000000000    0.0019531250
   -0.125000000000000   -0.250000000000000    0.250000000000000    0.0019531250
   -0.125000000000000   -0.250000000000000    0.375000000000000    0.0019531250
   -0.125000000000000   -0.250000000000000    0.500000000000000    0.0019531250
   -0.125000000000000   -0.250000000000000   -0.375000000000000    0.0019531250
   -0.125000000000000   -0.250000000000000   -0.250000000000000    0.0019531250
   -0.125000000000000   -0.250000000000000   -0.125000000000000    0.0019531250
   -0.125000000000000   -0.125000000000000    0.000000000000000    0.0019531250
   -0.125000000000000   -0.125000000000000    0.125000000000000    0.0019531250
   -0.125000000000000   -0.125000000000000    0.250000000000000    0.0019531250
   -0.125000000000000   -0.125000000000000    0.375000000000000    0.0019531250
   -0.125000000000000   -0.125000000000000    0.500000000000000    0.0019531250
   -0.125000000000000   -0.125000000000000   -0.375000000000000    0.0019531250
   -0.125000000000000   -0.125000000000000   -0.250000000000000    0.0019531250
   -0.125000000000000   -0.125000000000000   -0.125000000000000    0.0019531250
 
     OPEN_GRID    :      2.64s CPU      4.09s WALL

 
   This run was terminated on:   1:31:17  28Jul2026            

=------------------------------------------------------------------------------=
   JOB DONE.
=------------------------------------------------------------------------------=
 
