     8 : nkpt
    13 : nstsv

     1   0.000000000       0.000000000       0.000000000     : k-point, vkl
 (state, eigenvalue and occupancy below)
     1  -313251.7197       0.000000000    
     2  -281791.2599       0.000000000    
     3  -7535.236419       0.000000000    
     4  -7535.236032       0.000000000    
     5  -6307.915430       0.000000000    
     6  -6307.915206       0.000000000    
     7  -2835.914572       0.000000000    
     8  -2027.980841       0.000000000    
     9  -1937.683162       0.000000000    
    10  -1937.683147       0.000000000    
    11  -1470.376401       0.000000000    
    12  -1470.376388       0.000000000    
    13  -459.2169884       0.000000000    


     2  0.2500000000       0.000000000       0.000000000     : k-point, vkl
 (state, eigenvalue and occupancy below)
     1  -310501.7448       0.000000000    
     2  -298745.0762       0.000000000    
     3  -8284.792112       0.000000000    
     4  -7815.711109       0.000000000    
     5  -6857.207987       0.000000000    
     6  -6639.968308       0.000000000    
     7  -2819.643433       0.000000000    
     8  -2366.159083       0.000000000    
     9  -2027.945890       0.000000000    
    10  -2020.141291       0.000000000    
    11  -1601.634900       0.000000000    
    12  -1597.098121       0.000000000    
    13  -566.5899786       0.000000000    


     3  0.5000000000       0.000000000       0.000000000     : k-point, vkl
 (state, eigenvalue and occupancy below)
     1  -315084.3649       0.000000000    
     2  -294707.7325       0.000000000    
     3  -8872.940689       0.000000000    
     4  -6935.428625       0.000000000    
     5  -6672.362411       0.000000000    
     6  -6408.822640       0.000000000    
     7  -2976.804807       0.000000000    
     8  -2426.242580       0.000000000    
     9  -1999.719670       0.000000000    
    10  -1967.719278       0.000000000    
    11  -1801.018744       0.000000000    
    12  -1514.133571       0.000000000    
    13  -499.8577049       0.000000000    


     4  0.2500000000      0.2500000000       0.000000000     : k-point, vkl
 (state, eigenvalue and occupancy below)
     1  -344887.5704       0.000000000    
     2  -301725.8857       0.000000000    
     3  -8412.029779       0.000000000    
     4  -7671.049673       0.000000000    
     5  -7450.730714       0.000000000    
     6  -6919.932636       0.000000000    
     7  -2877.247375       0.000000000    
     8  -2565.735925       0.000000000    
     9  -1998.717088       0.000000000    
    10  -1964.284960       0.000000000    
    11  -1815.760985       0.000000000    
    12  -1797.432739       0.000000000    
    13  -510.0835716       0.000000000    


     5  0.5000000000      0.2500000000       0.000000000     : k-point, vkl
 (state, eigenvalue and occupancy below)
     1  -306219.6367       0.000000000    
     2  -287667.6895       0.000000000    
     3  -7720.628091       0.000000000    
     4  -7483.578379       0.000000000    
     5  -7132.573856       0.000000000    
     6  -6791.185682       0.000000000    
     7  -2561.457631       0.000000000    
     8  -2488.215185       0.000000000    
     9  -1979.161900       0.000000000    
    10  -1879.321455       0.000000000    
    11  -1818.546984       0.000000000    
    12  -1636.992986       0.000000000    
    13  -489.5861131       0.000000000    


     6  0.7500000000      0.2500000000       0.000000000     : k-point, vkl
 (state, eigenvalue and occupancy below)
     1  -301636.0668       0.000000000    
     2  -289112.1753       0.000000000    
     3  -7514.515134       0.000000000    
     4  -7089.918299       0.000000000    
     5  -6717.883650       0.000000000    
     6  -6483.138031       0.000000000    
     7  -2562.570672       0.000000000    
     8  -2474.939507       0.000000000    
     9  -1849.563800       0.000000000    
    10  -1784.262885       0.000000000    
    11  -1694.797494       0.000000000    
    12  -1633.417296       0.000000000    
    13  -430.1742459       0.000000000    


     7  0.5000000000      0.5000000000       0.000000000     : k-point, vkl
 (state, eigenvalue and occupancy below)
     1  -318208.4224       0.000000000    
     2  -281440.8702       0.000000000    
     3  -7407.929240       0.000000000    
     4  -7387.153382       0.000000000    
     5  -6977.219102       0.000000000    
     6  -6575.101193       0.000000000    
     7  -2812.498798       0.000000000    
     8  -2582.809422       0.000000000    
     9  -1976.698515       0.000000000    
    10  -1912.474012       0.000000000    
    11  -1731.789215       0.000000000    
    12  -1726.432006       0.000000000    
    13  -461.4801207       0.000000000    


     8  0.7500000000      0.5000000000      0.2500000000     : k-point, vkl
 (state, eigenvalue and occupancy below)
     1  -295281.2630       0.000000000    
     2  -243393.0520       0.000000000    
     3  -7387.204442       0.000000000    
     4  -6541.322616       0.000000000    
     5  -6256.372315       0.000000000    
     6  -6162.711030       0.000000000    
     7  -2395.775512       0.000000000    
     8  -2325.993049       0.000000000    
     9  -1781.117716       0.000000000    
    10  -1674.862629       0.000000000    
    11  -1568.696010       0.000000000    
    12  -1469.058290       0.000000000    
    13  -417.8332744       0.000000000    

