
┌────────────────────────────┐
│ Real-space lattice vectors │
└────────────────────────────┘

vector a1 :    0.000000000       3.370000000       3.370000000    
vector a2 :    3.370000000       0.000000000       3.370000000    
vector a3 :    3.370000000       3.370000000       0.000000000    

Stored column-wise as a matrix :
   0.000000000       3.370000000       3.370000000    
   3.370000000       0.000000000       3.370000000    
   3.370000000       3.370000000       0.000000000    

Inverse of matrix :
 -0.1483679525      0.1483679525      0.1483679525    
  0.1483679525     -0.1483679525      0.1483679525    
  0.1483679525      0.1483679525     -0.1483679525    

Unit cell volume :    76.54550600    


┌──────────────────────────────────┐
│ Reciprocal-space lattice vectors │
└──────────────────────────────────┘

vector b1 :  -0.9322233393      0.9322233393      0.9322233393    
vector b2 :   0.9322233393     -0.9322233393      0.9322233393    
vector b3 :   0.9322233393      0.9322233393     -0.9322233393    

Stored column-wise as a matrix :
 -0.9322233393      0.9322233393      0.9322233393    
  0.9322233393     -0.9322233393      0.9322233393    
  0.9322233393      0.9322233393     -0.9322233393    

Inverse of matrix :
  0.2640260561E-17  0.5363521582      0.5363521582    
  0.5363521582      0.2640260561E-17  0.5363521582    
  0.5363521582      0.5363521582       0.000000000    

Brillouin zone volume :    3.240558805    
