    20 : nkpt
    13 : nstsv

     1   0.000000000       0.000000000       0.000000000     : k-point, vkl
 (state, eigenvalue and occupancy below)
     1  -313251.7197       0.000000000    
     2  -281791.2599       0.000000000    
     3  -7535.236419       0.000000000    
     4  -7535.236032       0.000000000    
     5  -6307.915430       0.000000000    
     6  -6307.915206       0.000000000    
     7  -2835.914572       0.000000000    
     8  -2027.980841       0.000000000    
     9  -1937.683162       0.000000000    
    10  -1937.683147       0.000000000    
    11  -1470.376401       0.000000000    
    12  -1470.376388       0.000000000    
    13  -459.2169884       0.000000000    


     2  0.1428571429       0.000000000       0.000000000     : k-point, vkl
 (state, eigenvalue and occupancy below)
     1  -318643.3405       0.000000000    
     2  -308248.4119       0.000000000    
     3  -7720.376912       0.000000000    
     4  -7623.201675       0.000000000    
     5  -7062.231757       0.000000000    
     6  -6877.690476       0.000000000    
     7  -2890.334364       0.000000000    
     8  -2597.436789       0.000000000    
     9  -2028.303668       0.000000000    
    10  -1993.259103       0.000000000    
    11  -1820.575854       0.000000000    
    12  -1722.462373       0.000000000    
    13  -484.3848988       0.000000000    


     3  0.2857142857       0.000000000       0.000000000     : k-point, vkl
 (state, eigenvalue and occupancy below)
     1  -305923.4951       0.000000000    
     2  -295320.9844       0.000000000    
     3  -8285.174241       0.000000000    
     4  -7644.330881       0.000000000    
     5  -6973.800701       0.000000000    
     6  -6805.181852       0.000000000    
     7  -2571.111416       0.000000000    
     8  -2327.631251       0.000000000    
     9  -1899.106235       0.000000000    
    10  -1850.536036       0.000000000    
    11  -1636.533982       0.000000000    
    12  -1587.562237       0.000000000    
    13  -552.9100289       0.000000000    


     4  0.4285714286       0.000000000       0.000000000     : k-point, vkl
 (state, eigenvalue and occupancy below)
     1  -295099.1606       0.000000000    
     2  -290698.9900       0.000000000    
     3  -8022.413997       0.000000000    
     4  -7648.986857       0.000000000    
     5  -6717.195475       0.000000000    
     6  -6620.704939       0.000000000    
     7  -2707.545657       0.000000000    
     8  -2359.816514       0.000000000    
     9  -2055.711201       0.000000000    
    10  -1859.623749       0.000000000    
    11  -1698.359602       0.000000000    
    12  -1530.754199       0.000000000    
    13  -521.7920446       0.000000000    


     5  0.1428571429      0.1428571429       0.000000000     : k-point, vkl
 (state, eigenvalue and occupancy below)
     1  -321202.0511       0.000000000    
     2  -295251.5220       0.000000000    
     3  -8042.047993       0.000000000    
     4  -7297.967309       0.000000000    
     5  -6811.355300       0.000000000    
     6  -6479.292437       0.000000000    
     7  -2667.188750       0.000000000    
     8  -2545.004662       0.000000000    
     9  -1914.511725       0.000000000    
    10  -1812.547652       0.000000000    
    11  -1800.482380       0.000000000    
    12  -1761.668461       0.000000000    
    13  -471.7946968       0.000000000    


     6  0.2857142857      0.1428571429       0.000000000     : k-point, vkl
 (state, eigenvalue and occupancy below)
     1  -328257.3631       0.000000000    
     2  -310002.8765       0.000000000    
     3  -8384.662313       0.000000000    
     4  -7695.052525       0.000000000    
     5  -7331.856787       0.000000000    
     6  -6582.108668       0.000000000    
     7  -2782.845769       0.000000000    
     8  -2571.716095       0.000000000    
     9  -2031.824199       0.000000000    
    10  -1914.253357       0.000000000    
    11  -1758.447821       0.000000000    
    12  -1663.536666       0.000000000    
    13  -509.9406302       0.000000000    


     7  0.4285714286      0.1428571429       0.000000000     : k-point, vkl
 (state, eigenvalue and occupancy below)
     1  -294473.8940       0.000000000    
     2  -290249.6409       0.000000000    
     3  -7808.997353       0.000000000    
     4  -7226.227473       0.000000000    
     5  -7030.926732       0.000000000    
     6  -6716.807467       0.000000000    
     7  -2513.353782       0.000000000    
     8  -2295.105535       0.000000000    
     9  -1905.775331       0.000000000    
    10  -1841.655005       0.000000000    
    11  -1787.749933       0.000000000    
    12  -1616.421340       0.000000000    
    13  -470.8770019       0.000000000    


     8  0.5714285714      0.1428571429       0.000000000     : k-point, vkl
 (state, eigenvalue and occupancy below)
     1  -301597.1777       0.000000000    
     2  -287863.2774       0.000000000    
     3  -7666.109121       0.000000000    
     4  -7286.216848       0.000000000    
     5  -7064.069993       0.000000000    
     6  -6486.633453       0.000000000    
     7  -2591.693939       0.000000000    
     8  -2409.143933       0.000000000    
     9  -1847.174242       0.000000000    
    10  -1808.782703       0.000000000    
    11  -1734.366112       0.000000000    
    12  -1567.118414       0.000000000    
    13  -444.2914562       0.000000000    


     9  0.7142857143      0.1428571429       0.000000000     : k-point, vkl
 (state, eigenvalue and occupancy below)
     1  -299259.0164       0.000000000    
     2  -276681.4907       0.000000000    
     3  -8011.314418       0.000000000    
     4  -7136.777042       0.000000000    
     5  -6663.614923       0.000000000    
     6  -6356.565005       0.000000000    
     7  -2690.211726       0.000000000    
     8  -2274.283972       0.000000000    
     9  -1886.954835       0.000000000    
    10  -1789.460078       0.000000000    
    11  -1707.255020       0.000000000    
    12  -1620.920493       0.000000000    
    13  -466.3023294       0.000000000    


    10  0.8571428571      0.1428571429       0.000000000     : k-point, vkl
 (state, eigenvalue and occupancy below)
     1  -283685.4520       0.000000000    
     2  -277593.3157       0.000000000    
     3  -8083.558152       0.000000000    
     4  -7276.982346       0.000000000    
     5  -6504.534229       0.000000000    
     6  -6184.378882       0.000000000    
     7  -2598.777366       0.000000000    
     8  -2238.073663       0.000000000    
     9  -1918.273468       0.000000000    
    10  -1784.779806       0.000000000    
    11  -1644.908777       0.000000000    
    12  -1478.968048       0.000000000    
    13  -516.3626803       0.000000000    


    11  0.2857142857      0.2857142857       0.000000000     : k-point, vkl
 (state, eigenvalue and occupancy below)
     1  -309351.9480       0.000000000    
     2  -297421.8025       0.000000000    
     3  -7508.505737       0.000000000    
     4  -7089.577176       0.000000000    
     5  -6905.325531       0.000000000    
     6  -6559.339635       0.000000000    
     7  -2784.049451       0.000000000    
     8  -2477.886004       0.000000000    
     9  -1958.108340       0.000000000    
    10  -1919.548629       0.000000000    
    11  -1760.115710       0.000000000    
    12  -1707.087977       0.000000000    
    13  -444.5622540       0.000000000    


    12  0.4285714286      0.2857142857       0.000000000     : k-point, vkl
 (state, eigenvalue and occupancy below)
     1  -285652.2486       0.000000000    
     2  -272370.9439       0.000000000    
     3  -7154.800538       0.000000000    
     4  -6697.243131       0.000000000    
     5  -6611.914825       0.000000000    
     6  -6373.719572       0.000000000    
     7  -2498.808670       0.000000000    
     8  -2136.811835       0.000000000    
     9  -1815.331692       0.000000000    
    10  -1772.577962       0.000000000    
    11  -1673.400045       0.000000000    
    12  -1524.594196       0.000000000    
    13  -428.1640696       0.000000000    


    13  0.5714285714      0.2857142857       0.000000000     : k-point, vkl
 (state, eigenvalue and occupancy below)
     1  -315762.5823       0.000000000    
     2  -294507.6809       0.000000000    
     3  -8024.525095       0.000000000    
     4  -7435.615877       0.000000000    
     5  -7295.061841       0.000000000    
     6  -6982.479259       0.000000000    
     7  -2718.071723       0.000000000    
     8  -2640.578469       0.000000000    
     9  -2060.155448       0.000000000    
    10  -1936.046014       0.000000000    
    11  -1858.415917       0.000000000    
    12  -1740.296250       0.000000000    
    13  -521.9788557       0.000000000    


    14  0.7142857143      0.2857142857       0.000000000     : k-point, vkl
 (state, eigenvalue and occupancy below)
     1  -331542.8695       0.000000000    
     2  -294745.2135       0.000000000    
     3  -8359.855143       0.000000000    
     4  -7670.278531       0.000000000    
     5  -7344.234580       0.000000000    
     6  -6847.413008       0.000000000    
     7  -2686.835352       0.000000000    
     8  -2678.912150       0.000000000    
     9  -2016.577484       0.000000000    
    10  -1981.175863       0.000000000    
    11  -1829.635937       0.000000000    
    12  -1749.785224       0.000000000    
    13  -506.6641670       0.000000000    


    15  0.4285714286      0.4285714286       0.000000000     : k-point, vkl
 (state, eigenvalue and occupancy below)
     1  -296567.9917       0.000000000    
     2  -256185.1552       0.000000000    
     3  -7261.133870       0.000000000    
     4  -6646.201218       0.000000000    
     5  -6549.901692       0.000000000    
     6  -6054.378706       0.000000000    
     7  -2457.789132       0.000000000    
     8  -2236.887276       0.000000000    
     9  -1735.061597       0.000000000    
    10  -1639.705372       0.000000000    
    11  -1579.935671       0.000000000    
    12  -1577.644078       0.000000000    
    13  -431.9117472       0.000000000    


    16  0.5714285714      0.4285714286       0.000000000     : k-point, vkl
 (state, eigenvalue and occupancy below)
     1  -322382.2791       0.000000000    
     2  -296026.2145       0.000000000    
     3  -7723.343095       0.000000000    
     4  -7553.783962       0.000000000    
     5  -7417.898403       0.000000000    
     6  -7256.824552       0.000000000    
     7  -2990.298839       0.000000000    
     8  -2558.433553       0.000000000    
     9  -2144.888307       0.000000000    
    10  -1932.627747       0.000000000    
    11  -1918.065295       0.000000000    
    12  -1809.518902       0.000000000    
    13  -520.7620454       0.000000000    


    17  0.4285714286      0.2857142857      0.1428571429     : k-point, vkl
 (state, eigenvalue and occupancy below)
     1  -277844.1891       0.000000000    
     2  -273436.9994       0.000000000    
     3  -7190.196713       0.000000000    
     4  -6875.490326       0.000000000    
     5  -6749.034342       0.000000000    
     6  -6248.577369       0.000000000    
     7  -2463.361195       0.000000000    
     8  -2251.724448       0.000000000    
     9  -1819.768065       0.000000000    
    10  -1785.144797       0.000000000    
    11  -1612.805768       0.000000000    
    12  -1551.736328       0.000000000    
    13  -436.1090055       0.000000000    


    18  0.5714285714      0.2857142857      0.1428571429     : k-point, vkl
 (state, eigenvalue and occupancy below)
     1  -282818.0501       0.000000000    
     2  -267998.0699       0.000000000    
     3  -7129.457785       0.000000000    
     4  -6970.550558       0.000000000    
     5  -6528.153557       0.000000000    
     6  -6475.215380       0.000000000    
     7  -2379.149945       0.000000000    
     8  -2206.472206       0.000000000    
     9  -1853.643977       0.000000000    
    10  -1778.530840       0.000000000    
    11  -1653.775979       0.000000000    
    12  -1607.134358       0.000000000    
    13  -427.4686085       0.000000000    


    19  0.5714285714      0.4285714286      0.1428571429     : k-point, vkl
 (state, eigenvalue and occupancy below)
     1  -295484.6433       0.000000000    
     2  -263319.6532       0.000000000    
     3  -7123.744115       0.000000000    
     4  -6848.430188       0.000000000    
     5  -6707.552798       0.000000000    
     6  -6490.415609       0.000000000    
     7  -2620.571275       0.000000000    
     8  -2503.808466       0.000000000    
     9  -1903.200373       0.000000000    
    10  -1781.866003       0.000000000    
    11  -1681.196800       0.000000000    
    12  -1580.406667       0.000000000    
    13  -441.8364059       0.000000000    


    20  0.7142857143      0.4285714286      0.1428571429     : k-point, vkl
 (state, eigenvalue and occupancy below)
     1  -316989.8022       0.000000000    
     2  -275596.1564       0.000000000    
     3  -7712.870910       0.000000000    
     4  -7203.163293       0.000000000    
     5  -7030.225401       0.000000000    
     6  -6500.559208       0.000000000    
     7  -2722.739578       0.000000000    
     8  -2617.207736       0.000000000    
     9  -1990.878648       0.000000000    
    10  -1831.609383       0.000000000    
    11  -1818.109976       0.000000000    
    12  -1625.859505       0.000000000    
    13  -482.9661155       0.000000000    

