    29 : nkpt
    13 : nstsv

     1   0.000000000       0.000000000       0.000000000     : k-point, vkl
 (state, eigenvalue and occupancy below)
     1 -0.4715605920       2.000000000    
     2  0.2982453054       1.999999983    
     3  0.2982477588       1.999999983    
     4  0.2982798080       1.999999983    
     5  0.5176448557       0.000000000    
     6  0.5176530248       0.000000000    
     7  0.5177375649       0.000000000    
     8  0.7930917138       0.000000000    
     9   1.046695185       0.000000000    
    10   1.341927645       0.000000000    
    11   1.341932112       0.000000000    
    12   1.369423465       0.000000000    
    13   1.369425404       0.000000000    


     2  0.1250000000       0.000000000       0.000000000     : k-point, vkl
 (state, eigenvalue and occupancy below)
     1 -0.4559542104       2.000000000    
     2  0.2147609244       2.000000000    
     3  0.2758576359       2.000000000    
     4  0.2758899792       2.000000000    
     5  0.5476895977       0.000000000    
     6  0.5477675668       0.000000000    
     7  0.5626269577       0.000000000    
     8  0.8070342967       0.000000000    
     9   1.068320927       0.000000000    
    10   1.221439925       0.000000000    
    11   1.221446843       0.000000000    
    12   1.318274973       0.000000000    
    13   1.558134719       0.000000000    


     3  0.2500000000       0.000000000       0.000000000     : k-point, vkl
 (state, eigenvalue and occupancy below)
     1 -0.4096871323       2.000000000    
     2  0.6671908010E-01   2.000000000    
     3  0.2372236386       2.000000000    
     4  0.2372608396       2.000000000    
     5  0.5969924215       0.000000000    
     6  0.5970663328       0.000000000    
     7  0.6096783462       0.000000000    
     8  0.8447673842       0.000000000    
     9   1.094456535       0.000000000    
    10   1.177942672       0.000000000    
    11   1.177944699       0.000000000    
    12   1.275597421       0.000000000    
    13   1.814037735       0.000000000    


     4  0.3750000000       0.000000000       0.000000000     : k-point, vkl
 (state, eigenvalue and occupancy below)
     1 -0.3356210661       2.000000000    
     2 -0.7890047042E-01   2.000000000    
     3  0.2090747862       2.000000000    
     4  0.2091144454       2.000000000    
     5  0.6220472682       0.000000000    
     6  0.6221168928       0.000000000    
     7  0.6305513110       0.000000000    
     8  0.8833519684       0.000000000    
     9   1.106841801       0.000000000    
    10   1.231044634       0.000000000    
    11   1.231048360       0.000000000    
    12   1.247560911       0.000000000    
    13   1.752158905       0.000000000    


     5  0.5000000000       0.000000000       0.000000000     : k-point, vkl
 (state, eigenvalue and occupancy below)
     1 -0.2665384833       2.000000000    
     2 -0.1731040632       2.000000000    
     3  0.1991983082       2.000000000    
     4  0.1992386731       2.000000000    
     5  0.6265648072       0.000000000    
     6  0.6266321621       0.000000000    
     7  0.6361960405       0.000000000    
     8  0.8972429141       0.000000000    
     9   1.128870572       0.000000000    
    10   1.213617986       0.000000000    
    11   1.295069142       0.000000000    
    12   1.295082900       0.000000000    
    13   1.637451357       0.000000000    


     6  0.1250000000      0.1250000000       0.000000000     : k-point, vkl
 (state, eigenvalue and occupancy below)
     1 -0.4507593016       2.000000000    
     2  0.2392521991       2.000000000    
     3  0.2392790441       2.000000000    
     4  0.2506657994       2.000000000    
     5  0.5050236385       0.000000000    
     6  0.5947779726       0.000000000    
     7  0.5948296410       0.000000000    
     8  0.7967203515       0.000000000    
     9   1.078091767       0.000000000    
    10   1.110492066       0.000000000    
    11   1.370409885       0.000000000    
    12   1.419210479       0.000000000    
    13   1.419223229       0.000000000    


     7  0.2500000000      0.1250000000       0.000000000     : k-point, vkl
 (state, eigenvalue and occupancy below)
     1 -0.4147147632       2.000000000    
     2  0.1195602750       2.000000000    
     3  0.1985585675       2.000000000    
     4  0.2266698362       2.000000000    
     5  0.5293473418       0.000000000    
     6  0.6505579698       0.000000000    
     7  0.6535168162       0.000000000    
     8  0.7894626278       0.000000000    
     9   1.077125357       0.000000000    
    10   1.108620086       0.000000000    
    11   1.309371472       0.000000000    
    12   1.383283227       0.000000000    
    13   1.629682049       0.000000000    


     8  0.3750000000      0.1250000000       0.000000000     : k-point, vkl
 (state, eigenvalue and occupancy below)
     1 -0.3495933001       2.000000000    
     2 -0.2372646291E-01   2.000000000    
     3  0.1750198963       2.000000000    
     4  0.1856523634       2.000000000    
     5  0.5742415844       0.000000000    
     6  0.6785044734       0.000000000    
     7  0.6808151771       0.000000000    
     8  0.8146734773       0.000000000    
     9   1.107387823       0.000000000    
    10   1.129497831       0.000000000    
    11   1.316432717       0.000000000    
    12   1.341981063       0.000000000    
    13   1.746320731       0.000000000    


     9  0.5000000000      0.1250000000       0.000000000     : k-point, vkl
 (state, eigenvalue and occupancy below)
     1 -0.2674209845       2.000000000    
     2 -0.1451134871       2.000000000    
     3  0.1521631096       2.000000000    
     4  0.1743607783       2.000000000    
     5  0.5992065068       0.000000000    
     6  0.6737252105       0.000000000    
     7  0.6872601890       0.000000000    
     8  0.8730161614       0.000000000    
     9   1.082199917       0.000000000    
    10   1.200865596       0.000000000    
    11   1.310335104       0.000000000    
    12   1.333970508       0.000000000    
    13   1.660213234       0.000000000    


    10  0.6250000000      0.1250000000       0.000000000     : k-point, vkl
 (state, eigenvalue and occupancy below)
     1 -0.2940942016       2.000000000    
     2 -0.1101075789       2.000000000    
     3  0.1374197844       2.000000000    
     4  0.1957406927       2.000000000    
     5  0.6190491295       0.000000000    
     6  0.6498990644       0.000000000    
     7  0.6845780106       0.000000000    
     8  0.8775802677       0.000000000    
     9   1.081400065       0.000000000    
    10   1.192981825       0.000000000    
    11   1.224600667       0.000000000    
    12   1.387325782       0.000000000    
    13   1.723320331       0.000000000    


    11  0.7500000000      0.1250000000       0.000000000     : k-point, vkl
 (state, eigenvalue and occupancy below)
     1 -0.3743468489       2.000000000    
     2  0.2438293309E-01   2.000000000    
     3  0.1459487365       2.000000000    
     4  0.2333144884       2.000000000    
     5  0.6098367882       0.000000000    
     6  0.6298411652       0.000000000    
     7  0.6631269470       0.000000000    
     8  0.8320508594       0.000000000    
     9   1.102181497       0.000000000    
    10   1.108202600       0.000000000    
    11   1.207485883       0.000000000    
    12   1.424125335       0.000000000    
    13   1.731198644       0.000000000    


    12  0.8750000000      0.1250000000       0.000000000     : k-point, vkl
 (state, eigenvalue and occupancy below)
     1 -0.4301230953       2.000000000    
     2  0.1579584783       2.000000000    
     3  0.1867090138       2.000000000    
     4  0.2712977706       2.000000000    
     5  0.5595653740       0.000000000    
     6  0.6054832629       0.000000000    
     7  0.6092392014       0.000000000    
     8  0.8143654900       0.000000000    
     9   1.093395115       0.000000000    
    10   1.119913948       0.000000000    
    11   1.196386821       0.000000000    
    12   1.468323271       0.000000000    
    13   1.489550906       0.000000000    


    13  0.2500000000      0.2500000000       0.000000000     : k-point, vkl
 (state, eigenvalue and occupancy below)
     1 -0.3891215555       2.000000000    
     2  0.1361084546       2.000000000    
     3  0.1545720096       2.000000000    
     4  0.1546007591       2.000000000    
     5  0.4826461121       0.000000000    
     6  0.7043248338       0.000000000    
     7  0.7303391639       0.000000000    
     8  0.7303913078       0.000000000    
     9   1.060999054       0.000000000    
    10   1.142442109       0.000000000    
    11   1.455991603       0.000000000    
    12   1.554325460       0.000000000    
    13   1.554336431       0.000000000    


    14  0.3750000000      0.2500000000       0.000000000     : k-point, vkl
 (state, eigenvalue and occupancy below)
     1 -0.3340863495       2.000000000    
     2  0.3053858467E-01   2.000000000    
     3  0.1153300151       2.000000000    
     4  0.1283829442       2.000000000    
     5  0.5104580060       0.000000000    
     6  0.6713616190       0.000000000    
     7  0.7785306350       0.000000000    
     8  0.7793560681       0.000000000    
     9   1.101748374       0.000000000    
    10   1.149803899       0.000000000    
    11   1.443019597       0.000000000    
    12   1.525432645       0.000000000    
    13   1.710740430       0.000000000    


    15  0.5000000000      0.2500000000       0.000000000     : k-point, vkl
 (state, eigenvalue and occupancy below)
     1 -0.2555033223       2.000000000    
     2 -0.8464722368E-01   2.000000000    
     3  0.6190170727E-01   2.000000000    
     4  0.1271090460       2.000000000    
     5  0.5472902226       0.000000000    
     6  0.7388828110       0.000000000    
     7  0.7780822108       0.000000000    
     8  0.7973427849       0.000000000    
     9   1.067139375       0.000000000    
    10   1.182974139       0.000000000    
    11   1.362283914       0.000000000    
    12   1.492434504       0.000000000    
    13   1.714818242       0.000000000    


    16  0.6250000000      0.2500000000       0.000000000     : k-point, vkl
 (state, eigenvalue and occupancy below)
     1 -0.2315647537       2.000000000    
     2 -0.1119264388       2.000000000    
     3  0.2665621901E-01   2.000000000    
     4  0.1506389198       2.000000000    
     5  0.5753541019       0.000000000    
     6  0.7409866981       0.000000000    
     7  0.7926931213       0.000000000    
     8  0.8528698505       0.000000000    
     9  0.9801487005       0.000000000    
    10   1.213101832       0.000000000    
    11   1.227834507       0.000000000    
    12   1.521844669       0.000000000    
    13   1.824602817       0.000000000    


    17  0.7500000000      0.2500000000       0.000000000     : k-point, vkl
 (state, eigenvalue and occupancy below)
     1 -0.3108784552       2.000000000    
     2 -0.1168570347E-01   2.000000000    
     3  0.3339469610E-01   2.000000000    
     4  0.1923935295       2.000000000    
     5  0.6106768122       0.000000000    
     6  0.6768588011       0.000000000    
     7  0.7621416992       0.000000000    
     8  0.8211662749       0.000000000    
     9   1.050099752       0.000000000    
    10   1.115943705       0.000000000    
    11   1.229618843       0.000000000    
    12   1.574570471       0.000000000    
    13   1.693731099       0.000000000    


    18  0.3750000000      0.3750000000       0.000000000     : k-point, vkl
 (state, eigenvalue and occupancy below)
     1 -0.2894663799       2.000000000    
     2 -0.9185632523E-02   2.000000000    
     3  0.9677357563E-01   2.000000000    
     4  0.9680276772E-01   2.000000000    
     5  0.4758727083       0.000000000    
     6  0.5784218325       0.000000000    
     7  0.8570622388       0.000000000    
     8  0.8571179634       0.000000000    
     9   1.117812079       0.000000000    
    10   1.181484241       0.000000000    
    11   1.599083840       0.000000000    
    12   1.606276548       0.000000000    
    13   1.606293406       0.000000000    


    19  0.5000000000      0.3750000000       0.000000000     : k-point, vkl
 (state, eigenvalue and occupancy below)
     1 -0.2193127288       2.000000000    
     2 -0.8411648468E-01   2.000000000    
     3  0.4219017523E-01   2.000000000    
     4  0.9014447653E-01   2.000000000    
     5  0.5089782787       0.000000000    
     6  0.5833721428       0.000000000    
     7  0.8765506080       0.000000000    
     8  0.8858365777       0.000000000    
     9   1.118129401       0.000000000    
    10   1.175029318       0.000000000    
    11   1.461983898       0.000000000    
    12   1.587358741       0.000000000    
    13   1.753801189       0.000000000    


    20  0.6250000000      0.3750000000       0.000000000     : k-point, vkl
 (state, eigenvalue and occupancy below)
     1 -0.1687354023       2.000000000    
     2 -0.1211067031       2.000000000    
     3 -0.2495568569E-01   2.000000000    
     4  0.1097968837       2.000000000    
     5  0.5353492178       0.000000000    
     6  0.7128146027       0.000000000    
     7  0.8316778761       0.000000000    
     8  0.8766748353       0.000000000    
     9   1.009370429       0.000000000    
    10   1.209656072       0.000000000    
    11   1.307081202       0.000000000    
    12   1.606350629       0.000000000    
    13   1.828334202       0.000000000    


    21  0.5000000000      0.5000000000       0.000000000     : k-point, vkl
 (state, eigenvalue and occupancy below)
     1 -0.1583642734       2.000000000    
     2 -0.1583442549       2.000000000    
     3  0.7672415221E-01   2.000000000    
     4  0.7675338990E-01   2.000000000    
     5  0.5030583167       0.000000000    
     6  0.5030878839       0.000000000    
     7  0.9162228484       0.000000000    
     8  0.9162814445       0.000000000    
     9   1.167943601       0.000000000    
    10   1.167951473       0.000000000    
    11   1.550239184       0.000000000    
    12   1.550256928       0.000000000    
    13   1.800257818       0.000000000    


    22  0.3750000000      0.2500000000      0.1250000000     : k-point, vkl
 (state, eigenvalue and occupancy below)
     1 -0.3691401243       2.000000000    
     2  0.6673245612E-01   2.000000000    
     3  0.1072605387       2.000000000    
     4  0.1970546877       2.000000000    
     5  0.5566188862       0.000000000    
     6  0.6793378868       0.000000000    
     7  0.7311631525       0.000000000    
     8  0.7538547444       0.000000000    
     9   1.087446685       0.000000000    
    10   1.120575089       0.000000000    
    11   1.293159803       0.000000000    
    12   1.573868421       0.000000000    
    13   1.591811811       0.000000000    


    23  0.5000000000      0.2500000000      0.1250000000     : k-point, vkl
 (state, eigenvalue and occupancy below)
     1 -0.2966394667       2.000000000    
     2 -0.5069965213E-01   2.000000000    
     3  0.7787317756E-01   2.000000000    
     4  0.1557850196       2.000000000    
     5  0.6101101066       0.000000000    
     6  0.6693866442       0.000000000    
     7  0.7650528952       0.000000000    
     8  0.8020957774       0.000000000    
     9   1.069371280       0.000000000    
    10   1.145155583       0.000000000    
    11   1.301030990       0.000000000    
    12   1.495069440       0.000000000    
    13   1.750039131       0.000000000    


    24  0.6250000000      0.2500000000      0.1250000000     : k-point, vkl
 (state, eigenvalue and occupancy below)
     1 -0.2300613140       2.000000000    
     2 -0.1381192936       2.000000000    
     3  0.7585586820E-01   2.000000000    
     4  0.1348823744       2.000000000    
     5  0.6269254192       0.000000000    
     6  0.6607119146       0.000000000    
     7  0.7835930538       0.000000000    
     8  0.8556001002       0.000000000    
     9   1.007085748       0.000000000    
    10   1.195243194       0.000000000    
    11   1.311481534       0.000000000    
    12   1.428976903       0.000000000    
    13   1.769996372       0.000000000    


    25  0.5000000000      0.3750000000      0.1250000000     : k-point, vkl
 (state, eigenvalue and occupancy below)
     1 -0.2714182719       2.000000000    
     2 -0.2506996563E-01   2.000000000    
     3  0.5416947351E-01   2.000000000    
     4  0.9166199386E-01   2.000000000    
     5  0.5521839707       0.000000000    
     6  0.6437192768       0.000000000    
     7  0.7842337050       0.000000000    
     8  0.8568643794       0.000000000    
     9   1.120776606       0.000000000    
    10   1.132413005       0.000000000    
    11   1.432027567       0.000000000    
    12   1.565269651       0.000000000    
    13   1.766400826       0.000000000    


    26  0.6250000000      0.3750000000      0.1250000000     : k-point, vkl
 (state, eigenvalue and occupancy below)
     1 -0.1942349757       2.000000000    
     2 -0.1005482564       2.000000000    
     3  0.4712130066E-02   2.000000000    
     4  0.7729030505E-01   2.000000000    
     5  0.5993835615       0.000000000    
     6  0.7209586480       0.000000000    
     7  0.7680087423       0.000000000    
     8  0.8520840334       0.000000000    
     9   1.035934791       0.000000000    
    10   1.165253146       0.000000000    
    11   1.379545476       0.000000000    
    12   1.530644551       0.000000000    
    13   1.860775231       0.000000000    


    27  0.7500000000      0.3750000000      0.1250000000     : k-point, vkl
 (state, eigenvalue and occupancy below)
     1 -0.2221978139       2.000000000    
     2 -0.7398798447E-01   2.000000000    
     3 -0.1046318421E-01   2.000000000    
     4  0.1076283182       2.000000000    
     5  0.6294990925       0.000000000    
     6  0.7083865817       0.000000000    
     7  0.7914949327       0.000000000    
     8  0.8372365784       0.000000000    
     9  0.9937777352       0.000000000    
    10   1.163657716       0.000000000    
    11   1.314477145       0.000000000    
    12   1.560039972       0.000000000    
    13   1.817636066       0.000000000    


    28  0.6250000000      0.5000000000      0.1250000000     : k-point, vkl
 (state, eigenvalue and occupancy below)
     1 -0.1470390993       2.000000000    
     2 -0.1470204216       2.000000000    
     3  0.4310511575E-01   2.000000000    
     4  0.4313907750E-01   2.000000000    
     5  0.5767790689       0.000000000    
     6  0.5768153258       0.000000000    
     7  0.8744675896       0.000000000    
     8  0.8745209350       0.000000000    
     9   1.130289111       0.000000000    
    10   1.130308478       0.000000000    
    11   1.495002073       0.000000000    
    12   1.495018085       0.000000000    
    13   1.923007419       0.000000000    


    29  0.7500000000      0.5000000000      0.2500000000     : k-point, vkl
 (state, eigenvalue and occupancy below)
     1 -0.1323558707       2.000000000    
     2 -0.1323370482       2.000000000    
     3  0.9766543271E-02   2.000000000    
     4  0.9801575803E-02   2.000000000    
     5  0.7129283992       0.000000000    
     6  0.7129660059       0.000000000    
     7  0.7597525304       0.000000000    
     8  0.7597981152       0.000000000    
     9   1.099879921       0.000000000    
    10   1.099897562       0.000000000    
    11   1.467688937       0.000000000    
    12   1.467696526       0.000000000    
    13   1.981646203       0.000000000    

