    29 : nkpt
    13 : nstsv

     1   0.000000000       0.000000000       0.000000000     : k-point, vkl
 (state, eigenvalue and occupancy below)
     1 -0.4715788605       2.000000000    
     2  0.2987843414       1.999999983    
     3  0.2987867626       1.999999983    
     4  0.2988008459       1.999999983    
     5  0.5178910506       0.000000000    
     6  0.5178967987       0.000000000    
     7  0.5179389591       0.000000000    
     8  0.7925967079       0.000000000    
     9   1.043602137       0.000000000    
    10   1.342204242       0.000000000    
    11   1.342205977       0.000000000    
    12   1.367333697       0.000000000    
    13   1.367340678       0.000000000    


     2  0.1250000000       0.000000000       0.000000000     : k-point, vkl
 (state, eigenvalue and occupancy below)
     1 -0.4559605481       2.000000000    
     2  0.2151771334       2.000000000    
     3  0.2763688644       2.000000000    
     4  0.2763818674       2.000000000    
     5  0.5479458935       0.000000000    
     6  0.5479857065       0.000000000    
     7  0.5627610995       0.000000000    
     8  0.8065520472       0.000000000    
     9   1.065405593       0.000000000    
    10   1.220542790       0.000000000    
    11   1.220551218       0.000000000    
    12   1.315902398       0.000000000    
    13   1.557207347       0.000000000    


     3  0.2500000000       0.000000000       0.000000000     : k-point, vkl
 (state, eigenvalue and occupancy below)
     1 -0.4096531001       2.000000000    
     2  0.6698351394E-01   2.000000000    
     3  0.2377334089       2.000000000    
     4  0.2377471611       2.000000000    
     5  0.5971983997       0.000000000    
     6  0.5972399142       0.000000000    
     7  0.6095344566       0.000000000    
     8  0.8442485399       0.000000000    
     9   1.091875034       0.000000000    
    10   1.176957290       0.000000000    
    11   1.176962279       0.000000000    
    12   1.273183482       0.000000000    
    13   1.813232000       0.000000000    


     4  0.3750000000       0.000000000       0.000000000     : k-point, vkl
 (state, eigenvalue and occupancy below)
     1 -0.3355042457       2.000000000    
     2 -0.7880198209E-01   2.000000000    
     3  0.2095925041       2.000000000    
     4  0.2096064660       2.000000000    
     5  0.6221257576       0.000000000    
     6  0.6221681953       0.000000000    
     7  0.6302224333       0.000000000    
     8  0.8826030597       0.000000000    
     9   1.104560215       0.000000000    
    10   1.229992036       0.000000000    
    11   1.229994777       0.000000000    
    12   1.245379792       0.000000000    
    13   1.751929319       0.000000000    


     5  0.5000000000       0.000000000       0.000000000     : k-point, vkl
 (state, eigenvalue and occupancy below)
     1 -0.2662150399       2.000000000    
     2 -0.1732373361       2.000000000    
     3  0.1997191307       2.000000000    
     4  0.1997332857       2.000000000    
     5  0.6265753580       0.000000000    
     6  0.6266179062       0.000000000    
     7  0.6358178368       0.000000000    
     8  0.8962876115       0.000000000    
     9   1.126873087       0.000000000    
    10   1.211478157       0.000000000    
    11   1.293842447       0.000000000    
    12   1.293843343       0.000000000    
    13   1.637536717       0.000000000    


     6  0.1250000000      0.1250000000       0.000000000     : k-point, vkl
 (state, eigenvalue and occupancy below)
     1 -0.4507612557       2.000000000    
     2  0.2397139867       2.000000000    
     3  0.2397259833       2.000000000    
     4  0.2511759836       2.000000000    
     5  0.5050718549       0.000000000    
     6  0.5950530373       0.000000000    
     7  0.5950767391       0.000000000    
     8  0.7961910863       0.000000000    
     9   1.075233398       0.000000000    
    10   1.109221119       0.000000000    
    11   1.370686514       0.000000000    
    12   1.417116290       0.000000000    
    13   1.417128004       0.000000000    


     7  0.2500000000      0.1250000000       0.000000000     : k-point, vkl
 (state, eigenvalue and occupancy below)
     1 -0.4146862412       2.000000000    
     2  0.1199130618       2.000000000    
     3  0.1989842031       2.000000000    
     4  0.2271583910       2.000000000    
     5  0.5293113910       0.000000000    
     6  0.6506819148       0.000000000    
     7  0.6537246588       0.000000000    
     8  0.7887801499       0.000000000    
     9   1.075912557       0.000000000    
    10   1.106096439       0.000000000    
    11   1.308618009       0.000000000    
    12   1.381084466       0.000000000    
    13   1.628565393       0.000000000    


     8  0.3750000000      0.1250000000       0.000000000     : k-point, vkl
 (state, eigenvalue and occupancy below)
     1 -0.3495017576       2.000000000    
     2 -0.2353583212E-01   2.000000000    
     3  0.1754522925       2.000000000    
     4  0.1861075337       2.000000000    
     5  0.5740665221       0.000000000    
     6  0.6784083480       0.000000000    
     7  0.6809191359       0.000000000    
     8  0.8139254066       0.000000000    
     9   1.105389916       0.000000000    
    10   1.128230179       0.000000000    
    11   1.315430062       0.000000000    
    12   1.339793278       0.000000000    
    13   1.746046770       0.000000000    


     9  0.5000000000      0.1250000000       0.000000000     : k-point, vkl
 (state, eigenvalue and occupancy below)
     1 -0.2671572370       2.000000000    
     2 -0.1451427124       2.000000000    
     3  0.1525874951       2.000000000    
     4  0.1748197033       2.000000000    
     5  0.5988962319       0.000000000    
     6  0.6737655879       0.000000000    
     7  0.6870190434       0.000000000    
     8  0.8723644182       0.000000000    
     9   1.080420593       0.000000000    
    10   1.199319589       0.000000000    
    11   1.309120986       0.000000000    
    12   1.332079561       0.000000000    
    13   1.660271310       0.000000000    


    10  0.6250000000      0.1250000000       0.000000000     : k-point, vkl
 (state, eigenvalue and occupancy below)
     1 -0.2939118409       2.000000000    
     2 -0.1100512387       2.000000000    
     3  0.1378097100       2.000000000    
     4  0.1962285356       2.000000000    
     5  0.6187968307       0.000000000    
     6  0.6499776279       0.000000000    
     7  0.6842906728       0.000000000    
     8  0.8770056294       0.000000000    
     9   1.079482571       0.000000000    
    10   1.191908506       0.000000000    
    11   1.222833492       0.000000000    
    12   1.385619762       0.000000000    
    13   1.723120374       0.000000000    


    11  0.7500000000      0.1250000000       0.000000000     : k-point, vkl
 (state, eigenvalue and occupancy below)
     1 -0.3742813615       2.000000000    
     2  0.2462869152E-01   2.000000000    
     3  0.1463075284       2.000000000    
     4  0.2338300835       2.000000000    
     5  0.6100197293       0.000000000    
     6  0.6298130571       0.000000000    
     7  0.6629496680       0.000000000    
     8  0.8314619579       0.000000000    
     9   1.099910771       0.000000000    
    10   1.107128331       0.000000000    
    11   1.205885129       0.000000000    
    12   1.422422932       0.000000000    
    13   1.729721779       0.000000000    


    12  0.8750000000      0.1250000000       0.000000000     : k-point, vkl
 (state, eigenvalue and occupancy below)
     1 -0.4301076124       2.000000000    
     2  0.1583707236       2.000000000    
     3  0.1870651262       2.000000000    
     4  0.2718324316       2.000000000    
     5  0.5597886305       0.000000000    
     6  0.6055065560       0.000000000    
     7  0.6094208245       0.000000000    
     8  0.8138389957       0.000000000    
     9   1.090739354       0.000000000    
    10   1.118872434       0.000000000    
    11   1.194816457       0.000000000    
    12   1.466166687       0.000000000    
    13   1.488745660       0.000000000    


    13  0.2500000000      0.2500000000       0.000000000     : k-point, vkl
 (state, eigenvalue and occupancy below)
     1 -0.3890757559       2.000000000    
     2  0.1366002001       2.000000000    
     3  0.1549776977       2.000000000    
     4  0.1549899300       2.000000000    
     5  0.4823269495       0.000000000    
     6  0.7033723479       0.000000000    
     7  0.7305561347       0.000000000    
     8  0.7305808382       0.000000000    
     9   1.059832788       0.000000000    
    10   1.140079257       0.000000000    
    11   1.456272927       0.000000000    
    12   1.552034507       0.000000000    
    13   1.552046426       0.000000000    


    14  0.3750000000      0.2500000000       0.000000000     : k-point, vkl
 (state, eigenvalue and occupancy below)
     1 -0.3339874897       2.000000000    
     2  0.3091803152E-01   2.000000000    
     3  0.1156621112       2.000000000    
     4  0.1287629841       2.000000000    
     5  0.5100353184       0.000000000    
     6  0.6704117771       0.000000000    
     7  0.7786574206       0.000000000    
     8  0.7794064273       0.000000000    
     9   1.100666362       0.000000000    
    10   1.147795373       0.000000000    
    11   1.442200565       0.000000000    
    12   1.523124506       0.000000000    
    13   1.709668188       0.000000000    


    15  0.5000000000      0.2500000000       0.000000000     : k-point, vkl
 (state, eigenvalue and occupancy below)
     1 -0.2552906828       2.000000000    
     2 -0.8446049732E-01   2.000000000    
     3  0.6213552723E-01   2.000000000    
     4  0.1275039665       2.000000000    
     5  0.5466651093       0.000000000    
     6  0.7383544564       0.000000000    
     7  0.7781736340       0.000000000    
     8  0.7970711045       0.000000000    
     9   1.065798344       0.000000000    
    10   1.181538458       0.000000000    
    11   1.361089410       0.000000000    
    12   1.490182116       0.000000000    
    13   1.714887661       0.000000000    


    16  0.6250000000      0.2500000000       0.000000000     : k-point, vkl
 (state, eigenvalue and occupancy below)
     1 -0.2312689441       2.000000000    
     2 -0.1118403357       2.000000000    
     3  0.2682746237E-01   2.000000000    
     4  0.1510642255       2.000000000    
     5  0.5747295679       0.000000000    
     6  0.7411230405       0.000000000    
     7  0.7925713365       0.000000000    
     8  0.8525364912       0.000000000    
     9  0.9785221536       0.000000000    
    10   1.212001193       0.000000000    
    11   1.226289364       0.000000000    
    12   1.519587250       0.000000000    
    13   1.824288839       0.000000000    


    17  0.7500000000      0.2500000000       0.000000000     : k-point, vkl
 (state, eigenvalue and occupancy below)
     1 -0.3107427467       2.000000000    
     2 -0.1135450799E-01   2.000000000    
     3  0.3349647185E-01   2.000000000    
     4  0.1928704146       2.000000000    
     5  0.6102900021       0.000000000    
     6  0.6770585235       0.000000000    
     7  0.7619393429       0.000000000    
     8  0.8206995871       0.000000000    
     9   1.048337204       0.000000000    
    10   1.114837178       0.000000000    
    11   1.228010938       0.000000000    
    12   1.571999094       0.000000000    
    13   1.693004745       0.000000000    


    18  0.3750000000      0.3750000000       0.000000000     : k-point, vkl
 (state, eigenvalue and occupancy below)
     1 -0.2893302212       2.000000000    
     2 -0.8783725721E-02   2.000000000    
     3  0.9714724674E-01   2.000000000    
     4  0.9715950847E-01   2.000000000    
     5  0.4752194417       0.000000000    
     6  0.5773531894       0.000000000    
     7  0.8571916140       0.000000000    
     8  0.8572191707       0.000000000    
     9   1.116602661       0.000000000    
    10   1.179648466       0.000000000    
    11   1.599371608       0.000000000    
    12   1.604165757       0.000000000    
    13   1.604184190       0.000000000    


    19  0.5000000000      0.3750000000       0.000000000     : k-point, vkl
 (state, eigenvalue and occupancy below)
     1 -0.2190967562       2.000000000    
     2 -0.8375368101E-01   2.000000000    
     3  0.4235848947E-01   2.000000000    
     4  0.9049839255E-01   2.000000000    
     5  0.5081900827       0.000000000    
     6  0.5825361278       0.000000000    
     7  0.8766384417       0.000000000    
     8  0.8858621464       0.000000000    
     9   1.116823499       0.000000000    
    10   1.173554019       0.000000000    
    11   1.460697137       0.000000000    
    12   1.585249974       0.000000000    
    13   1.753899275       0.000000000    


    20  0.6250000000      0.3750000000       0.000000000     : k-point, vkl
 (state, eigenvalue and occupancy below)
     1 -0.1683333201       2.000000000    
     2 -0.1208314135       2.000000000    
     3 -0.2504739035E-01   2.000000000    
     4  0.1101749937       2.000000000    
     5  0.5345313009       0.000000000    
     6  0.7123197873       0.000000000    
     7  0.8318076161       0.000000000    
     8  0.8765627062       0.000000000    
     9   1.008066793       0.000000000    
    10   1.208211933       0.000000000    
    11   1.305947917       0.000000000    
    12   1.603907844       0.000000000    
    13   1.828146896       0.000000000    


    21  0.5000000000      0.5000000000       0.000000000     : k-point, vkl
 (state, eigenvalue and occupancy below)
     1 -0.1580991618       2.000000000    
     2 -0.1580876097       2.000000000    
     3  0.7708422040E-01   2.000000000    
     4  0.7709666666E-01   2.000000000    
     5  0.5021480615       0.000000000    
     6  0.5021623948       0.000000000    
     7  0.9163262778       0.000000000    
     8  0.9163556617       0.000000000    
     9   1.166504649       0.000000000    
    10   1.166506903       0.000000000    
    11   1.548553877       0.000000000    
    12   1.548571650       0.000000000    
    13   1.800565876       0.000000000    


    22  0.3750000000      0.2500000000      0.1250000000     : k-point, vkl
 (state, eigenvalue and occupancy below)
     1 -0.3690724178       2.000000000    
     2  0.6712802749E-01   2.000000000    
     3  0.1075037701       2.000000000    
     4  0.1975201759       2.000000000    
     5  0.5565104164       0.000000000    
     6  0.6793445153       0.000000000    
     7  0.7312591567       0.000000000    
     8  0.7530460732       0.000000000    
     9   1.086371080       0.000000000    
    10   1.118401894       0.000000000    
    11   1.291763886       0.000000000    
    12   1.571397473       0.000000000    
    13   1.591056050       0.000000000    


    23  0.5000000000      0.2500000000      0.1250000000     : k-point, vkl
 (state, eigenvalue and occupancy below)
     1 -0.2964855308       2.000000000    
     2 -0.5049331601E-01   2.000000000    
     3  0.7814219031E-01   2.000000000    
     4  0.1561771294       2.000000000    
     5  0.6098505139       0.000000000    
     6  0.6691229155       0.000000000    
     7  0.7648647230       0.000000000    
     8  0.8017347660       0.000000000    
     9   1.067698441       0.000000000    
    10   1.144007813       0.000000000    
    11   1.299494803       0.000000000    
    12   1.493087312       0.000000000    
    13   1.749584605       0.000000000    


    24  0.6250000000      0.2500000000      0.1250000000     : k-point, vkl
 (state, eigenvalue and occupancy below)
     1 -0.2297173485       2.000000000    
     2 -0.1381414509       2.000000000    
     3  0.7615833153E-01   2.000000000    
     4  0.1352339611       2.000000000    
     5  0.6264171040       0.000000000    
     6  0.6605150834       0.000000000    
     7  0.7836561446       0.000000000    
     8  0.8552731951       0.000000000    
     9   1.005408513       0.000000000    
    10   1.193945941       0.000000000    
    11   1.310162488       0.000000000    
    12   1.426992645       0.000000000    
    13   1.769737469       0.000000000    


    25  0.5000000000      0.3750000000      0.1250000000     : k-point, vkl
 (state, eigenvalue and occupancy below)
     1 -0.2712537839       2.000000000    
     2 -0.2464322367E-01   2.000000000    
     3  0.5435590231E-01   2.000000000    
     4  0.9190790439E-01   2.000000000    
     5  0.5517313617       0.000000000    
     6  0.6427783032       0.000000000    
     7  0.7842052789       0.000000000    
     8  0.8569822291       0.000000000    
     9   1.119117511       0.000000000    
    10   1.131312921       0.000000000    
    11   1.430661941       0.000000000    
    12   1.563268308       0.000000000    
    13   1.765584824       0.000000000    


    26  0.6250000000      0.3750000000      0.1250000000     : k-point, vkl
 (state, eigenvalue and occupancy below)
     1 -0.1939165669       2.000000000    
     2 -0.1002588335       2.000000000    
     3  0.4770204513E-02   2.000000000    
     4  0.7750404825E-01   2.000000000    
     5  0.5987564787       0.000000000    
     6  0.7203442970       0.000000000    
     7  0.7679622039       0.000000000    
     8  0.8520713988       0.000000000    
     9   1.034637481       0.000000000    
    10   1.164051006       0.000000000    
    11   1.378218907       0.000000000    
    12   1.528706675       0.000000000    
    13   1.860093940       0.000000000    


    27  0.7500000000      0.3750000000      0.1250000000     : k-point, vkl
 (state, eigenvalue and occupancy below)
     1 -0.2219249560       2.000000000    
     2 -0.7364718185E-01   2.000000000    
     3 -0.1046778993E-01   2.000000000    
     4  0.1079043441       2.000000000    
     5  0.6289106068       0.000000000    
     6  0.7082395012       0.000000000    
     7  0.7911484764       0.000000000    
     8  0.8372797283       0.000000000    
     9  0.9922579931       0.000000000    
    10   1.162555509       0.000000000    
    11   1.313050026       0.000000000    
    12   1.557827086       0.000000000    
    13   1.816683555       0.000000000    


    28  0.6250000000      0.5000000000      0.1250000000     : k-point, vkl
 (state, eigenvalue and occupancy below)
     1 -0.1467228780       2.000000000    
     2 -0.1467103929       2.000000000    
     3  0.4328128953E-01   2.000000000    
     4  0.4329496291E-01   2.000000000    
     5  0.5760468210       0.000000000    
     6  0.5760649530       0.000000000    
     7  0.8744855772       0.000000000    
     8  0.8745111036       0.000000000    
     9   1.129008437       0.000000000    
    10   1.129020096       0.000000000    
    11   1.493505754       0.000000000    
    12   1.493512994       0.000000000    
    13   1.922644558       0.000000000    


    29  0.7500000000      0.5000000000      0.2500000000     : k-point, vkl
 (state, eigenvalue and occupancy below)
     1 -0.1319462795       2.000000000    
     2 -0.1319296393       2.000000000    
     3  0.9764076508E-02   2.000000000    
     4  0.9776162125E-02   2.000000000    
     5  0.7122131955       0.000000000    
     6  0.7122351327       0.000000000    
     7  0.7597410287       0.000000000    
     8  0.7597614204       0.000000000    
     9   1.098793269       0.000000000    
    10   1.098805911       0.000000000    
    11   1.466163006       0.000000000    
    12   1.466167641       0.000000000    
    13   1.980656636       0.000000000    

