  0.7646527753    
  0.2923026998    
  0.4537102870    
   23050.08537    
   17283.54689    
   4322.080067    
   1079.087456    
   269.5672537    
   67.88061920    
   28.37384765    
   34358.42278    
   25791.16606    
   6484.015621    
   1639.764023    
   389.1453912    
   37.83127293    
   55.66904764    
   90.20092212    
   528.1209392    
   471.7840364    
   45.69682097    
   21.07837621    
   31.58552178    
   14.41900456    
   9.022424714    
   524.8597348    
   372.8130816    
   124.2686479    
   29.91117562    
   1.154881475    
   8.723496984    
  0.2490861821    
   4.553903671    
   3.342856232    
   1.423192391    
   3.920383457    
   22039.11529    
   16488.76001    
   4124.369911    
   1032.698215    
   259.5186560    
   68.05725878    
   95.72466661    
   13.31472874    
   7.103418561    
   4086228.422    
   3065787.981    
   764817.5365    
   191282.6868    
   48198.10454    
   12458.15566    
   2929.239011    
   565.1725688    
   139.2396139    
   35.47773555    
   6.592794228    
   1.735673869    
   107.9058381    
   78.61305952    
   18.71750999    
   317.2558403    
   227.5101203    
   63.84840466    
   16.25782474    
   1073.645027    
   799.2600229    
   199.9207656    
   50.06687770    
   12.55216856    
   4.137804019    
   16.24089959    
   124.2774189    
   86.77809125    
   19.51763537    
   5.280575046    
   1.927123215    
   2.911311982    
   4.631034543    
   2.649905228    
   1.545663802    
  0.6263735999    
  0.4279874864    
  0.9610433105    
   1.001423392    
  0.2019726291    
   47515.16627    
   35609.88269    
   8884.089049    
   2222.962368    
   558.3072061    
   168.2960735    
   101.3201004    
   22.52131952    
   5.916391986    
   2993.173072    
   2094.928578    
   742.5652659    
   176.4931194    
   10.00594643    
   51.05662429    
   9.375608328    
   4312.749719    
   3312.609607    
   377.3281623    
   315.9336587    
   21.61986065    
   308.7645385    
   143.7786900    
   137.7040053    
   12110.78414    
   9167.382125    
   2133.228263    
   546.3526898    
   148.0012264    
   57.83122711    
   13.04170368    
   12.62657179    
   18.72723850    
   20.93701447    
   9.169834996    
   1.383735206    
   2.598452259    
   5.131530653    
  0.9650334445    
   745317.1558    
   559470.1085    
   139047.4249    
   34879.62998    
   8846.824665    
   2354.615849    
   768.8364545    
   39.85828311    
   8.963830541    
   21.24081672    
   85.94142275    
   19.79704436    
   17.67669781    
   16.54932960    
   15.00200811    
   25.87911143    
   17.51881920    
   10.17972291    
   7010.604349    
   5078.616379    
   1340.950808    
   526.9592326    
   17.61599276    
   61.15593089    
   149.2232749    
   81.27969471    
   21.51641161    
   9.128361767    
   88.37215205    
   85.09085956    
   7.026557858    
   4.566439356    
   17.94616055    
   20.31268267    
   28.42860438    
   25.94754150    
   42.18997807    
   13.07684417    
  0.6092940802    
   3.955415671    
   4.397081606    
   2.395450958    
   1.107343803    
  0.6461155206    
   1.084351442    
   7661.755109    
   5777.984339    
   1443.408819    
   359.8135575    
   89.26358506    
   18.22051653    
   56.44914394    
   20.13542972    
   6.094111789    
   4.393418617    
   1361.822670    
   1078.004677    
   208.9226739    
   54.51301914    
   21.45430035    
   20.58780596    
   9.522573517    
   3222.282095    
   2105.837477    
   869.4120393    
   197.2141249    
   21.70398911    
   17.35648544    
   30.64331270    
   19.47579813    
   4.975788566    
   121646.9643    
   89883.53557    
   24001.55974    
