    29 : nkpt
    13 : nstsv

     1   0.000000000       0.000000000       0.000000000     : k-point, vkl
 (state, eigenvalue and occupancy below)
     1  -2689.532518       0.000000000    
     2  -2654.404181       0.000000000    
     3 -0.4714640460       2.000000000    
     4  0.2977262944       1.999999984    
     5  0.2977423147       1.999999984    
     6  0.2978935610       1.999999981    
     7  0.5174185494       0.000000000    
     8  0.5174508755       0.000000000    
     9  0.5176561242       0.000000000    
    10  0.7940683144       0.000000000    
    11   1.051272458       0.000000000    
    12   1.341439921       0.000000000    
    13   1.341456074       0.000000000    


     2  0.1250000000       0.000000000       0.000000000     : k-point, vkl
 (state, eigenvalue and occupancy below)
     1  -3013.488506       0.000000000    
     2  -2687.403225       0.000000000    
     3 -0.4558719128       2.000000000    
     4  0.2143775478       2.000000000    
     5  0.2753351895       2.000000000    
     6  0.2754907702       2.000000000    
     7  0.5474792980       0.000000000    
     8  0.5476694867       0.000000000    
     9  0.5626390748       0.000000000    
    10  0.8080106212       0.000000000    
    11   1.072669925       0.000000000    
    12   1.222684334       0.000000000    
    13   1.222691055       0.000000000    


     3  0.2500000000       0.000000000       0.000000000     : k-point, vkl
 (state, eigenvalue and occupancy below)
     1  -2496.660700       0.000000000    
     2  -2017.015365       0.000000000    
     3 -0.4096502999       2.000000000    
     4  0.6650957584E-01   2.000000000    
     5  0.2366846125       2.000000000    
     6  0.2368552242       2.000000000    
     7  0.5968871213       0.000000000    
     8  0.5970435625       0.000000000    
     9  0.6100934724       0.000000000    
    10  0.8458254105       0.000000000    
    11   1.098372746       0.000000000    
    12   1.179335923       0.000000000    
    13   1.179344908       0.000000000    


     4  0.3750000000       0.000000000       0.000000000     : k-point, vkl
 (state, eigenvalue and occupancy below)
     1  -2290.968583       0.000000000    
     2  -2193.050621       0.000000000    
     3 -0.3356947079       2.000000000    
     4 -0.7891419007E-01   2.000000000    
     5  0.2085126477       2.000000000    
     6  0.2086926718       2.000000000    
     7  0.6221245609       0.000000000    
     8  0.6222466060       0.000000000    
     9  0.6312166315       0.000000000    
    10  0.8847314750       0.000000000    
    11   1.110338897       0.000000000    
    12   1.232586442       0.000000000    
    13   1.232611563       0.000000000    


     5  0.5000000000       0.000000000       0.000000000     : k-point, vkl
 (state, eigenvalue and occupancy below)
     1  -2392.529128       0.000000000    
     2  -2020.119913       0.000000000    
     3 -0.2668882135       2.000000000    
     4 -0.1728115891       2.000000000    
     5  0.1986260612       2.000000000    
     6  0.1988093105       2.000000000    
     7  0.6267305498       0.000000000    
     8  0.6268391932       0.000000000    
     9  0.6369327773       0.000000000    
    10  0.8988893392       0.000000000    
    11   1.132020229       0.000000000    
    12   1.216873928       0.000000000    
    13   1.296902138       0.000000000    


     6  0.1250000000      0.1250000000       0.000000000     : k-point, vkl
 (state, eigenvalue and occupancy below)
     1  -2664.004500       0.000000000    
     2  -2296.147327       0.000000000    
     3 -0.4506807166       2.000000000    
     4  0.2388021078       2.000000000    
     5  0.2388986789       2.000000000    
     6  0.2501865815       2.000000000    
     7  0.5051178771       0.000000000    
     8  0.5945899092       0.000000000    
     9  0.5947197955       0.000000000    
    10  0.7977549097       0.000000000    
    11   1.082370902       0.000000000    
    12   1.112325333       0.000000000    
    13   1.369927783       0.000000000    


     7  0.2500000000      0.1250000000       0.000000000     : k-point, vkl
 (state, eigenvalue and occupancy below)
     1  -2531.317475       0.000000000    
     2  -2436.267280       0.000000000    
     3 -0.4146702229       2.000000000    
     4  0.1192439632       2.000000000    
     5  0.1981901671       2.000000000    
     6  0.2261860411       2.000000000    
     7  0.5295678282       0.000000000    
     8  0.6506104847       0.000000000    
     9  0.6534807053       0.000000000    
    10  0.7906803951       0.000000000    
    11   1.078959799       0.000000000    
    12   1.112467445       0.000000000    
    13   1.310414017       0.000000000    


     8  0.3750000000      0.1250000000       0.000000000     : k-point, vkl
 (state, eigenvalue and occupancy below)
     1  -2515.934315       0.000000000    
     2  -2325.781302       0.000000000    
     3 -0.3496324556       2.000000000    
     4 -0.2385285222E-01   2.000000000    
     5  0.1746347916       2.000000000    
     6  0.1851985859       2.000000000    
     7  0.5746521989       0.000000000    
     8  0.6788624458       0.000000000    
     9  0.6809030808       0.000000000    
    10  0.8159816643       0.000000000    
    11   1.110446592       0.000000000    
    12   1.131532690       0.000000000    
    13   1.317889565       0.000000000    


     9  0.5000000000      0.1250000000       0.000000000     : k-point, vkl
 (state, eigenvalue and occupancy below)
     1  -2420.407299       0.000000000    
     2  -2325.837193       0.000000000    
     3 -0.2676826185       2.000000000    
     4 -0.1449593467       2.000000000    
     5  0.1517440233       2.000000000    
     6  0.1739463216       2.000000000    
     7  0.5998089052       0.000000000    
     8  0.6738840329       0.000000000    
     9  0.6878175203       0.000000000    
    10  0.8742371168       0.000000000    
    11   1.084996090       0.000000000    
    12   1.203330480       0.000000000    
    13   1.312160320       0.000000000    


    10  0.6250000000      0.1250000000       0.000000000     : k-point, vkl
 (state, eigenvalue and occupancy below)
     1  -2454.947601       0.000000000    
     2  -2337.630908       0.000000000    
     3 -0.2942516347       2.000000000    
     4 -0.1100702219       2.000000000    
     5  0.1370430786       2.000000000    
     6  0.1952950278       2.000000000    
     7  0.6195828073       0.000000000    
     8  0.6499928748       0.000000000    
     9  0.6852032038       0.000000000    
    10  0.8786933763       0.000000000    
    11   1.084390732       0.000000000    
    12   1.194569143       0.000000000    
    13   1.227364146       0.000000000    


    11  0.7500000000      0.1250000000       0.000000000     : k-point, vkl
 (state, eigenvalue and occupancy below)
     1  -2510.593924       0.000000000    
     2  -2404.402549       0.000000000    
     3 -0.3743522778       2.000000000    
     4  0.2418802826E-01   2.000000000    
     5  0.1456128735       2.000000000    
     6  0.2328468076       2.000000000    
     7  0.6097867550       0.000000000    
     8  0.6300825151       0.000000000    
     9  0.6636060457       0.000000000    
    10  0.8331633704       0.000000000    
    11   1.105675285       0.000000000    
    12   1.109739377       0.000000000    
    13   1.209938946       0.000000000    


    12  0.8750000000      0.1250000000       0.000000000     : k-point, vkl
 (state, eigenvalue and occupancy below)
     1  -2524.625869       0.000000000    
     2  -2353.716707       0.000000000    
     3 -0.4300641722       2.000000000    
     4  0.1575519752       2.000000000    
     5  0.1864074264       2.000000000    
     6  0.2708261555       2.000000000    
     7  0.5594518884       0.000000000    
     8  0.6056812045       0.000000000    
     9  0.6091985689       0.000000000    
    10  0.8154038439       0.000000000    
    11   1.097415245       0.000000000    
    12   1.121376507       0.000000000    
    13   1.198687846       0.000000000    


    13  0.2500000000      0.2500000000       0.000000000     : k-point, vkl
 (state, eigenvalue and occupancy below)
     1  -3685.919270       0.000000000    
     2  -3231.331617       0.000000000    
     3 -0.3891038257       2.000000000    
     4  0.1356129392       2.000000000    
     5  0.1541745097       2.000000000    
     6  0.1542699013       2.000000000    
     7  0.4832431663       0.000000000    
     8  0.7058270193       0.000000000    
     9  0.7302919238       0.000000000    
    10  0.7304253104       0.000000000    
    11   1.062852777       0.000000000    
    12   1.146070420       0.000000000    
    13   1.455499698       0.000000000    


    14  0.3750000000      0.2500000000       0.000000000     : k-point, vkl
 (state, eigenvalue and occupancy below)
     1  -2753.510755       0.000000000    
     2  -2412.577934       0.000000000    
     3 -0.3341288835       2.000000000    
     4  0.3017373711E-01   2.000000000    
     5  0.1150201162       2.000000000    
     6  0.1280582183       2.000000000    
     7  0.5112062917       0.000000000    
     8  0.6728652311       0.000000000    
     9  0.7786514200       0.000000000    
    10  0.7795602929       0.000000000    
    11   1.103565803       0.000000000    
    12   1.152954914       0.000000000    
    13   1.444184472       0.000000000    


    15  0.5000000000      0.2500000000       0.000000000     : k-point, vkl
 (state, eigenvalue and occupancy below)
     1  -2691.131974       0.000000000    
     2  -2316.810667       0.000000000    
     3 -0.2556949285       2.000000000    
     4 -0.8477864169E-01   2.000000000    
     5  0.6171423726E-01   2.000000000    
     6  0.1267652142       2.000000000    
     7  0.5483178410       0.000000000    
     8  0.7398335203       0.000000000    
     9  0.7782243802       0.000000000    
    10  0.7979885538       0.000000000    
    11   1.069343161       0.000000000    
    12   1.185326481       0.000000000    
    13   1.364082385       0.000000000    


    16  0.6250000000      0.2500000000       0.000000000     : k-point, vkl
 (state, eigenvalue and occupancy below)
     1  -2642.734493       0.000000000    
     2  -2360.617544       0.000000000    
     3 -0.2318662763       2.000000000    
     4 -0.1119284679       2.000000000    
     5  0.2654992802E-01   2.000000000    
     6  0.1502584465       2.000000000    
     7  0.5763922637       0.000000000    
     8  0.7410435534       0.000000000    
     9  0.7931280409       0.000000000    
    10  0.8536204119       0.000000000    
    11  0.9826931058       0.000000000    
    12   1.214731551       0.000000000    
    13   1.230345034       0.000000000    


    17  0.7500000000      0.2500000000       0.000000000     : k-point, vkl
 (state, eigenvalue and occupancy below)
     1  -2804.438252       0.000000000    
     2  -2681.662314       0.000000000    
     3 -0.3109726603       2.000000000    
     4 -0.1201469439E-01   2.000000000    
     5  0.3339602065E-01   2.000000000    
     6  0.1919640100       2.000000000    
     7  0.6114059044       0.000000000    
     8  0.6768151033       0.000000000    
     9  0.7627005050       0.000000000    
    10  0.8220867354       0.000000000    
    11   1.052866511       0.000000000    
    12   1.117542857       0.000000000    
    13   1.232179534       0.000000000    


    18  0.3750000000      0.3750000000       0.000000000     : k-point, vkl
 (state, eigenvalue and occupancy below)
     1  -2603.442736       0.000000000    
     2  -2506.963871       0.000000000    
     3 -0.2895511417       2.000000000    
     4 -0.9593567116E-02   2.000000000    
     5  0.9640845743E-01   2.000000000    
     6  0.9650236898E-01   2.000000000    
     7  0.4769365099       0.000000000    
     8  0.5800605724       0.000000000    
     9  0.8571830519       0.000000000    
    10  0.8573224221       0.000000000    
    11   1.119831635       0.000000000    
    12   1.184415322       0.000000000    
    13   1.598576694       0.000000000    


    19  0.5000000000      0.3750000000       0.000000000     : k-point, vkl
 (state, eigenvalue and occupancy below)
     1  -2643.018062       0.000000000    
     2  -2555.054100       0.000000000    
     3 -0.2194993934       2.000000000    
     4 -0.8448100374E-01   2.000000000    
     5  0.4208488681E-01   2.000000000    
     6  0.8984160989E-01   2.000000000    
     7  0.5102300186       0.000000000    
     8  0.5847019623       0.000000000    
     9  0.8767615226       0.000000000    
    10  0.8861151582       0.000000000    
    11   1.120300598       0.000000000    
    12   1.177464851       0.000000000    
    13   1.463955414       0.000000000    


    20  0.6250000000      0.3750000000       0.000000000     : k-point, vkl
 (state, eigenvalue and occupancy below)
     1  -2806.607705       0.000000000    
     2  -2560.925848       0.000000000    
     3 -0.1691628818       2.000000000    
     4 -0.1213782129       2.000000000    
     5 -0.2471150774E-01   2.000000000    
     6  0.1094667037       2.000000000    
     7  0.5366443215       0.000000000    
     8  0.7137129626       0.000000000    
     9  0.8317952059       0.000000000    
    10  0.8771299685       0.000000000    
    11   1.011499100       0.000000000    
    12   1.212053902       0.000000000    
    13   1.308784550       0.000000000    


    21  0.5000000000      0.5000000000       0.000000000     : k-point, vkl
 (state, eigenvalue and occupancy below)
     1  -3231.317911       0.000000000    
     2  -3173.864629       0.000000000    
     3 -0.1586016988       2.000000000    
     4 -0.1585902860       2.000000000    
     5  0.7636978027E-01   2.000000000    
     6  0.7646323457E-01   2.000000000    
     7  0.5044814217       0.000000000    
     8  0.5045157672       0.000000000    
     9  0.9164050945       0.000000000    
    10  0.9165494264       0.000000000    
    11   1.170312062       0.000000000    
    12   1.170342920       0.000000000    
    13   1.552914119       0.000000000    


    22  0.3750000000      0.2500000000      0.1250000000     : k-point, vkl
 (state, eigenvalue and occupancy below)
     1  -2520.076691       0.000000000    
     2  -2346.897365       0.000000000    
     3 -0.3691469205       2.000000000    
     4  0.6637486719E-01   2.000000000    
     5  0.1071050325       2.000000000    
     6  0.1965760638       2.000000000    
     7  0.5569292992       0.000000000    
     8  0.6795602672       0.000000000    
     9  0.7313079520       0.000000000    
    10  0.7552181832       0.000000000    
    11   1.089162160       0.000000000    
    12   1.123940020       0.000000000    
    13   1.295207597       0.000000000    


    23  0.5000000000      0.2500000000      0.1250000000     : k-point, vkl
 (state, eigenvalue and occupancy below)
     1  -2525.075132       0.000000000    
     2  -2159.828260       0.000000000    
     3 -0.2967572853       2.000000000    
     4 -0.5085237553E-01   2.000000000    
     5  0.7770357308E-01   2.000000000    
     6  0.1553857873       2.000000000    
     7  0.6106460389       0.000000000    
     8  0.6699552001       0.000000000    
     9  0.7655623976       0.000000000    
    10  0.8028853560       0.000000000    
    11   1.072012459       0.000000000    
    12   1.147030475       0.000000000    
    13   1.303346995       0.000000000    


    24  0.6250000000      0.2500000000      0.1250000000     : k-point, vkl
 (state, eigenvalue and occupancy below)
     1  -2580.760432       0.000000000    
     2  -2323.092591       0.000000000    
     3 -0.2304287476       2.000000000    
     4 -0.1379772804       2.000000000    
     5  0.7563058717E-01   2.000000000    
     6  0.1345547367       2.000000000    
     7  0.6278244252       0.000000000    
     8  0.6611864276       0.000000000    
     9  0.7837758496       0.000000000    
    10  0.8563571490       0.000000000    
    11   1.009708205       0.000000000    
    12   1.197396839       0.000000000    
    13   1.313501181       0.000000000    


    25  0.5000000000      0.3750000000      0.1250000000     : k-point, vkl
 (state, eigenvalue and occupancy below)
     1  -2262.698270       0.000000000    
     2  -2099.233964       0.000000000    
     3 -0.2715485458       2.000000000    
     4 -0.2549468048E-01   2.000000000    
     5  0.5408057685E-01   2.000000000    
     6  0.9145182714E-01   2.000000000    
     7  0.5529693739       0.000000000    
     8  0.6452169493       0.000000000    
     9  0.7845442948       0.000000000    
    10  0.8570210541       0.000000000    
    11   1.123424614       0.000000000    
    12   1.134285732       0.000000000    
    13   1.434062788       0.000000000    


    26  0.6250000000      0.3750000000      0.1250000000     : k-point, vkl
 (state, eigenvalue and occupancy below)
     1  -2601.310037       0.000000000    
     2  -2415.137459       0.000000000    
     3 -0.1945641658       2.000000000    
     4 -0.1008207444       2.000000000    
     5  0.4776565674E-02   2.000000000    
     6  0.7715716319E-01   2.000000000    
     7  0.6004371590       0.000000000    
     8  0.7220323310       0.000000000    
     9  0.7683303756       0.000000000    
    10  0.8523941590       0.000000000    
    11   1.038064577       0.000000000    
    12   1.167301233       0.000000000    
    13   1.381575692       0.000000000    


    27  0.7500000000      0.3750000000      0.1250000000     : k-point, vkl
 (state, eigenvalue and occupancy below)
     1  -2425.308820       0.000000000    
     2  -2299.755007       0.000000000    
     3 -0.2224639432       2.000000000    
     4 -0.7434097730E-01   2.000000000    
     5 -0.1032553021E-01   2.000000000    
     6  0.1074429138       2.000000000    
     7  0.6305189464       0.000000000    
     8  0.7088264442       0.000000000    
     9  0.7922157553       0.000000000    
    10  0.8374825823       0.000000000    
    11  0.9961792024       0.000000000    
    12   1.165509424       0.000000000    
    13   1.316661003       0.000000000    


    28  0.6250000000      0.5000000000      0.1250000000     : k-point, vkl
 (state, eigenvalue and occupancy below)
     1  -2705.000862       0.000000000    
     2  -2683.894412       0.000000000    
     3 -0.1473492346       2.000000000    
     4 -0.1473381613       2.000000000    
     5  0.4298308774E-01   2.000000000    
     6  0.4310506356E-01   2.000000000    
     7  0.5779568677       0.000000000    
     8  0.5780382775       0.000000000    
     9  0.8747377461       0.000000000    
    10  0.8748693903       0.000000000    
    11   1.132425590       0.000000000    
    12   1.132465866       0.000000000    
    13   1.497289230       0.000000000    


    29  0.7500000000      0.5000000000      0.2500000000     : k-point, vkl
 (state, eigenvalue and occupancy below)
     1  -2301.841412       0.000000000    
     2  -2279.771163       0.000000000    
     3 -0.1327959595       2.000000000    
     4 -0.1327744386       2.000000000    
     5  0.9873975693E-02   2.000000000    
     6  0.1002472625E-01   2.000000000    
     7  0.7141425150       0.000000000    
     8  0.7142122532       0.000000000    
     9  0.7599938666       0.000000000    
    10  0.7601115278       0.000000000    
    11   1.101758785       0.000000000    
    12   1.101783697       0.000000000    
    13   1.470025087       0.000000000    

