   3.692799060    
   1.983225832    
  0.7529859457    
   224.4836742    
   5.183591608    
   2.165312530    
   1.638050086    
   1.626568316    
   1.606852331    
   1.536940160    
   577.7176113    
   51.26054652    
   36.40942436    
   29.24323561    
   27.36600196    
   23.80099588    
   14.25321577    
   4.567033528    
   108.1495038    
   33.94901587    
   12.98620295    
   9.193511797    
   5.750722808    
  0.7694728672    
  0.4509909442    
   65.94429650    
   15.61385105    
   6.793320677    
   5.367344815    
   4.359147714    
   2.957756892    
  0.9868754558    
   5.531570861    
   5.502494579    
   2.156927055    
   3.860579190    
   553.4556596    
   33.08293188    
   20.97372709    
   15.75086029    
   13.77203695    
   12.80928796    
   12.28955373    
   2.517977944    
  0.9288288870    
   3565.252449    
   761.8781361    
   320.7027211    
   260.6397676    
   213.4927964    
   135.9311252    
   36.59121381    
   1.501145549    
   1.292144036    
   1.100829897    
  0.2362049840    
   5.518945887    
   114.0901299    
   4.720238319    
   3.146021176    
   99.26250767    
   5.348065082    
   2.031684588    
   1.837634252    
   109.7661781    
   4.111547718    
   2.591259573    
   2.381389122    
   2.355834583    
   2.337048642    
   2.201747943    
   24.65596350    
   2.325915959    
   1.650249104    
   1.493880395    
   1.353404877    
   1.188317242    
  0.7765327801    
   5.504785847    
   5.271070371    
   3.366636252    
   1.881615332    
  0.8133684854    
  0.6409048402E-01
  0.2418663567E-01
   1112.014159    
   19.52276466    
   15.25341817    
   14.85314786    
   14.31094473    
   13.83138958    
   9.944458539    
  0.8776359813    
  0.2953258925    
   523.4836543    
   91.80733932    
   38.63652683    
   32.61661758    
   27.54600956    
   17.34532972    
   4.829023711    
   1165.413486    
   318.8812947    
   184.0002465    
   156.4206845    
   111.1168031    
   90.40683891    
   39.79993715    
   3.985415676    
   225.1075607    
   70.48189165    
   26.54042180    
   19.81732264    
   14.09742566    
   9.132946483    
   3.418381790    
   5.669030149    
   30.31673095    
   6.123705645    
   2.479384173    
   2.050267168    
   1.673039094    
   1.064782077    
   5.536435886    
   1873.956073    
   421.0742342    
   195.9814255    
   161.9841471    
   126.5246618    
   89.54756657    
   48.96188931    
   4.400098365    
   6.672297427    
   15.90586037    
   6.474477566    
   7.682421748    
   8.560251641    
   7.825641117    
   5.922731738    
   3.028151579    
   3.729207771    
   4.938548511    
   414.3770879    
   149.9025255    
   114.1973153    
   84.37474471    
   43.63128816    
   37.87740122    
   25.33298002    
   2.282034390    
  0.8944282731    
   3.247397129    
   41.34711524    
   19.49675372    
   9.676723521    
   5.492826517    
   2.737441991    
   1.564883580    
   54.30669236    
   25.94388189    
   9.688750543    
   5.735956153    
   3.619909928    
   1.845882300    
  0.3002918927    
   5.508512683    
   5.439487013    
   2.136956107    
   4.039201077    
   792.0937083    
   13.59596617    
   11.60269343    
   10.31191846    
   9.570607502    
   9.340573680    
   8.726726773    
   1.264969277    
  0.5444968760    
   5.547947100    
   128.9372430    
   59.78268388    
   29.23234138    
   18.29093541    
   11.38274384    
   6.275443533    
   1.281542142    
   351.2372067    
   178.4129867    
   69.03174706    
   44.99537700    
   27.76005351    
   13.83640077    
   2.596114669    
  0.3339630784    
  0.1095579581    
   2317.807540    
   902.9210438    
   379.1357269    
