
     Program Q2R v.7.4.1 starts on  9Aug2026 at 15:34:53 

     This program is part of the open-source Quantum ESPRESSO suite
     for quantum simulation of materials; please cite
         "P. Giannozzi et al., J. Phys.:Condens. Matter 21 395502 (2009);
         "P. Giannozzi et al., J. Phys.:Condens. Matter 29 465901 (2017);
         "P. Giannozzi et al., J. Chem. Phys. 152 154105 (2020);
          URL http://www.quantum-espresso.org", 
     in publications or presentations arising from this work. More details at
     http://www.quantum-espresso.org/quote

     Parallel version (MPI), running on    28 processors

     MPI processes distributed on     1 nodes
     R & G space division:  proc/nbgrp/npool/nimage =      28
     88088 MiB available memory on the printing compute node when the environment starts
 

  reading grid info from file diamond.dyn0    

  reading force constants from file diamond.dyn1
 macroscopic fields = T
   5.89530  -0.00768  -0.00768
  -0.00768   5.89530   0.00768
  -0.00768   0.00768   5.89530
  na=            1
  -0.00887  -0.00000  -0.00000
  -0.00000  -0.00887   0.00000
  -0.00000   0.00000  -0.00887
  na=            2
  -0.00873  -0.00009  -0.00009
  -0.00009  -0.00873   0.00009
  -0.00009   0.00009  -0.00873
  Norm of the difference between old and new effective charges:    0.02154761041371690278
  alpha Ewald:   0.577139621691116     
  nqs=            1
 q=   0.00000000  0.00000000  0.00000000
  reading force constants from file diamond.dyn2
  alpha Ewald:   0.577139621691116     
  nqs=            6
 q=  -0.11785113  0.11785113 -0.11785113
 q=   0.11785113 -0.11785113  0.11785113
 q=   0.11785113  0.11785113  0.11785113
 q=  -0.11785113 -0.11785113 -0.11785113
 q=  -0.11785113 -0.11785113  0.11785113
 q=   0.11785113  0.11785113 -0.11785113
  reading force constants from file diamond.dyn3
  alpha Ewald:   0.577139621691116     
  nqs=            6
 q=  -0.23570226  0.23570226 -0.23570226
 q=   0.23570226 -0.23570226  0.23570226
 q=   0.23570226  0.23570226  0.23570226
 q=  -0.23570226 -0.23570226 -0.23570226
 q=  -0.23570226 -0.23570226  0.23570226
 q=   0.23570226  0.23570226 -0.23570226
  reading force constants from file diamond.dyn4
  alpha Ewald:   0.577139621691116     
  nqs=            3
 q=   0.35355339 -0.35355339  0.35355339
 q=  -0.35355339 -0.35355339 -0.35355339
 q=   0.35355339  0.35355339 -0.35355339
  reading force constants from file diamond.dyn5
  alpha Ewald:   0.577139621691116     
  nqs=            6
 q=   0.00000000  0.23570226  0.00000000
 q=   0.00000000 -0.23570226  0.00000000
 q=   0.00000000  0.00000000  0.23570226
 q=   0.00000000  0.00000000 -0.23570226
 q=  -0.23570226  0.00000000  0.00000000
 q=   0.23570226  0.00000000  0.00000000
  reading force constants from file diamond.dyn6
  alpha Ewald:   0.577139621691116     
  nqs=           12
 q=  -0.11785113  0.35355339 -0.11785113
 q=   0.11785113 -0.35355339  0.11785113
 q=   0.11785113  0.35355339  0.11785113
 q=  -0.11785113 -0.35355339 -0.11785113
 q=   0.11785113  0.11785113  0.35355339
 q=  -0.11785113 -0.11785113 -0.35355339
 q=  -0.35355339 -0.11785113  0.11785113
 q=   0.35355339  0.11785113 -0.11785113
 q=  -0.35355339  0.11785113 -0.11785113
 q=   0.35355339 -0.11785113  0.11785113
 q=  -0.11785113 -0.11785113  0.35355339
 q=   0.11785113  0.11785113 -0.35355339
  reading force constants from file diamond.dyn7
  alpha Ewald:   0.577139621691116     
  nqs=           12
 q=   0.47140452 -0.23570226  0.47140452
 q=  -0.47140452  0.23570226 -0.47140452
 q=  -0.47140452 -0.23570226 -0.47140452
 q=   0.47140452  0.23570226  0.47140452
 q=  -0.47140452 -0.47140452 -0.23570226
 q=   0.47140452  0.47140452  0.23570226
 q=   0.23570226  0.47140452 -0.47140452
 q=  -0.23570226 -0.47140452  0.47140452
 q=   0.23570226 -0.47140452  0.47140452
 q=  -0.23570226  0.47140452 -0.47140452
 q=   0.47140452  0.47140452 -0.23570226
 q=  -0.47140452 -0.47140452  0.23570226
  reading force constants from file diamond.dyn8
  alpha Ewald:   0.577139621691116     
  nqs=           12
 q=   0.35355339 -0.11785113  0.35355339
 q=  -0.35355339  0.11785113 -0.35355339
 q=  -0.35355339 -0.11785113 -0.35355339
 q=   0.35355339  0.11785113  0.35355339
 q=  -0.35355339 -0.35355339 -0.11785113
 q=   0.35355339  0.35355339  0.11785113
 q=   0.11785113  0.35355339 -0.35355339
 q=  -0.11785113 -0.35355339  0.35355339
 q=   0.11785113 -0.35355339  0.35355339
 q=  -0.11785113  0.35355339 -0.35355339
 q=   0.35355339  0.35355339 -0.11785113
 q=  -0.35355339 -0.35355339  0.11785113
  reading force constants from file diamond.dyn9
  alpha Ewald:   0.577139621691116     
  nqs=            6
 q=   0.23570226  0.00000000  0.23570226
 q=  -0.23570226  0.00000000 -0.23570226
 q=  -0.23570226 -0.23570226  0.00000000
 q=   0.00000000  0.23570226 -0.23570226
 q=   0.00000000 -0.23570226  0.23570226
 q=   0.23570226  0.23570226  0.00000000
  reading force constants from file diamond.dyn10
  alpha Ewald:   0.577139621691116     
  nqs=            6
 q=   0.00000000  0.47140452  0.00000000
 q=   0.00000000 -0.47140452  0.00000000
 q=   0.00000000  0.00000000  0.47140452
 q=   0.00000000  0.00000000 -0.47140452
 q=  -0.47140452  0.00000000  0.00000000
 q=   0.47140452  0.00000000  0.00000000
  reading force constants from file diamond.dyn11
  alpha Ewald:   0.577139621691116     
  nqs=           12
 q=   0.58925565 -0.11785113  0.58925565
 q=  -0.58925565  0.11785113 -0.58925565
 q=  -0.58925565 -0.11785113 -0.58925565
 q=   0.58925565  0.11785113  0.58925565
 q=  -0.58925565 -0.58925565 -0.11785113
 q=   0.58925565  0.58925565  0.11785113
 q=   0.11785113  0.58925565 -0.58925565
 q=  -0.11785113 -0.58925565  0.58925565
 q=   0.11785113 -0.58925565  0.58925565
 q=  -0.11785113  0.58925565 -0.58925565
 q=   0.58925565  0.58925565 -0.11785113
 q=  -0.58925565 -0.58925565  0.11785113
  reading force constants from file diamond.dyn12
  alpha Ewald:   0.577139621691116     
  nqs=            6
 q=   0.47140452  0.00000000  0.47140452
 q=  -0.47140452  0.00000000 -0.47140452
 q=  -0.47140452 -0.47140452  0.00000000
 q=   0.00000000  0.47140452 -0.47140452
 q=   0.00000000 -0.47140452  0.47140452
 q=   0.47140452  0.47140452  0.00000000
  reading force constants from file diamond.dyn13
  alpha Ewald:   0.577139621691116     
  nqs=            3
 q=   0.00000000 -0.70710678  0.00000000
 q=   0.00000000  0.00000000 -0.70710678
 q=   0.70710678  0.00000000  0.00000000
  reading force constants from file diamond.dyn14
  alpha Ewald:   0.577139621691116     
  nqs=            2
 q=  -0.11785113  0.11785113  0.11785113
 q=   0.11785113 -0.11785113 -0.11785113
  reading force constants from file diamond.dyn15
  alpha Ewald:   0.577139621691116     
  nqs=            6
 q=  -0.23570226  0.23570226  0.00000000
 q=   0.23570226 -0.23570226  0.00000000
 q=   0.00000000  0.23570226  0.23570226
 q=   0.00000000 -0.23570226 -0.23570226
 q=  -0.23570226  0.00000000  0.23570226
 q=   0.23570226  0.00000000 -0.23570226
  reading force constants from file diamond.dyn16
  alpha Ewald:   0.577139621691116     
  nqs=            6
 q=   0.35355339 -0.35355339  0.58925565
 q=  -0.35355339  0.35355339 -0.58925565
 q=  -0.58925565 -0.35355339 -0.35355339
 q=   0.58925565  0.35355339  0.35355339
 q=   0.35355339  0.58925565 -0.35355339
 q=  -0.35355339 -0.58925565  0.35355339
  reading force constants from file diamond.dyn17
  alpha Ewald:   0.577139621691116     
  nqs=            6
 q=   0.23570226 -0.23570226  0.47140452
 q=  -0.23570226  0.23570226 -0.47140452
 q=  -0.47140452 -0.23570226 -0.23570226
 q=   0.47140452  0.23570226  0.23570226
 q=   0.23570226  0.47140452 -0.23570226
 q=  -0.23570226 -0.47140452  0.23570226
  reading force constants from file diamond.dyn18
  alpha Ewald:   0.577139621691116     
  nqs=            6
 q=   0.11785113 -0.11785113  0.35355339
 q=  -0.11785113  0.11785113 -0.35355339
 q=  -0.35355339 -0.11785113 -0.11785113
 q=   0.35355339  0.11785113  0.11785113
 q=   0.11785113  0.35355339 -0.11785113
 q=  -0.11785113 -0.35355339  0.11785113
  reading force constants from file diamond.dyn19
  alpha Ewald:   0.577139621691116     
  nqs=            6
 q=  -0.11785113  0.35355339  0.11785113
 q=   0.11785113 -0.35355339 -0.11785113
 q=  -0.11785113  0.11785113  0.35355339
 q=   0.11785113 -0.11785113 -0.35355339
 q=  -0.35355339  0.11785113  0.11785113
 q=   0.35355339 -0.11785113 -0.11785113
  reading force constants from file diamond.dyn20
  alpha Ewald:   0.577139621691116     
  nqs=           12
 q=   0.47140452 -0.23570226  0.70710678
 q=  -0.47140452  0.23570226 -0.70710678
 q=  -0.70710678 -0.23570226 -0.47140452
 q=   0.70710678  0.23570226  0.47140452
 q=  -0.70710678 -0.47140452 -0.23570226
 q=   0.70710678  0.47140452  0.23570226
 q=   0.23570226  0.70710678 -0.47140452
 q=  -0.23570226 -0.70710678  0.47140452
 q=   0.23570226 -0.47140452  0.70710678
 q=  -0.23570226  0.47140452 -0.70710678
 q=   0.47140452  0.70710678 -0.23570226
 q=  -0.47140452 -0.70710678  0.23570226
  reading force constants from file diamond.dyn21
  alpha Ewald:   0.577139621691116     
  nqs=           12
 q=   0.35355339 -0.11785113  0.58925565
 q=  -0.35355339  0.11785113 -0.58925565
 q=  -0.58925565 -0.11785113 -0.35355339
 q=   0.58925565  0.11785113  0.35355339
 q=  -0.58925565 -0.35355339 -0.11785113
 q=   0.58925565  0.35355339  0.11785113
 q=   0.11785113  0.58925565 -0.35355339
 q=  -0.11785113 -0.58925565  0.35355339
 q=   0.11785113 -0.35355339  0.58925565
 q=  -0.11785113  0.35355339 -0.58925565
 q=   0.35355339  0.58925565 -0.11785113
 q=  -0.35355339 -0.58925565  0.11785113
  reading force constants from file diamond.dyn22
  alpha Ewald:   0.577139621691116     
  nqs=           12
 q=   0.23570226  0.00000000  0.47140452
 q=  -0.23570226  0.00000000 -0.47140452
 q=  -0.47140452  0.00000000 -0.23570226
 q=   0.47140452  0.00000000  0.23570226
 q=  -0.47140452 -0.23570226  0.00000000
 q=   0.47140452  0.23570226  0.00000000
 q=   0.00000000  0.47140452 -0.23570226
 q=   0.00000000 -0.47140452  0.23570226
 q=   0.00000000 -0.23570226  0.47140452
 q=   0.00000000  0.23570226 -0.47140452
 q=   0.23570226  0.47140452  0.00000000
 q=  -0.23570226 -0.47140452  0.00000000
  reading force constants from file diamond.dyn23
  alpha Ewald:   0.577139621691116     
  nqs=            6
 q=  -0.11785113 -0.82495791  0.11785113
 q=   0.11785113  0.82495791 -0.11785113
 q=  -0.11785113  0.11785113 -0.82495791
 q=   0.11785113 -0.11785113  0.82495791
 q=   0.82495791  0.11785113  0.11785113
 q=  -0.82495791 -0.11785113 -0.11785113
  reading force constants from file diamond.dyn24
  alpha Ewald:   0.577139621691116     
  nqs=           12
 q=  -0.23570226 -0.70710678  0.00000000
 q=   0.23570226  0.70710678  0.00000000
 q=   0.00000000 -0.70710678  0.23570226
 q=   0.00000000  0.70710678 -0.23570226
 q=   0.00000000  0.23570226 -0.70710678
 q=   0.00000000 -0.23570226  0.70710678
 q=   0.70710678  0.00000000  0.23570226
 q=  -0.70710678  0.00000000 -0.23570226
 q=   0.70710678  0.23570226  0.00000000
 q=  -0.70710678 -0.23570226  0.00000000
 q=  -0.23570226  0.00000000 -0.70710678
 q=   0.23570226  0.00000000  0.70710678
  reading force constants from file diamond.dyn25
  alpha Ewald:   0.577139621691116     
  nqs=            6
 q=  -0.35355339 -0.58925565 -0.11785113
 q=   0.11785113 -0.58925565  0.35355339
 q=   0.11785113  0.35355339 -0.58925565
 q=   0.58925565 -0.11785113  0.35355339
 q=   0.58925565  0.35355339 -0.11785113
 q=  -0.35355339 -0.11785113 -0.58925565
  reading force constants from file diamond.dyn26
  alpha Ewald:   0.577139621691116     
  nqs=            6
 q=  -0.11785113 -0.58925565  0.11785113
 q=   0.11785113  0.58925565 -0.11785113
 q=  -0.11785113  0.11785113 -0.58925565
 q=   0.11785113 -0.11785113  0.58925565
 q=   0.58925565  0.11785113  0.11785113
 q=  -0.58925565 -0.11785113 -0.11785113
  reading force constants from file diamond.dyn27
  alpha Ewald:   0.577139621691116     
  nqs=            2
 q=  -0.23570226  0.23570226  0.23570226
 q=   0.23570226 -0.23570226 -0.23570226
  reading force constants from file diamond.dyn28
  alpha Ewald:   0.577139621691116     
  nqs=            6
 q=   0.35355339 -0.35355339  0.82495791
 q=  -0.35355339  0.35355339 -0.82495791
 q=  -0.82495791 -0.35355339 -0.35355339
 q=   0.82495791  0.35355339  0.35355339
 q=   0.35355339  0.82495791 -0.35355339
 q=  -0.35355339 -0.82495791  0.35355339
  reading force constants from file diamond.dyn29
  alpha Ewald:   0.577139621691116     
  nqs=            6
 q=   0.23570226 -0.23570226  0.70710678
 q=  -0.23570226  0.23570226 -0.70710678
 q=  -0.70710678 -0.23570226 -0.23570226
 q=   0.70710678  0.23570226  0.23570226
 q=   0.23570226  0.70710678 -0.23570226
 q=  -0.23570226 -0.70710678  0.23570226
  reading force constants from file diamond.dyn30
  alpha Ewald:   0.577139621691116     
  nqs=            6
 q=  -0.23570226 -0.94280904  0.23570226
 q=   0.23570226  0.94280904 -0.23570226
 q=  -0.23570226  0.23570226 -0.94280904
 q=   0.23570226 -0.23570226  0.94280904
 q=   0.94280904  0.23570226  0.23570226
 q=  -0.94280904 -0.23570226 -0.23570226
  reading force constants from file diamond.dyn31
  alpha Ewald:   0.577139621691116     
  nqs=            6
 q=  -0.35355339 -0.82495791  0.11785113
 q=  -0.11785113 -0.82495791  0.35355339
 q=  -0.11785113  0.35355339 -0.82495791
 q=   0.82495791  0.11785113  0.35355339
 q=   0.82495791  0.35355339  0.11785113
 q=  -0.35355339  0.11785113 -0.82495791
  reading force constants from file diamond.dyn32
  alpha Ewald:   0.577139621691116     
  nqs=            1
 q=   0.35355339 -0.35355339 -0.35355339

      q-space grid ok, #points =  216

      fft-check success (sum of imaginary terms < 10^-12)
 
     Q2R          :      0.03s CPU      0.10s WALL

 
   This run was terminated on:  15:34:53   9Aug2026            

=------------------------------------------------------------------------------=
   JOB DONE.
=------------------------------------------------------------------------------=
