     4 : nkpt
    13 : nstsv

     1   0.000000000       0.000000000       0.000000000     : k-point, vkl
 (state, eigenvalue and occupancy below)
     1  -313251.7197       0.000000000    
     2  -281791.2599       0.000000000    
     3  -7535.236419       0.000000000    
     4  -7535.236032       0.000000000    
     5  -6307.915430       0.000000000    
     6  -6307.915206       0.000000000    
     7  -2835.914572       0.000000000    
     8  -2027.980841       0.000000000    
     9  -1937.683162       0.000000000    
    10  -1937.683147       0.000000000    
    11  -1470.376401       0.000000000    
    12  -1470.376388       0.000000000    
    13  -459.2169884       0.000000000    


     2  0.3333333333       0.000000000       0.000000000     : k-point, vkl
 (state, eigenvalue and occupancy below)
     1  -338253.9597       0.000000000    
     2  -333089.1667       0.000000000    
     3  -8863.782333       0.000000000    
     4  -8528.758337       0.000000000    
     5  -7676.705420       0.000000000    
     6  -7412.188279       0.000000000    
     7  -3120.129746       0.000000000    
     8  -2550.409715       0.000000000    
     9  -2201.709402       0.000000000    
    10  -2136.393794       0.000000000    
    11  -1954.586672       0.000000000    
    12  -1725.631773       0.000000000    
    13  -642.1149430       0.000000000    


     3  0.3333333333      0.3333333333       0.000000000     : k-point, vkl
 (state, eigenvalue and occupancy below)
     1  -261699.2193       0.000000000    
     2  -253147.4213       0.000000000    
     3  -6503.636152       0.000000000    
     4  -6415.507693       0.000000000    
     5  -5938.378543       0.000000000    
     6  -5680.659066       0.000000000    
     7  -2340.031938       0.000000000    
     8  -1991.982909       0.000000000    
     9  -1659.845504       0.000000000    
    10  -1617.132521       0.000000000    
    11  -1430.148813       0.000000000    
    12  -1291.592504       0.000000000    
    13  -380.9929260       0.000000000    


     4  0.6666666667      0.3333333333       0.000000000     : k-point, vkl
 (state, eigenvalue and occupancy below)
     1  -297901.9036       0.000000000    
     2  -276578.6095       0.000000000    
     3  -7334.203723       0.000000000    
     4  -7059.631859       0.000000000    
     5  -6513.177874       0.000000000    
     6  -6467.083124       0.000000000    
     7  -2607.304233       0.000000000    
     8  -2537.622136       0.000000000    
     9  -1927.887767       0.000000000    
    10  -1846.486991       0.000000000    
    11  -1665.117204       0.000000000    
    12  -1604.478149       0.000000000    
    13  -460.9205410       0.000000000    

