     diagonalizing the dynamical matrix ...

 q =       0.0000      0.0000      0.0000
 **************************************************************************
     freq (    1) =      -0.000001 [THz] =      -0.000020 [cm-1]
 ( -0.265911   0.000000    -0.631674   0.000000     0.174009   0.000000   )
 ( -0.265911   0.000000    -0.631674   0.000000     0.174009   0.000000   )
     freq (    2) =       0.000000 [THz] =       0.000004 [cm-1]
 ( -0.649679   0.000000     0.229865  -0.000000    -0.158366   0.000000   )
 ( -0.649679   0.000000     0.229865  -0.000000    -0.158366   0.000000   )
     freq (    3) =       0.000001 [THz] =       0.000019 [cm-1]
 ( -0.084906   0.000000     0.219432   0.000000     0.666814   0.000000   )
 ( -0.084906   0.000000     0.219432   0.000000     0.666814   0.000000   )
     freq (    4) =      38.462921 [THz] =    1282.984936 [cm-1]
 (  0.408248   0.000000    -0.408248   0.000000    -0.408248   0.000000   )
 ( -0.408248   0.000000     0.408248   0.000000     0.408248   0.000000   )
     freq (    5) =      38.718698 [THz] =    1291.516759 [cm-1]
 ( -0.288675   0.000000     0.288675   0.000000    -0.577350   0.000000   )
 (  0.288675   0.000000    -0.288675   0.000000     0.577350   0.000000   )
     freq (    6) =      38.718698 [THz] =    1291.516759 [cm-1]
 ( -0.500000   0.000000    -0.500000   0.000000     0.000000   0.000000   )
 (  0.500000   0.000000     0.500000   0.000000     0.000000   0.000000   )
 **************************************************************************
