    29 : nkpt
    13 : nstsv

     1   0.000000000       0.000000000       0.000000000     : k-point, vkl
 (state, eigenvalue and occupancy below)
     1 -0.3496069295       2.000000000    
     2  0.4357559383       1.999999983    
     3  0.4357559383       1.999999983    
     4  0.4357562604       1.999999983    
     5  0.6413015610       0.000000000    
     6  0.6413015610       0.000000000    
     7  0.6413019079       0.000000000    
     8  0.9184734613       0.000000000    
     9   1.141718266       0.000000000    
    10   1.449770955       0.000000000    
    11   1.449770955       0.000000000    
    12   1.457021612       0.000000000    
    13   1.457021612       0.000000000    


     2  0.1250000000       0.000000000       0.000000000     : k-point, vkl
 (state, eigenvalue and occupancy below)
     1 -0.3338248893       2.000000000    
     2  0.3473724743       2.000000000    
     3  0.4119113801       2.000000000    
     4  0.4119116368       2.000000000    
     5  0.6727758987       0.000000000    
     6  0.6727762046       0.000000000    
     7  0.6881909897       0.000000000    
     8  0.9327056634       0.000000000    
     9   1.165928936       0.000000000    
    10   1.319102747       0.000000000    
    11   1.319103000       0.000000000    
    12   1.406431756       0.000000000    
    13   1.656183324       0.000000000    


     3  0.2500000000       0.000000000       0.000000000     : k-point, vkl
 (state, eigenvalue and occupancy below)
     1 -0.2869701235       2.000000000    
     2  0.1946645369       2.000000000    
     3  0.3719397602       2.000000000    
     4  0.3719400503       2.000000000    
     5  0.7221663630       0.000000000    
     6  0.7221666606       0.000000000    
     7  0.7338714477       0.000000000    
     8  0.9694184497       0.000000000    
     9   1.195141148       0.000000000    
    10   1.276868598       0.000000000    
    11   1.276868796       0.000000000    
    12   1.371951992       0.000000000    
    13   1.913057396       0.000000000    


     4  0.3750000000       0.000000000       0.000000000     : k-point, vkl
 (state, eigenvalue and occupancy below)
     1 -0.2115802530       2.000000000    
     2  0.4558882173E-01   2.000000000    
     3  0.3433400810       2.000000000    
     4  0.3433403861       2.000000000    
     5  0.7445615535       0.000000000    
     6  0.7445618661       0.000000000    
     7  0.7532561618       0.000000000    
     8   1.002409159       0.000000000    
     9   1.212332703       0.000000000    
    10   1.334418884       0.000000000    
    11   1.334418935       0.000000000    
    12   1.354239177       0.000000000    
    13   1.862868102       0.000000000    


     5  0.5000000000       0.000000000       0.000000000     : k-point, vkl
 (state, eigenvalue and occupancy below)
     1 -0.1391773572       2.000000000    
     2 -0.5259567821E-01   2.000000000    
     3  0.3333798914       2.000000000    
     4  0.3333801959       2.000000000    
     5  0.7475371845       0.000000000    
     6  0.7475374945       0.000000000    
     7  0.7584748149       0.000000000    
     8   1.011920817       0.000000000    
     9   1.240629684       0.000000000    
    10   1.321516503       0.000000000    
    11   1.401813327       0.000000000    
    12   1.401813479       0.000000000    
    13   1.745675935       0.000000000    


     6  0.1250000000      0.1250000000       0.000000000     : k-point, vkl
 (state, eigenvalue and occupancy below)
     1 -0.3285714259       2.000000000    
     2  0.3727729245       2.000000000    
     3  0.3727731324       2.000000000    
     4  0.3869150400       2.000000000    
     5  0.6262407536       0.000000000    
     6  0.7225712543       0.000000000    
     7  0.7225714817       0.000000000    
     8  0.9198970175       0.000000000    
     9   1.176787389       0.000000000    
    10   1.208953705       0.000000000    
    11   1.478162897       0.000000000    
    12   1.507116590       0.000000000    
    13   1.507116982       0.000000000    


     7  0.2500000000      0.1250000000       0.000000000     : k-point, vkl
 (state, eigenvalue and occupancy below)
     1 -0.2920816368       2.000000000    
     2  0.2495767094       2.000000000    
     3  0.3307658244       2.000000000    
     4  0.3612812869       2.000000000    
     5  0.6503817989       0.000000000    
     6  0.7784078734       0.000000000    
     7  0.7820616605       0.000000000    
     8  0.9066852076       0.000000000    
     9   1.183729920       0.000000000    
    10   1.211733218       0.000000000    
    11   1.409574881       0.000000000    
    12   1.473604149       0.000000000    
    13   1.726329200       0.000000000    


     8  0.3750000000      0.1250000000       0.000000000     : k-point, vkl
 (state, eigenvalue and occupancy below)
     1 -0.2259406299       2.000000000    
     2  0.1024563085       2.000000000    
     3  0.3070878576       2.000000000    
     4  0.3186851025       2.000000000    
     5  0.6935025793       0.000000000    
     6  0.8045328826       0.000000000    
     7  0.8070009962       0.000000000    
     8  0.9309708424       0.000000000    
     9   1.214302657       0.000000000    
    10   1.243244744       0.000000000    
    11   1.419742790       0.000000000    
    12   1.437200504       0.000000000    
    13   1.856846700       0.000000000    


     9  0.5000000000      0.1250000000       0.000000000     : k-point, vkl
 (state, eigenvalue and occupancy below)
     1 -0.1410392380       2.000000000    
     2 -0.2288807669E-01   2.000000000    
     3  0.2839351387       2.000000000    
     4  0.3070066786       2.000000000    
     5  0.7162050777       0.000000000    
     6  0.7972204148       0.000000000    
     7  0.8117748873       0.000000000    
     8  0.9929626460       0.000000000    
     9   1.192827004       0.000000000    
    10   1.317219267       0.000000000    
    11   1.416611299       0.000000000    
    12   1.430217400       0.000000000    
    13   1.768567209       0.000000000    


    10  0.6250000000      0.1250000000       0.000000000     : k-point, vkl
 (state, eigenvalue and occupancy below)
     1 -0.1689972620       2.000000000    
     2  0.1362332073E-01   2.000000000    
     3  0.2682392929       2.000000000    
     4  0.3294518924       2.000000000    
     5  0.7376449412       0.000000000    
     6  0.7731749003       0.000000000    
     7  0.8085219956       0.000000000    
     8  0.9997564312       0.000000000    
     9   1.190907293       0.000000000    
    10   1.295991343       0.000000000    
    11   1.337961010       0.000000000    
    12   1.485580496       0.000000000    
    13   1.831292384       0.000000000    


    11  0.7500000000      0.1250000000       0.000000000     : k-point, vkl
 (state, eigenvalue and occupancy below)
     1 -0.2511154718       2.000000000    
     2  0.1517679653       2.000000000    
     3  0.2761992144       2.000000000    
     4  0.3684948550       2.000000000    
     5  0.7343534325       0.000000000    
     6  0.7531345322       0.000000000    
     7  0.7884302122       0.000000000    
     8  0.9533761683       0.000000000    
     9   1.206783603       0.000000000    
    10   1.207660692       0.000000000    
    11   1.316127361       0.000000000    
    12   1.519621175       0.000000000    
    13   1.826949415       0.000000000    


    12  0.8750000000      0.1250000000       0.000000000     : k-point, vkl
 (state, eigenvalue and occupancy below)
     1 -0.3076825125       2.000000000    
     2  0.2898169661       2.000000000    
     3  0.3170373652       2.000000000    
     4  0.4080266070       2.000000000    
     5  0.6838169486       0.000000000    
     6  0.7318887083       0.000000000    
     7  0.7356833144       0.000000000    
     8  0.9378581117       0.000000000    
     9   1.194682691       0.000000000    
    10   1.216772242       0.000000000    
    11   1.295423540       0.000000000    
    12   1.557007870       0.000000000    
    13   1.588976207       0.000000000    


    13  0.2500000000      0.2500000000       0.000000000     : k-point, vkl
 (state, eigenvalue and occupancy below)
     1 -0.2661733547       2.000000000    
     2  0.2698556948       2.000000000    
     3  0.2852780498       2.000000000    
     4  0.2852782868       2.000000000    
     5  0.5992199796       0.000000000    
     6  0.8128715013       0.000000000    
     7  0.8614235369       0.000000000    
     8  0.8614237352       0.000000000    
     9   1.176302557       0.000000000    
    10   1.249550389       0.000000000    
    11   1.563466254       0.000000000    
    12   1.643785383       0.000000000    
    13   1.643785708       0.000000000    


    14  0.3750000000      0.2500000000       0.000000000     : k-point, vkl
 (state, eigenvalue and occupancy below)
     1 -0.2103074889       2.000000000    
     2  0.1604722900       2.000000000    
     3  0.2448312199       2.000000000    
     4  0.2586207483       2.000000000    
     5  0.6261312558       0.000000000    
     6  0.7798552341       0.000000000    
     7  0.9092804247       0.000000000    
     8  0.9096546882       0.000000000    
     9   1.222432442       0.000000000    
    10   1.261475126       0.000000000    
    11   1.546603567       0.000000000    
    12   1.617171676       0.000000000    
    13   1.814965242       0.000000000    


    15  0.5000000000      0.2500000000       0.000000000     : k-point, vkl
 (state, eigenvalue and occupancy below)
     1 -0.1298205674       2.000000000    
     2  0.4126492807E-01   2.000000000    
     3  0.1893643460       2.000000000    
     4  0.2576930901       2.000000000    
     5  0.6597256729       0.000000000    
     6  0.8563492714       0.000000000    
     7  0.9066939222       0.000000000    
     8  0.9241868581       0.000000000    
     9   1.184663415       0.000000000    
    10   1.303071776       0.000000000    
    11   1.467257195       0.000000000    
    12   1.584755563       0.000000000    
    13   1.823614192       0.000000000    


    16  0.6250000000      0.2500000000       0.000000000     : k-point, vkl
 (state, eigenvalue and occupancy below)
     1 -0.1045116772       2.000000000    
     2  0.1219869447E-01   2.000000000    
     3  0.1527902145       2.000000000    
     4  0.2822447891       2.000000000    
     5  0.6880379132       0.000000000    
     6  0.8684839665       0.000000000    
     7  0.9211425763       0.000000000    
     8  0.9782623293       0.000000000    
     9   1.090404939       0.000000000    
    10   1.315265957       0.000000000    
    11   1.347387919       0.000000000    
    12   1.614015269       0.000000000    
    13   1.935365754       0.000000000    


    17  0.7500000000      0.2500000000       0.000000000     : k-point, vkl
 (state, eigenvalue and occupancy below)
     1 -0.1865004867       2.000000000    
     2  0.1172142520       2.000000000    
     3  0.1580123254       2.000000000    
     4  0.3257059012       2.000000000    
     5  0.7275249026       0.000000000    
     6  0.8034355816       0.000000000    
     7  0.8897340049       0.000000000    
     8  0.9440783391       0.000000000    
     9   1.160460956       0.000000000    
    10   1.215172437       0.000000000    
    11   1.345336584       0.000000000    
    12   1.664509996       0.000000000    
    13   1.793536317       0.000000000    


    18  0.3750000000      0.3750000000       0.000000000     : k-point, vkl
 (state, eigenvalue and occupancy below)
     1 -0.1650379457       2.000000000    
     2  0.1211227057       2.000000000    
     3  0.2262401107       2.000000000    
     4  0.2262403539       2.000000000    
     5  0.5879959222       0.000000000    
     6  0.6840837923       0.000000000    
     7  0.9907692518       0.000000000    
     8  0.9907693917       0.000000000    
     9   1.239137116       0.000000000    
    10   1.297370642       0.000000000    
    11   1.706039000       0.000000000    
    12   1.707451064       0.000000000    
    13   1.707451256       0.000000000    


    19  0.5000000000      0.3750000000       0.000000000     : k-point, vkl
 (state, eigenvalue and occupancy below)
     1 -0.9344099056E-01   2.000000000    
     2  0.4489318765E-01   2.000000000    
     3  0.1678239416       2.000000000    
     4  0.2195710239       2.000000000    
     5  0.6191360167       0.000000000    
     6  0.6939617696       0.000000000    
     7   1.010072631       0.000000000    
     8   1.019051946       0.000000000    
     9   1.238480809       0.000000000    
    10   1.295371232       0.000000000    
    11   1.565684532       0.000000000    
    12   1.687532084       0.000000000    
    13   1.861538199       0.000000000    


    20  0.6250000000      0.3750000000       0.000000000     : k-point, vkl
 (state, eigenvalue and occupancy below)
     1 -0.3964852646E-01   2.000000000    
     2  0.6271193262E-02   2.000000000    
     3  0.9604780876E-01   2.000000000    
     4  0.2399176224       2.000000000    
     5  0.6450738401       0.000000000    
     6  0.8310480109       0.000000000    
     7  0.9630997956       0.000000000    
     8   1.007483510       0.000000000    
     9   1.126400705       0.000000000    
    10   1.331440612       0.000000000    
    11   1.409374126       0.000000000    
    12   1.701978580       0.000000000    
    13   1.937512075       0.000000000    


    21  0.5000000000      0.5000000000       0.000000000     : k-point, vkl
 (state, eigenvalue and occupancy below)
     1 -0.3147098762E-01   2.000000000    
     2 -0.3147087505E-01   2.000000000    
     3  0.2058306666       2.000000000    
     4  0.2058309081       2.000000000    
     5  0.6113214441       0.000000000    
     6  0.6113218297       0.000000000    
     7   1.051829332       0.000000000    
     8   1.051829433       0.000000000    
     9   1.288764107       0.000000000    
    10   1.288764138       0.000000000    
    11   1.653676889       0.000000000    
    12   1.653677150       0.000000000    
    13   1.906393807       0.000000000    


    22  0.3750000000      0.2500000000      0.1250000000     : k-point, vkl
 (state, eigenvalue and occupancy below)
     1 -0.2458696990       2.000000000    
     2  0.1973147897       2.000000000    
     3  0.2348896316       2.000000000    
     4  0.3301533062       2.000000000    
     5  0.6773962481       0.000000000    
     6  0.8048200293       0.000000000    
     7  0.8610253533       0.000000000    
     8  0.8671046696       0.000000000    
     9   1.200688071       0.000000000    
    10   1.228723437       0.000000000    
    11   1.393826269       0.000000000    
    12   1.664383979       0.000000000    
    13   1.690842924       0.000000000    


    23  0.5000000000      0.2500000000      0.1250000000     : k-point, vkl
 (state, eigenvalue and occupancy below)
     1 -0.1719618235       2.000000000    
     2  0.7564493621E-01   2.000000000    
     3  0.2062246073       2.000000000    
     4  0.2866763351       2.000000000    
     5  0.7290047563       0.000000000    
     6  0.7901687049       0.000000000    
     7  0.8895120144       0.000000000    
     8  0.9265477206       0.000000000    
     9   1.180824075       0.000000000    
    10   1.261621561       0.000000000    
    11   1.405939873       0.000000000    
    12   1.589603014       0.000000000    
    13   1.855593429       0.000000000    


    24  0.6250000000      0.2500000000      0.1250000000     : k-point, vkl
 (state, eigenvalue and occupancy below)
     1 -0.1022231115       2.000000000    
     2 -0.1588590951E-01   2.000000000    
     3  0.2048347000       2.000000000    
     4  0.2646341890       2.000000000    
     5  0.7419390213       0.000000000    
     6  0.7825185235       0.000000000    
     7  0.9136519501       0.000000000    
     8  0.9808955547       0.000000000    
     9   1.115355649       0.000000000    
    10   1.316424577       0.000000000    
    11   1.417430305       0.000000000    
    12   1.521594159       0.000000000    
    13   1.878056857       0.000000000    


    25  0.5000000000      0.3750000000      0.1250000000     : k-point, vkl
 (state, eigenvalue and occupancy below)
     1 -0.1464883615       2.000000000    
     2  0.1054872567       2.000000000    
     3  0.1804738516       2.000000000    
     4  0.2189794844       2.000000000    
     5  0.6684245553       0.000000000    
     6  0.7528147832       0.000000000    
     7  0.9125618620       0.000000000    
     8  0.9904965948       0.000000000    
     9   1.235510581       0.000000000    
    10   1.255215002       0.000000000    
    11   1.535075668       0.000000000    
    12   1.664327936       0.000000000    
    13   1.864550579       0.000000000    


    26  0.6250000000      0.3750000000      0.1250000000     : k-point, vkl
 (state, eigenvalue and occupancy below)
     1 -0.6664070479E-01   2.000000000    
     2  0.2699119314E-01   2.000000000    
     3  0.1286651993       2.000000000    
     4  0.2041067222       2.000000000    
     5  0.7131873885       0.000000000    
     6  0.8374446958       0.000000000    
     7  0.8951300502       0.000000000    
     8  0.9827280373       0.000000000    
     9   1.152807056       0.000000000    
    10   1.288186694       0.000000000    
    11   1.484288912       0.000000000    
    12   1.628871929       0.000000000    
    13   1.962062442       0.000000000    


    27  0.7500000000      0.3750000000      0.1250000000     : k-point, vkl
 (state, eigenvalue and occupancy below)
     1 -0.9546640649E-01   2.000000000    
     2  0.5469627918E-01   2.000000000    
     3  0.1121613556       2.000000000    
     4  0.2359399208       2.000000000    
     5  0.7441980781       0.000000000    
     6  0.8317584861       0.000000000    
     7  0.9144871588       0.000000000    
     8  0.9681776855       0.000000000    
     9   1.105899845       0.000000000    
    10   1.282929809       0.000000000    
    11   1.420875704       0.000000000    
    12   1.655817639       0.000000000    
    13   1.914761642       0.000000000    


    28  0.6250000000      0.5000000000      0.1250000000     : k-point, vkl
 (state, eigenvalue and occupancy below)
     1 -0.1924592833E-01   2.000000000    
     2 -0.1924582781E-01   2.000000000    
     3  0.1688614186       2.000000000    
     4  0.1688616397       2.000000000    
     5  0.6889535046       0.000000000    
     6  0.6889538580       0.000000000    
     7   1.006343031       0.000000000    
     8   1.006343338       0.000000000    
     9   1.251367282       0.000000000    
    10   1.251367347       0.000000000    
    11   1.598373739       0.000000000    
    12   1.598374029       0.000000000    
    13   2.028236070       0.000000000    


    29  0.7500000000      0.5000000000      0.2500000000     : k-point, vkl
 (state, eigenvalue and occupancy below)
     1 -0.2920785056E-02   2.000000000    
     2 -0.2920713449E-02   2.000000000    
     3  0.1322641368       2.000000000    
     4  0.1322643650       2.000000000    
     5  0.8278441511       0.000000000    
     6  0.8278443873       0.000000000    
     7  0.8867114674       0.000000000    
     8  0.8867119308       0.000000000    
     9   1.222922532       0.000000000    
    10   1.222922686       0.000000000    
    11   1.571520782       0.000000000    
    12   1.571521041       0.000000000    
    13   2.079196410       0.000000000    

