
┌─────────────────────────────────┐
│ Elk code version 11.0.2 started │
└─────────────────────────────────┘

Number of MPI processes : 6
Number of OpenMP threads per MPI process : 1
Total number of threads (MPI x OpenMP) : 6
Maximum OpenMP nesting level : 4
Number of OpenMP threads at first nesting level : 1
Number of MKL threads : 1

RAM disk enabled

┌──────────────────┐
│ Current task : 2 │
└──────────────────┘
Info(checkmt): changed muffin-tin radius of species 1 (C) from   1.8000 to   1.4343

Info(findsymcrys): atomic basis shift (lattice) :
  0.3750000000      0.3750000000      0.3750000000    
See GEOMETRY.OUT for new atomic positions
Info(geomopt): atomic position optimisation step : 1

Warning(linengy): could not find 1 linearisation energies in s.c. loop 1

Warning(linengy): could not find 1 linearisation energies in s.c. loop 2

Warning(linengy): could not find 1 linearisation energies in s.c. loop 3

Warning(linengy): could not find 1 linearisation energies in s.c. loop 4

Warning(linengy): could not find 1 linearisation energies in s.c. loop 5

Warning(linengy): could not find 1 linearisation energies in s.c. loop 6

Warning(linengy): could not find 1 linearisation energies in s.c. loop 7

Warning(linengy): could not find 1 linearisation energies in s.c. loop 8

Warning(linengy): could not find 1 linearisation energies in s.c. loop 9

Warning(linengy): could not find 1 linearisation energies in s.c. loop 10

Warning(linengy): could not find 1 linearisation energies in s.c. loop 11

Warning(linengy): could not find 1 linearisation energies in s.c. loop 12

Warning(linengy): could not find 1 linearisation energies in s.c. loop 13

Warning(linengy): could not find 1 linearisation energies in s.c. loop 14
Info(geomopt): lattice optimisation step : 1

Warning(linengy): could not find 1 linearisation energies in s.c. loop 1

Warning(linengy): could not find 1 linearisation energies in s.c. loop 2

Warning(linengy): could not find 1 linearisation energies in s.c. loop 3
Info(genstress): strain tensor 1 of 1

Warning(linengy): could not find 1 linearisation energies in s.c. loop 1

Warning(linengy): could not find 1 linearisation energies in s.c. loop 2

Warning(linengy): could not find 1 linearisation energies in s.c. loop 3

Warning(linengy): could not find 1 linearisation energies in s.c. loop 4

Warning(linengy): could not find 1 linearisation energies in s.c. loop 5

Warning(linengy): could not find 1 linearisation energies in s.c. loop 6

Warning(linengy): could not find 1 linearisation energies in s.c. loop 7

Warning(linengy): could not find 1 linearisation energies in s.c. loop 8

Warning(linengy): could not find 1 linearisation energies in s.c. loop 9

Warning(linengy): could not find 1 linearisation energies in s.c. loop 10

Warning(linengy): could not find 1 linearisation energies in s.c. loop 11

Warning(linengy): could not find 1 linearisation energies in s.c. loop 12
Info(geomopt): atomic position optimisation step : 1

Warning(linengy): could not find 1 linearisation energies in s.c. loop 1

Warning(linengy): could not find 1 linearisation energies in s.c. loop 2

Warning(linengy): could not find 1 linearisation energies in s.c. loop 3

Warning(linengy): could not find 1 linearisation energies in s.c. loop 4

Warning(linengy): could not find 1 linearisation energies in s.c. loop 5

Warning(linengy): could not find 1 linearisation energies in s.c. loop 6

Warning(linengy): could not find 1 linearisation energies in s.c. loop 7

Warning(linengy): could not find 1 linearisation energies in s.c. loop 8

Warning(linengy): could not find 1 linearisation energies in s.c. loop 9

Warning(linengy): could not find 1 linearisation energies in s.c. loop 10

Warning(linengy): could not find 1 linearisation energies in s.c. loop 11

Warning(linengy): could not find 1 linearisation energies in s.c. loop 12
Info(geomopt): lattice optimisation step : 2

Warning(linengy): could not find 1 linearisation energies in s.c. loop 1

Warning(linengy): could not find 1 linearisation energies in s.c. loop 2

Warning(linengy): could not find 1 linearisation energies in s.c. loop 3
Info(genstress): strain tensor 1 of 1

Warning(linengy): could not find 1 linearisation energies in s.c. loop 1

Warning(linengy): could not find 1 linearisation energies in s.c. loop 2

Warning(linengy): could not find 1 linearisation energies in s.c. loop 3

Warning(linengy): could not find 1 linearisation energies in s.c. loop 4

Warning(linengy): could not find 1 linearisation energies in s.c. loop 5

Warning(linengy): could not find 1 linearisation energies in s.c. loop 6

Warning(linengy): could not find 1 linearisation energies in s.c. loop 7

Warning(linengy): could not find 1 linearisation energies in s.c. loop 8

Warning(linengy): could not find 1 linearisation energies in s.c. loop 9

Warning(linengy): could not find 1 linearisation energies in s.c. loop 10

Warning(linengy): could not find 1 linearisation energies in s.c. loop 11

Warning(linengy): could not find 1 linearisation energies in s.c. loop 12
Info(geomopt): atomic position optimisation step : 1
Info(checkmt): changed muffin-tin radius of species 1 (C) from   1.4343 to   1.4346

Warning(linengy): could not find 1 linearisation energies in s.c. loop 1

Warning(linengy): could not find 1 linearisation energies in s.c. loop 2

Warning(linengy): could not find 1 linearisation energies in s.c. loop 3

Warning(linengy): could not find 1 linearisation energies in s.c. loop 4

Warning(linengy): could not find 1 linearisation energies in s.c. loop 5

Warning(linengy): could not find 1 linearisation energies in s.c. loop 6

Warning(linengy): could not find 1 linearisation energies in s.c. loop 7

Warning(linengy): could not find 1 linearisation energies in s.c. loop 8

Warning(linengy): could not find 1 linearisation energies in s.c. loop 9

Warning(linengy): could not find 1 linearisation energies in s.c. loop 10

Warning(linengy): could not find 1 linearisation energies in s.c. loop 11

Warning(linengy): could not find 1 linearisation energies in s.c. loop 12
Info(geomopt): lattice optimisation step : 3

Warning(linengy): could not find 1 linearisation energies in s.c. loop 1

Warning(linengy): could not find 1 linearisation energies in s.c. loop 2

Warning(linengy): could not find 1 linearisation energies in s.c. loop 3
Info(genstress): strain tensor 1 of 1

Warning(linengy): could not find 1 linearisation energies in s.c. loop 1

Warning(linengy): could not find 1 linearisation energies in s.c. loop 2

Warning(linengy): could not find 1 linearisation energies in s.c. loop 3

Warning(linengy): could not find 1 linearisation energies in s.c. loop 4

Warning(linengy): could not find 1 linearisation energies in s.c. loop 5

Warning(linengy): could not find 1 linearisation energies in s.c. loop 6

Warning(linengy): could not find 1 linearisation energies in s.c. loop 7

Warning(linengy): could not find 1 linearisation energies in s.c. loop 8

Warning(linengy): could not find 1 linearisation energies in s.c. loop 9

Warning(linengy): could not find 1 linearisation energies in s.c. loop 10

Warning(linengy): could not find 1 linearisation energies in s.c. loop 11

Warning(linengy): could not find 1 linearisation energies in s.c. loop 12
Info(geomopt): atomic position optimisation step : 1
Info(checkmt): changed muffin-tin radius of species 1 (C) from   1.4346 to   1.4352

Warning(linengy): could not find 1 linearisation energies in s.c. loop 1

Warning(linengy): could not find 1 linearisation energies in s.c. loop 2

Warning(linengy): could not find 1 linearisation energies in s.c. loop 3

Warning(linengy): could not find 1 linearisation energies in s.c. loop 4

Warning(linengy): could not find 1 linearisation energies in s.c. loop 5

Warning(linengy): could not find 1 linearisation energies in s.c. loop 6

Warning(linengy): could not find 1 linearisation energies in s.c. loop 7

Warning(linengy): could not find 1 linearisation energies in s.c. loop 8

Warning(linengy): could not find 1 linearisation energies in s.c. loop 9

Warning(linengy): could not find 1 linearisation energies in s.c. loop 10

Warning(linengy): could not find 1 linearisation energies in s.c. loop 11
Info(geomopt): lattice optimisation step : 4

Warning(linengy): could not find 1 linearisation energies in s.c. loop 1

Warning(linengy): could not find 1 linearisation energies in s.c. loop 2

Warning(linengy): could not find 1 linearisation energies in s.c. loop 3
Info(genstress): strain tensor 1 of 1

Warning(linengy): could not find 1 linearisation energies in s.c. loop 1

Warning(linengy): could not find 1 linearisation energies in s.c. loop 2

Warning(linengy): could not find 1 linearisation energies in s.c. loop 3

Warning(linengy): could not find 1 linearisation energies in s.c. loop 4

Warning(linengy): could not find 1 linearisation energies in s.c. loop 5

Warning(linengy): could not find 1 linearisation energies in s.c. loop 6

Warning(linengy): could not find 1 linearisation energies in s.c. loop 7

Warning(linengy): could not find 1 linearisation energies in s.c. loop 8

Warning(linengy): could not find 1 linearisation energies in s.c. loop 9

Warning(linengy): could not find 1 linearisation energies in s.c. loop 10

Warning(linengy): could not find 1 linearisation energies in s.c. loop 11

Warning(linengy): could not find 1 linearisation energies in s.c. loop 12
Info(geomopt): atomic position optimisation step : 1
Info(checkmt): changed muffin-tin radius of species 1 (C) from   1.4352 to   1.4360

Warning(linengy): could not find 1 linearisation energies in s.c. loop 1

Warning(linengy): could not find 1 linearisation energies in s.c. loop 2

Warning(linengy): could not find 1 linearisation energies in s.c. loop 3

Warning(linengy): could not find 1 linearisation energies in s.c. loop 4

Warning(linengy): could not find 1 linearisation energies in s.c. loop 5

Warning(linengy): could not find 1 linearisation energies in s.c. loop 6

Warning(linengy): could not find 1 linearisation energies in s.c. loop 7

Warning(linengy): could not find 1 linearisation energies in s.c. loop 8

Warning(linengy): could not find 1 linearisation energies in s.c. loop 9

Warning(linengy): could not find 1 linearisation energies in s.c. loop 10

Warning(linengy): could not find 1 linearisation energies in s.c. loop 11
Info(geomopt): lattice optimisation step : 5

Warning(linengy): could not find 1 linearisation energies in s.c. loop 1

Warning(linengy): could not find 1 linearisation energies in s.c. loop 2

Warning(linengy): could not find 1 linearisation energies in s.c. loop 3
Info(genstress): strain tensor 1 of 1

Warning(linengy): could not find 1 linearisation energies in s.c. loop 1

Warning(linengy): could not find 1 linearisation energies in s.c. loop 2

Warning(linengy): could not find 1 linearisation energies in s.c. loop 3

Warning(linengy): could not find 1 linearisation energies in s.c. loop 4

Warning(linengy): could not find 1 linearisation energies in s.c. loop 5

Warning(linengy): could not find 1 linearisation energies in s.c. loop 6

Warning(linengy): could not find 1 linearisation energies in s.c. loop 7

Warning(linengy): could not find 1 linearisation energies in s.c. loop 8

Warning(linengy): could not find 1 linearisation energies in s.c. loop 9

Warning(linengy): could not find 1 linearisation energies in s.c. loop 10

Warning(linengy): could not find 1 linearisation energies in s.c. loop 11

Warning(linengy): could not find 1 linearisation energies in s.c. loop 12
Info(geomopt): atomic position optimisation step : 1
Info(checkmt): changed muffin-tin radius of species 1 (C) from   1.4360 to   1.4369

Warning(linengy): could not find 1 linearisation energies in s.c. loop 1

Warning(linengy): could not find 1 linearisation energies in s.c. loop 2

Warning(linengy): could not find 1 linearisation energies in s.c. loop 3

Warning(linengy): could not find 1 linearisation energies in s.c. loop 4

Warning(linengy): could not find 1 linearisation energies in s.c. loop 5

Warning(linengy): could not find 1 linearisation energies in s.c. loop 6

Warning(linengy): could not find 1 linearisation energies in s.c. loop 7

Warning(linengy): could not find 1 linearisation energies in s.c. loop 8

Warning(linengy): could not find 1 linearisation energies in s.c. loop 9

Warning(linengy): could not find 1 linearisation energies in s.c. loop 10

Warning(linengy): could not find 1 linearisation energies in s.c. loop 11
Info(geomopt): lattice optimisation step : 6

Warning(linengy): could not find 1 linearisation energies in s.c. loop 1

Warning(linengy): could not find 1 linearisation energies in s.c. loop 2

Warning(linengy): could not find 1 linearisation energies in s.c. loop 3
Info(genstress): strain tensor 1 of 1

Warning(linengy): could not find 1 linearisation energies in s.c. loop 1

Warning(linengy): could not find 1 linearisation energies in s.c. loop 2

Warning(linengy): could not find 1 linearisation energies in s.c. loop 3

Warning(linengy): could not find 1 linearisation energies in s.c. loop 4

Warning(linengy): could not find 1 linearisation energies in s.c. loop 5

Warning(linengy): could not find 1 linearisation energies in s.c. loop 6

Warning(linengy): could not find 1 linearisation energies in s.c. loop 7

Warning(linengy): could not find 1 linearisation energies in s.c. loop 8

Warning(linengy): could not find 1 linearisation energies in s.c. loop 9

Warning(linengy): could not find 1 linearisation energies in s.c. loop 10

Warning(linengy): could not find 1 linearisation energies in s.c. loop 11

Warning(linengy): could not find 1 linearisation energies in s.c. loop 12
Info(geomopt): atomic position optimisation step : 1
Info(checkmt): changed muffin-tin radius of species 1 (C) from   1.4369 to   1.4376

Warning(linengy): could not find 1 linearisation energies in s.c. loop 1

Warning(linengy): could not find 1 linearisation energies in s.c. loop 2

Warning(linengy): could not find 1 linearisation energies in s.c. loop 3

Warning(linengy): could not find 1 linearisation energies in s.c. loop 4

Warning(linengy): could not find 1 linearisation energies in s.c. loop 5

Warning(linengy): could not find 1 linearisation energies in s.c. loop 6

Warning(linengy): could not find 1 linearisation energies in s.c. loop 7

Warning(linengy): could not find 1 linearisation energies in s.c. loop 8

Warning(linengy): could not find 1 linearisation energies in s.c. loop 9

Warning(linengy): could not find 1 linearisation energies in s.c. loop 10

Warning(linengy): could not find 1 linearisation energies in s.c. loop 11
Info(geomopt): lattice optimisation step : 7

Warning(linengy): could not find 1 linearisation energies in s.c. loop 1

Warning(linengy): could not find 1 linearisation energies in s.c. loop 2

Warning(linengy): could not find 1 linearisation energies in s.c. loop 3
Info(genstress): strain tensor 1 of 1

Warning(linengy): could not find 1 linearisation energies in s.c. loop 1

Warning(linengy): could not find 1 linearisation energies in s.c. loop 2

Warning(linengy): could not find 1 linearisation energies in s.c. loop 3

Warning(linengy): could not find 1 linearisation energies in s.c. loop 4

Warning(linengy): could not find 1 linearisation energies in s.c. loop 5

Warning(linengy): could not find 1 linearisation energies in s.c. loop 6

Warning(linengy): could not find 1 linearisation energies in s.c. loop 7

Warning(linengy): could not find 1 linearisation energies in s.c. loop 8

Warning(linengy): could not find 1 linearisation energies in s.c. loop 9

Warning(linengy): could not find 1 linearisation energies in s.c. loop 10

Warning(linengy): could not find 1 linearisation energies in s.c. loop 11

Warning(linengy): could not find 1 linearisation energies in s.c. loop 12
Info(geomopt): atomic position optimisation step : 1
Info(checkmt): changed muffin-tin radius of species 1 (C) from   1.4376 to   1.4382

Warning(linengy): could not find 1 linearisation energies in s.c. loop 1

Warning(linengy): could not find 1 linearisation energies in s.c. loop 2

Warning(linengy): could not find 1 linearisation energies in s.c. loop 3

Warning(linengy): could not find 1 linearisation energies in s.c. loop 4

Warning(linengy): could not find 1 linearisation energies in s.c. loop 5

Warning(linengy): could not find 1 linearisation energies in s.c. loop 6

Warning(linengy): could not find 1 linearisation energies in s.c. loop 7

Warning(linengy): could not find 1 linearisation energies in s.c. loop 8

Warning(linengy): could not find 1 linearisation energies in s.c. loop 9

Warning(linengy): could not find 1 linearisation energies in s.c. loop 10

Warning(linengy): could not find 1 linearisation energies in s.c. loop 11
Info(geomopt): lattice optimisation step : 8

Warning(linengy): could not find 1 linearisation energies in s.c. loop 1

Warning(linengy): could not find 1 linearisation energies in s.c. loop 2

Warning(linengy): could not find 1 linearisation energies in s.c. loop 3
Info(genstress): strain tensor 1 of 1

Warning(linengy): could not find 1 linearisation energies in s.c. loop 1

Warning(linengy): could not find 1 linearisation energies in s.c. loop 2

Warning(linengy): could not find 1 linearisation energies in s.c. loop 3

Warning(linengy): could not find 1 linearisation energies in s.c. loop 4

Warning(linengy): could not find 1 linearisation energies in s.c. loop 5

Warning(linengy): could not find 1 linearisation energies in s.c. loop 6

Warning(linengy): could not find 1 linearisation energies in s.c. loop 7

Warning(linengy): could not find 1 linearisation energies in s.c. loop 8

Warning(linengy): could not find 1 linearisation energies in s.c. loop 9

Warning(linengy): could not find 1 linearisation energies in s.c. loop 10

Warning(linengy): could not find 1 linearisation energies in s.c. loop 11

Warning(linengy): could not find 1 linearisation energies in s.c. loop 12
Info(checkmt): changed muffin-tin radius of species 1 (C) from   1.4382 to   1.4384

Warning(linengy): could not find 1 linearisation energies in s.c. loop 1

Warning(linengy): could not find 1 linearisation energies in s.c. loop 2

Warning(linengy): could not find 1 linearisation energies in s.c. loop 3

Warning(linengy): could not find 1 linearisation energies in s.c. loop 4

Warning(linengy): could not find 1 linearisation energies in s.c. loop 5

Warning(linengy): could not find 1 linearisation energies in s.c. loop 6

Warning(linengy): could not find 1 linearisation energies in s.c. loop 7

Warning(linengy): could not find 1 linearisation energies in s.c. loop 8

Warning(linengy): could not find 1 linearisation energies in s.c. loop 9

Warning(linengy): could not find 1 linearisation energies in s.c. loop 10

Warning(linengy): could not find 1 linearisation energies in s.c. loop 11

Warning(linengy): could not find 1 linearisation energies in s.c. loop 12

┌──────────────────┐
│ Elk code stopped │
└──────────────────┘
