

! Atomic position optimisation step :      1

scale
 1.0

scale1
 1.0

scale2
 1.0

scale3
 1.0

avec
   0.000000000       3.370000000       3.370000000    
   3.370000000       0.000000000       3.370000000    
   3.370000000       3.370000000       0.000000000    

atoms
   1                                    : nspecies
'C.in'                                  : spfname
   2                                    : natoms; atpos, bfcmt below
    0.37500000    0.37500000    0.37500000    0.00000000  0.00000000  0.00000000
   -0.37500000   -0.37500000   -0.37500000    0.00000000  0.00000000  0.00000000


! Lattice optimisation step :      1

scale
 1.0

scale1
 1.0

scale2
 1.0

scale3
 1.0

avec
   0.000000000       3.370144588       3.370144588    
   3.370144588       0.000000000       3.370144588    
   3.370144588       3.370144588       0.000000000    

atoms
   1                                    : nspecies
'C.in'                                  : spfname
   2                                    : natoms; atpos, bfcmt below
    0.37500000    0.37500000    0.37500000    0.00000000  0.00000000  0.00000000
   -0.37500000   -0.37500000   -0.37500000    0.00000000  0.00000000  0.00000000


! Atomic position optimisation step :      1

scale
 1.0

scale1
 1.0

scale2
 1.0

scale3
 1.0

avec
   0.000000000       3.370144588       3.370144588    
   3.370144588       0.000000000       3.370144588    
   3.370144588       3.370144588       0.000000000    

atoms
   1                                    : nspecies
'C.in'                                  : spfname
   2                                    : natoms; atpos, bfcmt below
    0.37500000    0.37500000    0.37500000    0.00000000  0.00000000  0.00000000
   -0.37500000   -0.37500000   -0.37500000    0.00000000  0.00000000  0.00000000


! Lattice optimisation step :      2

scale
 1.0

scale1
 1.0

scale2
 1.0

scale3
 1.0

avec
   0.000000000       3.370862182       3.370862182    
   3.370862182       0.000000000       3.370862182    
   3.370862182       3.370862182       0.000000000    

atoms
   1                                    : nspecies
'C.in'                                  : spfname
   2                                    : natoms; atpos, bfcmt below
    0.37500000    0.37500000    0.37500000    0.00000000  0.00000000  0.00000000
   -0.37500000   -0.37500000   -0.37500000    0.00000000  0.00000000  0.00000000


! Atomic position optimisation step :      1

scale
 1.0

scale1
 1.0

scale2
 1.0

scale3
 1.0

avec
   0.000000000       3.370862182       3.370862182    
   3.370862182       0.000000000       3.370862182    
   3.370862182       3.370862182       0.000000000    

atoms
   1                                    : nspecies
'C.in'                                  : spfname
   2                                    : natoms; atpos, bfcmt below
    0.37500000    0.37500000    0.37500000    0.00000000  0.00000000  0.00000000
   -0.37500000   -0.37500000   -0.37500000    0.00000000  0.00000000  0.00000000


! Lattice optimisation step :      3

scale
 1.0

scale1
 1.0

scale2
 1.0

scale3
 1.0

avec
   0.000000000       3.372210579       3.372210579    
   3.372210579       0.000000000       3.372210579    
   3.372210579       3.372210579       0.000000000    

atoms
   1                                    : nspecies
'C.in'                                  : spfname
   2                                    : natoms; atpos, bfcmt below
    0.37500000    0.37500000    0.37500000    0.00000000  0.00000000  0.00000000
   -0.37500000   -0.37500000   -0.37500000    0.00000000  0.00000000  0.00000000


! Atomic position optimisation step :      1

scale
 1.0

scale1
 1.0

scale2
 1.0

scale3
 1.0

avec
   0.000000000       3.372210579       3.372210579    
   3.372210579       0.000000000       3.372210579    
   3.372210579       3.372210579       0.000000000    

atoms
   1                                    : nspecies
'C.in'                                  : spfname
   2                                    : natoms; atpos, bfcmt below
    0.37500000    0.37500000    0.37500000    0.00000000  0.00000000  0.00000000
   -0.37500000   -0.37500000   -0.37500000    0.00000000  0.00000000  0.00000000


! Lattice optimisation step :      4

scale
 1.0

scale1
 1.0

scale2
 1.0

scale3
 1.0

avec
   0.000000000       3.374032140       3.374032140    
   3.374032140       0.000000000       3.374032140    
   3.374032140       3.374032140       0.000000000    

atoms
   1                                    : nspecies
'C.in'                                  : spfname
   2                                    : natoms; atpos, bfcmt below
    0.37500000    0.37500000    0.37500000    0.00000000  0.00000000  0.00000000
   -0.37500000   -0.37500000   -0.37500000    0.00000000  0.00000000  0.00000000


! Atomic position optimisation step :      1

scale
 1.0

scale1
 1.0

scale2
 1.0

scale3
 1.0

avec
   0.000000000       3.374032140       3.374032140    
   3.374032140       0.000000000       3.374032140    
   3.374032140       3.374032140       0.000000000    

atoms
   1                                    : nspecies
'C.in'                                  : spfname
   2                                    : natoms; atpos, bfcmt below
    0.37500000    0.37500000    0.37500000    0.00000000  0.00000000  0.00000000
   -0.37500000   -0.37500000   -0.37500000    0.00000000  0.00000000  0.00000000


! Lattice optimisation step :      5

scale
 1.0

scale1
 1.0

scale2
 1.0

scale3
 1.0

avec
   0.000000000       3.376024641       3.376024641    
   3.376024641       0.000000000       3.376024641    
   3.376024641       3.376024641       0.000000000    

atoms
   1                                    : nspecies
'C.in'                                  : spfname
   2                                    : natoms; atpos, bfcmt below
    0.37500000    0.37500000    0.37500000    0.00000000  0.00000000  0.00000000
   -0.37500000   -0.37500000   -0.37500000    0.00000000  0.00000000  0.00000000


! Atomic position optimisation step :      1

scale
 1.0

scale1
 1.0

scale2
 1.0

scale3
 1.0

avec
   0.000000000       3.376024641       3.376024641    
   3.376024641       0.000000000       3.376024641    
   3.376024641       3.376024641       0.000000000    

atoms
   1                                    : nspecies
'C.in'                                  : spfname
   2                                    : natoms; atpos, bfcmt below
    0.37500000    0.37500000    0.37500000    0.00000000  0.00000000  0.00000000
   -0.37500000   -0.37500000   -0.37500000    0.00000000  0.00000000  0.00000000


! Lattice optimisation step :      6

scale
 1.0

scale1
 1.0

scale2
 1.0

scale3
 1.0

avec
   0.000000000       3.377815250       3.377815250    
   3.377815250       0.000000000       3.377815250    
   3.377815250       3.377815250       0.000000000    

atoms
   1                                    : nspecies
'C.in'                                  : spfname
   2                                    : natoms; atpos, bfcmt below
    0.37500000    0.37500000    0.37500000    0.00000000  0.00000000  0.00000000
   -0.37500000   -0.37500000   -0.37500000    0.00000000  0.00000000  0.00000000


! Atomic position optimisation step :      1

scale
 1.0

scale1
 1.0

scale2
 1.0

scale3
 1.0

avec
   0.000000000       3.377815250       3.377815250    
   3.377815250       0.000000000       3.377815250    
   3.377815250       3.377815250       0.000000000    

atoms
   1                                    : nspecies
'C.in'                                  : spfname
   2                                    : natoms; atpos, bfcmt below
    0.37500000    0.37500000    0.37500000    0.00000000  0.00000000  0.00000000
   -0.37500000   -0.37500000   -0.37500000    0.00000000  0.00000000  0.00000000


! Lattice optimisation step :      7

scale
 1.0

scale1
 1.0

scale2
 1.0

scale3
 1.0

avec
   0.000000000       3.379058022       3.379058022    
   3.379058022       0.000000000       3.379058022    
   3.379058022       3.379058022       0.000000000    

atoms
   1                                    : nspecies
'C.in'                                  : spfname
   2                                    : natoms; atpos, bfcmt below
    0.37500000    0.37500000    0.37500000    0.00000000  0.00000000  0.00000000
   -0.37500000   -0.37500000   -0.37500000    0.00000000  0.00000000  0.00000000


! Atomic position optimisation step :      1

scale
 1.0

scale1
 1.0

scale2
 1.0

scale3
 1.0

avec
   0.000000000       3.379058022       3.379058022    
   3.379058022       0.000000000       3.379058022    
   3.379058022       3.379058022       0.000000000    

atoms
   1                                    : nspecies
'C.in'                                  : spfname
   2                                    : natoms; atpos, bfcmt below
    0.37500000    0.37500000    0.37500000    0.00000000  0.00000000  0.00000000
   -0.37500000   -0.37500000   -0.37500000    0.00000000  0.00000000  0.00000000


! Lattice optimisation step :      8

scale
 1.0

scale1
 1.0

scale2
 1.0

scale3
 1.0

avec
   0.000000000       3.379539863       3.379539863    
   3.379539863       0.000000000       3.379539863    
   3.379539863       3.379539863       0.000000000    

atoms
   1                                    : nspecies
'C.in'                                  : spfname
   2                                    : natoms; atpos, bfcmt below
    0.37500000    0.37500000    0.37500000    0.00000000  0.00000000  0.00000000
   -0.37500000   -0.37500000   -0.37500000    0.00000000  0.00000000  0.00000000
