    56 : nkpt
    13 : nstsv

     1   0.000000000       0.000000000       0.000000000     : k-point, vkl
 (state, eigenvalue and occupancy below)
     1  -313251.7197       0.000000000    
     2  -281791.2599       0.000000000    
     3  -7535.236419       0.000000000    
     4  -7535.236032       0.000000000    
     5  -6307.915430       0.000000000    
     6  -6307.915206       0.000000000    
     7  -2835.914572       0.000000000    
     8  -2027.980841       0.000000000    
     9  -1937.683162       0.000000000    
    10  -1937.683147       0.000000000    
    11  -1470.376401       0.000000000    
    12  -1470.376388       0.000000000    
    13  -459.2169884       0.000000000    


     2  0.9090909091E-01   0.000000000       0.000000000     : k-point, vkl
 (state, eigenvalue and occupancy below)
     1  -310405.7689       0.000000000    
     2  -294754.7665       0.000000000    
     3  -7482.706260       0.000000000    
     4  -7353.281263       0.000000000    
     5  -6787.075083       0.000000000    
     6  -6658.905169       0.000000000    
     7  -2753.244753       0.000000000    
     8  -2170.407413       0.000000000    
     9  -1890.526106       0.000000000    
    10  -1775.820958       0.000000000    
    11  -1620.130269       0.000000000    
    12  -1560.759280       0.000000000    
    13  -425.2130196       0.000000000    


     3  0.1818181818       0.000000000       0.000000000     : k-point, vkl
 (state, eigenvalue and occupancy below)
     1  -322320.3103       0.000000000    
     2  -303567.8503       0.000000000    
     3  -7942.951836       0.000000000    
     4  -7916.474773       0.000000000    
     5  -7065.305585       0.000000000    
     6  -6826.425188       0.000000000    
     7  -2964.280886       0.000000000    
     8  -2526.689278       0.000000000    
     9  -2093.299690       0.000000000    
    10  -2032.639620       0.000000000    
    11  -1774.629803       0.000000000    
    12  -1661.341954       0.000000000    
    13  -509.5852834       0.000000000    


     4  0.2727272727       0.000000000       0.000000000     : k-point, vkl
 (state, eigenvalue and occupancy below)
     1  -300302.3864       0.000000000    
     2  -290033.6776       0.000000000    
     3  -8133.547266       0.000000000    
     4  -7642.613684       0.000000000    
     5  -6595.995157       0.000000000    
     6  -6556.748870       0.000000000    
     7  -2567.202086       0.000000000    
     8  -2325.831214       0.000000000    
     9  -1892.607058       0.000000000    
    10  -1846.040178       0.000000000    
    11  -1601.085103       0.000000000    
    12  -1586.476068       0.000000000    
    13  -550.4276532       0.000000000    


     5  0.3636363636       0.000000000       0.000000000     : k-point, vkl
 (state, eigenvalue and occupancy below)
     1  -335159.8104       0.000000000    
     2  -331322.8380       0.000000000    
     3  -8848.876521       0.000000000    
     4  -8480.840829       0.000000000    
     5  -7629.564779       0.000000000    
     6  -7347.898609       0.000000000    
     7  -3104.231115       0.000000000    
     8  -2545.414600       0.000000000    
     9  -2173.985502       0.000000000    
    10  -2120.673255       0.000000000    
    11  -1932.914000       0.000000000    
    12  -1723.295966       0.000000000    
    13  -640.0984849       0.000000000    


     6  0.4545454545       0.000000000       0.000000000     : k-point, vkl
 (state, eigenvalue and occupancy below)
     1  -302925.0482       0.000000000    
     2  -291261.6758       0.000000000    
     3  -8610.684386       0.000000000    
     4  -6927.663809       0.000000000    
     5  -6407.856565       0.000000000    
     6  -6253.575615       0.000000000    
     7  -2788.931494       0.000000000    
     8  -2438.491257       0.000000000    
     9  -1857.470603       0.000000000    
    10  -1808.197602       0.000000000    
    11  -1802.224785       0.000000000    
    12  -1524.024894       0.000000000    
    13  -465.3347789       0.000000000    


     7  0.9090909091E-01  0.9090909091E-01   0.000000000     : k-point, vkl
 (state, eigenvalue and occupancy below)
     1  -313128.6156       0.000000000    
     2  -297837.3718       0.000000000    
     3  -7725.707295       0.000000000    
     4  -7415.138579       0.000000000    
     5  -7109.943728       0.000000000    
     6  -6462.009245       0.000000000    
     7  -2815.644000       0.000000000    
     8  -2539.125340       0.000000000    
     9  -1987.744719       0.000000000    
    10  -1955.267449       0.000000000    
    11  -1784.744120       0.000000000    
    12  -1759.886404       0.000000000    
    13  -444.6625560       0.000000000    


     8  0.1818181818      0.9090909091E-01   0.000000000     : k-point, vkl
 (state, eigenvalue and occupancy below)
     1  -322949.5531       0.000000000    
     2  -293700.0672       0.000000000    
     3  -8411.242645       0.000000000    
     4  -7473.877820       0.000000000    
     5  -6816.391015       0.000000000    
     6  -6520.109309       0.000000000    
     7  -2851.974759       0.000000000    
     8  -2491.263827       0.000000000    
     9  -1992.161332       0.000000000    
    10  -1891.179930       0.000000000    
    11  -1738.720959       0.000000000    
    12  -1645.366475       0.000000000    
    13  -476.7537750       0.000000000    


     9  0.2727272727      0.9090909091E-01   0.000000000     : k-point, vkl
 (state, eigenvalue and occupancy below)
     1  -318087.6311       0.000000000    
     2  -309178.9985       0.000000000    
     3  -8222.749723       0.000000000    
     4  -7730.109463       0.000000000    
     5  -7012.750900       0.000000000    
     6  -6908.328969       0.000000000    
     7  -2826.499819       0.000000000    
     8  -2516.177668       0.000000000    
     9  -2015.924426       0.000000000    
    10  -2006.023990       0.000000000    
    11  -1797.626857       0.000000000    
    12  -1641.205136       0.000000000    
    13  -538.0166091       0.000000000    


    10  0.3636363636      0.9090909091E-01   0.000000000     : k-point, vkl
 (state, eigenvalue and occupancy below)
     1  -307527.2534       0.000000000    
     2  -291251.6569       0.000000000    
     3  -7676.384748       0.000000000    
     4  -7343.054721       0.000000000    
     5  -7066.684879       0.000000000    
     6  -7002.258359       0.000000000    
     7  -2830.191015       0.000000000    
     8  -2430.038564       0.000000000    
     9  -1982.998392       0.000000000    
    10  -1877.732070       0.000000000    
    11  -1797.034802       0.000000000    
    12  -1594.135159       0.000000000    
    13  -500.5250285       0.000000000    


    11  0.4545454545      0.9090909091E-01   0.000000000     : k-point, vkl
 (state, eigenvalue and occupancy below)
     1  -304583.6572       0.000000000    
     2  -301325.4616       0.000000000    
     3  -8085.994464       0.000000000    
     4  -7704.699555       0.000000000    
     5  -7012.481154       0.000000000    
     6  -6744.533666       0.000000000    
     7  -2668.632993       0.000000000    
     8  -2390.290313       0.000000000    
     9  -1919.581154       0.000000000    
    10  -1884.580931       0.000000000    
    11  -1742.207100       0.000000000    
    12  -1574.137230       0.000000000    
    13  -489.5846092       0.000000000    


    12  0.5454545455      0.9090909091E-01   0.000000000     : k-point, vkl
 (state, eigenvalue and occupancy below)
     1  -280323.0158       0.000000000    
     2  -267807.4565       0.000000000    
     3  -7389.481970       0.000000000    
     4  -6892.852442       0.000000000    
     5  -6133.398920       0.000000000    
     6  -6104.172981       0.000000000    
     7  -2377.973764       0.000000000    
     8  -2211.538334       0.000000000    
     9  -1778.685319       0.000000000    
    10  -1616.217316       0.000000000    
    11  -1590.520283       0.000000000    
    12  -1458.958510       0.000000000    
    13  -405.5642416       0.000000000    


    13  0.6363636364      0.9090909091E-01   0.000000000     : k-point, vkl
 (state, eigenvalue and occupancy below)
     1  -314697.9381       0.000000000    
     2  -292395.8601       0.000000000    
     3  -8039.837286       0.000000000    
     4  -7524.459963       0.000000000    
     5  -6875.977062       0.000000000    
     6  -6474.142047       0.000000000    
     7  -2870.313637       0.000000000    
     8  -2480.318172       0.000000000    
     9  -1997.014128       0.000000000    
    10  -1889.797741       0.000000000    
    11  -1801.334831       0.000000000    
    12  -1638.801124       0.000000000    
    13  -456.8453075       0.000000000    


    14  0.7272727273      0.9090909091E-01   0.000000000     : k-point, vkl
 (state, eigenvalue and occupancy below)
     1  -301269.1300       0.000000000    
     2  -281234.9192       0.000000000    
     3  -7763.263282       0.000000000    
     4  -7674.070951       0.000000000    
     5  -7022.268572       0.000000000    
     6  -6554.134783       0.000000000    
     7  -2742.361213       0.000000000    
     8  -2286.662298       0.000000000    
     9  -1923.605541       0.000000000    
    10  -1773.849471       0.000000000    
    11  -1658.657550       0.000000000    
    12  -1615.795875       0.000000000    
    13  -537.6323370       0.000000000    


    15  0.8181818182      0.9090909091E-01   0.000000000     : k-point, vkl
 (state, eigenvalue and occupancy below)
     1  -306051.2720       0.000000000    
     2  -286271.1794       0.000000000    
     3  -8421.710925       0.000000000    
     4  -7660.572400       0.000000000    
     5  -6972.508061       0.000000000    
     6  -6529.812040       0.000000000    
     7  -2679.329435       0.000000000    
     8  -2316.223059       0.000000000    
     9  -1935.323443       0.000000000    
    10  -1910.425832       0.000000000    
    11  -1729.284535       0.000000000    
    12  -1509.295080       0.000000000    
    13  -537.2931577       0.000000000    


    16  0.9090909091      0.9090909091E-01   0.000000000     : k-point, vkl
 (state, eigenvalue and occupancy below)
     1  -302610.9813       0.000000000    
     2  -299769.9742       0.000000000    
     3  -7656.942220       0.000000000    
     4  -7455.777656       0.000000000    
     5  -6763.059188       0.000000000    
     6  -6519.925906       0.000000000    
     7  -2816.422832       0.000000000    
     8  -2315.115717       0.000000000    
     9  -1987.933015       0.000000000    
    10  -1820.884305       0.000000000    
    11  -1781.632266       0.000000000    
    12  -1640.990207       0.000000000    
    13  -460.1414940       0.000000000    


    17  0.1818181818      0.1818181818       0.000000000     : k-point, vkl
 (state, eigenvalue and occupancy below)
     1  -309008.2623       0.000000000    
     2  -290952.0811       0.000000000    
     3  -7800.917539       0.000000000    
     4  -7165.833865       0.000000000    
     5  -6556.683144       0.000000000    
     6  -6367.337162       0.000000000    
     7  -2654.045810       0.000000000    
     8  -2380.577876       0.000000000    
     9  -1899.798022       0.000000000    
    10  -1791.704994       0.000000000    
    11  -1725.683827       0.000000000    
    12  -1590.344715       0.000000000    
    13  -469.7720503       0.000000000    


    18  0.2727272727      0.1818181818       0.000000000     : k-point, vkl
 (state, eigenvalue and occupancy below)
     1  -315798.3389       0.000000000    
     2  -283545.6411       0.000000000    
     3  -8137.022117       0.000000000    
     4  -7206.362046       0.000000000    
     5  -6806.336406       0.000000000    
     6  -6170.254468       0.000000000    
     7  -2678.466653       0.000000000    
     8  -2265.117545       0.000000000    
     9  -1840.589372       0.000000000    
    10  -1799.994687       0.000000000    
    11  -1565.272037       0.000000000    
    12  -1536.314970       0.000000000    
    13  -461.2793989       0.000000000    


    19  0.3636363636      0.1818181818       0.000000000     : k-point, vkl
 (state, eigenvalue and occupancy below)
     1  -282402.3535       0.000000000    
     2  -277616.1073       0.000000000    
     3  -7334.594100       0.000000000    
     4  -6823.095063       0.000000000    
     5  -6792.467997       0.000000000    
     6  -6275.903287       0.000000000    
     7  -2322.443041       0.000000000    
     8  -2166.082472       0.000000000    
     9  -1852.324018       0.000000000    
    10  -1706.327079       0.000000000    
    11  -1681.106325       0.000000000    
    12  -1630.506968       0.000000000    
    13  -434.5199070       0.000000000    


    20  0.4545454545      0.1818181818       0.000000000     : k-point, vkl
 (state, eigenvalue and occupancy below)
     1  -310569.3773       0.000000000    
     2  -289113.1404       0.000000000    
     3  -7746.880993       0.000000000    
     4  -7354.702818       0.000000000    
     5  -7229.821763       0.000000000    
     6  -6752.669702       0.000000000    
     7  -2566.671473       0.000000000    
     8  -2461.151660       0.000000000    
     9  -1963.970579       0.000000000    
    10  -1893.770961       0.000000000    
    11  -1751.691232       0.000000000    
    12  -1708.558823       0.000000000    
    13  -474.9078067       0.000000000    


    21  0.5454545455      0.1818181818       0.000000000     : k-point, vkl
 (state, eigenvalue and occupancy below)
     1  -308893.7069       0.000000000    
     2  -292236.3043       0.000000000    
     3  -7767.213476       0.000000000    
     4  -7386.708947       0.000000000    
     5  -7167.463923       0.000000000    
     6  -6643.198502       0.000000000    
     7  -2637.843399       0.000000000    
     8  -2436.988656       0.000000000    
     9  -1920.159692       0.000000000    
    10  -1835.357973       0.000000000    
    11  -1779.593574       0.000000000    
    12  -1688.880418       0.000000000    
    13  -448.2037891       0.000000000    


    22  0.6363636364      0.1818181818       0.000000000     : k-point, vkl
 (state, eigenvalue and occupancy below)
     1  -312717.0154       0.000000000    
     2  -292942.6312       0.000000000    
     3  -7662.205823       0.000000000    
     4  -7403.092021       0.000000000    
     5  -6990.410013       0.000000000    
     6  -6616.339126       0.000000000    
     7  -2657.471260       0.000000000    
     8  -2597.823268       0.000000000    
     9  -1924.478833       0.000000000    
    10  -1906.140910       0.000000000    
    11  -1754.198666       0.000000000    
    12  -1684.974941       0.000000000    
    13  -460.8722511       0.000000000    


    23  0.7272727273      0.1818181818       0.000000000     : k-point, vkl
 (state, eigenvalue and occupancy below)
     1  -303950.2683       0.000000000    
     2  -285954.6949       0.000000000    
     3  -7871.259927       0.000000000    
     4  -7077.481521       0.000000000    
     5  -6664.800947       0.000000000    
     6  -6372.448215       0.000000000    
     7  -2708.331609       0.000000000    
     8  -2443.898132       0.000000000    
     9  -1902.933306       0.000000000    
    10  -1834.569385       0.000000000    
    11  -1715.748593       0.000000000    
    12  -1603.629762       0.000000000    
    13  -437.3523001       0.000000000    


    24  0.8181818182      0.1818181818       0.000000000     : k-point, vkl
 (state, eigenvalue and occupancy below)
     1  -312091.3208       0.000000000    
     2  -294294.4316       0.000000000    
     3  -8186.963451       0.000000000    
     4  -7530.966042       0.000000000    
     5  -7128.458761       0.000000000    
     6  -6827.851708       0.000000000    
     7  -3092.562990       0.000000000    
     8  -2366.304171       0.000000000    
     9  -2032.121531       0.000000000    
    10  -1875.155553       0.000000000    
    11  -1613.568567       0.000000000    
    12  -1542.495961       0.000000000    
    13  -553.4227787       0.000000000    


    25  0.2727272727      0.2727272727       0.000000000     : k-point, vkl
 (state, eigenvalue and occupancy below)
     1  -296238.1601       0.000000000    
     2  -287177.9803       0.000000000    
     3  -7444.024538       0.000000000    
     4  -6819.111807       0.000000000    
     5  -6575.820624       0.000000000    
     6  -6361.083848       0.000000000    
     7  -2530.756567       0.000000000    
     8  -2460.347576       0.000000000    
     9  -1812.334701       0.000000000    
    10  -1746.274723       0.000000000    
    11  -1693.755037       0.000000000    
    12  -1669.965917       0.000000000    
    13  -416.7765890       0.000000000    


    26  0.3636363636      0.2727272727       0.000000000     : k-point, vkl
 (state, eigenvalue and occupancy below)
     1  -279584.5635       0.000000000    
     2  -271963.2916       0.000000000    
     3  -6986.524599       0.000000000    
     4  -6648.028696       0.000000000    
     5  -6461.242565       0.000000000    
     6  -6016.646269       0.000000000    
     7  -2425.853792       0.000000000    
     8  -2166.485036       0.000000000    
     9  -1778.573295       0.000000000    
    10  -1693.248106       0.000000000    
    11  -1552.579791       0.000000000    
    12  -1472.321255       0.000000000    
    13  -396.2517825       0.000000000    


    27  0.4545454545      0.2727272727       0.000000000     : k-point, vkl
 (state, eigenvalue and occupancy below)
     1  -279053.2934       0.000000000    
     2  -268465.0175       0.000000000    
     3  -6731.707168       0.000000000    
     4  -6637.736732       0.000000000    
     5  -6557.209893       0.000000000    
     6  -6268.943654       0.000000000    
     7  -2470.509739       0.000000000    
     8  -2130.335089       0.000000000    
     9  -1918.341093       0.000000000    
    10  -1695.954765       0.000000000    
    11  -1590.343363       0.000000000    
    12  -1474.777244       0.000000000    
    13  -430.7164088       0.000000000    


    28  0.5454545455      0.2727272727       0.000000000     : k-point, vkl
 (state, eigenvalue and occupancy below)
     1  -295452.0833       0.000000000    
     2  -277989.6663       0.000000000    
     3  -7493.689129       0.000000000    
     4  -7066.335737       0.000000000    
     5  -6969.447030       0.000000000    
     6  -6657.881506       0.000000000    
     7  -2501.241052       0.000000000    
     8  -2382.512463       0.000000000    
     9  -1927.927037       0.000000000    
    10  -1826.147274       0.000000000    
    11  -1740.569164       0.000000000    
    12  -1562.963301       0.000000000    
    13  -478.3438225       0.000000000    


    29  0.6363636364      0.2727272727       0.000000000     : k-point, vkl
 (state, eigenvalue and occupancy below)
     1  -298929.4320       0.000000000    
     2  -274673.9871       0.000000000    
     3  -7425.711221       0.000000000    
     4  -7023.010242       0.000000000    
     5  -6606.693743       0.000000000    
     6  -6357.009984       0.000000000    
     7  -2616.101084       0.000000000    
     8  -2412.885296       0.000000000    
     9  -1892.792528       0.000000000    
    10  -1840.653253       0.000000000    
    11  -1699.753345       0.000000000    
    12  -1620.174537       0.000000000    
    13  -460.5133531       0.000000000    


    30  0.7272727273      0.2727272727       0.000000000     : k-point, vkl
 (state, eigenvalue and occupancy below)
     1  -328584.6757       0.000000000    
     2  -287253.1719       0.000000000    
     3  -8267.647809       0.000000000    
     4  -7451.917843       0.000000000    
     5  -7036.783849       0.000000000    
     6  -6994.369460       0.000000000    
     7  -2590.701123       0.000000000    
     8  -2584.507347       0.000000000    
     9  -2060.096975       0.000000000    
    10  -1913.874122       0.000000000    
    11  -1789.993194       0.000000000    
    12  -1740.342191       0.000000000    
    13  -489.3745350       0.000000000    


    31  0.3636363636      0.3636363636       0.000000000     : k-point, vkl
 (state, eigenvalue and occupancy below)
     1  -288115.1999       0.000000000    
     2  -256393.6068       0.000000000    
     3  -7261.093588       0.000000000    
     4  -6495.523546       0.000000000    
     5  -6430.233896       0.000000000    
     6  -5945.804699       0.000000000    
     7  -2386.844502       0.000000000    
     8  -2246.496477       0.000000000    
     9  -1673.643266       0.000000000    
    10  -1613.732302       0.000000000    
    11  -1583.926044       0.000000000    
    12  -1576.467844       0.000000000    
    13  -415.7476361       0.000000000    


    32  0.4545454545      0.3636363636       0.000000000     : k-point, vkl
 (state, eigenvalue and occupancy below)
     1  -307064.1055       0.000000000    
     2  -268546.4406       0.000000000    
     3  -7537.112383       0.000000000    
     4  -7171.952387       0.000000000    
     5  -6732.285805       0.000000000    
     6  -6605.284213       0.000000000    
     7  -2568.967666       0.000000000    
     8  -2277.668031       0.000000000    
     9  -1930.661409       0.000000000    
    10  -1803.150231       0.000000000    
    11  -1707.149778       0.000000000    
    12  -1610.080260       0.000000000    
    13  -475.0778455       0.000000000    


    33  0.5454545455      0.3636363636       0.000000000     : k-point, vkl
 (state, eigenvalue and occupancy below)
     1  -305126.2945       0.000000000    
     2  -279502.7302       0.000000000    
     3  -7526.330786       0.000000000    
     4  -7396.298868       0.000000000    
     5  -6932.830982       0.000000000    
     6  -6581.125310       0.000000000    
     7  -2677.154869       0.000000000    
     8  -2518.290210       0.000000000    
     9  -2039.360136       0.000000000    
    10  -1908.856420       0.000000000    
    11  -1794.411237       0.000000000    
    12  -1629.013020       0.000000000    
    13  -488.9792899       0.000000000    


    34  0.6363636364      0.3636363636       0.000000000     : k-point, vkl
 (state, eigenvalue and occupancy below)
     1  -289438.2345       0.000000000    
     2  -268440.1811       0.000000000    
     3  -7300.411908       0.000000000    
     4  -6904.168284       0.000000000    
     5  -6499.950522       0.000000000    
     6  -6359.080701       0.000000000    
     7  -2590.986599       0.000000000    
     8  -2380.341955       0.000000000    
     9  -1878.820874       0.000000000    
    10  -1826.888902       0.000000000    
    11  -1696.075779       0.000000000    
    12  -1514.655316       0.000000000    
    13  -448.4672640       0.000000000    


    35  0.4545454545      0.4545454545       0.000000000     : k-point, vkl
 (state, eigenvalue and occupancy below)
     1  -318185.4081       0.000000000    
     2  -281422.1089       0.000000000    
     3  -7408.439892       0.000000000    
     4  -7387.563127       0.000000000    
     5  -6977.102106       0.000000000    
     6  -6574.866482       0.000000000    
     7  -2812.553212       0.000000000    
     8  -2582.836786       0.000000000    
     9  -1976.765952       0.000000000    
    10  -1912.548175       0.000000000    
    11  -1731.827787       0.000000000    
    12  -1726.464043       0.000000000    
    13  -461.4537412       0.000000000    


    36  0.5454545455      0.4545454545       0.000000000     : k-point, vkl
 (state, eigenvalue and occupancy below)
     1  -310933.7534       0.000000000    
     2  -283616.2278       0.000000000    
     3  -7439.634393       0.000000000    
     4  -7312.991036       0.000000000    
     5  -7142.359578       0.000000000    
     6  -6951.991680       0.000000000    
     7  -2805.002739       0.000000000    
     8  -2543.635740       0.000000000    
     9  -2022.755448       0.000000000    
    10  -1879.796766       0.000000000    
    11  -1759.706604       0.000000000    
    12  -1739.230275       0.000000000    
    13  -516.3232799       0.000000000    


    37  0.2727272727      0.1818181818      0.9090909091E-01 : k-point, vkl
 (state, eigenvalue and occupancy below)
     1  -305394.8116       0.000000000    
     2  -272528.9562       0.000000000    
     3  -7900.618575       0.000000000    
     4  -7200.392082       0.000000000    
     5  -6761.882911       0.000000000    
     6  -6261.039481       0.000000000    
     7  -2676.683794       0.000000000    
     8  -2197.696723       0.000000000    
     9  -1911.839761       0.000000000    
    10  -1866.435870       0.000000000    
    11  -1603.680207       0.000000000    
    12  -1541.244547       0.000000000    
    13  -479.1894705       0.000000000    


    38  0.3636363636      0.1818181818      0.9090909091E-01 : k-point, vkl
 (state, eigenvalue and occupancy below)
     1  -309428.9223       0.000000000    
     2  -297181.3881       0.000000000    
     3  -8200.408179       0.000000000    
     4  -7813.595503       0.000000000    
     5  -7360.557158       0.000000000    
     6  -6794.403535       0.000000000    
     7  -2705.127803       0.000000000    
     8  -2306.014564       0.000000000    
     9  -1965.247130       0.000000000    
    10  -1946.551636       0.000000000    
    11  -1725.201857       0.000000000    
    12  -1707.318261       0.000000000    
    13  -511.3785566       0.000000000    


    39  0.4545454545      0.1818181818      0.9090909091E-01 : k-point, vkl
 (state, eigenvalue and occupancy below)
     1  -313096.7405       0.000000000    
     2  -295467.3040       0.000000000    
     3  -8303.111841       0.000000000    
     4  -7646.908076       0.000000000    
     5  -7256.516632       0.000000000    
     6  -6511.699425       0.000000000    
     7  -2602.893356       0.000000000    
     8  -2402.736914       0.000000000    
     9  -1973.760987       0.000000000    
    10  -1863.283065       0.000000000    
    11  -1825.432629       0.000000000    
    12  -1726.018771       0.000000000    
    13  -508.2116973       0.000000000    


    40  0.5454545455      0.1818181818      0.9090909091E-01 : k-point, vkl
 (state, eigenvalue and occupancy below)
     1  -290513.6822       0.000000000    
     2  -271846.5230       0.000000000    
     3  -7399.077487       0.000000000    
     4  -7139.205671       0.000000000    
     5  -6752.689551       0.000000000    
     6  -6288.808973       0.000000000    
     7  -2471.217397       0.000000000    
     8  -2166.297972       0.000000000    
     9  -1822.159202       0.000000000    
    10  -1738.776524       0.000000000    
    11  -1652.282034       0.000000000    
    12  -1565.428551       0.000000000    
    13  -436.0390480       0.000000000    


    41  0.3636363636      0.2727272727      0.9090909091E-01 : k-point, vkl
 (state, eigenvalue and occupancy below)
     1  -290511.4006       0.000000000    
     2  -283370.2863       0.000000000    
     3  -7553.764497       0.000000000    
     4  -6982.084298       0.000000000    
     5  -6916.288436       0.000000000    
     6  -6534.650575       0.000000000    
     7  -2494.209641       0.000000000    
     8  -2252.428224       0.000000000    
     9  -1981.239310       0.000000000    
    10  -1841.217413       0.000000000    
    11  -1739.520631       0.000000000    
    12  -1562.236924       0.000000000    
    13  -442.6780020       0.000000000    


    42  0.4545454545      0.2727272727      0.9090909091E-01 : k-point, vkl
 (state, eigenvalue and occupancy below)
     1  -298923.0394       0.000000000    
     2  -282736.5062       0.000000000    
     3  -7404.540460       0.000000000    
     4  -6943.221881       0.000000000    
     5  -6770.960462       0.000000000    
     6  -6255.475622       0.000000000    
     7  -2597.154286       0.000000000    
     8  -2505.501529       0.000000000    
     9  -1841.658275       0.000000000    
    10  -1812.125497       0.000000000    
    11  -1704.605627       0.000000000    
    12  -1596.638915       0.000000000    
    13  -424.6571601       0.000000000    


    43  0.5454545455      0.2727272727      0.9090909091E-01 : k-point, vkl
 (state, eigenvalue and occupancy below)
     1  -295577.4511       0.000000000    
     2  -283899.0769       0.000000000    
     3  -7547.218707       0.000000000    
     4  -7232.232229       0.000000000    
     5  -6973.183386       0.000000000    
     6  -6556.545583       0.000000000    
     7  -2586.298875       0.000000000    
     8  -2321.873526       0.000000000    
     9  -1905.652983       0.000000000    
    10  -1782.221120       0.000000000    
    11  -1708.120229       0.000000000    
    12  -1653.596182       0.000000000    
    13  -457.0857583       0.000000000    


    44  0.6363636364      0.2727272727      0.9090909091E-01 : k-point, vkl
 (state, eigenvalue and occupancy below)
     1  -286834.9119       0.000000000    
     2  -273166.1352       0.000000000    
     3  -7402.361376       0.000000000    
     4  -7069.100881       0.000000000    
     5  -6636.726459       0.000000000    
     6  -6389.371419       0.000000000    
     7  -2463.950518       0.000000000    
     8  -2308.789849       0.000000000    
     9  -1832.353929       0.000000000    
    10  -1740.331988       0.000000000    
    11  -1665.869043       0.000000000    
    12  -1607.812282       0.000000000    
    13  -443.8319760       0.000000000    


    45  0.7272727273      0.2727272727      0.9090909091E-01 : k-point, vkl
 (state, eigenvalue and occupancy below)
     1  -297213.6888       0.000000000    
     2  -279849.0780       0.000000000    
     3  -7451.463713       0.000000000    
     4  -6828.966454       0.000000000    
     5  -6530.405856       0.000000000    
     6  -6131.196835       0.000000000    
     7  -2689.310073       0.000000000    
     8  -2423.136417       0.000000000    
     9  -1798.057535       0.000000000    
    10  -1761.512951       0.000000000    
    11  -1719.057168       0.000000000    
    12  -1637.841838       0.000000000    
    13  -417.7939286       0.000000000    


    46  0.8181818182      0.2727272727      0.9090909091E-01 : k-point, vkl
 (state, eigenvalue and occupancy below)
     1  -303725.0486       0.000000000    
     2  -291433.4750       0.000000000    
     3  -7732.465750       0.000000000    
     4  -7162.565592       0.000000000    
     5  -6684.103347       0.000000000    
     6  -6615.381338       0.000000000    
     7  -2805.884076       0.000000000    
     8  -2548.938952       0.000000000    
     9  -1863.803059       0.000000000    
    10  -1806.519503       0.000000000    
    11  -1704.945045       0.000000000    
    12  -1607.260569       0.000000000    
    13  -470.0646565       0.000000000    


    47  0.4545454545      0.3636363636      0.9090909091E-01 : k-point, vkl
 (state, eigenvalue and occupancy below)
     1  -308222.3112       0.000000000    
     2  -274422.5652       0.000000000    
     3  -7193.867257       0.000000000    
     4  -7087.006868       0.000000000    
     5  -6670.269279       0.000000000    
     6  -6596.856037       0.000000000    
     7  -2643.847131       0.000000000    
     8  -2406.660278       0.000000000    
     9  -1889.371470       0.000000000    
    10  -1821.663599       0.000000000    
    11  -1745.248632       0.000000000    
    12  -1648.942726       0.000000000    
    13  -436.7983010       0.000000000    


    48  0.5454545455      0.3636363636      0.9090909091E-01 : k-point, vkl
 (state, eigenvalue and occupancy below)
     1  -295232.7972       0.000000000    
     2  -279461.4558       0.000000000    
     3  -7295.173581       0.000000000    
     4  -6996.794430       0.000000000    
     5  -6744.851377       0.000000000    
     6  -6662.817024       0.000000000    
     7  -2634.205156       0.000000000    
     8  -2383.077955       0.000000000    
     9  -1956.348268       0.000000000    
    10  -1828.528829       0.000000000    
    11  -1664.779603       0.000000000    
    12  -1595.580326       0.000000000    
    13  -443.0763349       0.000000000    


    49  0.6363636364      0.3636363636      0.9090909091E-01 : k-point, vkl
 (state, eigenvalue and occupancy below)
     1  -306553.7742       0.000000000    
     2  -283889.0155       0.000000000    
     3  -7518.082027       0.000000000    
     4  -7339.189580       0.000000000    
     5  -6891.655265       0.000000000    
     6  -6780.584596       0.000000000    
     7  -2822.919267       0.000000000    
     8  -2528.512965       0.000000000    
     9  -2060.949048       0.000000000    
    10  -1851.966788       0.000000000    
    11  -1716.120354       0.000000000    
    12  -1690.289778       0.000000000    
    13  -492.8672017       0.000000000    


    50  0.7272727273      0.3636363636      0.9090909091E-01 : k-point, vkl
 (state, eigenvalue and occupancy below)
     1  -326134.8905       0.000000000    
     2  -282734.5352       0.000000000    
     3  -7976.356613       0.000000000    
     4  -7331.122816       0.000000000    
     5  -7131.240639       0.000000000    
     6  -6407.402504       0.000000000    
     7  -2798.798294       0.000000000    
     8  -2599.034821       0.000000000    
     9  -1966.217682       0.000000000    
    10  -1927.263070       0.000000000    
    11  -1804.641873       0.000000000    
    12  -1665.966897       0.000000000    
    13  -469.7096305       0.000000000    


    51  0.5454545455      0.4545454545      0.9090909091E-01 : k-point, vkl
 (state, eigenvalue and occupancy below)
     1  -302206.8429       0.000000000    
     2  -271859.2152       0.000000000    
     3  -7273.689726       0.000000000    
     4  -6883.515389       0.000000000    
     5  -6720.272314       0.000000000    
     6  -6561.864528       0.000000000    
     7  -2695.784646       0.000000000    
     8  -2594.712793       0.000000000    
     9  -1875.657527       0.000000000    
    10  -1831.109172       0.000000000    
    11  -1767.832934       0.000000000    
    12  -1699.080452       0.000000000    
    13  -453.8559980       0.000000000    


    52  0.6363636364      0.4545454545      0.9090909091E-01 : k-point, vkl
 (state, eigenvalue and occupancy below)
     1  -306358.3039       0.000000000    
     2  -277758.1696       0.000000000    
     3  -7560.035580       0.000000000    
     4  -7241.905159       0.000000000    
     5  -6831.160666       0.000000000    
     6  -6684.654379       0.000000000    
     7  -2764.281686       0.000000000    
     8  -2594.866031       0.000000000    
     9  -1995.319545       0.000000000    
    10  -1900.192361       0.000000000    
    11  -1769.436631       0.000000000    
    12  -1690.152609       0.000000000    
    13  -465.3424854       0.000000000    


    53  0.5454545455      0.3636363636      0.1818181818     : k-point, vkl
 (state, eigenvalue and occupancy below)
     1  -284834.5780       0.000000000    
     2  -262669.0156       0.000000000    
     3  -7233.756828       0.000000000    
     4  -6758.453551       0.000000000    
     5  -6439.364882       0.000000000    
     6  -6256.733726       0.000000000    
     7  -2464.676363       0.000000000    
     8  -2316.577057       0.000000000    
     9  -1812.645051       0.000000000    
    10  -1657.689648       0.000000000    
    11  -1595.958665       0.000000000    
    12  -1546.362603       0.000000000    
    13  -430.1869831       0.000000000    


    54  0.6363636364      0.3636363636      0.1818181818     : k-point, vkl
 (state, eigenvalue and occupancy below)
     1  -309616.3808       0.000000000    
     2  -287593.9011       0.000000000    
     3  -7489.072862       0.000000000    
     4  -7170.977069       0.000000000    
     5  -7001.504050       0.000000000    
     6  -6753.607374       0.000000000    
     7  -2881.379812       0.000000000    
     8  -2632.639675       0.000000000    
     9  -1963.777201       0.000000000    
    10  -1836.087468       0.000000000    
    11  -1776.016448       0.000000000    
    12  -1715.658133       0.000000000    
    13  -467.6033286       0.000000000    


    55  0.6363636364      0.4545454545      0.1818181818     : k-point, vkl
 (state, eigenvalue and occupancy below)
     1  -310500.1053       0.000000000    
     2  -269178.0304       0.000000000    
     3  -7424.134126       0.000000000    
     4  -7059.027741       0.000000000    
     5  -6672.562652       0.000000000    
     6  -6501.842644       0.000000000    
     7  -2868.316077       0.000000000    
     8  -2680.363422       0.000000000    
     9  -1926.400798       0.000000000    
    10  -1826.978781       0.000000000    
    11  -1658.498816       0.000000000    
    12  -1623.593903       0.000000000    
    13  -445.7802940       0.000000000    


    56  0.7272727273      0.4545454545      0.1818181818     : k-point, vkl
 (state, eigenvalue and occupancy below)
     1  -305335.0625       0.000000000    
     2  -261713.2964       0.000000000    
     3  -7511.526999       0.000000000    
     4  -6856.439327       0.000000000    
     5  -6605.756978       0.000000000    
     6  -6374.448951       0.000000000    
     7  -2671.073270       0.000000000    
     8  -2443.576256       0.000000000    
     9  -1923.413601       0.000000000    
    10  -1777.803106       0.000000000    
    11  -1681.776398       0.000000000    
    12  -1564.431707       0.000000000    
    13  -432.1603586       0.000000000    

