   120 : nkpt
    13 : nstsv

     1   0.000000000       0.000000000       0.000000000     : k-point, vkl
 (state, eigenvalue and occupancy below)
     1  -313251.7197       0.000000000    
     2  -281791.2599       0.000000000    
     3  -7535.236419       0.000000000    
     4  -7535.236032       0.000000000    
     5  -6307.915430       0.000000000    
     6  -6307.915206       0.000000000    
     7  -2835.914572       0.000000000    
     8  -2027.980841       0.000000000    
     9  -1937.683162       0.000000000    
    10  -1937.683147       0.000000000    
    11  -1470.376401       0.000000000    
    12  -1470.376388       0.000000000    
    13  -459.2169884       0.000000000    


     2  0.6666666667E-01   0.000000000       0.000000000     : k-point, vkl
 (state, eigenvalue and occupancy below)
     1  -331789.7439       0.000000000    
     2  -299358.0375       0.000000000    
     3  -7926.045634       0.000000000    
     4  -7836.173682       0.000000000    
     5  -7009.062483       0.000000000    
     6  -6667.113262       0.000000000    
     7  -2857.017339       0.000000000    
     8  -2172.486357       0.000000000    
     9  -2084.105879       0.000000000    
    10  -1973.482569       0.000000000    
    11  -1622.353602       0.000000000    
    12  -1562.221064       0.000000000    
    13  -462.9142214       0.000000000    


     3  0.1333333333       0.000000000       0.000000000     : k-point, vkl
 (state, eigenvalue and occupancy below)
     1  -318642.7974       0.000000000    
     2  -308238.0523       0.000000000    
     3  -7720.174992       0.000000000    
     4  -7622.816987       0.000000000    
     5  -7061.924771       0.000000000    
     6  -6877.645809       0.000000000    
     7  -2890.430395       0.000000000    
     8  -2597.487051       0.000000000    
     9  -2028.352718       0.000000000    
    10  -1993.311038       0.000000000    
    11  -1820.642889       0.000000000    
    12  -1722.547112       0.000000000    
    13  -484.3830934       0.000000000    


     4  0.2000000000       0.000000000       0.000000000     : k-point, vkl
 (state, eigenvalue and occupancy below)
     1  -297074.8536       0.000000000    
     2  -290162.6753       0.000000000    
     3  -7679.463624       0.000000000    
     4  -7394.888564       0.000000000    
     5  -6530.007270       0.000000000    
     6  -6509.741019       0.000000000    
     7  -2764.280247       0.000000000    
     8  -2442.958927       0.000000000    
     9  -2020.780359       0.000000000    
    10  -1978.275558       0.000000000    
    11  -1655.979161       0.000000000    
    12  -1647.816518       0.000000000    
    13  -494.9138120       0.000000000    


     5  0.2666666667       0.000000000       0.000000000     : k-point, vkl
 (state, eigenvalue and occupancy below)
     1  -300302.2788       0.000000000    
     2  -290034.9730       0.000000000    
     3  -8133.212297       0.000000000    
     4  -7642.515680       0.000000000    
     5  -6595.959502       0.000000000    
     6  -6556.687884       0.000000000    
     7  -2567.169569       0.000000000    
     8  -2325.921209       0.000000000    
     9  -1892.604392       0.000000000    
    10  -1846.024189       0.000000000    
    11  -1601.098356       0.000000000    
    12  -1586.523664       0.000000000    
    13  -550.4413110       0.000000000    


     6  0.3333333333       0.000000000       0.000000000     : k-point, vkl
 (state, eigenvalue and occupancy below)
     1  -338253.9597       0.000000000    
     2  -333089.1667       0.000000000    
     3  -8863.782333       0.000000000    
     4  -8528.758337       0.000000000    
     5  -7676.705420       0.000000000    
     6  -7412.188279       0.000000000    
     7  -3120.129746       0.000000000    
     8  -2550.409715       0.000000000    
     9  -2201.709402       0.000000000    
    10  -2136.393794       0.000000000    
    11  -1954.586672       0.000000000    
    12  -1725.631773       0.000000000    
    13  -642.1149430       0.000000000    


     7  0.4000000000       0.000000000       0.000000000     : k-point, vkl
 (state, eigenvalue and occupancy below)
     1  -307459.6549       0.000000000    
     2  -294318.3441       0.000000000    
     3  -8071.379307       0.000000000    
     4  -8066.636601       0.000000000    
     5  -6819.394764       0.000000000    
     6  -6769.830868       0.000000000    
     7  -2810.432674       0.000000000    
     8  -2396.793749       0.000000000    
     9  -2126.271569       0.000000000    
    10  -1965.836486       0.000000000    
    11  -1703.415030       0.000000000    
    12  -1599.713987       0.000000000    
    13  -545.7522576       0.000000000    


     8  0.4666666667       0.000000000       0.000000000     : k-point, vkl
 (state, eigenvalue and occupancy below)
     1  -301760.6455       0.000000000    
     2  -288482.0855       0.000000000    
     3  -8609.238842       0.000000000    
     4  -6861.975599       0.000000000    
     5  -6385.587528       0.000000000    
     6  -6220.748804       0.000000000    
     7  -2779.478800       0.000000000    
     8  -2425.101217       0.000000000    
     9  -1817.216788       0.000000000    
    10  -1802.200010       0.000000000    
    11  -1798.426805       0.000000000    
    12  -1507.326142       0.000000000    
    13  -464.7023430       0.000000000    


     9  0.6666666667E-01  0.6666666667E-01   0.000000000     : k-point, vkl
 (state, eigenvalue and occupancy below)
     1  -345323.7339       0.000000000    
     2  -298347.1573       0.000000000    
     3  -7962.991741       0.000000000    
     4  -7841.140388       0.000000000    
     5  -6835.357381       0.000000000    
     6  -6551.453472       0.000000000    
     7  -3001.468912       0.000000000    
     8  -2459.197115       0.000000000    
     9  -2150.538932       0.000000000    
    10  -2097.377008       0.000000000    
    11  -1750.364028       0.000000000    
    12  -1699.111109       0.000000000    
    13  -466.4054585       0.000000000    


    10  0.1333333333      0.6666666667E-01   0.000000000     : k-point, vkl
 (state, eigenvalue and occupancy below)
     1  -303930.7492       0.000000000    
     2  -297234.5945       0.000000000    
     3  -7756.970212       0.000000000    
     4  -7439.246213       0.000000000    
     5  -6730.715793       0.000000000    
     6  -6579.355325       0.000000000    
     7  -2639.929130       0.000000000    
     8  -2472.103657       0.000000000    
     9  -1977.837820       0.000000000    
    10  -1908.436860       0.000000000    
    11  -1744.634132       0.000000000    
    12  -1636.923186       0.000000000    
    13  -446.3595677       0.000000000    


    11  0.2000000000      0.6666666667E-01   0.000000000     : k-point, vkl
 (state, eigenvalue and occupancy below)
     1  -319025.9424       0.000000000    
     2  -294759.5653       0.000000000    
     3  -8334.808108       0.000000000    
     4  -7406.138926       0.000000000    
     5  -6802.975284       0.000000000    
     6  -6694.925298       0.000000000    
     7  -2857.017802       0.000000000    
     8  -2548.750900       0.000000000    
     9  -1989.607982       0.000000000    
    10  -1927.197316       0.000000000    
    11  -1739.088176       0.000000000    
    12  -1647.819347       0.000000000    
    13  -499.7584494       0.000000000    


    12  0.2666666667      0.6666666667E-01   0.000000000     : k-point, vkl
 (state, eigenvalue and occupancy below)
     1  -315513.3134       0.000000000    
     2  -306240.7258       0.000000000    
     3  -8205.682511       0.000000000    
     4  -7625.521654       0.000000000    
     5  -7008.028648       0.000000000    
     6  -6844.129911       0.000000000    
     7  -2826.701045       0.000000000    
     8  -2491.080560       0.000000000    
     9  -2020.491796       0.000000000    
    10  -1967.373334       0.000000000    
    11  -1741.219197       0.000000000    
    12  -1559.451161       0.000000000    
    13  -537.7587195       0.000000000    


    13  0.3333333333      0.6666666667E-01   0.000000000     : k-point, vkl
 (state, eigenvalue and occupancy below)
     1  -314456.0897       0.000000000    
     2  -300287.5823       0.000000000    
     3  -8185.139431       0.000000000    
     4  -7489.433454       0.000000000    
     5  -7220.695293       0.000000000    
     6  -6800.390206       0.000000000    
     7  -2745.081578       0.000000000    
     8  -2531.826055       0.000000000    
     9  -2044.831616       0.000000000    
    10  -1896.989469       0.000000000    
    11  -1790.211284       0.000000000    
    12  -1599.303800       0.000000000    
    13  -549.9986396       0.000000000    


    14  0.4000000000      0.6666666667E-01   0.000000000     : k-point, vkl
 (state, eigenvalue and occupancy below)
     1  -310828.6707       0.000000000    
     2  -305016.7771       0.000000000    
     3  -8396.196898       0.000000000    
     4  -7814.953520       0.000000000    
     5  -7384.913819       0.000000000    
     6  -6986.475029       0.000000000    
     7  -2786.270495       0.000000000    
     8  -2357.139002       0.000000000    
     9  -1984.048602       0.000000000    
    10  -1942.486101       0.000000000    
    11  -1823.870044       0.000000000    
    12  -1564.705635       0.000000000    
    13  -563.9551641       0.000000000    


    15  0.4666666667      0.6666666667E-01   0.000000000     : k-point, vkl
 (state, eigenvalue and occupancy below)
     1  -296363.1360       0.000000000    
     2  -289778.6658       0.000000000    
     3  -7677.414022       0.000000000    
     4  -7609.663857       0.000000000    
     5  -6747.759554       0.000000000    
     6  -6504.445448       0.000000000    
     7  -2620.990230       0.000000000    
     8  -2292.564116       0.000000000    
     9  -1863.827114       0.000000000    
    10  -1738.930733       0.000000000    
    11  -1634.023662       0.000000000    
    12  -1478.855626       0.000000000    
    13  -457.5585193       0.000000000    


    16  0.5333333333      0.6666666667E-01   0.000000000     : k-point, vkl
 (state, eigenvalue and occupancy below)
     1  -297759.1075       0.000000000    
     2  -291272.4735       0.000000000    
     3  -8029.544716       0.000000000    
     4  -7373.933228       0.000000000    
     5  -6528.506735       0.000000000    
     6  -6289.130913       0.000000000    
     7  -2580.988858       0.000000000    
     8  -2493.289435       0.000000000    
     9  -2002.145018       0.000000000    
    10  -1739.418249       0.000000000    
    11  -1714.070113       0.000000000    
    12  -1589.544978       0.000000000    
    13  -430.2782471       0.000000000    


    17  0.6000000000      0.6666666667E-01   0.000000000     : k-point, vkl
 (state, eigenvalue and occupancy below)
     1  -315235.5737       0.000000000    
     2  -298812.2601       0.000000000    
     3  -8109.652633       0.000000000    
     4  -7875.108647       0.000000000    
     5  -6811.064527       0.000000000    
     6  -6571.992717       0.000000000    
     7  -2703.805037       0.000000000    
     8  -2617.251583       0.000000000    
     9  -2032.359486       0.000000000    
    10  -1845.709273       0.000000000    
    11  -1751.605168       0.000000000    
    12  -1664.441844       0.000000000    
    13  -476.3375642       0.000000000    


    18  0.6666666667      0.6666666667E-01   0.000000000     : k-point, vkl
 (state, eigenvalue and occupancy below)
     1  -321711.7157       0.000000000    
     2  -301209.5366       0.000000000    
     3  -8541.372682       0.000000000    
     4  -7982.172683       0.000000000    
     5  -7380.199416       0.000000000    
     6  -6989.975339       0.000000000    
     7  -2905.204322       0.000000000    
     8  -2469.346760       0.000000000    
     9  -2037.179739       0.000000000    
    10  -1955.773997       0.000000000    
    11  -1939.773903       0.000000000    
    12  -1693.181097       0.000000000    
    13  -575.1506813       0.000000000    


    19  0.7333333333      0.6666666667E-01   0.000000000     : k-point, vkl
 (state, eigenvalue and occupancy below)
     1  -311635.5519       0.000000000    
     2  -292698.0583       0.000000000    
     3  -8463.332595       0.000000000    
     4  -8009.033939       0.000000000    
     5  -7265.238596       0.000000000    
     6  -6575.760418       0.000000000    
     7  -2833.156004       0.000000000    
     8  -2295.828671       0.000000000    
     9  -2027.190775       0.000000000    
    10  -1988.934359       0.000000000    
    11  -1714.217505       0.000000000    
    12  -1645.641602       0.000000000    
    13  -584.8170982       0.000000000    


    20  0.8000000000      0.6666666667E-01   0.000000000     : k-point, vkl
 (state, eigenvalue and occupancy below)
     1  -318012.3667       0.000000000    
     2  -297036.6427       0.000000000    
     3  -8562.326866       0.000000000    
     4  -7970.308910       0.000000000    
     5  -7125.041269       0.000000000    
     6  -6612.107067       0.000000000    
     7  -2874.511438       0.000000000    
     8  -2418.907206       0.000000000    
     9  -2012.520192       0.000000000    
    10  -1965.454093       0.000000000    
    11  -1764.347561       0.000000000    
    12  -1616.539634       0.000000000    
    13  -556.5121521       0.000000000    


    21  0.8666666667      0.6666666667E-01   0.000000000     : k-point, vkl
 (state, eigenvalue and occupancy below)
     1  -302369.7087       0.000000000    
     2  -292570.5982       0.000000000    
     3  -7774.390711       0.000000000    
     4  -7364.168813       0.000000000    
     5  -6850.683363       0.000000000    
     6  -6644.505057       0.000000000    
     7  -2708.644575       0.000000000    
     8  -2239.769124       0.000000000    
     9  -1962.525877       0.000000000    
    10  -1839.877519       0.000000000    
    11  -1745.623554       0.000000000    
    12  -1616.763639       0.000000000    
    13  -463.2674925       0.000000000    


    22  0.9333333333      0.6666666667E-01   0.000000000     : k-point, vkl
 (state, eigenvalue and occupancy below)
     1  -306038.9504       0.000000000    
     2  -292252.1262       0.000000000    
     3  -7409.995846       0.000000000    
     4  -7374.218255       0.000000000    
     5  -6895.556073       0.000000000    
     6  -6639.254437       0.000000000    
     7  -2743.911455       0.000000000    
     8  -2300.523443       0.000000000    
     9  -1919.558965       0.000000000    
    10  -1796.089477       0.000000000    
    11  -1715.842015       0.000000000    
    12  -1652.385639       0.000000000    
    13  -425.6826359       0.000000000    


    23  0.1333333333      0.1333333333       0.000000000     : k-point, vkl
 (state, eigenvalue and occupancy below)
     1  -305429.2581       0.000000000    
     2  -279930.4488       0.000000000    
     3  -8014.533646       0.000000000    
     4  -7260.407061       0.000000000    
     5  -6622.714818       0.000000000    
     6  -6212.430532       0.000000000    
     7  -2657.216026       0.000000000    
     8  -2387.966924       0.000000000    
     9  -1899.146161       0.000000000    
    10  -1798.453281       0.000000000    
    11  -1687.642631       0.000000000    
    12  -1651.552620       0.000000000    
    13  -468.5872798       0.000000000    


    24  0.2000000000      0.1333333333       0.000000000     : k-point, vkl
 (state, eigenvalue and occupancy below)
     1  -327260.0694       0.000000000    
     2  -308215.5169       0.000000000    
     3  -8241.317730       0.000000000    
     4  -7450.433308       0.000000000    
     5  -6959.266583       0.000000000    
     6  -6759.348877       0.000000000    
     7  -2838.421608       0.000000000    
     8  -2575.263649       0.000000000    
     9  -1960.763620       0.000000000    
    10  -1883.508356       0.000000000    
    11  -1754.705802       0.000000000    
    12  -1687.235211       0.000000000    
    13  -477.5381845       0.000000000    


    25  0.2666666667      0.1333333333       0.000000000     : k-point, vkl
 (state, eigenvalue and occupancy below)
     1  -319238.1817       0.000000000    
     2  -306149.2199       0.000000000    
     3  -8240.194168       0.000000000    
     4  -7360.677031       0.000000000    
     5  -7247.763867       0.000000000    
     6  -6546.202155       0.000000000    
     7  -2805.336952       0.000000000    
     8  -2528.105436       0.000000000    
     9  -2007.359621       0.000000000    
    10  -1903.276282       0.000000000    
    11  -1731.049819       0.000000000    
    12  -1604.097395       0.000000000    
    13  -508.9777456       0.000000000    


    26  0.3333333333      0.1333333333       0.000000000     : k-point, vkl
 (state, eigenvalue and occupancy below)
     1  -314625.3828       0.000000000    
     2  -294271.5562       0.000000000    
     3  -8068.755579       0.000000000    
     4  -7579.655716       0.000000000    
     5  -7205.968180       0.000000000    
     6  -7042.941822       0.000000000    
     7  -2647.335684       0.000000000    
     8  -2342.565692       0.000000000    
     9  -1915.333105       0.000000000    
    10  -1861.879426       0.000000000    
    11  -1763.103704       0.000000000    
    12  -1716.212473       0.000000000    
    13  -522.1743107       0.000000000    


    27  0.4000000000      0.1333333333       0.000000000     : k-point, vkl
 (state, eigenvalue and occupancy below)
     1  -296934.9767       0.000000000    
     2  -290384.8190       0.000000000    
     3  -7406.320048       0.000000000    
     4  -7259.890315       0.000000000    
     5  -7127.003719       0.000000000    
     6  -6625.788302       0.000000000    
     7  -2607.413896       0.000000000    
     8  -2292.867733       0.000000000    
     9  -1939.965551       0.000000000    
    10  -1829.001354       0.000000000    
    11  -1710.436203       0.000000000    
    12  -1618.993978       0.000000000    
    13  -469.9799710       0.000000000    


    28  0.4666666667      0.1333333333       0.000000000     : k-point, vkl
 (state, eigenvalue and occupancy below)
     1  -307094.9738       0.000000000    
     2  -293247.0989       0.000000000    
     3  -8332.727248       0.000000000    
     4  -7649.136522       0.000000000    
     5  -7064.874260       0.000000000    
     6  -6613.790375       0.000000000    
     7  -2559.430251       0.000000000    
     8  -2273.462907       0.000000000    
     9  -1906.583023       0.000000000    
    10  -1813.106610       0.000000000    
    11  -1787.342968       0.000000000    
    12  -1605.792248       0.000000000    
    13  -509.2579815       0.000000000    


    29  0.5333333333      0.1333333333       0.000000000     : k-point, vkl
 (state, eigenvalue and occupancy below)
     1  -299944.3618       0.000000000    
     2  -286974.0136       0.000000000    
     3  -7458.182027       0.000000000    
     4  -7164.358119       0.000000000    
     5  -7055.489085       0.000000000    
     6  -6365.444908       0.000000000    
     7  -2620.535840       0.000000000    
     8  -2428.139648       0.000000000    
     9  -1826.104029       0.000000000    
    10  -1797.620468       0.000000000    
    11  -1722.338809       0.000000000    
    12  -1527.748540       0.000000000    
    13  -428.6227117       0.000000000    


    30  0.6000000000      0.1333333333       0.000000000     : k-point, vkl
 (state, eigenvalue and occupancy below)
     1  -294343.5325       0.000000000    
     2  -283036.8948       0.000000000    
     3  -7536.077107       0.000000000    
     4  -7113.246969       0.000000000    
     5  -6527.848959       0.000000000    
     6  -6232.846647       0.000000000    
     7  -2544.653343       0.000000000    
     8  -2368.785099       0.000000000    
     9  -1808.243187       0.000000000    
    10  -1719.883662       0.000000000    
    11  -1607.828202       0.000000000    
    12  -1524.074628       0.000000000    
    13  -409.3895035       0.000000000    


    31  0.6666666667      0.1333333333       0.000000000     : k-point, vkl
 (state, eigenvalue and occupancy below)
     1  -297171.1989       0.000000000    
     2  -276203.9002       0.000000000    
     3  -7439.700131       0.000000000    
     4  -7092.085553       0.000000000    
     5  -6524.126791       0.000000000    
     6  -6228.707742       0.000000000    
     7  -2635.214854       0.000000000    
     8  -2395.029819       0.000000000    
     9  -1785.949548       0.000000000    
    10  -1752.187162       0.000000000    
    11  -1652.378685       0.000000000    
    12  -1587.171045       0.000000000    
    13  -425.5006618       0.000000000    


    32  0.7333333333      0.1333333333       0.000000000     : k-point, vkl
 (state, eigenvalue and occupancy below)
     1  -305831.9490       0.000000000    
     2  -290479.7691       0.000000000    
     3  -8218.277085       0.000000000    
     4  -7892.934529       0.000000000    
     5  -7019.709485       0.000000000    
     6  -6516.488473       0.000000000    
     7  -2820.748109       0.000000000    
     8  -2311.912442       0.000000000    
     9  -1938.176972       0.000000000    
    10  -1858.127439       0.000000000    
    11  -1711.052513       0.000000000    
    12  -1626.595201       0.000000000    
    13  -545.4669199       0.000000000    


    33  0.8000000000      0.1333333333       0.000000000     : k-point, vkl
 (state, eigenvalue and occupancy below)
     1  -303904.6875       0.000000000    
     2  -297611.1056       0.000000000    
     3  -8393.946144       0.000000000    
     4  -7655.000078       0.000000000    
     5  -7186.366220       0.000000000    
     6  -6769.622588       0.000000000    
     7  -2892.435054       0.000000000    
     8  -2379.480368       0.000000000    
     9  -2018.941901       0.000000000    
    10  -1842.217150       0.000000000    
    11  -1682.569728       0.000000000    
    12  -1562.263069       0.000000000    
    13  -549.0825257       0.000000000    


    34  0.8666666667      0.1333333333       0.000000000     : k-point, vkl
 (state, eigenvalue and occupancy below)
     1  -283586.1341       0.000000000    
     2  -275483.3699       0.000000000    
     3  -8074.539372       0.000000000    
     4  -7241.568909       0.000000000    
     5  -6343.328805       0.000000000    
     6  -6179.365906       0.000000000    
     7  -2598.129993       0.000000000    
     8  -2236.334038       0.000000000    
     9  -1917.757504       0.000000000    
    10  -1768.217792       0.000000000    
    11  -1636.821101       0.000000000    
    12  -1430.745338       0.000000000    
    13  -515.6812138       0.000000000    


    35  0.2000000000      0.2000000000       0.000000000     : k-point, vkl
 (state, eigenvalue and occupancy below)
     1  -337761.6827       0.000000000    
     2  -320657.4574       0.000000000    
     3  -8456.866719       0.000000000    
     4  -7705.277057       0.000000000    
     5  -7619.278636       0.000000000    
     6  -6964.226075       0.000000000    
     7  -2889.689573       0.000000000    
     8  -2641.320282       0.000000000    
     9  -2026.422088       0.000000000    
    10  -1998.288686       0.000000000    
    11  -1847.307328       0.000000000    
    12  -1837.908523       0.000000000    
    13  -513.6714275       0.000000000    


    36  0.2666666667      0.2000000000       0.000000000     : k-point, vkl
 (state, eigenvalue and occupancy below)
     1  -331059.6308       0.000000000    
     2  -297891.7969       0.000000000    
     3  -8268.290853       0.000000000    
     4  -7452.922705       0.000000000    
     5  -7105.116945       0.000000000    
     6  -6579.535087       0.000000000    
     7  -2755.189235       0.000000000    
     8  -2436.691567       0.000000000    
     9  -1910.783117       0.000000000    
    10  -1805.771919       0.000000000    
    11  -1745.625476       0.000000000    
    12  -1610.163141       0.000000000    
    13  -468.6839426       0.000000000    


    37  0.3333333333      0.2000000000       0.000000000     : k-point, vkl
 (state, eigenvalue and occupancy below)
     1  -290139.2427       0.000000000    
     2  -273496.5229       0.000000000    
     3  -7322.822413       0.000000000    
     4  -7030.344781       0.000000000    
     5  -6569.332560       0.000000000    
     6  -6084.790857       0.000000000    
     7  -2468.293985       0.000000000    
     8  -2211.829174       0.000000000    
     9  -1809.225527       0.000000000    
    10  -1746.150284       0.000000000    
    11  -1569.141045       0.000000000    
    12  -1514.254772       0.000000000    
    13  -438.6313536       0.000000000    


    38  0.4000000000      0.2000000000       0.000000000     : k-point, vkl
 (state, eigenvalue and occupancy below)
     1  -291359.1299       0.000000000    
     2  -288730.7035       0.000000000    
     3  -7642.955247       0.000000000    
     4  -7367.700765       0.000000000    
     5  -7097.454352       0.000000000    
     6  -6305.238020       0.000000000    
     7  -2537.619525       0.000000000    
     8  -2174.448384       0.000000000    
     9  -1999.784854       0.000000000    
    10  -1831.222449       0.000000000    
    11  -1692.588657       0.000000000    
    12  -1641.211895       0.000000000    
    13  -500.0073165       0.000000000    


    39  0.4666666667      0.2000000000       0.000000000     : k-point, vkl
 (state, eigenvalue and occupancy below)
     1  -303486.2135       0.000000000    
     2  -282676.4791       0.000000000    
     3  -7741.914624       0.000000000    
     4  -7523.585042       0.000000000    
     5  -7110.985963       0.000000000    
     6  -6705.113561       0.000000000    
     7  -2499.657860       0.000000000    
     8  -2317.683802       0.000000000    
     9  -1928.614907       0.000000000    
    10  -1845.968681       0.000000000    
    11  -1748.537784       0.000000000    
    12  -1727.666825       0.000000000    
    13  -473.1083436       0.000000000    


    40  0.5333333333      0.2000000000       0.000000000     : k-point, vkl
 (state, eigenvalue and occupancy below)
     1  -310005.4695       0.000000000    
     2  -290342.0304       0.000000000    
     3  -7641.323490       0.000000000    
     4  -7387.970667       0.000000000    
     5  -7028.836570       0.000000000    
     6  -6956.775416       0.000000000    
     7  -2636.009713       0.000000000    
     8  -2487.388595       0.000000000    
     9  -1949.272238       0.000000000    
    10  -1922.687169       0.000000000    
    11  -1760.675178       0.000000000    
    12  -1737.387753       0.000000000    
    13  -478.2369614       0.000000000    


    41  0.6000000000      0.2000000000       0.000000000     : k-point, vkl
 (state, eigenvalue and occupancy below)
     1  -315302.1854       0.000000000    
     2  -295321.9676       0.000000000    
     3  -7857.769380       0.000000000    
     4  -7401.672107       0.000000000    
     5  -7307.845934       0.000000000    
     6  -6657.079615       0.000000000    
     7  -2642.282847       0.000000000    
     8  -2527.931394       0.000000000    
     9  -1927.109515       0.000000000    
    10  -1914.622258       0.000000000    
    11  -1768.751431       0.000000000    
    12  -1701.352389       0.000000000    
    13  -466.5086847       0.000000000    


    42  0.6666666667      0.2000000000       0.000000000     : k-point, vkl
 (state, eigenvalue and occupancy below)
     1  -309994.1144       0.000000000    
     2  -289600.2230       0.000000000    
     3  -7510.713483       0.000000000    
     4  -7130.106190       0.000000000    
     5  -6795.461176       0.000000000    
     6  -6495.544310       0.000000000    
     7  -2633.212098       0.000000000    
     8  -2552.311614       0.000000000    
     9  -1953.363227       0.000000000    
    10  -1754.872985       0.000000000    
    11  -1691.568587       0.000000000    
    12  -1661.596072       0.000000000    
    13  -427.8147052       0.000000000    


    43  0.7333333333      0.2000000000       0.000000000     : k-point, vkl
 (state, eigenvalue and occupancy below)
     1  -301737.4253       0.000000000    
     2  -290691.8151       0.000000000    
     3  -7896.838578       0.000000000    
     4  -7234.069666       0.000000000    
     5  -6673.437214       0.000000000    
     6  -6253.062567       0.000000000    
     7  -2730.597527       0.000000000    
     8  -2460.069708       0.000000000    
     9  -1951.224066       0.000000000    
    10  -1835.282972       0.000000000    
    11  -1746.063370       0.000000000    
    12  -1576.961049       0.000000000    
    13  -453.2502639       0.000000000    


    44  0.8000000000      0.2000000000       0.000000000     : k-point, vkl
 (state, eigenvalue and occupancy below)
     1  -289272.9121       0.000000000    
     2  -272593.9797       0.000000000    
     3  -7435.197508       0.000000000    
     4  -7427.552512       0.000000000    
     5  -6673.997032       0.000000000    
     6  -6261.237496       0.000000000    
     7  -2568.323713       0.000000000    
     8  -2366.970617       0.000000000    
     9  -1790.359541       0.000000000    
    10  -1707.910172       0.000000000    
    11  -1635.793485       0.000000000    
    12  -1542.582211       0.000000000    
    13  -494.2497600       0.000000000    


    45  0.2666666667      0.2666666667       0.000000000     : k-point, vkl
 (state, eigenvalue and occupancy below)
     1  -344908.7367       0.000000000    
     2  -301735.2217       0.000000000    
     3  -8413.082394       0.000000000    
     4  -7671.158035       0.000000000    
     5  -7450.253155       0.000000000    
     6  -6919.885009       0.000000000    
     7  -2877.085432       0.000000000    
     8  -2565.524663       0.000000000    
     9  -1998.516681       0.000000000    
    10  -1964.234474       0.000000000    
    11  -1815.696651       0.000000000    
    12  -1797.187075       0.000000000    
    13  -510.0630956       0.000000000    


    46  0.3333333333      0.2666666667       0.000000000     : k-point, vkl
 (state, eigenvalue and occupancy below)
     1  -279247.4770       0.000000000    
     2  -278350.6028       0.000000000    
     3  -7019.645652       0.000000000    
     4  -6726.289740       0.000000000    
     5  -6635.513785       0.000000000    
     6  -6039.478481       0.000000000    
     7  -2501.489190       0.000000000    
     8  -2185.259416       0.000000000    
     9  -1739.982297       0.000000000    
    10  -1684.196352       0.000000000    
    11  -1589.003625       0.000000000    
    12  -1498.039279       0.000000000    
    13  -402.2126433       0.000000000    


    47  0.4000000000      0.2666666667       0.000000000     : k-point, vkl
 (state, eigenvalue and occupancy below)
     1  -277764.9644       0.000000000    
     2  -269754.4626       0.000000000    
     3  -7092.570460       0.000000000    
     4  -6646.327560       0.000000000    
     5  -6400.361387       0.000000000    
     6  -6039.278106       0.000000000    
     7  -2432.697086       0.000000000    
     8  -2082.698441       0.000000000    
     9  -1802.683169       0.000000000    
    10  -1681.093880       0.000000000    
    11  -1592.270800       0.000000000    
    12  -1505.294616       0.000000000    
    13  -419.2548110       0.000000000    


    48  0.4666666667      0.2666666667       0.000000000     : k-point, vkl
 (state, eigenvalue and occupancy below)
     1  -285559.4459       0.000000000    
     2  -272117.4387       0.000000000    
     3  -7159.676265       0.000000000    
     4  -6969.524700       0.000000000    
     5  -6654.940617       0.000000000    
     6  -6550.977254       0.000000000    
     7  -2472.408082       0.000000000    
     8  -2176.793517       0.000000000    
     9  -1929.940994       0.000000000    
    10  -1735.648170       0.000000000    
    11  -1646.581211       0.000000000    
    12  -1581.313503       0.000000000    
    13  -440.6276325       0.000000000    


    49  0.5333333333      0.2666666667       0.000000000     : k-point, vkl
 (state, eigenvalue and occupancy below)
     1  -304302.2997       0.000000000    
     2  -292575.6264       0.000000000    
     3  -7704.372853       0.000000000    
     4  -7581.794742       0.000000000    
     5  -7188.887835       0.000000000    
     6  -6958.577518       0.000000000    
     7  -2537.716172       0.000000000    
     8  -2471.263353       0.000000000    
     9  -1971.480131       0.000000000    
    10  -1855.603340       0.000000000    
    11  -1825.015212       0.000000000    
    12  -1726.931330       0.000000000    
    13  -486.3122121       0.000000000    


    50  0.6000000000      0.2666666667       0.000000000     : k-point, vkl
 (state, eigenvalue and occupancy below)
     1  -300348.5648       0.000000000    
     2  -283574.4002       0.000000000    
     3  -7559.111105       0.000000000    
     4  -7085.962411       0.000000000    
     5  -7001.934634       0.000000000    
     6  -6657.465280       0.000000000    
     7  -2597.516366       0.000000000    
     8  -2474.391003       0.000000000    
     9  -1955.164002       0.000000000    
    10  -1893.928367       0.000000000    
    11  -1762.762891       0.000000000    
    12  -1638.067858       0.000000000    
    13  -474.4484579       0.000000000    


    51  0.6666666667      0.2666666667       0.000000000     : k-point, vkl
 (state, eigenvalue and occupancy below)
     1  -303637.1197       0.000000000    
     2  -279196.5991       0.000000000    
     3  -7486.290139       0.000000000    
     4  -7149.335125       0.000000000    
     5  -6696.755565       0.000000000    
     6  -6423.397638       0.000000000    
     7  -2624.085288       0.000000000    
     8  -2466.766183       0.000000000    
     9  -1927.545728       0.000000000    
    10  -1884.189061       0.000000000    
    11  -1721.971562       0.000000000    
    12  -1654.499258       0.000000000    
    13  -467.4973968       0.000000000    


    52  0.7333333333      0.2666666667       0.000000000     : k-point, vkl
 (state, eigenvalue and occupancy below)
     1  -317060.4540       0.000000000    
     2  -284929.3206       0.000000000    
     3  -7550.229648       0.000000000    
     4  -7432.606369       0.000000000    
     5  -6751.721004       0.000000000    
     6  -6720.691940       0.000000000    
     7  -2589.401473       0.000000000    
     8  -2549.926445       0.000000000    
     9  -2060.095653       0.000000000    
    10  -1814.335794       0.000000000    
    11  -1739.395368       0.000000000    
    12  -1673.478549       0.000000000    
    13  -428.5122364       0.000000000    


    53  0.3333333333      0.3333333333       0.000000000     : k-point, vkl
 (state, eigenvalue and occupancy below)
     1  -261699.2193       0.000000000    
     2  -253147.4213       0.000000000    
     3  -6503.636152       0.000000000    
     4  -6415.507693       0.000000000    
     5  -5938.378543       0.000000000    
     6  -5680.659066       0.000000000    
     7  -2340.031938       0.000000000    
     8  -1991.982909       0.000000000    
     9  -1659.845504       0.000000000    
    10  -1617.132521       0.000000000    
    11  -1430.148813       0.000000000    
    12  -1291.592504       0.000000000    
    13  -380.9929260       0.000000000    


    54  0.4000000000      0.3333333333       0.000000000     : k-point, vkl
 (state, eigenvalue and occupancy below)
     1  -286403.0386       0.000000000    
     2  -268853.6512       0.000000000    
     3  -7043.726878       0.000000000    
     4  -6669.078145       0.000000000    
     5  -6514.263340       0.000000000    
     6  -6401.748677       0.000000000    
     7  -2427.871818       0.000000000    
     8  -2241.319818       0.000000000    
     9  -1737.714321       0.000000000    
    10  -1702.364520       0.000000000    
    11  -1607.725932       0.000000000    
    12  -1545.522865       0.000000000    
    13  -406.0861833       0.000000000    


    55  0.4666666667      0.3333333333       0.000000000     : k-point, vkl
 (state, eigenvalue and occupancy below)
     1  -306636.1033       0.000000000    
     2  -271717.8540       0.000000000    
     3  -7498.938706       0.000000000    
     4  -7123.333446       0.000000000    
     5  -6870.007047       0.000000000    
     6  -6550.057211       0.000000000    
     7  -2599.890679       0.000000000    
     8  -2304.298669       0.000000000    
     9  -1900.276618       0.000000000    
    10  -1833.568942       0.000000000    
    11  -1696.682300       0.000000000    
    12  -1566.366631       0.000000000    
    13  -472.9405246       0.000000000    


    56  0.5333333333      0.3333333333       0.000000000     : k-point, vkl
 (state, eigenvalue and occupancy below)
     1  -301217.9961       0.000000000    
     2  -271740.2519       0.000000000    
     3  -7416.043768       0.000000000    
     4  -7001.777550       0.000000000    
     5  -6643.207034       0.000000000    
     6  -6458.600954       0.000000000    
     7  -2632.728625       0.000000000    
     8  -2428.383561       0.000000000    
     9  -1986.974050       0.000000000    
    10  -1805.515434       0.000000000    
    11  -1668.342583       0.000000000    
    12  -1587.566941       0.000000000    
    13  -456.5038340       0.000000000    


    57  0.6000000000      0.3333333333       0.000000000     : k-point, vkl
 (state, eigenvalue and occupancy below)
     1  -293229.8115       0.000000000    
     2  -274128.4406       0.000000000    
     3  -7480.084764       0.000000000    
     4  -7146.345523       0.000000000    
     5  -6874.383656       0.000000000    
     6  -6336.518770       0.000000000    
     7  -2599.560874       0.000000000    
     8  -2397.795336       0.000000000    
     9  -1945.064881       0.000000000    
    10  -1838.042372       0.000000000    
    11  -1755.751203       0.000000000    
    12  -1576.071195       0.000000000    
    13  -485.8172798       0.000000000    


    58  0.6666666667      0.3333333333       0.000000000     : k-point, vkl
 (state, eigenvalue and occupancy below)
     1  -297901.9036       0.000000000    
     2  -276578.6095       0.000000000    
     3  -7334.203723       0.000000000    
     4  -7059.631859       0.000000000    
     5  -6513.177874       0.000000000    
     6  -6467.083124       0.000000000    
     7  -2607.304233       0.000000000    
     8  -2537.622136       0.000000000    
     9  -1927.887767       0.000000000    
    10  -1846.486991       0.000000000    
    11  -1665.117204       0.000000000    
    12  -1604.478149       0.000000000    
    13  -460.9205410       0.000000000    


    59  0.4000000000      0.4000000000       0.000000000     : k-point, vkl
 (state, eigenvalue and occupancy below)
     1  -300860.3982       0.000000000    
     2  -260551.9640       0.000000000    
     3  -7306.501657       0.000000000    
     4  -6729.079531       0.000000000    
     5  -6617.514432       0.000000000    
     6  -6111.792585       0.000000000    
     7  -2505.032406       0.000000000    
     8  -2255.270709       0.000000000    
     9  -1781.042682       0.000000000    
    10  -1653.871474       0.000000000    
    11  -1595.228227       0.000000000    
    12  -1589.317230       0.000000000    
    13  -436.0648991       0.000000000    


    60  0.4666666667      0.4000000000       0.000000000     : k-point, vkl
 (state, eigenvalue and occupancy below)
     1  -314329.3724       0.000000000    
     2  -272115.4831       0.000000000    
     3  -7618.441140       0.000000000    
     4  -7128.511360       0.000000000    
     5  -6987.099380       0.000000000    
     6  -6528.796823       0.000000000    
     7  -2605.497939       0.000000000    
     8  -2364.601819       0.000000000    
     9  -1968.624407       0.000000000    
    10  -1781.336027       0.000000000    
    11  -1712.025616       0.000000000    
    12  -1642.197712       0.000000000    
    13  -467.8794118       0.000000000    


    61  0.5333333333      0.4000000000       0.000000000     : k-point, vkl
 (state, eigenvalue and occupancy below)
     1  -307586.3715       0.000000000    
     2  -278942.7677       0.000000000    
     3  -7547.745735       0.000000000    
     4  -7334.490579       0.000000000    
     5  -7181.226445       0.000000000    
     6  -6695.006420       0.000000000    
     7  -2728.998354       0.000000000    
     8  -2472.941543       0.000000000    
     9  -2040.865040       0.000000000    
    10  -1879.247676       0.000000000    
    11  -1824.793743       0.000000000    
    12  -1726.612212       0.000000000    
    13  -490.6144585       0.000000000    


    62  0.6000000000      0.4000000000       0.000000000     : k-point, vkl
 (state, eigenvalue and occupancy below)
     1  -295175.2341       0.000000000    
     2  -270267.0733       0.000000000    
     3  -7417.587642       0.000000000    
     4  -6753.850687       0.000000000    
     5  -6728.029362       0.000000000    
     6  -6366.625327       0.000000000    
     7  -2580.259817       0.000000000    
     8  -2565.261362       0.000000000    
     9  -1923.483850       0.000000000    
    10  -1770.372036       0.000000000    
    11  -1753.372217       0.000000000    
    12  -1549.647332       0.000000000    
    13  -455.7307925       0.000000000    


    63  0.4666666667      0.4666666667       0.000000000     : k-point, vkl
 (state, eigenvalue and occupancy below)
     1  -318195.7507       0.000000000    
     2  -281430.8179       0.000000000    
     3  -7408.204057       0.000000000    
     4  -7387.374146       0.000000000    
     5  -6977.156351       0.000000000    
     6  -6574.974761       0.000000000    
     7  -2812.528116       0.000000000    
     8  -2582.824169       0.000000000    
     9  -1976.734841       0.000000000    
    10  -1912.513948       0.000000000    
    11  -1731.809983       0.000000000    
    12  -1726.449240       0.000000000    
    13  -461.4659286       0.000000000    


    64  0.5333333333      0.4666666667       0.000000000     : k-point, vkl
 (state, eigenvalue and occupancy below)
     1  -313674.1458       0.000000000    
     2  -274367.6891       0.000000000    
     3  -7390.970723       0.000000000    
     4  -7230.958682       0.000000000    
     5  -6931.438834       0.000000000    
     6  -6299.222431       0.000000000    
     7  -2810.655193       0.000000000    
     8  -2522.748341       0.000000000    
     9  -1879.820358       0.000000000    
    10  -1798.030888       0.000000000    
    11  -1758.088379       0.000000000    
    12  -1678.463032       0.000000000    
    13  -459.4615653       0.000000000    


    65  0.2000000000      0.1333333333      0.6666666667E-01 : k-point, vkl
 (state, eigenvalue and occupancy below)
     1  -309697.7174       0.000000000    
     2  -287506.4905       0.000000000    
     3  -8126.914219       0.000000000    
     4  -7303.096025       0.000000000    
     5  -6736.613053       0.000000000    
     6  -6328.406898       0.000000000    
     7  -2572.514916       0.000000000    
     8  -2531.915334       0.000000000    
     9  -1901.532597       0.000000000    
    10  -1877.246497       0.000000000    
    11  -1749.212889       0.000000000    
    12  -1573.487591       0.000000000    
    13  -478.0593853       0.000000000    


    66  0.2666666667      0.1333333333      0.6666666667E-01 : k-point, vkl
 (state, eigenvalue and occupancy below)
     1  -309455.4706       0.000000000    
     2  -292311.5862       0.000000000    
     3  -8019.850347       0.000000000    
     4  -7566.420519       0.000000000    
     5  -6966.782390       0.000000000    
     6  -6667.729863       0.000000000    
     7  -2659.669858       0.000000000    
     8  -2418.488507       0.000000000    
     9  -1969.672287       0.000000000    
    10  -1946.980855       0.000000000    
    11  -1693.352088       0.000000000    
    12  -1599.443626       0.000000000    
    13  -516.0217027       0.000000000    


    67  0.3333333333      0.1333333333      0.6666666667E-01 : k-point, vkl
 (state, eigenvalue and occupancy below)
     1  -308115.3043       0.000000000    
     2  -292053.3138       0.000000000    
     3  -8116.428880       0.000000000    
     4  -7372.202696       0.000000000    
     5  -7060.365597       0.000000000    
     6  -6800.789605       0.000000000    
     7  -2710.081876       0.000000000    
     8  -2374.284462       0.000000000    
     9  -2006.830321       0.000000000    
    10  -1850.346189       0.000000000    
    11  -1756.156257       0.000000000    
    12  -1659.807344       0.000000000    
    13  -501.2400462       0.000000000    


    68  0.4000000000      0.1333333333      0.6666666667E-01 : k-point, vkl
 (state, eigenvalue and occupancy below)
     1  -310744.9805       0.000000000    
     2  -286183.3935       0.000000000    
     3  -8186.330897       0.000000000    
     4  -7458.556727       0.000000000    
     5  -7193.351749       0.000000000    
     6  -6716.038435       0.000000000    
     7  -2673.833349       0.000000000    
     8  -2287.810171       0.000000000    
     9  -2021.356146       0.000000000    
    10  -1871.004494       0.000000000    
    11  -1775.339886       0.000000000    
    12  -1665.761647       0.000000000    
    13  -533.7749936       0.000000000    


    69  0.4666666667      0.1333333333      0.6666666667E-01 : k-point, vkl
 (state, eigenvalue and occupancy below)
     1  -303432.4196       0.000000000    
     2  -280187.8598       0.000000000    
     3  -8014.676910       0.000000000    
     4  -7215.600861       0.000000000    
     5  -7154.500993       0.000000000    
     6  -6586.792120       0.000000000    
     7  -2585.698193       0.000000000    
     8  -2259.627894       0.000000000    
     9  -1898.293679       0.000000000    
    10  -1833.603254       0.000000000    
    11  -1784.202403       0.000000000    
    12  -1560.608397       0.000000000    
    13  -495.6459968       0.000000000    


    70  0.5333333333      0.1333333333      0.6666666667E-01 : k-point, vkl
 (state, eigenvalue and occupancy below)
     1  -305908.5763       0.000000000    
     2  -275286.9447       0.000000000    
     3  -7645.976112       0.000000000    
     4  -7587.810969       0.000000000    
     5  -6780.716810       0.000000000    
     6  -6325.027554       0.000000000    
     7  -2555.067589       0.000000000    
     8  -2261.857172       0.000000000    
     9  -1938.425643       0.000000000    
    10  -1772.664535       0.000000000    
    11  -1675.155504       0.000000000    
    12  -1514.036022       0.000000000    
    13  -458.4161635       0.000000000    


    71  0.2666666667      0.2000000000      0.6666666667E-01 : k-point, vkl
 (state, eigenvalue and occupancy below)
     1  -320475.6934       0.000000000    
     2  -278352.8746       0.000000000    
     3  -8270.947793       0.000000000    
     4  -7362.247267       0.000000000    
     5  -7219.528676       0.000000000    
     6  -6241.242690       0.000000000    
     7  -2590.399286       0.000000000    
     8  -2288.055343       0.000000000    
     9  -1927.418638       0.000000000    
    10  -1832.221362       0.000000000    
    11  -1656.924805       0.000000000    
    12  -1637.729371       0.000000000    
    13  -474.4233740       0.000000000    


    72  0.3333333333      0.2000000000      0.6666666667E-01 : k-point, vkl
 (state, eigenvalue and occupancy below)
     1  -322757.3867       0.000000000    
     2  -293846.1235       0.000000000    
     3  -8331.598872       0.000000000    
     4  -7847.765716       0.000000000    
     5  -7436.562612       0.000000000    
     6  -6537.489607       0.000000000    
     7  -2655.912334       0.000000000    
     8  -2340.097562       0.000000000    
     9  -2037.756990       0.000000000    
    10  -1879.726002       0.000000000    
    11  -1746.487655       0.000000000    
    12  -1638.933532       0.000000000    
    13  -525.2589455       0.000000000    


    73  0.4000000000      0.2000000000      0.6666666667E-01 : k-point, vkl
 (state, eigenvalue and occupancy below)
     1  -293076.9620       0.000000000    
     2  -280828.9012       0.000000000    
     3  -7683.473527       0.000000000    
     4  -7082.314453       0.000000000    
     5  -6864.102144       0.000000000    
     6  -6376.356476       0.000000000    
     7  -2402.198770       0.000000000    
     8  -2203.771957       0.000000000    
     9  -1907.050170       0.000000000    
    10  -1829.522072       0.000000000    
    11  -1713.688312       0.000000000    
    12  -1643.322774       0.000000000    
    13  -460.6508289       0.000000000    


    74  0.4666666667      0.2000000000      0.6666666667E-01 : k-point, vkl
 (state, eigenvalue and occupancy below)
     1  -304275.0668       0.000000000    
     2  -286944.9493       0.000000000    
     3  -8172.889380       0.000000000    
     4  -7450.983236       0.000000000    
     5  -7017.134794       0.000000000    
     6  -6437.113573       0.000000000    
     7  -2546.003316       0.000000000    
     8  -2254.727347       0.000000000    
     9  -1918.170584       0.000000000    
    10  -1814.368355       0.000000000    
    11  -1792.086981       0.000000000    
    12  -1657.042280       0.000000000    
    13  -484.9489607       0.000000000    


    75  0.5333333333      0.2000000000      0.6666666667E-01 : k-point, vkl
 (state, eigenvalue and occupancy below)
     1  -299780.5194       0.000000000    
     2  -285359.9101       0.000000000    
     3  -7387.978880       0.000000000    
     4  -7237.947050       0.000000000    
     5  -7210.280535       0.000000000    
     6  -6699.721687       0.000000000    
     7  -2539.419251       0.000000000    
     8  -2278.778696       0.000000000    
     9  -1885.596795       0.000000000    
    10  -1794.780675       0.000000000    
    11  -1724.340100       0.000000000    
    12  -1669.874393       0.000000000    
    13  -459.0807635       0.000000000    


    76  0.6000000000      0.2000000000      0.6666666667E-01 : k-point, vkl
 (state, eigenvalue and occupancy below)
     1  -294207.8763       0.000000000    
     2  -281607.8909       0.000000000    
     3  -7471.047174       0.000000000    
     4  -7199.027053       0.000000000    
     5  -6745.669748       0.000000000    
     6  -6391.997088       0.000000000    
     7  -2543.661777       0.000000000    
     8  -2283.047336       0.000000000    
     9  -1849.094526       0.000000000    
    10  -1765.888226       0.000000000    
    11  -1672.330456       0.000000000    
    12  -1652.323452       0.000000000    
    13  -445.8526273       0.000000000    


    77  0.6666666667      0.2000000000      0.6666666667E-01 : k-point, vkl
 (state, eigenvalue and occupancy below)
     1  -309515.1290       0.000000000    
     2  -283276.8817       0.000000000    
     3  -7628.042792       0.000000000    
     4  -7133.953824       0.000000000    
     5  -6598.797257       0.000000000    
     6  -6290.748949       0.000000000    
     7  -2692.005747       0.000000000    
     8  -2423.652159       0.000000000    
     9  -1883.883309       0.000000000    
    10  -1770.395486       0.000000000    
    11  -1707.666291       0.000000000    
    12  -1640.334983       0.000000000    
    13  -415.0248470       0.000000000    


    78  0.7333333333      0.2000000000      0.6666666667E-01 : k-point, vkl
 (state, eigenvalue and occupancy below)
     1  -310639.5790       0.000000000    
     2  -293120.8998       0.000000000    
     3  -7882.083040       0.000000000    
     4  -6995.804328       0.000000000    
     5  -6891.719679       0.000000000    
     6  -6620.236381       0.000000000    
     7  -2819.932576       0.000000000    
     8  -2438.262477       0.000000000    
     9  -1924.620239       0.000000000    
    10  -1832.215255       0.000000000    
    11  -1769.893381       0.000000000    
    12  -1582.908626       0.000000000    
    13  -440.9020926       0.000000000    


    79  0.8000000000      0.2000000000      0.6666666667E-01 : k-point, vkl
 (state, eigenvalue and occupancy below)
     1  -300540.6378       0.000000000    
     2  -285974.1998       0.000000000    
     3  -7673.390591       0.000000000    
     4  -7138.227583       0.000000000    
     5  -6775.616885       0.000000000    
     6  -6488.734026       0.000000000    
     7  -2657.481152       0.000000000    
     8  -2459.153366       0.000000000    
     9  -1799.674883       0.000000000    
    10  -1743.092484       0.000000000    
    11  -1615.070072       0.000000000    
    12  -1586.679130       0.000000000    
    13  -473.9002751       0.000000000    


    80  0.8666666667      0.2000000000      0.6666666667E-01 : k-point, vkl
 (state, eigenvalue and occupancy below)
     1  -296641.5036       0.000000000    
     2  -286719.6347       0.000000000    
     3  -8130.891903       0.000000000    
     4  -7195.242023       0.000000000    
     5  -6851.974198       0.000000000    
     6  -6191.443767       0.000000000    
     7  -2687.054104       0.000000000    
     8  -2456.581847       0.000000000    
     9  -1949.942350       0.000000000    
    10  -1796.727318       0.000000000    
    11  -1667.778246       0.000000000    
    12  -1530.607945       0.000000000    
    13  -500.5685133       0.000000000    


    81  0.3333333333      0.2666666667      0.6666666667E-01 : k-point, vkl
 (state, eigenvalue and occupancy below)
     1  -289434.0288       0.000000000    
     2  -278467.1376       0.000000000    
     3  -7420.836148       0.000000000    
     4  -6936.554192       0.000000000    
     5  -6681.864173       0.000000000    
     6  -6402.924880       0.000000000    
     7  -2519.209929       0.000000000    
     8  -2177.593507       0.000000000    
     9  -1883.862964       0.000000000    
    10  -1803.177330       0.000000000    
    11  -1716.046610       0.000000000    
    12  -1485.418830       0.000000000    
    13  -435.8358683       0.000000000    


    82  0.4000000000      0.2666666667      0.6666666667E-01 : k-point, vkl
 (state, eigenvalue and occupancy below)
     1  -281849.8994       0.000000000    
     2  -273255.6571       0.000000000    
     3  -7210.694260       0.000000000    
     4  -6603.823042       0.000000000    
     5  -6480.880444       0.000000000    
     6  -6062.213672       0.000000000    
     7  -2450.641729       0.000000000    
     8  -2182.878660       0.000000000    
     9  -1828.222123       0.000000000    
    10  -1703.963106       0.000000000    
    11  -1590.993827       0.000000000    
    12  -1561.409222       0.000000000    
    13  -405.8319156       0.000000000    


    83  0.4666666667      0.2666666667      0.6666666667E-01 : k-point, vkl
 (state, eigenvalue and occupancy below)
     1  -290959.3322       0.000000000    
     2  -278139.4141       0.000000000    
     3  -7070.900134       0.000000000    
     4  -6859.117362       0.000000000    
     5  -6699.888266       0.000000000    
     6  -6200.021026       0.000000000    
     7  -2497.474751       0.000000000    
     8  -2439.828954       0.000000000    
     9  -1912.363312       0.000000000    
    10  -1727.509163       0.000000000    
    11  -1620.695555       0.000000000    
    12  -1542.731553       0.000000000    
    13  -428.0121076       0.000000000    


    84  0.5333333333      0.2666666667      0.6666666667E-01 : k-point, vkl
 (state, eigenvalue and occupancy below)
     1  -294980.7378       0.000000000    
     2  -280864.2977       0.000000000    
     3  -7248.078729       0.000000000    
     4  -6965.278038       0.000000000    
     5  -6922.125307       0.000000000    
     6  -6662.658654       0.000000000    
     7  -2591.985516       0.000000000    
     8  -2330.769516       0.000000000    
     9  -1887.432020       0.000000000    
    10  -1753.920423       0.000000000    
    11  -1742.656448       0.000000000    
    12  -1613.964434       0.000000000    
    13  -445.0729262       0.000000000    


    85  0.6000000000      0.2666666667      0.6666666667E-01 : k-point, vkl
 (state, eigenvalue and occupancy below)
     1  -285211.8997       0.000000000    
     2  -283130.1632       0.000000000    
     3  -7453.736218       0.000000000    
     4  -7159.700515       0.000000000    
     5  -6846.201402       0.000000000    
     6  -6577.441378       0.000000000    
     7  -2424.486500       0.000000000    
     8  -2304.888386       0.000000000    
     9  -1838.351919       0.000000000    
    10  -1749.874772       0.000000000    
    11  -1647.379085       0.000000000    
    12  -1622.740648       0.000000000    
    13  -453.1912709       0.000000000    


    86  0.6666666667      0.2666666667      0.6666666667E-01 : k-point, vkl
 (state, eigenvalue and occupancy below)
     1  -300903.4569       0.000000000    
     2  -280937.4454       0.000000000    
     3  -7574.285377       0.000000000    
     4  -7190.218259       0.000000000    
     5  -6869.557590       0.000000000    
     6  -6217.083840       0.000000000    
     7  -2619.805154       0.000000000    
     8  -2432.126844       0.000000000    
     9  -1866.149700       0.000000000    
    10  -1760.034922       0.000000000    
    11  -1696.198756       0.000000000    
    12  -1662.146550       0.000000000    
    13  -432.3768832       0.000000000    


    87  0.7333333333      0.2666666667      0.6666666667E-01 : k-point, vkl
 (state, eigenvalue and occupancy below)
     1  -302079.1873       0.000000000    
     2  -285322.1431       0.000000000    
     3  -7611.929361       0.000000000    
     4  -7047.695119       0.000000000    
     5  -6661.409646       0.000000000    
     6  -6239.481647       0.000000000    
     7  -2816.375194       0.000000000    
     8  -2435.711263       0.000000000    
     9  -1890.215723       0.000000000    
    10  -1796.678526       0.000000000    
    11  -1777.054719       0.000000000    
    12  -1664.352591       0.000000000    
    13  -431.3997007       0.000000000    


    88  0.8000000000      0.2666666667      0.6666666667E-01 : k-point, vkl
 (state, eigenvalue and occupancy below)
     1  -301466.8647       0.000000000    
     2  -289013.3260       0.000000000    
     3  -7684.236882       0.000000000    
     4  -6923.149170       0.000000000    
     5  -6545.048131       0.000000000    
     6  -6480.531450       0.000000000    
     7  -2781.226151       0.000000000    
     8  -2520.997008       0.000000000    
     9  -1822.238780       0.000000000    
    10  -1800.942509       0.000000000    
    11  -1717.806760       0.000000000    
    12  -1622.163998       0.000000000    
    13  -446.6123772       0.000000000    


    89  0.4000000000      0.3333333333      0.6666666667E-01 : k-point, vkl
 (state, eigenvalue and occupancy below)
     1  -276650.8422       0.000000000    
     2  -272407.9045       0.000000000    
     3  -6894.092795       0.000000000    
     4  -6711.677283       0.000000000    
     5  -6508.608966       0.000000000    
     6  -6192.295929       0.000000000    
     7  -2369.917965       0.000000000    
     8  -2171.706254       0.000000000    
     9  -1915.061937       0.000000000    
    10  -1701.977182       0.000000000    
    11  -1617.646496       0.000000000    
    12  -1490.298782       0.000000000    
    13  -399.6067582       0.000000000    


    90  0.4666666667      0.3333333333      0.6666666667E-01 : k-point, vkl
 (state, eigenvalue and occupancy below)
     1  -290459.7652       0.000000000    
     2  -276107.2376       0.000000000    
     3  -7207.048892       0.000000000    
     4  -6845.976898       0.000000000    
     5  -6651.543991       0.000000000    
     6  -6626.957120       0.000000000    
     7  -2431.531362       0.000000000    
     8  -2379.867489       0.000000000    
     9  -1894.885706       0.000000000    
    10  -1785.997045       0.000000000    
    11  -1728.490573       0.000000000    
    12  -1607.403687       0.000000000    
    13  -440.9871556       0.000000000    


    91  0.5333333333      0.3333333333      0.6666666667E-01 : k-point, vkl
 (state, eigenvalue and occupancy below)
     1  -299647.4572       0.000000000    
     2  -283903.4397       0.000000000    
     3  -7253.452817       0.000000000    
     4  -7139.861123       0.000000000    
     5  -6799.635563       0.000000000    
     6  -6715.308985       0.000000000    
     7  -2730.087354       0.000000000    
     8  -2388.107637       0.000000000    
     9  -1949.847710       0.000000000    
    10  -1813.863228       0.000000000    
    11  -1679.175554       0.000000000    
    12  -1613.079731       0.000000000    
    13  -444.3582771       0.000000000    


    92  0.6000000000      0.3333333333      0.6666666667E-01 : k-point, vkl
 (state, eigenvalue and occupancy below)
     1  -298255.6759       0.000000000    
     2  -269231.1718       0.000000000    
     3  -7468.049199       0.000000000    
     4  -7323.501368       0.000000000    
     5  -6761.135687       0.000000000    
     6  -6466.261246       0.000000000    
     7  -2536.654004       0.000000000    
     8  -2400.469194       0.000000000    
     9  -1992.063149       0.000000000    
    10  -1822.470737       0.000000000    
    11  -1707.755613       0.000000000    
    12  -1642.256454       0.000000000    
    13  -486.2315167       0.000000000    


    93  0.6666666667      0.3333333333      0.6666666667E-01 : k-point, vkl
 (state, eigenvalue and occupancy below)
     1  -297926.4226       0.000000000    
     2  -267754.0894       0.000000000    
     3  -7543.274287       0.000000000    
     4  -7233.353251       0.000000000    
     5  -6577.137174       0.000000000    
     6  -6266.922496       0.000000000    
     7  -2521.134939       0.000000000    
     8  -2368.336205       0.000000000    
     9  -1924.796326       0.000000000    
    10  -1867.868454       0.000000000    
    11  -1679.629532       0.000000000    
    12  -1572.755278       0.000000000    
    13  -497.4241487       0.000000000    


    94  0.7333333333      0.3333333333      0.6666666667E-01 : k-point, vkl
 (state, eigenvalue and occupancy below)
     1  -321706.0855       0.000000000    
     2  -278856.5120       0.000000000    
     3  -7899.893826       0.000000000    
     4  -7305.824306       0.000000000    
     5  -6926.805714       0.000000000    
     6  -6435.399399       0.000000000    
     7  -2656.549648       0.000000000    
     8  -2536.449908       0.000000000    
     9  -1992.954395       0.000000000    
    10  -1908.583358       0.000000000    
    11  -1679.807541       0.000000000    
    12  -1658.792921       0.000000000    
    13  -478.3979521       0.000000000    


    95  0.4666666667      0.4000000000      0.6666666667E-01 : k-point, vkl
 (state, eigenvalue and occupancy below)
     1  -318439.6805       0.000000000    
     2  -273162.3300       0.000000000    
     3  -7604.200741       0.000000000    
     4  -7106.121372       0.000000000    
     5  -6765.587354       0.000000000    
     6  -6457.419532       0.000000000    
     7  -2764.264971       0.000000000    
     8  -2437.166698       0.000000000    
     9  -1921.859971       0.000000000    
    10  -1820.697662       0.000000000    
    11  -1723.947922       0.000000000    
    12  -1673.482021       0.000000000    
    13  -466.1978258       0.000000000    


    96  0.5333333333      0.4000000000      0.6666666667E-01 : k-point, vkl
 (state, eigenvalue and occupancy below)
     1  -308736.6191       0.000000000    
     2  -278191.9340       0.000000000    
     3  -7362.686364       0.000000000    
     4  -7157.221494       0.000000000    
     5  -6968.561828       0.000000000    
     6  -6601.022992       0.000000000    
     7  -2798.572945       0.000000000    
     8  -2522.611713       0.000000000    
     9  -2062.113722       0.000000000    
    10  -1875.628008       0.000000000    
    11  -1766.863685       0.000000000    
    12  -1627.138973       0.000000000    
    13  -476.9815444       0.000000000    


    97  0.6000000000      0.4000000000      0.6666666667E-01 : k-point, vkl
 (state, eigenvalue and occupancy below)
     1  -302207.3060       0.000000000    
     2  -289574.2305       0.000000000    
     3  -7488.644758       0.000000000    
     4  -7262.683536       0.000000000    
     5  -6966.933606       0.000000000    
     6  -6734.258248       0.000000000    
     7  -2822.674802       0.000000000    
     8  -2573.506057       0.000000000    
     9  -2037.250180       0.000000000    
    10  -1832.427848       0.000000000    
    11  -1793.915095       0.000000000    
    12  -1686.498683       0.000000000    
    13  -466.0695388       0.000000000    


    98  0.6666666667      0.4000000000      0.6666666667E-01 : k-point, vkl
 (state, eigenvalue and occupancy below)
     1  -305111.4032       0.000000000    
     2  -281523.9897       0.000000000    
     3  -7661.372247       0.000000000    
     4  -7442.524151       0.000000000    
     5  -6889.116265       0.000000000    
     6  -6469.329946       0.000000000    
     7  -2803.748263       0.000000000    
     8  -2511.324737       0.000000000    
     9  -2037.201820       0.000000000    
    10  -1889.897806       0.000000000    
    11  -1754.329090       0.000000000    
    12  -1528.952481       0.000000000    
    13  -502.7682151       0.000000000    


    99  0.5333333333      0.4666666667      0.6666666667E-01 : k-point, vkl
 (state, eigenvalue and occupancy below)
     1  -306689.4545       0.000000000    
     2  -269106.0649       0.000000000    
     3  -7323.925418       0.000000000    
     4  -6964.626168       0.000000000    
     5  -6826.571890       0.000000000    
     6  -6494.549768       0.000000000    
     7  -2688.701164       0.000000000    
     8  -2559.967156       0.000000000    
     9  -1877.863298       0.000000000    
    10  -1819.673235       0.000000000    
    11  -1775.546028       0.000000000    
    12  -1649.848266       0.000000000    
    13  -454.0793125       0.000000000    


   100  0.6000000000      0.4666666667      0.6666666667E-01 : k-point, vkl
 (state, eigenvalue and occupancy below)
     1  -309353.6828       0.000000000    
     2  -287573.8207       0.000000000    
     3  -7532.555032       0.000000000    
     4  -7339.515073       0.000000000    
     5  -7227.903035       0.000000000    
     6  -7000.521885       0.000000000    
     7  -2736.631257       0.000000000    
     8  -2681.644669       0.000000000    
     9  -2061.492959       0.000000000    
    10  -1932.256311       0.000000000    
    11  -1866.308161       0.000000000    
    12  -1761.110154       0.000000000    
    13  -521.0530962       0.000000000    


   101  0.4000000000      0.2666666667      0.1333333333     : k-point, vkl
 (state, eigenvalue and occupancy below)
     1  -286629.1308       0.000000000    
     2  -277646.6313       0.000000000    
     3  -7625.293700       0.000000000    
     4  -7097.665998       0.000000000    
     5  -6818.917665       0.000000000    
     6  -6568.383220       0.000000000    
     7  -2511.917786       0.000000000    
     8  -2351.310072       0.000000000    
     9  -1891.218601       0.000000000    
    10  -1788.920526       0.000000000    
    11  -1675.707593       0.000000000    
    12  -1609.126030       0.000000000    
    13  -454.9459389       0.000000000    


   102  0.4666666667      0.2666666667      0.1333333333     : k-point, vkl
 (state, eigenvalue and occupancy below)
     1  -289372.4687       0.000000000    
     2  -273508.2897       0.000000000    
     3  -7620.582487       0.000000000    
     4  -6953.626747       0.000000000    
     5  -6932.487033       0.000000000    
     6  -6304.946668       0.000000000    
     7  -2385.517970       0.000000000    
     8  -2341.503857       0.000000000    
     9  -1821.908325       0.000000000    
    10  -1779.022116       0.000000000    
    11  -1669.783036       0.000000000    
    12  -1649.491945       0.000000000    
    13  -460.8004603       0.000000000    


   103  0.5333333333      0.2666666667      0.1333333333     : k-point, vkl
 (state, eigenvalue and occupancy below)
     1  -286143.5599       0.000000000    
     2  -270356.6392       0.000000000    
     3  -7420.037318       0.000000000    
     4  -6797.212315       0.000000000    
     5  -6519.785053       0.000000000    
     6  -6293.163067       0.000000000    
     7  -2479.819663       0.000000000    
     8  -2275.068355       0.000000000    
     9  -1824.962909       0.000000000    
    10  -1772.392687       0.000000000    
    11  -1639.546932       0.000000000    
    12  -1588.268765       0.000000000    
    13  -430.7322184       0.000000000    


   104  0.6000000000      0.2666666667      0.1333333333     : k-point, vkl
 (state, eigenvalue and occupancy below)
     1  -300533.8897       0.000000000    
     2  -288729.9122       0.000000000    
     3  -7417.167926       0.000000000    
     4  -7235.350059       0.000000000    
     5  -6962.805950       0.000000000    
     6  -6930.954871       0.000000000    
     7  -2633.872495       0.000000000    
     8  -2413.042544       0.000000000    
     9  -1906.359146       0.000000000    
    10  -1867.820980       0.000000000    
    11  -1727.841013       0.000000000    
    12  -1680.966622       0.000000000    
    13  -468.5588986       0.000000000    


   105  0.4666666667      0.3333333333      0.1333333333     : k-point, vkl
 (state, eigenvalue and occupancy below)
     1  -297837.2335       0.000000000    
     2  -275842.3314       0.000000000    
     3  -7382.445278       0.000000000    
     4  -6925.386121       0.000000000    
     5  -6558.638500       0.000000000    
     6  -6417.247588       0.000000000    
     7  -2562.644205       0.000000000    
     8  -2475.415568       0.000000000    
     9  -1883.669484       0.000000000    
    10  -1699.847564       0.000000000    
    11  -1671.034725       0.000000000    
    12  -1581.920253       0.000000000    
    13  -417.9463978       0.000000000    


   106  0.5333333333      0.3333333333      0.1333333333     : k-point, vkl
 (state, eigenvalue and occupancy below)
     1  -277638.5504       0.000000000    
     2  -272461.0167       0.000000000    
     3  -7099.254574       0.000000000    
     4  -6813.125504       0.000000000    
     5  -6772.481518       0.000000000    
     6  -6525.723691       0.000000000    
     7  -2420.559576       0.000000000    
     8  -2220.492254       0.000000000    
     9  -1905.654564       0.000000000    
    10  -1772.922567       0.000000000    
    11  -1652.478602       0.000000000    
    12  -1537.908089       0.000000000    
    13  -443.6938590       0.000000000    


   107  0.6000000000      0.3333333333      0.1333333333     : k-point, vkl
 (state, eigenvalue and occupancy below)
     1  -300123.4534       0.000000000    
     2  -281964.7435       0.000000000    
     3  -7666.916292       0.000000000    
     4  -7170.492829       0.000000000    
     5  -7042.544748       0.000000000    
     6  -6642.893537       0.000000000    
     7  -2605.041568       0.000000000    
     8  -2394.026781       0.000000000    
     9  -1956.544193       0.000000000    
    10  -1823.610566       0.000000000    
    11  -1754.696075       0.000000000    
    12  -1667.264926       0.000000000    
    13  -471.6891941       0.000000000    


   108  0.6666666667      0.3333333333      0.1333333333     : k-point, vkl
 (state, eigenvalue and occupancy below)
     1  -311486.3768       0.000000000    
     2  -290334.9278       0.000000000    
     3  -7889.459705       0.000000000    
     4  -7361.690672       0.000000000    
     5  -7187.375207       0.000000000    
     6  -6848.360038       0.000000000    
     7  -2758.482878       0.000000000    
     8  -2537.253089       0.000000000    
     9  -2032.249288       0.000000000    
    10  -1870.567217       0.000000000    
    11  -1826.387969       0.000000000    
    12  -1749.921937       0.000000000    
    13  -470.2326234       0.000000000    


   109  0.7333333333      0.3333333333      0.1333333333     : k-point, vkl
 (state, eigenvalue and occupancy below)
     1  -308223.9595       0.000000000    
     2  -281050.3914       0.000000000    
     3  -7503.739419       0.000000000    
     4  -7373.220071       0.000000000    
     5  -6903.159501       0.000000000    
     6  -6354.375729       0.000000000    
     7  -2751.916490       0.000000000    
     8  -2554.442697       0.000000000    
     9  -1996.881758       0.000000000    
    10  -1804.291128       0.000000000    
    11  -1712.559844       0.000000000    
    12  -1698.157983       0.000000000    
    13  -468.6018738       0.000000000    


   110  0.8000000000      0.3333333333      0.1333333333     : k-point, vkl
 (state, eigenvalue and occupancy below)
     1  -294966.1907       0.000000000    
     2  -276256.8921       0.000000000    
     3  -7539.585334       0.000000000    
     4  -6840.525337       0.000000000    
     5  -6615.685446       0.000000000    
     6  -6264.595707       0.000000000    
     7  -2722.713538       0.000000000    
     8  -2310.948660       0.000000000    
     9  -1885.470561       0.000000000    
    10  -1751.829597       0.000000000    
    11  -1677.232417       0.000000000    
    12  -1629.703148       0.000000000    
    13  -423.9893372       0.000000000    


   111  0.5333333333      0.4000000000      0.1333333333     : k-point, vkl
 (state, eigenvalue and occupancy below)
     1  -311894.8720       0.000000000    
     2  -281492.6507       0.000000000    
     3  -7271.747770       0.000000000    
     4  -7182.308074       0.000000000    
     5  -7074.650088       0.000000000    
     6  -6770.500432       0.000000000    
     7  -2859.543130       0.000000000    
     8  -2475.355830       0.000000000    
     9  -1894.861947       0.000000000    
    10  -1873.706927       0.000000000    
    11  -1816.275760       0.000000000    
    12  -1619.325534       0.000000000    
    13  -452.2493651       0.000000000    


   112  0.6000000000      0.4000000000      0.1333333333     : k-point, vkl
 (state, eigenvalue and occupancy below)
     1  -295378.1339       0.000000000    
     2  -275495.3846       0.000000000    
     3  -7365.463850       0.000000000    
     4  -7030.907192       0.000000000    
     5  -6784.984194       0.000000000    
     6  -6639.267948       0.000000000    
     7  -2723.914815       0.000000000    
     8  -2421.895902       0.000000000    
     9  -1987.921935       0.000000000    
    10  -1829.397300       0.000000000    
    11  -1767.136926       0.000000000    
    12  -1646.882170       0.000000000    
    13  -460.4055418       0.000000000    


   113  0.6666666667      0.4000000000      0.1333333333     : k-point, vkl
 (state, eigenvalue and occupancy below)
     1  -294120.1430       0.000000000    
     2  -281930.2271       0.000000000    
     3  -7258.955485       0.000000000    
     4  -7095.954681       0.000000000    
     5  -6866.460827       0.000000000    
     6  -6628.109133       0.000000000    
     7  -2738.487630       0.000000000    
     8  -2559.214708       0.000000000    
     9  -1949.646615       0.000000000    
    10  -1809.516989       0.000000000    
    11  -1706.725630       0.000000000    
    12  -1642.599792       0.000000000    
    13  -450.0231624       0.000000000    


   114  0.7333333333      0.4000000000      0.1333333333     : k-point, vkl
 (state, eigenvalue and occupancy below)
     1  -303561.7000       0.000000000    
     2  -262583.4748       0.000000000    
     3  -7789.098739       0.000000000    
     4  -7283.603842       0.000000000    
     5  -6845.885682       0.000000000    
     6  -6269.179898       0.000000000    
     7  -2521.692228       0.000000000    
     8  -2428.844987       0.000000000    
     9  -1941.227904       0.000000000    
    10  -1779.997721       0.000000000    
    11  -1770.090880       0.000000000    
    12  -1563.998797       0.000000000    
    13  -492.1929703       0.000000000    


   115  0.6000000000      0.4666666667      0.1333333333     : k-point, vkl
 (state, eigenvalue and occupancy below)
     1  -303763.2211       0.000000000    
     2  -266517.7776       0.000000000    
     3  -7207.099619       0.000000000    
     4  -6787.530217       0.000000000    
     5  -6715.361872       0.000000000    
     6  -6581.372983       0.000000000    
     7  -2770.918118       0.000000000    
     8  -2558.461020       0.000000000    
     9  -1913.584902       0.000000000    
    10  -1853.726868       0.000000000    
    11  -1731.738756       0.000000000    
    12  -1634.221826       0.000000000    
    13  -453.9894468       0.000000000    


   116  0.6666666667      0.4666666667      0.1333333333     : k-point, vkl
 (state, eigenvalue and occupancy below)
     1  -299828.6435       0.000000000    
     2  -269103.3390       0.000000000    
     3  -7402.686985       0.000000000    
     4  -6846.469523       0.000000000    
     5  -6699.526154       0.000000000    
     6  -6518.945212       0.000000000    
     7  -2684.362831       0.000000000    
     8  -2597.777689       0.000000000    
     9  -1984.447959       0.000000000    
    10  -1798.890820       0.000000000    
    11  -1712.894815       0.000000000    
    12  -1595.661678       0.000000000    
    13  -447.2892376       0.000000000    


   117  0.6000000000      0.4000000000      0.2000000000     : k-point, vkl
 (state, eigenvalue and occupancy below)
     1  -321181.6739       0.000000000    
     2  -277240.6195       0.000000000    
     3  -7745.406596       0.000000000    
     4  -7294.692999       0.000000000    
     5  -7050.127330       0.000000000    
     6  -6616.444280       0.000000000    
     7  -2910.096076       0.000000000    
     8  -2611.491124       0.000000000    
     9  -1934.612018       0.000000000    
    10  -1910.743024       0.000000000    
    11  -1756.269350       0.000000000    
    12  -1682.369135       0.000000000    
    13  -470.5519552       0.000000000    


   118  0.6666666667      0.4000000000      0.2000000000     : k-point, vkl
 (state, eigenvalue and occupancy below)
     1  -318093.8127       0.000000000    
     2  -274239.9175       0.000000000    
     3  -7579.148942       0.000000000    
     4  -7177.390525       0.000000000    
     5  -6608.171221       0.000000000    
     6  -6512.469291       0.000000000    
     7  -2981.874596       0.000000000    
     8  -2671.146988       0.000000000    
     9  -1976.133455       0.000000000    
    10  -1790.475678       0.000000000    
    11  -1726.393755       0.000000000    
    12  -1632.419364       0.000000000    
    13  -444.4067142       0.000000000    


   119  0.6666666667      0.4666666667      0.2000000000     : k-point, vkl
 (state, eigenvalue and occupancy below)
     1  -307128.8089       0.000000000    
     2  -265669.7670       0.000000000    
     3  -7516.803254       0.000000000    
     4  -7029.530655       0.000000000    
     5  -6770.014477       0.000000000    
     6  -6378.927321       0.000000000    
     7  -2832.943067       0.000000000    
     8  -2606.445412       0.000000000    
     9  -1916.988260       0.000000000    
    10  -1813.022520       0.000000000    
    11  -1681.332802       0.000000000    
    12  -1582.478008       0.000000000    
    13  -459.2948731       0.000000000    


   120  0.7333333333      0.4666666667      0.2000000000     : k-point, vkl
 (state, eigenvalue and occupancy below)
     1  -303929.8156       0.000000000    
     2  -256447.7035       0.000000000    
     3  -7497.446549       0.000000000    
     4  -6832.969528       0.000000000    
     5  -6495.771211       0.000000000    
     6  -6373.122103       0.000000000    
     7  -2623.279001       0.000000000    
     8  -2424.400178       0.000000000    
     9  -1913.313310       0.000000000    
    10  -1733.172020       0.000000000    
    11  -1675.815864       0.000000000    
    12  -1568.656530       0.000000000    
    13  -431.8626523       0.000000000    

