     diagonalizing the dynamical matrix ...

 q =       0.0000      0.0000      0.0000
 **************************************************************************
     freq (    1) =      -0.000001 [THz] =      -0.000018 [cm-1]
 ( -0.033058   0.000000    -0.338824   0.000000     0.619762   0.000000   )
 ( -0.033058   0.000000    -0.338824   0.000000     0.619762   0.000000   )
     freq (    2) =      -0.000000 [THz] =      -0.000009 [cm-1]
 ( -0.705256   0.000000    -0.018422   0.000000    -0.047690   0.000000   )
 ( -0.705256   0.000000    -0.018422   0.000000    -0.047690   0.000000   )
     freq (    3) =       0.000001 [THz] =       0.000018 [cm-1]
 (  0.038998   0.000000    -0.620370   0.000000    -0.337076   0.000000   )
 (  0.038998   0.000000    -0.620370   0.000000    -0.337076   0.000000   )
     freq (    4) =      38.462847 [THz] =    1282.982477 [cm-1]
 (  0.408248   0.000000    -0.408248   0.000000    -0.408248   0.000000   )
 ( -0.408248   0.000000     0.408248   0.000000     0.408248   0.000000   )
     freq (    5) =      38.718625 [THz] =    1291.514310 [cm-1]
 ( -0.288675   0.000000     0.288675   0.000000    -0.577350   0.000000   )
 (  0.288675   0.000000    -0.288675   0.000000     0.577350   0.000000   )
     freq (    6) =      38.718625 [THz] =    1291.514310 [cm-1]
 ( -0.500000   0.000000    -0.500000   0.000000     0.000000   0.000000   )
 (  0.500000   0.000000     0.500000   0.000000     0.000000   0.000000   )
 **************************************************************************
