    29 : nkpt
    13 : nstsv

     1   0.000000000       0.000000000       0.000000000     : k-point, vkl
 (state, eigenvalue and occupancy below)
     1 -0.4689658525       2.000000000    
     2  0.3375957532       2.000000000    
     3  0.3375966566       2.000000000    
     4  0.3375980950       2.000000000    
     5  0.6176001623       0.000000000    
     6  0.6176007305       0.000000000    
     7  0.6176077940       0.000000000    
     8  0.7923956058       0.000000000    
     9   1.062742025       0.000000000    
    10   1.368560009       0.000000000    
    11   1.368560289       0.000000000    
    12   1.398235424       0.000000000    
    13   1.398243832       0.000000000    


     2  0.1250000000       0.000000000       0.000000000     : k-point, vkl
 (state, eigenvalue and occupancy below)
     1 -0.4531726238       2.000000000    
     2  0.2605875253       2.000000000    
     3  0.3194969422       2.000000000    
     4  0.3194982865       2.000000000    
     5  0.6458751741       0.000000000    
     6  0.6476317777       0.000000000    
     7  0.6476381866       0.000000000    
     8  0.8140167320       0.000000000    
     9   1.102075977       0.000000000    
    10   1.248876323       0.000000000    
    11   1.248893437       0.000000000    
    12   1.341552425       0.000000000    
    13   1.586172516       0.000000000    


     3  0.2500000000       0.000000000       0.000000000     : k-point, vkl
 (state, eigenvalue and occupancy below)
     1 -0.4062762673       2.000000000    
     2  0.1297919666       2.000000000    
     3  0.3322418586       2.000000000    
     4  0.3322440112       2.000000000    
     5  0.6660163871       0.000000000    
     6  0.7071556687       0.000000000    
     7  0.7071619444       0.000000000    
     8   1.083668503       0.000000000    
     9   1.151458436       0.000000000    
    10   1.238229434       0.000000000    
    11   1.238254051       0.000000000    
    12   1.382772959       0.000000000    
    13   2.691384064       0.000000000    


     4  0.3750000000       0.000000000       0.000000000     : k-point, vkl
 (state, eigenvalue and occupancy below)
     1 -0.3227905439       2.000000000    
     2 -0.2452848673E-01   2.000000000    
     3  0.2940462337       2.000000000    
     4  0.2940481840       2.000000000    
     5  0.6753938366       0.000000000    
     6  0.7361757437       0.000000000    
     7  0.7361849440       0.000000000    
     8   1.078498960       0.000000000    
     9   1.228824420       0.000000000    
    10   1.321787860       0.000000000    
    11   1.321809495       0.000000000    
    12   2.002526017       0.000000000    
    13   2.675074598       0.000000000    


     5  0.5000000000       0.000000000       0.000000000     : k-point, vkl
 (state, eigenvalue and occupancy below)
     1 -0.2547822900       2.000000000    
     2 -0.1506346492       2.000000000    
     3  0.2697670234       2.000000000    
     4  0.2697682354       2.000000000    
     5  0.6535716978       0.000000000    
     6  0.7037598234       0.000000000    
     7  0.7037679796       0.000000000    
     8   1.055667766       0.000000000    
     9   1.241763133       0.000000000    
    10   1.403078646       0.000000000    
    11   1.403102882       0.000000000    
    12   1.516299349       0.000000000    
    13   1.686899429       0.000000000    


     6  0.1250000000      0.1250000000       0.000000000     : k-point, vkl
 (state, eigenvalue and occupancy below)
     1 -0.4479111840       2.000000000    
     2  0.2885919428       2.000000000    
     3  0.2885922676       2.000000000    
     4  0.3295245794       2.000000000    
     5  0.5959300740       0.000000000    
     6  0.6912172463       0.000000000    
     7  0.6912211852       0.000000000    
     8  0.8527056298       0.000000000    
     9   1.117996347       0.000000000    
    10   1.159739848       0.000000000    
    11   1.397007101       0.000000000    
    12   1.449188395       0.000000000    
    13   1.449208379       0.000000000    


     7  0.2500000000      0.1250000000       0.000000000     : k-point, vkl
 (state, eigenvalue and occupancy below)
     1 -0.4113710973       2.000000000    
     2  0.1741608274       2.000000000    
     3  0.2534622053       2.000000000    
     4  0.2890301381       2.000000000    
     5  0.6153211175       0.000000000    
     6  0.7375212554       0.000000000    
     7  0.7547953640       0.000000000    
     8  0.8398852153       0.000000000    
     9   1.153788742       0.000000000    
    10   1.192505406       0.000000000    
    11   1.342206248       0.000000000    
    12   1.422400099       0.000000000    
    13   1.658952521       0.000000000    


     8  0.3750000000      0.1250000000       0.000000000     : k-point, vkl
 (state, eigenvalue and occupancy below)
     1 -0.3367112860       2.000000000    
     2  0.3317894149E-01   2.000000000    
     3  0.2585699752       2.000000000    
     4  0.2701123689       2.000000000    
     5  0.6576644364       0.000000000    
     6  0.7637463469       0.000000000    
     7  0.8034536984       0.000000000    
     8  0.9779378685       0.000000000    
     9   1.223871959       0.000000000    
    10   1.346536601       0.000000000    
    11   1.425491831       0.000000000    
    12   2.009982267       0.000000000    
    13   2.683428652       0.000000000    


     9  0.5000000000      0.1250000000       0.000000000     : k-point, vkl
 (state, eigenvalue and occupancy below)
     1 -0.2535080635       2.000000000    
     2 -0.1133653558       2.000000000    
     3  0.2156040913       2.000000000    
     4  0.2448274437       2.000000000    
     5  0.6574183357       0.000000000    
     6  0.7606305781       0.000000000    
     7  0.7664616007       0.000000000    
     8   1.057159683       0.000000000    
     9   1.188523949       0.000000000    
    10   1.396948538       0.000000000    
    11   1.414835895       0.000000000    
    12   1.555551197       0.000000000    
    13   1.720547266       0.000000000    


    10  0.6250000000      0.1250000000       0.000000000     : k-point, vkl
 (state, eigenvalue and occupancy below)
     1 -0.2722612618       2.000000000    
     2 -0.6477121106E-01   2.000000000    
     3  0.2055081766       2.000000000    
     4  0.2693954784       2.000000000    
     5  0.7018575145       0.000000000    
     6  0.7800591125       0.000000000    
     7  0.7804820270       0.000000000    
     8   1.095439738       0.000000000    
     9   1.219498513       0.000000000    
    10   1.269151624       0.000000000    
    11   1.449210129       0.000000000    
    12   2.015258403       0.000000000    
    13   2.660310862       0.000000000    


    11  0.7500000000      0.1250000000       0.000000000     : k-point, vkl
 (state, eigenvalue and occupancy below)
     1 -0.3618104527       2.000000000    
     2  0.8031987655E-01   2.000000000    
     3  0.2074105187       2.000000000    
     4  0.3131318133       2.000000000    
     5  0.7198578386       0.000000000    
     6  0.7264095429       0.000000000    
     7  0.7439685386       0.000000000    
     8  0.9721492485       0.000000000    
     9   1.164570154       0.000000000    
    10   1.217927158       0.000000000    
    11   1.482803243       0.000000000    
    12   1.635067883       0.000000000    
    13   2.202053002       0.000000000    


    12  0.8750000000      0.1250000000       0.000000000     : k-point, vkl
 (state, eigenvalue and occupancy below)
     1 -0.4270007646       2.000000000    
     2  0.2275736244       2.000000000    
     3  0.2407119607       2.000000000    
     4  0.3672805202       1.999999996    
     5  0.6668704847       0.000000000    
     6  0.6805123082       0.000000000    
     7  0.7010155651       0.000000000    
     8  0.9436954246       0.000000000    
     9   1.158227331       0.000000000    
    10   1.168555770       0.000000000    
    11   1.263809978       0.000000000    
    12   1.504974636       0.000000000    
    13   1.554626177       0.000000000    


    13  0.2500000000      0.2500000000       0.000000000     : k-point, vkl
 (state, eigenvalue and occupancy below)
     1 -0.3853700450       2.000000000    
     2  0.1875549121       2.000000000    
     3  0.2139729346       2.000000000    
     4  0.2139743421       2.000000000    
     5  0.5585630299       0.000000000    
     6  0.7363062430       0.000000000    
     7  0.8402525725       0.000000000    
     8  0.8402565758       0.000000000    
     9   1.143095610       0.000000000    
    10   1.254429590       0.000000000    
    11   1.482456754       0.000000000    
    12   1.598950285       0.000000000    
    13   1.598969001       0.000000000    


    14  0.3750000000      0.2500000000       0.000000000     : k-point, vkl
 (state, eigenvalue and occupancy below)
     1 -0.3207437124       2.000000000    
     2  0.8126712452E-01   2.000000000    
     3  0.1742831176       2.000000000    
     4  0.1932710124       2.000000000    
     5  0.5859121806       0.000000000    
     6  0.7145826606       0.000000000    
     7  0.9042376070       0.000000000    
     8  0.9123102045       0.000000000    
     9   1.265427505       0.000000000    
    10   1.449962213       0.000000000    
    11   1.509460771       0.000000000    
    12   1.719945772       0.000000000    
    13   1.810864594       0.000000000    


    15  0.5000000000      0.2500000000       0.000000000     : k-point, vkl
 (state, eigenvalue and occupancy below)
     1 -0.2249733889       2.000000000    
     2 -0.4634453343E-01   2.000000000    
     3  0.1183199591       2.000000000    
     4  0.2007056284       2.000000000    
     5  0.6177241197       0.000000000    
     6  0.8619710049       0.000000000    
     7  0.9109802498       0.000000000    
     8  0.9880190477       0.000000000    
     9   1.289046294       0.000000000    
    10   1.470198864       0.000000000    
    11   1.543041552       0.000000000    
    12   2.022664437       0.000000000    
    13   2.631363676       0.000000000    


    16  0.6250000000      0.2500000000       0.000000000     : k-point, vkl
 (state, eigenvalue and occupancy below)
     1 -0.2083160733       2.000000000    
     2 -0.6804145377E-01   2.000000000    
     3  0.8356640524E-01   2.000000000    
     4  0.2200095273       2.000000000    
     5  0.6476518655       0.000000000    
     6  0.8968654038       0.000000000    
     7  0.9038563498       0.000000000    
     8   1.040453689       0.000000000    
     9   1.147032463       0.000000000    
    10   1.274855368       0.000000000    
    11   1.535746707       0.000000000    
    12   2.022596366       0.000000000    
    13   2.641489134       0.000000000    


    17  0.7500000000      0.2500000000       0.000000000     : k-point, vkl
 (state, eigenvalue and occupancy below)
     1 -0.2886815959       2.000000000    
     2  0.3987263232E-01   2.000000000    
     3  0.6746126375E-01   2.000000000    
     4  0.2631884519       2.000000000    
     5  0.6959741712       0.000000000    
     6  0.8129458521       0.000000000    
     7  0.8638742518       0.000000000    
     8  0.9373203003       0.000000000    
     9   1.168995057       0.000000000    
    10   1.212802879       0.000000000    
    11   1.599962648       0.000000000    
    12   1.601545320       0.000000000    
    13   2.156438472       0.000000000    


    18  0.3750000000      0.3750000000       0.000000000     : k-point, vkl
 (state, eigenvalue and occupancy below)
     1 -0.2489064725       2.000000000    
     2  0.4130584359E-01   2.000000000    
     3  0.1693851870       2.000000000    
     4  0.1693875600       2.000000000    
     5  0.5654095499       0.000000000    
     6  0.6169635551       0.000000000    
     7   1.199913457       0.000000000    
     8   1.199924129       0.000000000    
     9   1.502263007       0.000000000    
    10   1.625209112       0.000000000    
    11   2.084395078       0.000000000    
    12   2.300357418       0.000000000    
    13   2.300363531       0.000000000    


    19  0.5000000000      0.3750000000       0.000000000     : k-point, vkl
 (state, eigenvalue and occupancy below)
     1 -0.1778417743       2.000000000    
     2 -0.3986981097E-01   2.000000000    
     3  0.1029614466       2.000000000    
     4  0.1682722389       2.000000000    
     5  0.5713586301       0.000000000    
     6  0.6764750510       0.000000000    
     7   1.174366836       0.000000000    
     8   1.201143604       0.000000000    
     9   1.440666651       0.000000000    
    10   1.542678934       0.000000000    
    11   2.002213512       0.000000000    
    12   2.310935993       0.000000000    
    13   2.620801038       0.000000000    


    20  0.6250000000      0.3750000000       0.000000000     : k-point, vkl
 (state, eigenvalue and occupancy below)
     1 -0.1376281280       2.000000000    
     2 -0.7527557595E-01   2.000000000    
     3  0.3819963716E-01   2.000000000    
     4  0.1810977299       2.000000000    
     5  0.5973771506       0.000000000    
     6  0.8390816245       0.000000000    
     7   1.048456357       0.000000000    
     8   1.124916811       0.000000000    
     9   1.286900875       0.000000000    
    10   1.360463161       0.000000000    
    11   1.994163028       0.000000000    
    12   2.326928327       0.000000000    
    13   2.624649215       0.000000000    


    21  0.5000000000      0.5000000000       0.000000000     : k-point, vkl
 (state, eigenvalue and occupancy below)
     1 -0.1146506786       2.000000000    
     2 -0.1146498100       2.000000000    
     3  0.1112207706       2.000000000    
     4  0.1112220452       2.000000000    
     5  0.5394896701       0.000000000    
     6  0.5395000041       0.000000000    
     7   1.173021175       0.000000000    
     8   1.173024838       0.000000000    
     9   1.535548969       0.000000000    
    10   1.535551845       0.000000000    
    11   1.619371833       0.000000000    
    12   1.619393944       0.000000000    
    13   1.825680964       0.000000000    


    22  0.3750000000      0.2500000000      0.1250000000     : k-point, vkl
 (state, eigenvalue and occupancy below)
     1 -0.3650440276       2.000000000    
     2  0.1238156351       2.000000000    
     3  0.1676432188       2.000000000    
     4  0.2749916401       2.000000000    
     5  0.6418369271       0.000000000    
     6  0.7760488024       0.000000000    
     7  0.8343615438       0.000000000    
     8  0.8409334989       0.000000000    
     9   1.200388908       0.000000000    
    10   1.267850722       0.000000000    
    11   1.400323193       0.000000000    
    12   1.660103214       0.000000000    
    13   1.676030293       0.000000000    


    23  0.5000000000      0.2500000000      0.1250000000     : k-point, vkl
 (state, eigenvalue and occupancy below)
     1 -0.2741549021       2.000000000    
     2 -0.3402137509E-02   2.000000000    
     3  0.1401108941       2.000000000    
     4  0.2292952988       2.000000000    
     5  0.7097048710       0.000000000    
     6  0.7633740489       0.000000000    
     7  0.8846651089       0.000000000    
     8  0.9944127820       0.000000000    
     9   1.243056801       0.000000000    
    10   1.341641724       0.000000000    
    11   1.522163918       0.000000000    
    12   2.024276450       0.000000000    
    13   2.659327111       0.000000000    


    24  0.6250000000      0.2500000000      0.1250000000     : k-point, vkl
 (state, eigenvalue and occupancy below)
     1 -0.2087203690       2.000000000    
     2 -0.1029632299       2.000000000    
     3  0.1329590781       2.000000000    
     4  0.2025997176       2.000000000    
     5  0.7126860095       0.000000000    
     6  0.7252851907       0.000000000    
     7  0.9221648227       0.000000000    
     8   1.069115629       0.000000000    
     9   1.099397281       0.000000000    
    10   1.419542193       0.000000000    
    11   1.462165478       0.000000000    
    12   1.617137884       0.000000000    
    13   2.240256353       0.000000000    


    25  0.5000000000      0.3750000000      0.1250000000     : k-point, vkl
 (state, eigenvalue and occupancy below)
     1 -0.2478130291       2.000000000    
     2  0.2174167033E-01   2.000000000    
     3  0.9261323633E-01   2.000000000    
     4  0.1701490264       2.000000000    
     5  0.6369668482       0.000000000    
     6  0.7174514640       0.000000000    
     7  0.9092345995       0.000000000    
     8   1.033914608       0.000000000    
     9   1.321105158       0.000000000    
    10   1.412314205       0.000000000    
    11   1.669981570       0.000000000    
    12   1.732419743       0.000000000    
    13   2.167202188       0.000000000    


    26  0.6250000000      0.3750000000      0.1250000000     : k-point, vkl
 (state, eigenvalue and occupancy below)
     1 -0.1639248746       2.000000000    
     2 -0.6116894986E-01   2.000000000    
     3  0.5699102465E-01   2.000000000    
     4  0.1494857990       2.000000000    
     5  0.6714935835       0.000000000    
     6  0.8467844655       0.000000000    
     7  0.8984840953       0.000000000    
     8   1.063221282       0.000000000    
     9   1.205730242       0.000000000    
    10   1.509736831       0.000000000    
    11   1.658055012       0.000000000    
    12   2.032233296       0.000000000    
    13   2.634894915       0.000000000    


    27  0.7500000000      0.3750000000      0.1250000000     : k-point, vkl
 (state, eigenvalue and occupancy below)
     1 -0.1985000195       2.000000000    
     2 -0.2798657413E-01   2.000000000    
     3  0.2500287065E-01   2.000000000    
     4  0.1761103046       2.000000000    
     5  0.7085316079       0.000000000    
     6  0.8266917147       0.000000000    
     7  0.9002274164       0.000000000    
     8   1.006435866       0.000000000    
     9   1.093944989       0.000000000    
    10   1.327322199       0.000000000    
    11   1.660812294       0.000000000    
    12   1.697133174       0.000000000    
    13   2.204845969       0.000000000    


    28  0.6250000000      0.5000000000      0.1250000000     : k-point, vkl
 (state, eigenvalue and occupancy below)
     1 -0.1036841067       2.000000000    
     2 -0.1036827489       2.000000000    
     3  0.1317036819       2.000000000    
     4  0.1317086260       2.000000000    
     5  0.6759462290       0.000000000    
     6  0.6759559239       0.000000000    
     7   1.166955469       0.000000000    
     8   1.166960905       0.000000000    
     9   1.989692679       0.000000000    
    10   1.989693899       0.000000000    
    11   2.354175554       0.000000000    
    12   2.354180480       0.000000000    
    13   3.283083621       0.000000000    


    29  0.7500000000      0.5000000000      0.2500000000     : k-point, vkl
 (state, eigenvalue and occupancy below)
     1 -0.9006216305E-01   2.000000000    
     2 -0.9005968692E-01   2.000000000    
     3  0.9151985122E-01   2.000000000    
     4  0.9152372291E-01   2.000000000    
     5  0.8377387495       0.000000000    
     6  0.8377478097       0.000000000    
     7  0.9547198916       0.000000000    
     8  0.9547297383       0.000000000    
     9   1.984114478       0.000000000    
    10   1.984115526       0.000000000    
    11   2.346093541       0.000000000    
    12   2.346098500       0.000000000    
    13   3.286089521       0.000000000    

