     3 : nkpt
    13 : nstsv

     1   0.000000000       0.000000000       0.000000000     : k-point, vkl
 (state, eigenvalue and occupancy below)
     1  -313251.7197       0.000000000    
     2  -281791.2599       0.000000000    
     3  -7535.236419       0.000000000    
     4  -7535.236032       0.000000000    
     5  -6307.915430       0.000000000    
     6  -6307.915206       0.000000000    
     7  -2835.914572       0.000000000    
     8  -2027.980841       0.000000000    
     9  -1937.683162       0.000000000    
    10  -1937.683147       0.000000000    
    11  -1470.376401       0.000000000    
    12  -1470.376388       0.000000000    
    13  -459.2169884       0.000000000    


     2  0.5000000000       0.000000000       0.000000000     : k-point, vkl
 (state, eigenvalue and occupancy below)
     1  -315084.3649       0.000000000    
     2  -294707.7325       0.000000000    
     3  -8872.940689       0.000000000    
     4  -6935.428625       0.000000000    
     5  -6672.362411       0.000000000    
     6  -6408.822640       0.000000000    
     7  -2976.804807       0.000000000    
     8  -2426.242580       0.000000000    
     9  -1999.719670       0.000000000    
    10  -1967.719278       0.000000000    
    11  -1801.018744       0.000000000    
    12  -1514.133571       0.000000000    
    13  -499.8577049       0.000000000    


     3  0.5000000000      0.5000000000       0.000000000     : k-point, vkl
 (state, eigenvalue and occupancy below)
     1  -318208.4224       0.000000000    
     2  -281440.8702       0.000000000    
     3  -7407.929240       0.000000000    
     4  -7387.153382       0.000000000    
     5  -6977.219102       0.000000000    
     6  -6575.101193       0.000000000    
     7  -2812.498798       0.000000000    
     8  -2582.809422       0.000000000    
     9  -1976.698515       0.000000000    
    10  -1912.474012       0.000000000    
    11  -1731.789215       0.000000000    
    12  -1726.432006       0.000000000    
    13  -461.4801207       0.000000000    

