    29 : nkpt
    13 : nstsv

     1   0.000000000       0.000000000       0.000000000     : k-point, vkl
 (state, eigenvalue and occupancy below)
     1  -17723.89837       0.000000000    
     2  -17381.91271       0.000000000    
     3  -15387.92480       0.000000000    
     4  -15016.94379       0.000000000    
     5  -13719.43032       0.000000000    
     6  -13495.60130       0.000000000    
     7  -5084.417961       0.000000000    
     8  -3461.116813       0.000000000    
     9  -2728.863870       0.000000000    
    10  -2688.886232       0.000000000    
    11  -2425.834263       0.000000000    
    12  -2236.295389       0.000000000    
    13  -1339.821856       0.000000000    


     2  0.1250000000       0.000000000       0.000000000     : k-point, vkl
 (state, eigenvalue and occupancy below)
     1  -14669.23051       0.000000000    
     2  -14040.01481       0.000000000    
     3  -13182.04507       0.000000000    
     4  -11741.69639       0.000000000    
     5  -11379.31165       0.000000000    
     6  -11251.39278       0.000000000    
     7  -3527.900139       0.000000000    
     8  -3306.422997       0.000000000    
     9  -2320.364629       0.000000000    
    10  -2211.785097       0.000000000    
    11  -1935.582933       0.000000000    
    12  -1702.745195       0.000000000    
    13  -626.5742707       0.000000000    


     3  0.2500000000       0.000000000       0.000000000     : k-point, vkl
 (state, eigenvalue and occupancy below)
     1  -15298.05412       0.000000000    
     2  -14360.49795       0.000000000    
     3  -13145.16746       0.000000000    
     4  -12650.73893       0.000000000    
     5  -11828.64898       0.000000000    
     6  -11683.24927       0.000000000    
     7  -3673.174932       0.000000000    
     8  -3429.977520       0.000000000    
     9  -2361.757301       0.000000000    
    10  -2254.748432       0.000000000    
    11  -2067.821681       0.000000000    
    12  -1890.249424       0.000000000    
    13  -609.8891584       0.000000000    


     4  0.3750000000       0.000000000       0.000000000     : k-point, vkl
 (state, eigenvalue and occupancy below)
     1  -15235.16918       0.000000000    
     2  -14729.98562       0.000000000    
     3  -13184.05478       0.000000000    
     4  -12251.69522       0.000000000    
     5  -11605.22422       0.000000000    
     6  -11340.06892       0.000000000    
     7  -3697.199832       0.000000000    
     8  -3246.936591       0.000000000    
     9  -2376.116166       0.000000000    
    10  -2176.482321       0.000000000    
    11  -1992.687179       0.000000000    
    12  -1822.527192       0.000000000    
    13  -600.8768654       0.000000000    


     5  0.5000000000       0.000000000       0.000000000     : k-point, vkl
 (state, eigenvalue and occupancy below)
     1  -15643.50883       0.000000000    
     2  -14178.96476       0.000000000    
     3  -12863.42875       0.000000000    
     4  -11872.41333       0.000000000    
     5  -11714.53294       0.000000000    
     6  -11558.05843       0.000000000    
     7  -3772.865542       0.000000000    
     8  -3074.925556       0.000000000    
     9  -2413.632774       0.000000000    
    10  -2178.435601       0.000000000    
    11  -2086.344954       0.000000000    
    12  -1839.751240       0.000000000    
    13  -675.8283599       0.000000000    


     6  0.1250000000      0.1250000000       0.000000000     : k-point, vkl
 (state, eigenvalue and occupancy below)
     1  -15748.75102       0.000000000    
     2  -14911.24296       0.000000000    
     3  -14030.54804       0.000000000    
     4  -12959.26709       0.000000000    
     5  -12280.58447       0.000000000    
     6  -11441.42123       0.000000000    
     7  -3639.076261       0.000000000    
     8  -3535.754618       0.000000000    
     9  -2629.913430       0.000000000    
    10  -2261.553603       0.000000000    
    11  -2158.771466       0.000000000    
    12  -1983.536264       0.000000000    
    13  -912.3829850       0.000000000    


     7  0.2500000000      0.1250000000       0.000000000     : k-point, vkl
 (state, eigenvalue and occupancy below)
     1  -15476.27752       0.000000000    
     2  -13873.25378       0.000000000    
     3  -13433.35888       0.000000000    
     4  -12267.03690       0.000000000    
     5  -11896.86011       0.000000000    
     6  -11553.02350       0.000000000    
     7  -3659.646974       0.000000000    
     8  -3447.845556       0.000000000    
     9  -2413.136753       0.000000000    
    10  -2203.230323       0.000000000    
    11  -2038.266139       0.000000000    
    12  -1818.078420       0.000000000    
    13  -689.8911125       0.000000000    


     8  0.3750000000      0.1250000000       0.000000000     : k-point, vkl
 (state, eigenvalue and occupancy below)
     1  -14225.26971       0.000000000    
     2  -13883.15015       0.000000000    
     3  -12565.92970       0.000000000    
     4  -11973.89211       0.000000000    
     5  -11744.88885       0.000000000    
     6  -11191.68631       0.000000000    
     7  -3441.829766       0.000000000    
     8  -3227.893832       0.000000000    
     9  -2282.375264       0.000000000    
    10  -2166.642819       0.000000000    
    11  -2026.086732       0.000000000    
    12  -1844.800376       0.000000000    
    13  -600.6985195       0.000000000    


     9  0.5000000000      0.1250000000       0.000000000     : k-point, vkl
 (state, eigenvalue and occupancy below)
     1  -15705.29434       0.000000000    
     2  -14272.71694       0.000000000    
     3  -12684.36031       0.000000000    
     4  -12028.76600       0.000000000    
     5  -11792.89981       0.000000000    
     6  -11592.49610       0.000000000    
     7  -3715.143048       0.000000000    
     8  -3323.872776       0.000000000    
     9  -2365.088842       0.000000000    
    10  -2242.258057       0.000000000    
    11  -1951.566913       0.000000000    
    12  -1808.522463       0.000000000    
    13  -626.7360243       0.000000000    


    10  0.6250000000      0.1250000000       0.000000000     : k-point, vkl
 (state, eigenvalue and occupancy below)
     1  -15052.12534       0.000000000    
     2  -14366.97960       0.000000000    
     3  -13040.20155       0.000000000    
     4  -12248.84938       0.000000000    
     5  -11962.69292       0.000000000    
     6  -11851.22476       0.000000000    
     7  -3620.880156       0.000000000    
     8  -3392.148571       0.000000000    
     9  -2380.448156       0.000000000    
    10  -2229.624778       0.000000000    
    11  -2022.041547       0.000000000    
    12  -1878.419060       0.000000000    
    13  -630.5470669       0.000000000    


    11  0.7500000000      0.1250000000       0.000000000     : k-point, vkl
 (state, eigenvalue and occupancy below)
     1  -14435.83404       0.000000000    
     2  -13972.86192       0.000000000    
     3  -13024.62663       0.000000000    
     4  -11858.86871       0.000000000    
     5  -11404.39131       0.000000000    
     6  -11184.66234       0.000000000    
     7  -3393.212368       0.000000000    
     8  -3324.919808       0.000000000    
     9  -2291.423995       0.000000000    
    10  -2219.634382       0.000000000    
    11  -1996.242859       0.000000000    
    12  -1875.423401       0.000000000    
    13  -666.1889246       0.000000000    


    12  0.8750000000      0.1250000000       0.000000000     : k-point, vkl
 (state, eigenvalue and occupancy below)
     1  -17033.08725       0.000000000    
     2  -15327.87187       0.000000000    
     3  -14487.88843       0.000000000    
     4  -13643.14994       0.000000000    
     5  -12742.17284       0.000000000    
     6  -12239.50184       0.000000000    
     7  -4118.229695       0.000000000    
     8  -3639.518992       0.000000000    
     9  -2645.050907       0.000000000    
    10  -2347.142130       0.000000000    
    11  -2204.696187       0.000000000    
    12  -2035.473396       0.000000000    
    13  -802.3915047       0.000000000    


    13  0.2500000000      0.2500000000       0.000000000     : k-point, vkl
 (state, eigenvalue and occupancy below)
     1  -14128.82176       0.000000000    
     2  -13649.86479       0.000000000    
     3  -12410.27499       0.000000000    
     4  -11821.60107       0.000000000    
     5  -11354.57481       0.000000000    
     6  -11155.83586       0.000000000    
     7  -3400.661717       0.000000000    
     8  -3153.276436       0.000000000    
     9  -2270.093274       0.000000000    
    10  -2161.027120       0.000000000    
    11  -1906.583817       0.000000000    
    12  -1796.788449       0.000000000    
    13  -641.9070908       0.000000000    


    14  0.3750000000      0.2500000000       0.000000000     : k-point, vkl
 (state, eigenvalue and occupancy below)
     1  -14863.50464       0.000000000    
     2  -14472.01831       0.000000000    
     3  -12946.76256       0.000000000    
     4  -12850.48775       0.000000000    
     5  -12181.62383       0.000000000    
     6  -11926.00814       0.000000000    
     7  -3551.118757       0.000000000    
     8  -3405.245141       0.000000000    
     9  -2387.675265       0.000000000    
    10  -2370.576938       0.000000000    
    11  -2045.005301       0.000000000    
    12  -2005.048944       0.000000000    
    13  -738.2921057       0.000000000    


    15  0.5000000000      0.2500000000       0.000000000     : k-point, vkl
 (state, eigenvalue and occupancy below)
     1  -15184.65588       0.000000000    
     2  -14558.32132       0.000000000    
     3  -13075.96133       0.000000000    
     4  -12801.57400       0.000000000    
     5  -11894.21429       0.000000000    
     6  -11722.80447       0.000000000    
     7  -3650.315778       0.000000000    
     8  -3469.417561       0.000000000    
     9  -2431.360342       0.000000000    
    10  -2245.495822       0.000000000    
    11  -2102.988018       0.000000000    
    12  -1969.872766       0.000000000    
    13  -644.7715327       0.000000000    


    16  0.6250000000      0.2500000000       0.000000000     : k-point, vkl
 (state, eigenvalue and occupancy below)
     1  -14998.85999       0.000000000    
     2  -14612.86446       0.000000000    
     3  -13518.56579       0.000000000    
     4  -12081.00180       0.000000000    
     5  -12037.01389       0.000000000    
     6  -11711.19096       0.000000000    
     7  -3637.433423       0.000000000    
     8  -3481.063425       0.000000000    
     9  -2431.118225       0.000000000    
    10  -2222.884531       0.000000000    
    11  -2019.002693       0.000000000    
    12  -1857.103196       0.000000000    
    13  -632.3053330       0.000000000    


    17  0.7500000000      0.2500000000       0.000000000     : k-point, vkl
 (state, eigenvalue and occupancy below)
     1  -14321.13549       0.000000000    
     2  -13742.72012       0.000000000    
     3  -12890.77656       0.000000000    
     4  -11864.20121       0.000000000    
     5  -11352.37976       0.000000000    
     6  -10926.48320       0.000000000    
     7  -3536.956188       0.000000000    
     8  -3330.819484       0.000000000    
     9  -2291.799870       0.000000000    
    10  -2061.561015       0.000000000    
    11  -1907.777443       0.000000000    
    12  -1820.032465       0.000000000    
    13  -575.9559156       0.000000000    


    18  0.3750000000      0.3750000000       0.000000000     : k-point, vkl
 (state, eigenvalue and occupancy below)
     1  -14446.78566       0.000000000    
     2  -13450.40032       0.000000000    
     3  -12486.11326       0.000000000    
     4  -12144.63488       0.000000000    
     5  -11480.27975       0.000000000    
     6  -11134.31886       0.000000000    
     7  -3462.854826       0.000000000    
     8  -3183.757686       0.000000000    
     9  -2257.227525       0.000000000    
    10  -2143.318333       0.000000000    
    11  -1939.994997       0.000000000    
    12  -1817.354008       0.000000000    
    13  -720.9040462       0.000000000    


    19  0.5000000000      0.3750000000       0.000000000     : k-point, vkl
 (state, eigenvalue and occupancy below)
     1  -13935.96383       0.000000000    
     2  -13548.19305       0.000000000    
     3  -12108.89671       0.000000000    
     4  -11851.99448       0.000000000    
     5  -11550.00238       0.000000000    
     6  -11178.03437       0.000000000    
     7  -3373.100987       0.000000000    
     8  -3277.155928       0.000000000    
     9  -2195.395224       0.000000000    
    10  -2176.195336       0.000000000    
    11  -1919.576845       0.000000000    
    12  -1832.497536       0.000000000    
    13  -661.0080189       0.000000000    


    20  0.6250000000      0.3750000000       0.000000000     : k-point, vkl
 (state, eigenvalue and occupancy below)
     1  -15732.37185       0.000000000    
     2  -15394.66422       0.000000000    
     3  -14326.04707       0.000000000    
     4  -12743.21967       0.000000000    
     5  -12633.25935       0.000000000    
     6  -11966.64059       0.000000000    
     7  -4209.931481       0.000000000    
     8  -3615.259024       0.000000000    
     9  -2605.302284       0.000000000    
    10  -2391.126647       0.000000000    
    11  -2151.514032       0.000000000    
    12  -2067.860700       0.000000000    
    13  -692.4434964       0.000000000    


    21  0.5000000000      0.5000000000       0.000000000     : k-point, vkl
 (state, eigenvalue and occupancy below)
     1  -14559.50559       0.000000000    
     2  -13856.23321       0.000000000    
     3  -12311.03007       0.000000000    
     4  -12277.99356       0.000000000    
     5  -11870.16154       0.000000000    
     6  -11619.95569       0.000000000    
     7  -3542.284315       0.000000000    
     8  -3420.106096       0.000000000    
     9  -2307.481592       0.000000000    
    10  -2215.932364       0.000000000    
    11  -2036.095049       0.000000000    
    12  -1877.524531       0.000000000    
    13  -650.0746147       0.000000000    


    22  0.3750000000      0.2500000000      0.1250000000     : k-point, vkl
 (state, eigenvalue and occupancy below)
     1  -14429.51940       0.000000000    
     2  -13777.61672       0.000000000    
     3  -12356.78993       0.000000000    
     4  -11977.60310       0.000000000    
     5  -11760.99092       0.000000000    
     6  -11247.21048       0.000000000    
     7  -3361.643297       0.000000000    
     8  -3336.831894       0.000000000    
     9  -2265.058932       0.000000000    
    10  -2098.365424       0.000000000    
    11  -1947.098226       0.000000000    
    12  -1827.471201       0.000000000    
    13  -582.4093521       0.000000000    


    23  0.5000000000      0.2500000000      0.1250000000     : k-point, vkl
 (state, eigenvalue and occupancy below)
     1  -14907.93277       0.000000000    
     2  -13549.25824       0.000000000    
     3  -12411.76322       0.000000000    
     4  -12024.09858       0.000000000    
     5  -11837.32512       0.000000000    
     6  -11131.02560       0.000000000    
     7  -3423.833903       0.000000000    
     8  -3310.334623       0.000000000    
     9  -2353.794558       0.000000000    
    10  -2229.646728       0.000000000    
    11  -2009.926917       0.000000000    
    12  -1862.467335       0.000000000    
    13  -649.5317497       0.000000000    


    24  0.6250000000      0.2500000000      0.1250000000     : k-point, vkl
 (state, eigenvalue and occupancy below)
     1  -15483.30902       0.000000000    
     2  -14640.86370       0.000000000    
     3  -13802.07577       0.000000000    
     4  -11997.62063       0.000000000    
     5  -11876.19126       0.000000000    
     6  -11334.17657       0.000000000    
     7  -3638.238321       0.000000000    
     8  -3542.543738       0.000000000    
     9  -2537.967298       0.000000000    
    10  -2178.516212       0.000000000    
    11  -2050.122446       0.000000000    
    12  -1893.886485       0.000000000    
    13  -624.1254199       0.000000000    


    25  0.5000000000      0.3750000000      0.1250000000     : k-point, vkl
 (state, eigenvalue and occupancy below)
     1  -14000.07277       0.000000000    
     2  -13721.31252       0.000000000    
     3  -11999.12873       0.000000000    
     4  -11512.81060       0.000000000    
     5  -11286.39415       0.000000000    
     6  -11198.13503       0.000000000    
     7  -3313.142969       0.000000000    
     8  -3117.443613       0.000000000    
     9  -2224.841322       0.000000000    
    10  -2084.601531       0.000000000    
    11  -1939.406037       0.000000000    
    12  -1861.858169       0.000000000    
    13  -644.8275062       0.000000000    


    26  0.6250000000      0.3750000000      0.1250000000     : k-point, vkl
 (state, eigenvalue and occupancy below)
     1  -14633.14488       0.000000000    
     2  -14387.49776       0.000000000    
     3  -12822.59198       0.000000000    
     4  -12207.43933       0.000000000    
     5  -11990.17400       0.000000000    
     6  -11310.65662       0.000000000    
     7  -3672.730911       0.000000000    
     8  -3423.621794       0.000000000    
     9  -2311.341752       0.000000000    
    10  -2276.771859       0.000000000    
    11  -1978.154823       0.000000000    
    12  -1943.290688       0.000000000    
    13  -634.1359417       0.000000000    


    27  0.7500000000      0.3750000000      0.1250000000     : k-point, vkl
 (state, eigenvalue and occupancy below)
     1  -13968.49155       0.000000000    
     2  -13144.95997       0.000000000    
     3  -12148.62048       0.000000000    
     4  -11276.45166       0.000000000    
     5  -11192.93576       0.000000000    
     6  -10895.03599       0.000000000    
     7  -3306.859671       0.000000000    
     8  -3197.118891       0.000000000    
     9  -2196.373715       0.000000000    
    10  -1978.498582       0.000000000    
    11  -1823.880900       0.000000000    
    12  -1785.113658       0.000000000    
    13  -584.8522067       0.000000000    


    28  0.6250000000      0.5000000000      0.1250000000     : k-point, vkl
 (state, eigenvalue and occupancy below)
     1  -15030.17086       0.000000000    
     2  -14959.44915       0.000000000    
     3  -12935.22454       0.000000000    
     4  -12333.84721       0.000000000    
     5  -11728.98890       0.000000000    
     6  -11435.95036       0.000000000    
     7  -3704.092250       0.000000000    
     8  -3512.871812       0.000000000    
     9  -2338.427547       0.000000000    
    10  -2279.728041       0.000000000    
    11  -2096.683595       0.000000000    
    12  -1977.426277       0.000000000    
    13  -690.1608376       0.000000000    


    29  0.7500000000      0.5000000000      0.2500000000     : k-point, vkl
 (state, eigenvalue and occupancy below)
     1  -12931.99798       0.000000000    
     2  -12132.58870       0.000000000    
     3  -11111.18316       0.000000000    
     4  -10603.94943       0.000000000    
     5  -10406.74645       0.000000000    
     6  -10176.24977       0.000000000    
     7  -3029.307034       0.000000000    
     8  -2984.569143       0.000000000    
     9  -2001.346261       0.000000000    
    10  -1924.908837       0.000000000    
    11  -1719.526451       0.000000000    
    12  -1672.011341       0.000000000    
    13  -558.3134438       0.000000000    

