    29 : nkpt
    13 : nstsv

     1   0.000000000       0.000000000       0.000000000     : k-point, vkl
 (state, eigenvalue and occupancy below)
     1  -19515772.22       0.000000000    
     2  -18742239.99       0.000000000    
     3  -2543757.952       0.000000000    
     4  -2543745.622       0.000000000    
     5  -2334258.586       0.000000000    
     6  -2334250.006       0.000000000    
     7  -455800.4634       0.000000000    
     8  -340659.8074       0.000000000    
     9  -193655.5968       0.000000000    
    10  -193655.4163       0.000000000    
    11  -190381.2215       0.000000000    
    12  -190381.0720       0.000000000    
    13  -36417.25465       0.000000000    


     2  0.1250000000       0.000000000       0.000000000     : k-point, vkl
 (state, eigenvalue and occupancy below)
     1  -20195431.29       0.000000000    
     2  -18657872.11       0.000000000    
     3  -2694677.650       0.000000000    
     4  -2567863.430       0.000000000    
     5  -2441768.251       0.000000000    
     6  -2274075.210       0.000000000    
     7  -490182.2376       0.000000000    
     8  -353773.5593       0.000000000    
     9  -209245.7151       0.000000000    
    10  -200916.7460       0.000000000    
    11  -191775.9858       0.000000000    
    12  -188967.4572       0.000000000    
    13  -37709.78868       0.000000000    


     3  0.2500000000       0.000000000       0.000000000     : k-point, vkl
 (state, eigenvalue and occupancy below)
     1  -20461598.58       0.000000000    
     2  -18329470.08       0.000000000    
     3  -2610155.325       0.000000000    
     4  -2539619.414       0.000000000    
     5  -2429027.321       0.000000000    
     6  -2425784.134       0.000000000    
     7  -410486.4337       0.000000000    
     8  -363182.1265       0.000000000    
     9  -216814.1808       0.000000000    
    10  -214046.3860       0.000000000    
    11  -200177.5296       0.000000000    
    12  -198726.9647       0.000000000    
    13  -37010.50404       0.000000000    


     4  0.3750000000       0.000000000       0.000000000     : k-point, vkl
 (state, eigenvalue and occupancy below)
     1  -18353448.75       0.000000000    
     2  -17769917.48       0.000000000    
     3  -2552935.612       0.000000000    
     4  -2325576.647       0.000000000    
     5  -2303392.683       0.000000000    
     6  -2249192.862       0.000000000    
     7  -416616.4107       0.000000000    
     8  -381397.6825       0.000000000    
     9  -199178.9326       0.000000000    
    10  -196714.3187       0.000000000    
    11  -188216.6293       0.000000000    
    12  -179083.3589       0.000000000    
    13  -35953.20754       0.000000000    


     5  0.5000000000       0.000000000       0.000000000     : k-point, vkl
 (state, eigenvalue and occupancy below)
     1  -18087802.76       0.000000000    
     2  -17918209.51       0.000000000    
     3  -2424577.308       0.000000000    
     4  -2387698.388       0.000000000    
     5  -2352969.120       0.000000000    
     6  -2117707.966       0.000000000    
     7  -406836.4910       0.000000000    
     8  -400818.4445       0.000000000    
     9  -201258.4063       0.000000000    
    10  -182219.1864       0.000000000    
    11  -175318.5871       0.000000000    
    12  -162840.9297       0.000000000    
    13  -35236.46667       0.000000000    


     6  0.1250000000      0.1250000000       0.000000000     : k-point, vkl
 (state, eigenvalue and occupancy below)
     1  -20416857.35       0.000000000    
     2  -18845231.05       0.000000000    
     3  -2669312.115       0.000000000    
     4  -2658568.535       0.000000000    
     5  -2421648.446       0.000000000    
     6  -2383212.903       0.000000000    
     7  -484508.5655       0.000000000    
     8  -362141.4396       0.000000000    
     9  -218010.0644       0.000000000    
    10  -212436.5745       0.000000000    
    11  -204354.6371       0.000000000    
    12  -195798.3236       0.000000000    
    13  -38692.06415       0.000000000    


     7  0.2500000000      0.1250000000       0.000000000     : k-point, vkl
 (state, eigenvalue and occupancy below)
     1  -19358725.30       0.000000000    
     2  -18537781.74       0.000000000    
     3  -2635899.783       0.000000000    
     4  -2547055.372       0.000000000    
     5  -2447274.863       0.000000000    
     6  -2302917.774       0.000000000    
     7  -443514.6325       0.000000000    
     8  -367540.8930       0.000000000    
     9  -214418.4975       0.000000000    
    10  -205709.3452       0.000000000    
    11  -203400.1755       0.000000000    
    12  -195574.2337       0.000000000    
    13  -37312.39246       0.000000000    


     8  0.3750000000      0.1250000000       0.000000000     : k-point, vkl
 (state, eigenvalue and occupancy below)
     1  -20622221.36       0.000000000    
     2  -18753246.93       0.000000000    
     3  -2798683.677       0.000000000    
     4  -2600726.697       0.000000000    
     5  -2499124.099       0.000000000    
     6  -2400097.916       0.000000000    
     7  -439796.0014       0.000000000    
     8  -389152.8571       0.000000000    
     9  -231916.6954       0.000000000    
    10  -213382.0775       0.000000000    
    11  -205687.4011       0.000000000    
    12  -189172.4642       0.000000000    
    13  -38487.44198       0.000000000    


     9  0.5000000000      0.1250000000       0.000000000     : k-point, vkl
 (state, eigenvalue and occupancy below)
     1  -19391796.20       0.000000000    
     2  -18879045.11       0.000000000    
     3  -2646520.545       0.000000000    
     4  -2619087.776       0.000000000    
     5  -2523004.151       0.000000000    
     6  -2320950.130       0.000000000    
     7  -436669.8223       0.000000000    
     8  -393034.1471       0.000000000    
     9  -228147.7703       0.000000000    
    10  -202765.5114       0.000000000    
    11  -200064.7271       0.000000000    
    12  -191455.0849       0.000000000    
    13  -37617.18858       0.000000000    


    10  0.6250000000      0.1250000000       0.000000000     : k-point, vkl
 (state, eigenvalue and occupancy below)
     1  -18860999.15       0.000000000    
     2  -17682645.52       0.000000000    
     3  -2590480.173       0.000000000    
     4  -2418080.228       0.000000000    
     5  -2388759.573       0.000000000    
     6  -2267915.206       0.000000000    
     7  -406387.4219       0.000000000    
     8  -383359.4594       0.000000000    
     9  -204624.2562       0.000000000    
    10  -203058.2830       0.000000000    
    11  -193131.4335       0.000000000    
    12  -189664.2424       0.000000000    
    13  -37231.12621       0.000000000    


    11  0.7500000000      0.1250000000       0.000000000     : k-point, vkl
 (state, eigenvalue and occupancy below)
     1  -17700438.21       0.000000000    
     2  -17363296.88       0.000000000    
     3  -2482013.117       0.000000000    
     4  -2359764.579       0.000000000    
     5  -2231796.631       0.000000000    
     6  -2196316.006       0.000000000    
     7  -384403.0805       0.000000000    
     8  -359353.8363       0.000000000    
     9  -203732.8579       0.000000000    
    10  -196470.1890       0.000000000    
    11  -188912.6776       0.000000000    
    12  -179642.5118       0.000000000    
    13  -35973.49908       0.000000000    


    12  0.8750000000      0.1250000000       0.000000000     : k-point, vkl
 (state, eigenvalue and occupancy below)
     1  -20013650.65       0.000000000    
     2  -18447250.90       0.000000000    
     3  -2658448.280       0.000000000    
     4  -2503662.230       0.000000000    
     5  -2379631.598       0.000000000    
     6  -2346814.599       0.000000000    
     7  -436729.9383       0.000000000    
     8  -361147.7622       0.000000000    
     9  -208581.7887       0.000000000    
    10  -207558.4395       0.000000000    
    11  -196278.2325       0.000000000    
    12  -186727.5335       0.000000000    
    13  -36894.31087       0.000000000    


    13  0.2500000000      0.2500000000       0.000000000     : k-point, vkl
 (state, eigenvalue and occupancy below)
     1  -18936946.05       0.000000000    
     2  -18461317.48       0.000000000    
     3  -2714917.731       0.000000000    
     4  -2403662.956       0.000000000    
     5  -2342917.778       0.000000000    
     6  -2182359.364       0.000000000    
     7  -448747.8881       0.000000000    
     8  -356107.4927       0.000000000    
     9  -220300.8730       0.000000000    
    10  -199581.8520       0.000000000    
    11  -197944.6937       0.000000000    
    12  -179999.7811       0.000000000    
    13  -38156.30528       0.000000000    


    14  0.3750000000      0.2500000000       0.000000000     : k-point, vkl
 (state, eigenvalue and occupancy below)
     1  -20449301.03       0.000000000    
     2  -18449520.76       0.000000000    
     3  -2789157.898       0.000000000    
     4  -2557500.992       0.000000000    
     5  -2464676.295       0.000000000    
     6  -2290461.632       0.000000000    
     7  -447151.7927       0.000000000    
     8  -371395.0869       0.000000000    
     9  -225852.2290       0.000000000    
    10  -214507.7180       0.000000000    
    11  -203718.9136       0.000000000    
    12  -185595.5520       0.000000000    
    13  -37951.85077       0.000000000    


    15  0.5000000000      0.2500000000       0.000000000     : k-point, vkl
 (state, eigenvalue and occupancy below)
     1  -19268061.39       0.000000000    
     2  -18472030.06       0.000000000    
     3  -2736957.386       0.000000000    
     4  -2514718.975       0.000000000    
     5  -2336807.308       0.000000000    
     6  -2285858.920       0.000000000    
     7  -431407.7963       0.000000000    
     8  -385654.9868       0.000000000    
     9  -220898.6609       0.000000000    
    10  -202467.0085       0.000000000    
    11  -194760.9141       0.000000000    
    12  -182478.2856       0.000000000    
    13  -37503.52523       0.000000000    


    16  0.6250000000      0.2500000000       0.000000000     : k-point, vkl
 (state, eigenvalue and occupancy below)
     1  -19548916.06       0.000000000    
     2  -18131678.08       0.000000000    
     3  -2628227.762       0.000000000    
     4  -2508996.693       0.000000000    
     5  -2425265.564       0.000000000    
     6  -2286160.137       0.000000000    
     7  -416788.4608       0.000000000    
     8  -391231.1702       0.000000000    
     9  -211798.6523       0.000000000    
    10  -203424.7332       0.000000000    
    11  -197138.2137       0.000000000    
    12  -182870.5811       0.000000000    
    13  -35976.25525       0.000000000    


    17  0.7500000000      0.2500000000       0.000000000     : k-point, vkl
 (state, eigenvalue and occupancy below)
     1  -18883173.39       0.000000000    
     2  -18679530.88       0.000000000    
     3  -2684714.263       0.000000000    
     4  -2396972.827       0.000000000    
     5  -2348307.490       0.000000000    
     6  -2249729.600       0.000000000    
     7  -467800.3153       0.000000000    
     8  -381342.4642       0.000000000    
     9  -212039.7570       0.000000000    
    10  -191908.4417       0.000000000    
    11  -187145.9732       0.000000000    
    12  -185276.8576       0.000000000    
    13  -37578.42978       0.000000000    


    18  0.3750000000      0.3750000000       0.000000000     : k-point, vkl
 (state, eigenvalue and occupancy below)
     1  -21869301.77       0.000000000    
     2  -19795814.89       0.000000000    
     3  -2919496.068       0.000000000    
     4  -2702811.512       0.000000000    
     5  -2647682.523       0.000000000    
     6  -2335281.186       0.000000000    
     7  -468843.4311       0.000000000    
     8  -422710.7330       0.000000000    
     9  -244706.7500       0.000000000    
    10  -224322.5060       0.000000000    
    11  -216553.7500       0.000000000    
    12  -185942.1707       0.000000000    
    13  -39105.49625       0.000000000    


    19  0.5000000000      0.3750000000       0.000000000     : k-point, vkl
 (state, eigenvalue and occupancy below)
     1  -18981868.90       0.000000000    
     2  -16974496.24       0.000000000    
     3  -2434427.753       0.000000000    
     4  -2390138.391       0.000000000    
     5  -2321915.014       0.000000000    
     6  -2181591.258       0.000000000    
     7  -401218.8489       0.000000000    
     8  -352532.3052       0.000000000    
     9  -204169.8135       0.000000000    
    10  -196579.6966       0.000000000    
    11  -191666.9569       0.000000000    
    12  -176276.9353       0.000000000    
    13  -35703.37281       0.000000000    


    20  0.6250000000      0.3750000000       0.000000000     : k-point, vkl
 (state, eigenvalue and occupancy below)
     1  -18532771.34       0.000000000    
     2  -17424752.46       0.000000000    
     3  -2411737.600       0.000000000    
     4  -2406856.551       0.000000000    
     5  -2299627.643       0.000000000    
     6  -2162856.453       0.000000000    
     7  -392099.6949       0.000000000    
     8  -387040.3547       0.000000000    
     9  -205193.3070       0.000000000    
    10  -189494.4756       0.000000000    
    11  -186824.8014       0.000000000    
    12  -177583.3025       0.000000000    
    13  -35480.61952       0.000000000    


    21  0.5000000000      0.5000000000       0.000000000     : k-point, vkl
 (state, eigenvalue and occupancy below)
     1  -22866480.62       0.000000000    
     2  -17652539.75       0.000000000    
     3  -2739628.416       0.000000000    
     4  -2727465.545       0.000000000    
     5  -2680701.049       0.000000000    
     6  -2236917.912       0.000000000    
     7  -411658.1735       0.000000000    
     8  -392783.7811       0.000000000    
     9  -242591.8733       0.000000000    
    10  -224268.9980       0.000000000    
    11  -211738.4476       0.000000000    
    12  -205622.1277       0.000000000    
    13  -40512.90659       0.000000000    


    22  0.3750000000      0.2500000000      0.1250000000     : k-point, vkl
 (state, eigenvalue and occupancy below)
     1  -19209154.74       0.000000000    
     2  -18265427.95       0.000000000    
     3  -2531833.689       0.000000000    
     4  -2423809.784       0.000000000    
     5  -2397762.447       0.000000000    
     6  -2259753.458       0.000000000    
     7  -432744.4529       0.000000000    
     8  -373878.0222       0.000000000    
     9  -202715.6968       0.000000000    
    10  -200924.7120       0.000000000    
    11  -197142.6625       0.000000000    
    12  -183825.1029       0.000000000    
    13  -36808.39025       0.000000000    


    23  0.5000000000      0.2500000000      0.1250000000     : k-point, vkl
 (state, eigenvalue and occupancy below)
     1  -19032098.67       0.000000000    
     2  -18380821.58       0.000000000    
     3  -2598291.454       0.000000000    
     4  -2521787.669       0.000000000    
     5  -2389775.164       0.000000000    
     6  -2190884.892       0.000000000    
     7  -425961.2966       0.000000000    
     8  -367543.8535       0.000000000    
     9  -211964.7437       0.000000000    
    10  -201468.7092       0.000000000    
    11  -190650.0363       0.000000000    
    12  -184776.9493       0.000000000    
    13  -36760.75194       0.000000000    


    24  0.6250000000      0.2500000000      0.1250000000     : k-point, vkl
 (state, eigenvalue and occupancy below)
     1  -19044967.51       0.000000000    
     2  -17295141.72       0.000000000    
     3  -2572623.779       0.000000000    
     4  -2388083.737       0.000000000    
     5  -2308777.606       0.000000000    
     6  -2211871.674       0.000000000    
     7  -389141.0657       0.000000000    
     8  -364131.0091       0.000000000    
     9  -209408.2938       0.000000000    
    10  -198435.7481       0.000000000    
    11  -188097.9092       0.000000000    
    12  -183163.5913       0.000000000    
    13  -36806.12840       0.000000000    


    25  0.5000000000      0.3750000000      0.1250000000     : k-point, vkl
 (state, eigenvalue and occupancy below)
     1  -19230401.25       0.000000000    
     2  -18563464.28       0.000000000    
     3  -2568288.395       0.000000000    
     4  -2419353.555       0.000000000    
     5  -2405204.230       0.000000000    
     6  -2210817.859       0.000000000    
     7  -426156.1748       0.000000000    
     8  -391999.8985       0.000000000    
     9  -203225.7398       0.000000000    
    10  -195232.9403       0.000000000    
    11  -190219.4280       0.000000000    
    12  -183330.7205       0.000000000    
    13  -36565.22570       0.000000000    


    26  0.6250000000      0.3750000000      0.1250000000     : k-point, vkl
 (state, eigenvalue and occupancy below)
     1  -20533462.55       0.000000000    
     2  -18618787.74       0.000000000    
     3  -2630480.118       0.000000000    
     4  -2521651.104       0.000000000    
     5  -2403759.261       0.000000000    
     6  -2360509.160       0.000000000    
     7  -435230.0977       0.000000000    
     8  -383572.4549       0.000000000    
     9  -215718.1734       0.000000000    
    10  -203352.8111       0.000000000    
    11  -198042.2152       0.000000000    
    12  -192938.3672       0.000000000    
    13  -38432.35865       0.000000000    


    27  0.7500000000      0.3750000000      0.1250000000     : k-point, vkl
 (state, eigenvalue and occupancy below)
     1  -18141814.73       0.000000000    
     2  -17178932.86       0.000000000    
     3  -2403761.435       0.000000000    
     4  -2360674.244       0.000000000    
     5  -2214816.358       0.000000000    
     6  -2149557.783       0.000000000    
     7  -384892.9969       0.000000000    
     8  -344967.9974       0.000000000    
     9  -201986.6649       0.000000000    
    10  -193995.2626       0.000000000    
    11  -186226.5973       0.000000000    
    12  -181016.4899       0.000000000    
    13  -35756.38152       0.000000000    


    28  0.6250000000      0.5000000000      0.1250000000     : k-point, vkl
 (state, eigenvalue and occupancy below)
     1  -20023700.92       0.000000000    
     2  -17211580.30       0.000000000    
     3  -2573886.108       0.000000000    
     4  -2399158.389       0.000000000    
     5  -2329983.312       0.000000000    
     6  -2202330.017       0.000000000    
     7  -392094.0260       0.000000000    
     8  -380347.2838       0.000000000    
     9  -207373.8232       0.000000000    
    10  -192785.0337       0.000000000    
    11  -189888.0384       0.000000000    
    12  -187000.6183       0.000000000    
    13  -37294.24323       0.000000000    


    29  0.7500000000      0.5000000000      0.2500000000     : k-point, vkl
 (state, eigenvalue and occupancy below)
     1  -19690117.25       0.000000000    
     2  -18086165.94       0.000000000    
     3  -2503699.531       0.000000000    
     4  -2491601.078       0.000000000    
     5  -2411769.347       0.000000000    
     6  -2285843.124       0.000000000    
     7  -413148.9547       0.000000000    
     8  -395110.6874       0.000000000    
     9  -202736.0742       0.000000000    
    10  -202247.1462       0.000000000    
    11  -194558.2752       0.000000000    
    12  -188283.2013       0.000000000    
    13  -37800.04272       0.000000000    

