   2.808256128    
   1.869314450    
   1.323451738    
   2.371147635    
   1.155415605    
   2.131026080    
   2.526064202    
   1.891388906    
   1.227646332    
  0.8101264317    
  0.2682979042    
  0.1913071246    
  0.4201357144E-01
  0.3820999938E-01
  0.2546250662E-01
  0.7438537990E-02
  0.3287634168E-02
  0.2644874376E-02
  0.2710664304E-02
  0.1280004229E-01
  0.1374931206E-01
  0.9827332477E-03
  0.1614130365E-01
  0.1073187045E-01
  0.3066571051E-02
  0.9104798883E-03
  0.1268583320E-02
  0.4861637112E-03
  0.1413706670E-03
  0.4127362236E-04
  0.1037135890E-04
