    29 : nkpt
    10 : nstsv

     1   0.000000000       0.000000000       0.000000000     : k-point, vkl
 (state, eigenvalue and occupancy below)
     1 -0.3908706425       2.000000000    
     2   1.926923030       1.290623211    
     3   1.926923030       1.290623211    
     4   1.926923030       1.290623211    
     5   1.926923030       1.290623211    
     6   1.926923030       1.290623211    
     7   1.926923030       1.290623211    
     8   2.107933848       0.000000000    
     9   3.011284851       0.000000000    
    10   15.07594903       0.000000000    


     2  0.1250000000       0.000000000       0.000000000     : k-point, vkl
 (state, eigenvalue and occupancy below)
     1 -0.3735484505       2.000000000    
     2   1.926923030       1.290623211    
     3   1.926923030       1.290623211    
     4   1.926923030       1.290623211    
     5   1.926923030       1.290623211    
     6   1.926923030       1.290623211    
     7   1.930047922      0.1480562142    
     8   2.107933848       0.000000000    
     9   3.008586942       0.000000000    
    10   15.07594903       0.000000000    


     3  0.2500000000       0.000000000       0.000000000     : k-point, vkl
 (state, eigenvalue and occupancy below)
     1 -0.3216029586       2.000000000    
     2   1.926923030       1.290623211    
     3   1.926923030       1.290623211    
     4   1.926923030       1.290623211    
     5   1.926923030       1.290623211    
     6   1.926923030       1.290623211    
     7   1.939194891      0.1703519096E-04
     8   2.107933848       0.000000000    
     9   3.000243741       0.000000000    
    10   15.07594903       0.000000000    


     4  0.3750000000       0.000000000       0.000000000     : k-point, vkl
 (state, eigenvalue and occupancy below)
     1 -0.2351276191       2.000000000    
     2   1.926923030       1.290623211    
     3   1.926923030       1.290623211    
     4   1.926923030       1.290623211    
     5   1.926923030       1.290623211    
     6   1.926923030       1.290623211    
     7   1.953715359      0.8417667637E-11
     8   2.107933848       0.000000000    
     9   2.985613854       0.000000000    
    10   15.07594903       0.000000000    


     5  0.5000000000       0.000000000       0.000000000     : k-point, vkl
 (state, eigenvalue and occupancy below)
     1   1.926923030       1.290623211    
     2   1.926923030       1.290623211    
     3   1.926923030       1.290623211    
     4   1.926923030       1.290623211    
     5   1.926923030       1.290623211    
     6   1.926923030       1.290623211    
     7   2.107933848       0.000000000    
     8   2.107933848       0.000000000    
     9   15.07594903       0.000000000    
    10   15.07594903       0.000000000    


     6  0.1250000000      0.1250000000       0.000000000     : k-point, vkl
 (state, eigenvalue and occupancy below)
     1 -0.3677750890       2.000000000    
     2   1.926923030       1.290623211    
     3   1.926923030       1.290623211    
     4   1.926923030       1.290623211    
     5   1.926923030       1.290623211    
     6   1.926923030       1.290623211    
     7   1.931081072      0.5532910097E-01
     8   2.107933848       0.000000000    
     9   3.007678302       0.000000000    
    10   15.07594903       0.000000000    


     7  0.2500000000      0.1250000000       0.000000000     : k-point, vkl
 (state, eigenvalue and occupancy below)
     1 -0.3273729518       2.000000000    
     2   1.926923030       1.290623211    
     3   1.926923030       1.290623211    
     4   1.926923030       1.290623211    
     5   1.926923030       1.290623211    
     6   1.926923030       1.290623211    
     7   1.938195382      0.4628305564E-04
     8   2.107933848       0.000000000    
     9   3.001189278       0.000000000    
    10   15.07594903       0.000000000    


     8  0.3750000000      0.1250000000       0.000000000     : k-point, vkl
 (state, eigenvalue and occupancy below)
     1 -0.2524107064       2.000000000    
     2   1.926923030       1.290623211    
     3   1.926923030       1.290623211    
     4   1.926923030       1.290623211    
     5   1.926923030       1.290623211    
     6   1.926923030       1.290623211    
     7   1.950881712      0.1431624416E-09
     8   2.107933848       0.000000000    
     9   2.988606101       0.000000000    
    10   15.07594903       0.000000000    


     9  0.5000000000      0.1250000000       0.000000000     : k-point, vkl
 (state, eigenvalue and occupancy below)
     1   1.926923030       1.290623211    
     2   1.926923030       1.290623211    
     3   1.926923030       1.290623211    
     4   1.926923030       1.290623211    
     5   1.926923030       1.290623211    
     6   1.926923030       1.290623211    
     7   2.107933848       0.000000000    
     8   2.107933848       0.000000000    
     9   15.07594903       0.000000000    
    10   15.07594903       0.000000000    


    10  0.6250000000      0.1250000000       0.000000000     : k-point, vkl
 (state, eigenvalue and occupancy below)
     1   1.926923030       1.290623211    
     2   1.926923030       1.290623211    
     3   1.926923030       1.290623211    
     4   1.926923030       1.290623211    
     5   1.926923030       1.290623211    
     6   1.926923030       1.290623211    
     7   2.107933848       0.000000000    
     8   2.107933848       0.000000000    
     9   15.07594903       0.000000000    
    10   15.07594903       0.000000000    


    11  0.7500000000      0.1250000000       0.000000000     : k-point, vkl
 (state, eigenvalue and occupancy below)
     1   1.926923030       1.290623211    
     2   1.926923030       1.290623211    
     3   1.926923030       1.290623211    
     4   1.926923030       1.290623211    
     5   1.926923030       1.290623211    
     6   1.926923030       1.290623211    
     7   2.107933848       0.000000000    
     8   2.107933848       0.000000000    
     9   15.07594903       0.000000000    
    10   15.07594903       0.000000000    


    12  0.8750000000      0.1250000000       0.000000000     : k-point, vkl
 (state, eigenvalue and occupancy below)
     1   1.926923030       1.290623211    
     2   1.926923030       1.290623211    
     3   1.926923030       1.290623211    
     4   1.926923030       1.290623211    
     5   1.926923030       1.290623211    
     6   1.926923030       1.290623211    
     7   2.107933848       0.000000000    
     8   2.107933848       0.000000000    
     9   15.07594903       0.000000000    
    10   15.07594903       0.000000000    


    13  0.2500000000      0.2500000000       0.000000000     : k-point, vkl
 (state, eigenvalue and occupancy below)
     1 -0.2985293636       2.000000000    
     2   1.926923030       1.290623211    
     3   1.926923030       1.290623211    
     4   1.926923030       1.290623211    
     5   1.926923030       1.290623211    
     6   1.926923030       1.290623211    
     7   1.943154656      0.3248230987E-06
     8   2.107933848       0.000000000    
     9   2.996428627       0.000000000    
    10   15.07594903       0.000000000    


    14  0.3750000000      0.2500000000       0.000000000     : k-point, vkl
 (state, eigenvalue and occupancy below)
     1 -0.2351289091       2.000000000    
     2   1.926923030       1.290623211    
     3   1.926923030       1.290623211    
     4   1.926923030       1.290623211    
     5   1.926923030       1.290623211    
     6   1.926923030       1.290623211    
     7   1.953717651      0.8398391545E-11
     8   2.107933848       0.000000000    
     9   2.985622630       0.000000000    
    10   15.07594903       0.000000000    


    15  0.5000000000      0.2500000000       0.000000000     : k-point, vkl
 (state, eigenvalue and occupancy below)
     1   1.926923030       1.290623211    
     2   1.926923030       1.290623211    
     3   1.926923030       1.290623211    
     4   1.926923030       1.290623211    
     5   1.926923030       1.290623211    
     6   1.926923030       1.290623211    
     7   2.107933848       0.000000000    
     8   2.107933848       0.000000000    
     9   15.07594903       0.000000000    
    10   15.07594903       0.000000000    


    16  0.6250000000      0.2500000000       0.000000000     : k-point, vkl
 (state, eigenvalue and occupancy below)
     1   1.926923030       1.290623211    
     2   1.926923030       1.290623211    
     3   1.926923030       1.290623211    
     4   1.926923030       1.290623211    
     5   1.926923030       1.290623211    
     6   1.926923030       1.290623211    
     7   2.107933848       0.000000000    
     8   2.107933848       0.000000000    
     9   15.07594903       0.000000000    
    10   15.07594903       0.000000000    


    17  0.7500000000      0.2500000000       0.000000000     : k-point, vkl
 (state, eigenvalue and occupancy below)
     1   1.926923030       1.290623211    
     2   1.926923030       1.290623211    
     3   1.926923030       1.290623211    
     4   1.926923030       1.290623211    
     5   1.926923030       1.290623211    
     6   1.926923030       1.290623211    
     7   2.107933848       0.000000000    
     8   2.107933848       0.000000000    
     9   15.07594903       0.000000000    
    10   15.07594903       0.000000000    


    18  0.3750000000      0.3750000000       0.000000000     : k-point, vkl
 (state, eigenvalue and occupancy below)
     1   1.926923030       1.290623211    
     2   1.926923030       1.290623211    
     3   1.926923030       1.290623211    
     4   1.926923030       1.290623211    
     5   1.926923030       1.290623211    
     6   1.926923030       1.290623211    
     7   2.107933848       0.000000000    
     8   2.107933848       0.000000000    
     9   15.07594903       0.000000000    
    10   15.07594903       0.000000000    


    19  0.5000000000      0.3750000000       0.000000000     : k-point, vkl
 (state, eigenvalue and occupancy below)
     1   1.926923030       1.290623211    
     2   1.926923030       1.290623211    
     3   1.926923030       1.290623211    
     4   1.926923030       1.290623211    
     5   1.926923030       1.290623211    
     6   1.926923030       1.290623211    
     7   2.107933848       0.000000000    
     8   2.107933848       0.000000000    
     9   15.07594903       0.000000000    
    10   15.07594903       0.000000000    


    20  0.6250000000      0.3750000000       0.000000000     : k-point, vkl
 (state, eigenvalue and occupancy below)
     1   1.926923030       1.290623211    
     2   1.926923030       1.290623211    
     3   1.926923030       1.290623211    
     4   1.926923030       1.290623211    
     5   1.926923030       1.290623211    
     6   1.926923030       1.290623211    
     7   2.107933848       0.000000000    
     8   2.107933848       0.000000000    
     9   15.07594903       0.000000000    
    10   15.07594903       0.000000000    


    21  0.5000000000      0.5000000000       0.000000000     : k-point, vkl
 (state, eigenvalue and occupancy below)
     1   1.926923030       1.290623211    
     2   1.926923030       1.290623211    
     3   1.926923030       1.290623211    
     4   1.926923030       1.290623211    
     5   1.926923030       1.290623211    
     6   1.926923030       1.290623211    
     7   2.107933848       0.000000000    
     8   2.107933848       0.000000000    
     9   15.07594903       0.000000000    
    10   15.07594903       0.000000000    


    22  0.3750000000      0.2500000000      0.1250000000     : k-point, vkl
 (state, eigenvalue and occupancy below)
     1 -0.2754647295       2.000000000    
     2   1.926923030       1.290623211    
     3   1.926923030       1.290623211    
     4   1.926923030       1.290623211    
     5   1.926923030       1.290623211    
     6   1.926923030       1.290623211    
     7   1.947049418      0.6609565397E-08
     8   2.107933848       0.000000000    
     9   2.992546492       0.000000000    
    10   15.07594903       0.000000000    


    23  0.5000000000      0.2500000000      0.1250000000     : k-point, vkl
 (state, eigenvalue and occupancy below)
     1 -0.1890770558       2.000000000    
     2   1.926923030       1.290623211    
     3   1.926923030       1.290623211    
     4   1.926923030       1.290623211    
     5   1.926923030       1.290623211    
     6   1.926923030       1.290623211    
     7   1.961110777      0.5168951174E-14
     8   2.107933848       0.000000000    
     9   2.977513141       0.000000000    
    10   15.07594903       0.000000000    


    24  0.6250000000      0.2500000000      0.1250000000     : k-point, vkl
 (state, eigenvalue and occupancy below)
     1   1.926923030       1.290623211    
     2   1.926923030       1.290623211    
     3   1.926923030       1.290623211    
     4   1.926923030       1.290623211    
     5   1.926923030       1.290623211    
     6   1.926923030       1.290623211    
     7   2.107933848       0.000000000    
     8   2.107933848       0.000000000    
     9   15.07594903       0.000000000    
    10   15.07594903       0.000000000    


    25  0.5000000000      0.3750000000      0.1250000000     : k-point, vkl
 (state, eigenvalue and occupancy below)
     1   1.926923030       1.290623211    
     2   1.926923030       1.290623211    
     3   1.926923030       1.290623211    
     4   1.926923030       1.290623211    
     5   1.926923030       1.290623211    
     6   1.926923030       1.290623211    
     7   2.107933848       0.000000000    
     8   2.107933848       0.000000000    
     9   15.07594903       0.000000000    
    10   15.07594903       0.000000000    


    26  0.6250000000      0.3750000000      0.1250000000     : k-point, vkl
 (state, eigenvalue and occupancy below)
     1   1.926923030       1.290623211    
     2   1.926923030       1.290623211    
     3   1.926923030       1.290623211    
     4   1.926923030       1.290623211    
     5   1.926923030       1.290623211    
     6   1.926923030       1.290623211    
     7   2.107933848       0.000000000    
     8   2.107933848       0.000000000    
     9   15.07594903       0.000000000    
    10   15.07594903       0.000000000    


    27  0.7500000000      0.3750000000      0.1250000000     : k-point, vkl
 (state, eigenvalue and occupancy below)
     1   1.926923030       1.290623211    
     2   1.926923030       1.290623211    
     3   1.926923030       1.290623211    
     4   1.926923030       1.290623211    
     5   1.926923030       1.290623211    
     6   1.926923030       1.290623211    
     7   2.107933848       0.000000000    
     8   2.107933848       0.000000000    
     9   15.07594903       0.000000000    
    10   15.07594903       0.000000000    


    28  0.6250000000      0.5000000000      0.1250000000     : k-point, vkl
 (state, eigenvalue and occupancy below)
     1   1.926923030       1.290623211    
     2   1.926923030       1.290623211    
     3   1.926923030       1.290623211    
     4   1.926923030       1.290623211    
     5   1.926923030       1.290623211    
     6   1.926923030       1.290623211    
     7   2.107933848       0.000000000    
     8   2.107933848       0.000000000    
     9   15.07594903       0.000000000    
    10   15.07594903       0.000000000    


    29  0.7500000000      0.5000000000      0.2500000000     : k-point, vkl
 (state, eigenvalue and occupancy below)
     1   1.926923030       1.290623211    
     2   1.926923030       1.290623211    
     3   1.926923030       1.290623211    
     4   1.926923030       1.290623211    
     5   1.926923030       1.290623211    
     6   1.926923030       1.290623211    
     7   2.107933848       0.000000000    
     8   2.107933848       0.000000000    
     9   15.07594903       0.000000000    
    10   15.07594903       0.000000000    

