   13.96810801    
   10.93840560    
   5.378116100    
   1.622193901    
  0.3725779527    
   27.68482488    
   5.045377127    
   33.73193954    
   5.316643144    
   14.05323123    
   4.220488316    
   4.536125900    
  0.4821114481    
   3.940797542    
   1.980542870    
   3.514384318    
   3.228554927    
   3.327966009    
   4.176715816    
   4.360983780    
   3.808497196    
   2.226320930    
  0.7074442965    
  0.1805328676E-01
  0.2596452281E-01
  0.4142833021E-02
  0.4905824852E-03
  0.1508615325E-03
  0.4752966022E-04
  0.2475281376E-05
  0.8935843303E-06
