    84 : nkpt
    13 : nstsv

     1   0.000000000       0.000000000       0.000000000     : k-point, vkl
 (state, eigenvalue and occupancy below)
     1  -313251.7197       0.000000000    
     2  -281791.2599       0.000000000    
     3  -7535.236419       0.000000000    
     4  -7535.236032       0.000000000    
     5  -6307.915430       0.000000000    
     6  -6307.915206       0.000000000    
     7  -2835.914572       0.000000000    
     8  -2027.980841       0.000000000    
     9  -1937.683162       0.000000000    
    10  -1937.683147       0.000000000    
    11  -1470.376401       0.000000000    
    12  -1470.376388       0.000000000    
    13  -459.2169884       0.000000000    


     2  0.7692307692E-01   0.000000000       0.000000000     : k-point, vkl
 (state, eigenvalue and occupancy below)
     1  -331779.9189       0.000000000    
     2  -299371.1336       0.000000000    
     3  -7926.576405       0.000000000    
     4  -7836.196292       0.000000000    
     5  -7009.384434       0.000000000    
     6  -6667.101515       0.000000000    
     7  -2857.052524       0.000000000    
     8  -2172.501862       0.000000000    
     9  -2084.198345       0.000000000    
    10  -1973.538877       0.000000000    
    11  -1622.358943       0.000000000    
    12  -1562.238087       0.000000000    
    13  -462.8935427       0.000000000    


     3  0.1538461538       0.000000000       0.000000000     : k-point, vkl
 (state, eigenvalue and occupancy below)
     1  -318641.5245       0.000000000    
     2  -308258.1628       0.000000000    
     3  -7720.597547       0.000000000    
     4  -7623.704153       0.000000000    
     5  -7062.640702       0.000000000    
     6  -6877.735443       0.000000000    
     7  -2890.228113       0.000000000    
     8  -2597.382026       0.000000000    
     9  -2028.252506       0.000000000    
    10  -1993.211135       0.000000000    
    11  -1820.502982       0.000000000    
    12  -1722.375671       0.000000000    
    13  -484.3838415       0.000000000    


     4  0.2307692308       0.000000000       0.000000000     : k-point, vkl
 (state, eigenvalue and occupancy below)
     1  -301858.3576       0.000000000    
     2  -283867.2433       0.000000000    
     3  -7639.186850       0.000000000    
     4  -7399.742782       0.000000000    
     5  -6436.046589       0.000000000    
     6  -6435.678583       0.000000000    
     7  -2764.826761       0.000000000    
     8  -2361.157883       0.000000000    
     9  -2021.234797       0.000000000    
    10  -1980.537848       0.000000000    
    11  -1597.231455       0.000000000    
    12  -1594.318247       0.000000000    
    13  -494.9473630       0.000000000    


     5  0.3076923077       0.000000000       0.000000000     : k-point, vkl
 (state, eigenvalue and occupancy below)
     1  -340672.4675       0.000000000    
     2  -318769.8566       0.000000000    
     3  -8684.787728       0.000000000    
     4  -7883.680829       0.000000000    
     5  -7602.955883       0.000000000    
     6  -7280.513339       0.000000000    
     7  -3020.140800       0.000000000    
     8  -2546.951615       0.000000000    
     9  -2078.989584       0.000000000    
    10  -2076.579177       0.000000000    
    11  -1778.479240       0.000000000    
    12  -1701.619594       0.000000000    
    13  -606.9944621       0.000000000    


     6  0.3846153846       0.000000000       0.000000000     : k-point, vkl
 (state, eigenvalue and occupancy below)
     1  -308055.9900       0.000000000    
     2  -298347.3869       0.000000000    
     3  -8601.062858       0.000000000    
     4  -8079.286406       0.000000000    
     5  -7358.942806       0.000000000    
     6  -6337.936748       0.000000000    
     7  -2784.593830       0.000000000    
     8  -2395.484792       0.000000000    
     9  -2045.916388       0.000000000    
    10  -1956.563443       0.000000000    
    11  -1883.507564       0.000000000    
    12  -1618.206498       0.000000000    
    13  -626.9798141       0.000000000    


     7  0.4615384615       0.000000000       0.000000000     : k-point, vkl
 (state, eigenvalue and occupancy below)
     1  -301759.2557       0.000000000    
     2  -288480.4201       0.000000000    
     3  -8609.270520       0.000000000    
     4  -6862.069279       0.000000000    
     5  -6385.595489       0.000000000    
     6  -6220.800455       0.000000000    
     7  -2779.492018       0.000000000    
     8  -2425.129523       0.000000000    
     9  -1817.243090       0.000000000    
    10  -1802.205783       0.000000000    
    11  -1798.446318       0.000000000    
    12  -1507.336472       0.000000000    
    13  -464.7015230       0.000000000    


     8  0.7692307692E-01  0.7692307692E-01   0.000000000     : k-point, vkl
 (state, eigenvalue and occupancy below)
     1  -345319.1261       0.000000000    
     2  -298361.1324       0.000000000    
     3  -7963.446775       0.000000000    
     4  -7841.193541       0.000000000    
     5  -6835.835773       0.000000000    
     6  -6551.443158       0.000000000    
     7  -3001.536005       0.000000000    
     8  -2459.191630       0.000000000    
     9  -2150.659381       0.000000000    
    10  -2097.412876       0.000000000    
    11  -1750.341798       0.000000000    
    12  -1699.126484       0.000000000    
    13  -466.3820838       0.000000000    


     9  0.1538461538      0.7692307692E-01   0.000000000     : k-point, vkl
 (state, eigenvalue and occupancy below)
     1  -323306.7918       0.000000000    
     2  -296552.5057       0.000000000    
     3  -8458.680966       0.000000000    
     4  -7427.090589       0.000000000    
     5  -6809.446329       0.000000000    
     6  -6748.858563       0.000000000    
     7  -2842.065427       0.000000000    
     8  -2433.664693       0.000000000    
     9  -1959.702487       0.000000000    
    10  -1911.922635       0.000000000    
    11  -1767.853359       0.000000000    
    12  -1640.740335       0.000000000    
    13  -477.7509868       0.000000000    


    10  0.2307692308      0.7692307692E-01   0.000000000     : k-point, vkl
 (state, eigenvalue and occupancy below)
     1  -312177.8992       0.000000000    
     2  -302661.4040       0.000000000    
     3  -8120.485142       0.000000000    
     4  -7246.244828       0.000000000    
     5  -6871.948691       0.000000000    
     6  -6723.553189       0.000000000    
     7  -2776.140224       0.000000000    
     8  -2533.042254       0.000000000    
     9  -1957.786082       0.000000000    
    10  -1924.606321       0.000000000    
    11  -1800.612441       0.000000000    
    12  -1621.648884       0.000000000    
    13  -501.5988393       0.000000000    


    11  0.3076923077      0.7692307692E-01   0.000000000     : k-point, vkl
 (state, eigenvalue and occupancy below)
     1  -311169.8260       0.000000000    
     2  -297515.8245       0.000000000    
     3  -8183.044161       0.000000000    
     4  -7412.369507       0.000000000    
     5  -7158.711887       0.000000000    
     6  -6416.580440       0.000000000    
     7  -2734.012488       0.000000000    
     8  -2503.966479       0.000000000    
     9  -1965.604124       0.000000000    
    10  -1845.404466       0.000000000    
    11  -1692.280140       0.000000000    
    12  -1556.055454       0.000000000    
    13  -526.5165412       0.000000000    


    12  0.3846153846      0.7692307692E-01   0.000000000     : k-point, vkl
 (state, eigenvalue and occupancy below)
     1  -313994.8763       0.000000000    
     2  -306639.5905       0.000000000    
     3  -8451.518448       0.000000000    
     4  -7879.010983       0.000000000    
     5  -7442.990504       0.000000000    
     6  -7017.491313       0.000000000    
     7  -2791.911117       0.000000000    
     8  -2389.664425       0.000000000    
     9  -1998.045530       0.000000000    
    10  -1943.705355       0.000000000    
    11  -1841.696542       0.000000000    
    12  -1584.384285       0.000000000    
    13  -566.1143649       0.000000000    


    13  0.4615384615      0.7692307692E-01   0.000000000     : k-point, vkl
 (state, eigenvalue and occupancy below)
     1  -297081.7005       0.000000000    
     2  -291307.3449       0.000000000    
     3  -7710.872267       0.000000000    
     4  -7637.467210       0.000000000    
     5  -6766.851478       0.000000000    
     6  -6579.913809       0.000000000    
     7  -2627.009873       0.000000000    
     8  -2302.202783       0.000000000    
     9  -1866.276360       0.000000000    
    10  -1750.494402       0.000000000    
    11  -1644.376333       0.000000000    
    12  -1512.609187       0.000000000    
    13  -459.7189550       0.000000000    


    14  0.5384615385      0.7692307692E-01   0.000000000     : k-point, vkl
 (state, eigenvalue and occupancy below)
     1  -287034.6928       0.000000000    
     2  -280808.9033       0.000000000    
     3  -7726.120855       0.000000000    
     4  -7008.328046       0.000000000    
     5  -6371.650219       0.000000000    
     6  -6181.982481       0.000000000    
     7  -2464.594680       0.000000000    
     8  -2378.893046       0.000000000    
     9  -1860.728529       0.000000000    
    10  -1692.436827       0.000000000    
    11  -1637.593612       0.000000000    
    12  -1530.573867       0.000000000    
    13  -419.0581605       0.000000000    


    15  0.6153846154      0.7692307692E-01   0.000000000     : k-point, vkl
 (state, eigenvalue and occupancy below)
     1  -312079.8421       0.000000000    
     2  -290471.4319       0.000000000    
     3  -8209.364832       0.000000000    
     4  -7682.109149       0.000000000    
     5  -6776.806483       0.000000000    
     6  -6461.064368       0.000000000    
     7  -2838.411493       0.000000000    
     8  -2390.257072       0.000000000    
     9  -1950.028955       0.000000000    
    10  -1870.084442       0.000000000    
    11  -1775.678624       0.000000000    
    12  -1570.792750       0.000000000    
    13  -482.1113126       0.000000000    


    16  0.6923076923      0.7692307692E-01   0.000000000     : k-point, vkl
 (state, eigenvalue and occupancy below)
     1  -319541.4175       0.000000000    
     2  -295726.4029       0.000000000    
     3  -8336.843967       0.000000000    
     4  -8037.002397       0.000000000    
     5  -7284.174432       0.000000000    
     6  -6866.136819       0.000000000    
     7  -2886.855443       0.000000000    
     8  -2428.347212       0.000000000    
     9  -2013.503676       0.000000000    
    10  -1979.871322       0.000000000    
    11  -1843.042498       0.000000000    
    12  -1694.291499       0.000000000    
    13  -564.6464804       0.000000000    


    17  0.7692307692      0.7692307692E-01   0.000000000     : k-point, vkl
 (state, eigenvalue and occupancy below)
     1  -303671.6666       0.000000000    
     2  -278283.5194       0.000000000    
     3  -8226.244898       0.000000000    
     4  -7762.333253       0.000000000    
     5  -6854.585572       0.000000000    
     6  -6508.796485       0.000000000    
     7  -2598.818752       0.000000000    
     8  -2267.745169       0.000000000    
     9  -1918.785299       0.000000000    
    10  -1833.078982       0.000000000    
    11  -1721.727889       0.000000000    
    12  -1569.493861       0.000000000    
    13  -542.1439844       0.000000000    


    18  0.8461538462      0.7692307692E-01   0.000000000     : k-point, vkl
 (state, eigenvalue and occupancy below)
     1  -287309.2451       0.000000000    
     2  -282871.1185       0.000000000    
     3  -7668.646595       0.000000000    
     4  -7275.466441       0.000000000    
     5  -6540.940175       0.000000000    
     6  -6396.385887       0.000000000    
     7  -2652.135239       0.000000000    
     8  -2211.461350       0.000000000    
     9  -1961.681897       0.000000000    
    10  -1851.493097       0.000000000    
    11  -1680.362166       0.000000000    
    12  -1458.216474       0.000000000    
    13  -477.5298143       0.000000000    


    19  0.9230769231      0.7692307692E-01   0.000000000     : k-point, vkl
 (state, eigenvalue and occupancy below)
     1  -302407.6123       0.000000000    
     2  -293928.0390       0.000000000    
     3  -7359.074112       0.000000000    
     4  -7326.176634       0.000000000    
     5  -6526.828309       0.000000000    
     6  -6523.206022       0.000000000    
     7  -2739.794002       0.000000000    
     8  -2283.755995       0.000000000    
     9  -1899.131077       0.000000000    
    10  -1779.871777       0.000000000    
    11  -1752.674879       0.000000000    
    12  -1647.571442       0.000000000    
    13  -421.8684073       0.000000000    


    20  0.1538461538      0.1538461538       0.000000000     : k-point, vkl
 (state, eigenvalue and occupancy below)
     1  -316000.1272       0.000000000    
     2  -292660.9940       0.000000000    
     3  -8032.419504       0.000000000    
     4  -7211.587425       0.000000000    
     5  -6732.291989       0.000000000    
     6  -6379.108701       0.000000000    
     7  -2663.285714       0.000000000    
     8  -2476.644963       0.000000000    
     9  -1905.429602       0.000000000    
    10  -1793.769623       0.000000000    
    11  -1779.397985       0.000000000    
    12  -1698.642574       0.000000000    
    13  -470.6802541       0.000000000    


    21  0.2307692308      0.1538461538       0.000000000     : k-point, vkl
 (state, eigenvalue and occupancy below)
     1  -323877.9269       0.000000000    
     2  -306378.5444       0.000000000    
     3  -8184.705336       0.000000000    
     4  -7473.998518       0.000000000    
     5  -7177.948890       0.000000000    
     6  -6429.367677       0.000000000    
     7  -2769.266212       0.000000000    
     8  -2595.463183       0.000000000    
     9  -1939.087108       0.000000000    
    10  -1836.467127       0.000000000    
    11  -1710.805566       0.000000000    
    12  -1650.334014       0.000000000    
    13  -471.3717882       0.000000000    


    22  0.3076923077      0.1538461538       0.000000000     : k-point, vkl
 (state, eigenvalue and occupancy below)
     1  -309646.7083       0.000000000    
     2  -287349.3115       0.000000000    
     3  -8063.934391       0.000000000    
     4  -7209.849441       0.000000000    
     5  -6873.022051       0.000000000    
     6  -6475.634952       0.000000000    
     7  -2613.961415       0.000000000    
     8  -2307.519149       0.000000000    
     9  -1936.265236       0.000000000    
    10  -1788.744197       0.000000000    
    11  -1650.427482       0.000000000    
    12  -1559.804555       0.000000000    
    13  -481.7685915       0.000000000    


    23  0.3846153846      0.1538461538       0.000000000     : k-point, vkl
 (state, eigenvalue and occupancy below)
     1  -291213.5839       0.000000000    
     2  -283457.5844       0.000000000    
     3  -7442.297668       0.000000000    
     4  -7157.165399       0.000000000    
     5  -7038.412505       0.000000000    
     6  -6352.983491       0.000000000    
     7  -2501.512913       0.000000000    
     8  -2175.321552       0.000000000    
     9  -1896.863903       0.000000000    
    10  -1797.362252       0.000000000    
    11  -1681.279505       0.000000000    
    12  -1598.944907       0.000000000    
    13  -475.8140837       0.000000000    


    24  0.4615384615      0.1538461538       0.000000000     : k-point, vkl
 (state, eigenvalue and occupancy below)
     1  -293385.6177       0.000000000    
     2  -284839.1597       0.000000000    
     3  -7769.771886       0.000000000    
     4  -7185.348734       0.000000000    
     5  -7011.533819       0.000000000    
     6  -6480.956797       0.000000000    
     7  -2504.333010       0.000000000    
     8  -2276.249081       0.000000000    
     9  -1871.692827       0.000000000    
    10  -1816.093807       0.000000000    
    11  -1762.604921       0.000000000    
    12  -1603.694400       0.000000000    
    13  -463.9208086       0.000000000    


    25  0.5384615385      0.1538461538       0.000000000     : k-point, vkl
 (state, eigenvalue and occupancy below)
     1  -310458.4435       0.000000000    
     2  -286967.6325       0.000000000    
     3  -7709.998473       0.000000000    
     4  -7249.623423       0.000000000    
     5  -7156.644696       0.000000000    
     6  -6466.116640       0.000000000    
     7  -2627.665973       0.000000000    
     8  -2438.648701       0.000000000    
     9  -1874.189512       0.000000000    
    10  -1828.384775       0.000000000    
    11  -1738.663314       0.000000000    
    12  -1691.559808       0.000000000    
    13  -444.1886743       0.000000000    


    26  0.6153846154      0.1538461538       0.000000000     : k-point, vkl
 (state, eigenvalue and occupancy below)
     1  -299870.8511       0.000000000    
     2  -290671.1470       0.000000000    
     3  -7637.068807       0.000000000    
     4  -7201.964618       0.000000000    
     5  -6584.359853       0.000000000    
     6  -6395.849714       0.000000000    
     7  -2613.045736       0.000000000    
     8  -2422.287517       0.000000000    
     9  -1838.354952       0.000000000    
    10  -1760.235523       0.000000000    
    11  -1715.762183       0.000000000    
    12  -1542.005442       0.000000000    
    13  -421.7807022       0.000000000    


    27  0.6923076923      0.1538461538       0.000000000     : k-point, vkl
 (state, eigenvalue and occupancy below)
     1  -298326.0905       0.000000000    
     2  -280418.1901       0.000000000    
     3  -7655.618602       0.000000000    
     4  -7184.144725       0.000000000    
     5  -6613.311667       0.000000000    
     6  -6269.463944       0.000000000    
     7  -2680.383911       0.000000000    
     8  -2307.929715       0.000000000    
     9  -1825.662812       0.000000000    
    10  -1755.451660       0.000000000    
    11  -1678.809632       0.000000000    
    12  -1573.307887       0.000000000    
    13  -434.0884318       0.000000000    


    28  0.7692307692      0.1538461538       0.000000000     : k-point, vkl
 (state, eigenvalue and occupancy below)
     1  -303815.6391       0.000000000    
     2  -293040.0046       0.000000000    
     3  -7979.702339       0.000000000    
     4  -7805.070518       0.000000000    
     5  -7014.656460       0.000000000    
     6  -6626.553474       0.000000000    
     7  -2821.310538       0.000000000    
     8  -2456.561447       0.000000000    
     9  -1935.600189       0.000000000    
    10  -1761.760744       0.000000000    
    11  -1717.609191       0.000000000    
    12  -1642.904793       0.000000000    
    13  -527.9259206       0.000000000    


    29  0.8461538462      0.1538461538       0.000000000     : k-point, vkl
 (state, eigenvalue and occupancy below)
     1  -282769.5891       0.000000000    
     2  -276701.4736       0.000000000    
     3  -8080.223419       0.000000000    
     4  -7249.048211       0.000000000    
     5  -6493.395343       0.000000000    
     6  -6113.061748       0.000000000    
     7  -2598.833850       0.000000000    
     8  -2237.355420       0.000000000    
     9  -1916.831613       0.000000000    
    10  -1784.601859       0.000000000    
    11  -1618.017262       0.000000000    
    12  -1478.683203       0.000000000    
    13  -516.1198887       0.000000000    


    30  0.2307692308      0.2307692308       0.000000000     : k-point, vkl
 (state, eigenvalue and occupancy below)
     1  -344856.0483       0.000000000    
     2  -301707.8213       0.000000000    
     3  -8410.985319       0.000000000    
     4  -7670.829136       0.000000000    
     5  -7451.472464       0.000000000    
     6  -6919.925317       0.000000000    
     7  -2877.446027       0.000000000    
     8  -2565.997809       0.000000000    
     9  -1998.973007       0.000000000    
    10  -1964.368618       0.000000000    
    11  -1815.855395       0.000000000    
    12  -1797.751855       0.000000000    
    13  -510.0971375       0.000000000    


    31  0.3076923077      0.2307692308       0.000000000     : k-point, vkl
 (state, eigenvalue and occupancy below)
     1  -298576.8895       0.000000000    
     2  -284914.9451       0.000000000    
     3  -7437.270203       0.000000000    
     4  -7058.566639       0.000000000    
     5  -6639.582025       0.000000000    
     6  -6191.929084       0.000000000    
     7  -2596.839688       0.000000000    
     8  -2288.954921       0.000000000    
     9  -1863.480895       0.000000000    
    10  -1799.233292       0.000000000    
    11  -1679.961908       0.000000000    
    12  -1539.219513       0.000000000    
    13  -424.6093817       0.000000000    


    32  0.3846153846      0.2307692308       0.000000000     : k-point, vkl
 (state, eigenvalue and occupancy below)
     1  -282974.4349       0.000000000    
     2  -276961.4507       0.000000000    
     3  -7162.605662       0.000000000    
     4  -6672.788757       0.000000000    
     5  -6594.231081       0.000000000    
     6  -6113.160264       0.000000000    
     7  -2445.610238       0.000000000    
     8  -2145.193217       0.000000000    
     9  -1810.681567       0.000000000    
    10  -1709.273852       0.000000000    
    11  -1638.532608       0.000000000    
    12  -1537.039957       0.000000000    
    13  -422.1876716       0.000000000    


    33  0.4615384615      0.2307692308       0.000000000     : k-point, vkl
 (state, eigenvalue and occupancy below)
     1  -287465.8204       0.000000000    
     2  -270788.3298       0.000000000    
     3  -7170.997443       0.000000000    
     4  -6871.916733       0.000000000    
     5  -6758.374356       0.000000000    
     6  -6499.773592       0.000000000    
     7  -2463.401646       0.000000000    
     8  -2181.996896       0.000000000    
     9  -1851.304297       0.000000000    
    10  -1762.077650       0.000000000    
    11  -1637.431961       0.000000000    
    12  -1572.895532       0.000000000    
    13  -437.5685361       0.000000000    


    34  0.5384615385      0.2307692308       0.000000000     : k-point, vkl
 (state, eigenvalue and occupancy below)
     1  -307701.3862       0.000000000    
     2  -290812.2667       0.000000000    
     3  -7670.452427       0.000000000    
     4  -7264.721548       0.000000000    
     5  -6913.688281       0.000000000    
     6  -6881.235056       0.000000000    
     7  -2649.282766       0.000000000    
     8  -2542.447442       0.000000000    
     9  -1968.766897       0.000000000    
    10  -1906.719506       0.000000000    
    11  -1754.710640       0.000000000    
    12  -1716.872655       0.000000000    
    13  -483.2777370       0.000000000    


    35  0.6153846154      0.2307692308       0.000000000     : k-point, vkl
 (state, eigenvalue and occupancy below)
     1  -308221.5469       0.000000000    
     2  -293004.3193       0.000000000    
     3  -7709.436417       0.000000000    
     4  -7471.311628       0.000000000    
     5  -6849.906898       0.000000000    
     6  -6719.528276       0.000000000    
     7  -2633.898455       0.000000000    
     8  -2512.564245       0.000000000    
     9  -1897.303502       0.000000000    
    10  -1870.509219       0.000000000    
    11  -1766.850032       0.000000000    
    12  -1695.731074       0.000000000    
    13  -461.6128468       0.000000000    


    36  0.6923076923      0.2307692308       0.000000000     : k-point, vkl
 (state, eigenvalue and occupancy below)
     1  -314637.7095       0.000000000    
     2  -286618.7338       0.000000000    
     3  -7779.642463       0.000000000    
     4  -7097.883883       0.000000000    
     5  -6800.744069       0.000000000    
     6  -6489.238160       0.000000000    
     7  -2655.626825       0.000000000    
     8  -2553.358374       0.000000000    
     9  -1892.950103       0.000000000    
    10  -1765.829815       0.000000000    
    11  -1734.890753       0.000000000    
    12  -1676.620955       0.000000000    
    13  -433.3496995       0.000000000    


    37  0.7692307692      0.2307692308       0.000000000     : k-point, vkl
 (state, eigenvalue and occupancy below)
     1  -309391.0349       0.000000000    
     2  -298240.5361       0.000000000    
     3  -7562.207259       0.000000000    
     4  -7270.624001       0.000000000    
     5  -6967.659470       0.000000000    
     6  -6729.785107       0.000000000    
     7  -2666.812930       0.000000000    
     8  -2560.193968       0.000000000    
     9  -1936.540206       0.000000000    
    10  -1816.470852       0.000000000    
    11  -1730.919365       0.000000000    
    12  -1679.793391       0.000000000    
    13  -443.0443530       0.000000000    


    38  0.3076923077      0.3076923077       0.000000000     : k-point, vkl
 (state, eigenvalue and occupancy below)
     1  -298815.7039       0.000000000    
     2  -282484.8318       0.000000000    
     3  -7282.271342       0.000000000    
     4  -7071.841763       0.000000000    
     5  -6516.404217       0.000000000    
     6  -6257.488793       0.000000000    
     7  -2769.092147       0.000000000    
     8  -2247.984169       0.000000000    
     9  -1951.059093       0.000000000    
    10  -1914.947925       0.000000000    
    11  -1617.654536       0.000000000    
    12  -1483.053362       0.000000000    
    13  -442.3531392       0.000000000    


    39  0.3846153846      0.3076923077       0.000000000     : k-point, vkl
 (state, eigenvalue and occupancy below)
     1  -279820.9128       0.000000000    
     2  -269993.0680       0.000000000    
     3  -7030.798675       0.000000000    
     4  -6663.592997       0.000000000    
     5  -6609.898220       0.000000000    
     6  -6013.176823       0.000000000    
     7  -2420.265710       0.000000000    
     8  -2091.951454       0.000000000    
     9  -1800.193773       0.000000000    
    10  -1689.882634       0.000000000    
    11  -1535.708510       0.000000000    
    12  -1478.311740       0.000000000    
    13  -401.7293558       0.000000000    


    40  0.4615384615      0.3076923077       0.000000000     : k-point, vkl
 (state, eigenvalue and occupancy below)
     1  -286933.9042       0.000000000    
     2  -275130.2560       0.000000000    
     3  -7214.473392       0.000000000    
     4  -6862.600093       0.000000000    
     5  -6600.106377       0.000000000    
     6  -6436.396506       0.000000000    
     7  -2463.475733       0.000000000    
     8  -2313.310864       0.000000000    
     9  -1942.089816       0.000000000    
    10  -1774.669557       0.000000000    
    11  -1634.100567       0.000000000    
    12  -1546.615648       0.000000000    
    13  -428.5223559       0.000000000    


    41  0.5384615385      0.3076923077       0.000000000     : k-point, vkl
 (state, eigenvalue and occupancy below)
     1  -303974.2877       0.000000000    
     2  -277484.5719       0.000000000    
     3  -7485.694809       0.000000000    
     4  -7319.391959       0.000000000    
     5  -6980.576975       0.000000000    
     6  -6649.853872       0.000000000    
     7  -2628.422459       0.000000000    
     8  -2386.700780       0.000000000    
     9  -1988.375911       0.000000000    
    10  -1789.859654       0.000000000    
    11  -1675.109330       0.000000000    
    12  -1584.645893       0.000000000    
    13  -468.6017404       0.000000000    


    42  0.6153846154      0.3076923077       0.000000000     : k-point, vkl
 (state, eigenvalue and occupancy below)
     1  -298248.9826       0.000000000    
     2  -278133.3169       0.000000000    
     3  -7450.249828       0.000000000    
     4  -7140.247960       0.000000000    
     5  -6781.190010       0.000000000    
     6  -6605.026604       0.000000000    
     7  -2670.222963       0.000000000    
     8  -2434.553628       0.000000000    
     9  -1944.067580       0.000000000    
    10  -1859.827218       0.000000000    
    11  -1743.644728       0.000000000    
    12  -1614.115665       0.000000000    
    13  -466.7706992       0.000000000    


    43  0.6923076923      0.3076923077       0.000000000     : k-point, vkl
 (state, eigenvalue and occupancy below)
     1  -302398.1247       0.000000000    
     2  -278480.0917       0.000000000    
     3  -7420.562212       0.000000000    
     4  -7142.974034       0.000000000    
     5  -6625.375611       0.000000000    
     6  -6467.752242       0.000000000    
     7  -2608.172203       0.000000000    
     8  -2538.596118       0.000000000    
     9  -1937.495724       0.000000000    
    10  -1865.598556       0.000000000    
    11  -1672.197346       0.000000000    
    12  -1658.152114       0.000000000    
    13  -462.8341643       0.000000000    


    44  0.3846153846      0.3846153846       0.000000000     : k-point, vkl
 (state, eigenvalue and occupancy below)
     1  -288133.0242       0.000000000    
     2  -256398.5292       0.000000000    
     3  -7259.304343       0.000000000    
     4  -6494.938928       0.000000000    
     5  -6429.970363       0.000000000    
     6  -5946.080289       0.000000000    
     7  -2386.649101       0.000000000    
     8  -2246.583739       0.000000000    
     9  -1673.425058       0.000000000    
    10  -1613.633405       0.000000000    
    11  -1583.961270       0.000000000    
    12  -1576.448597       0.000000000    
    13  -415.7758403       0.000000000    


    45  0.4615384615      0.3846153846       0.000000000     : k-point, vkl
 (state, eigenvalue and occupancy below)
     1  -303354.4818       0.000000000    
     2  -263010.1327       0.000000000    
     3  -7453.461047       0.000000000    
     4  -6914.337448       0.000000000    
     5  -6638.774474       0.000000000    
     6  -6409.045151       0.000000000    
     7  -2466.607951       0.000000000    
     8  -2264.254180       0.000000000    
     9  -1916.093121       0.000000000    
    10  -1688.668796       0.000000000    
    11  -1669.864070       0.000000000    
    12  -1606.296842       0.000000000    
    13  -452.2213388       0.000000000    


    46  0.5384615385      0.3846153846       0.000000000     : k-point, vkl
 (state, eigenvalue and occupancy below)
     1  -307627.3699       0.000000000    
     2  -275914.3101       0.000000000    
     3  -7506.324555       0.000000000    
     4  -7354.848750       0.000000000    
     5  -7174.612636       0.000000000    
     6  -6548.128503       0.000000000    
     7  -2662.794129       0.000000000    
     8  -2471.753319       0.000000000    
     9  -2028.592505       0.000000000    
    10  -1910.902475       0.000000000    
    11  -1837.752003       0.000000000    
    12  -1680.222588       0.000000000    
    13  -498.7791729       0.000000000    


    47  0.6153846154      0.3846153846       0.000000000     : k-point, vkl
 (state, eigenvalue and occupancy below)
     1  -294050.3053       0.000000000    
     2  -278120.0499       0.000000000    
     3  -7565.809283       0.000000000    
     4  -7391.044149       0.000000000    
     5  -7007.026137       0.000000000    
     6  -6290.228865       0.000000000    
     7  -2579.951850       0.000000000    
     8  -2448.149756       0.000000000    
     9  -1962.891242       0.000000000    
    10  -1805.321000       0.000000000    
    11  -1746.498069       0.000000000    
    12  -1526.620220       0.000000000    
    13  -532.0995413       0.000000000    


    48  0.4615384615      0.4615384615       0.000000000     : k-point, vkl
 (state, eigenvalue and occupancy below)
     1  -318192.2898       0.000000000    
     2  -281427.7158       0.000000000    
     3  -7408.295324       0.000000000    
     4  -7387.447164       0.000000000    
     5  -6977.135343       0.000000000    
     6  -6574.932954       0.000000000    
     7  -2812.537818       0.000000000    
     8  -2582.829047       0.000000000    
     9  -1976.746845       0.000000000    
    10  -1912.527155       0.000000000    
    11  -1731.816852       0.000000000    
    12  -1726.454952       0.000000000    
    13  -461.4612291       0.000000000    


    49  0.5384615385      0.4615384615       0.000000000     : k-point, vkl
 (state, eigenvalue and occupancy below)
     1  -317515.0595       0.000000000    
     2  -279045.9816       0.000000000    
     3  -7485.009433       0.000000000    
     4  -7273.611745       0.000000000    
     5  -7099.622122       0.000000000    
     6  -6497.615184       0.000000000    
     7  -2827.683135       0.000000000    
     8  -2535.061969       0.000000000    
     9  -1882.046687       0.000000000    
    10  -1811.324705       0.000000000    
    11  -1766.165491       0.000000000    
    12  -1679.446806       0.000000000    
    13  -469.7625914       0.000000000    


    50  0.2307692308      0.1538461538      0.7692307692E-01 : k-point, vkl
 (state, eigenvalue and occupancy below)
     1  -307020.4808       0.000000000    
     2  -286435.1595       0.000000000    
     3  -8071.732554       0.000000000    
     4  -7288.198458       0.000000000    
     5  -6725.721043       0.000000000    
     6  -6404.224782       0.000000000    
     7  -2651.639737       0.000000000    
     8  -2434.723998       0.000000000    
     9  -1920.305250       0.000000000    
    10  -1888.643662       0.000000000    
    11  -1700.032211       0.000000000    
    12  -1556.484371       0.000000000    
    13  -484.0606615       0.000000000    


    51  0.3076923077      0.1538461538      0.7692307692E-01 : k-point, vkl
 (state, eigenvalue and occupancy below)
     1  -309230.1641       0.000000000    
     2  -288437.2217       0.000000000    
     3  -8095.265980       0.000000000    
     4  -7575.655289       0.000000000    
     5  -6977.932454       0.000000000    
     6  -6696.496350       0.000000000    
     7  -2691.532654       0.000000000    
     8  -2287.244607       0.000000000    
     9  -1956.117244       0.000000000    
    10  -1930.719273       0.000000000    
    11  -1689.197070       0.000000000    
    12  -1607.749927       0.000000000    
    13  -515.9599097       0.000000000    


    52  0.3846153846      0.1538461538      0.7692307692E-01 : k-point, vkl
 (state, eigenvalue and occupancy below)
     1  -312739.9812       0.000000000    
     2  -304192.1322       0.000000000    
     3  -8283.233765       0.000000000    
     4  -7915.180820       0.000000000    
     5  -7267.534273       0.000000000    
     6  -6874.208382       0.000000000    
     7  -2700.491386       0.000000000    
     8  -2382.851063       0.000000000    
     9  -2043.509525       0.000000000    
    10  -1864.824800       0.000000000    
    11  -1807.616281       0.000000000    
    12  -1748.297422       0.000000000    
    13  -520.9939543       0.000000000    


    53  0.4615384615      0.1538461538      0.7692307692E-01 : k-point, vkl
 (state, eigenvalue and occupancy below)
     1  -295833.3468       0.000000000    
     2  -275077.8695       0.000000000    
     3  -7942.437315       0.000000000    
     4  -6989.655057       0.000000000    
     5  -6865.537561       0.000000000    
     6  -6384.760795       0.000000000    
     7  -2455.538092       0.000000000    
     8  -2256.694514       0.000000000    
     9  -1832.273439       0.000000000    
    10  -1780.268762       0.000000000    
    11  -1730.852764       0.000000000    
    12  -1628.725931       0.000000000    
    13  -482.9030361       0.000000000    


    54  0.5384615385      0.1538461538      0.7692307692E-01 : k-point, vkl
 (state, eigenvalue and occupancy below)
     1  -295578.9415       0.000000000    
     2  -277085.6584       0.000000000    
     3  -7650.063411       0.000000000    
     4  -7197.804328       0.000000000    
     5  -6877.848226       0.000000000    
     6  -6550.238132       0.000000000    
     7  -2521.439347       0.000000000    
     8  -2222.083552       0.000000000    
     9  -1888.973927       0.000000000    
    10  -1758.491797       0.000000000    
    11  -1691.421882       0.000000000    
    12  -1535.017500       0.000000000    
    13  -456.4189134       0.000000000    


    55  0.3076923077      0.2307692308      0.7692307692E-01 : k-point, vkl
 (state, eigenvalue and occupancy below)
     1  -329366.4827       0.000000000    
     2  -289586.6330       0.000000000    
     3  -8386.163502       0.000000000    
     4  -7539.655832       0.000000000    
     5  -7335.908852       0.000000000    
     6  -6668.714297       0.000000000    
     7  -2696.399336       0.000000000    
     8  -2317.597580       0.000000000    
     9  -2045.059361       0.000000000    
    10  -1890.150654       0.000000000    
    11  -1827.945039       0.000000000    
    12  -1624.486395       0.000000000    
    13  -489.5875451       0.000000000    


    56  0.3846153846      0.2307692308      0.7692307692E-01 : k-point, vkl
 (state, eigenvalue and occupancy below)
     1  -299268.8359       0.000000000    
     2  -288682.4929       0.000000000    
     3  -7807.893713       0.000000000    
     4  -7343.565791       0.000000000    
     5  -7245.102216       0.000000000    
     6  -6497.274064       0.000000000    
     7  -2556.798207       0.000000000    
     8  -2297.097644       0.000000000    
     9  -1963.416470       0.000000000    
    10  -1869.735047       0.000000000    
    11  -1732.586974       0.000000000    
    12  -1619.512222       0.000000000    
    13  -475.8336293       0.000000000    


    57  0.4615384615      0.2307692308      0.7692307692E-01 : k-point, vkl
 (state, eigenvalue and occupancy below)
     1  -279285.9777       0.000000000    
     2  -273846.1844       0.000000000    
     3  -7053.028765       0.000000000    
     4  -6937.281719       0.000000000    
     5  -6647.404071       0.000000000    
     6  -6134.270413       0.000000000    
     7  -2440.665210       0.000000000    
     8  -2184.868188       0.000000000    
     9  -1834.223013       0.000000000    
    10  -1703.149713       0.000000000    
    11  -1654.763708       0.000000000    
    12  -1601.318466       0.000000000    
    13  -432.5302541       0.000000000    


    58  0.5384615385      0.2307692308      0.7692307692E-01 : k-point, vkl
 (state, eigenvalue and occupancy below)
     1  -303974.9971       0.000000000    
     2  -289671.8166       0.000000000    
     3  -7713.518070       0.000000000    
     4  -7343.370918       0.000000000    
     5  -7234.186643       0.000000000    
     6  -6921.013908       0.000000000    
     7  -2572.623561       0.000000000    
     8  -2329.170922       0.000000000    
     9  -1930.334276       0.000000000    
    10  -1828.041011       0.000000000    
    11  -1759.688658       0.000000000    
    12  -1709.841797       0.000000000    
    13  -474.5066918       0.000000000    


    59  0.6153846154      0.2307692308      0.7692307692E-01 : k-point, vkl
 (state, eigenvalue and occupancy below)
     1  -292268.2969       0.000000000    
     2  -284806.8126       0.000000000    
     3  -7496.220532       0.000000000    
     4  -7149.432979       0.000000000    
     5  -6860.599375       0.000000000    
     6  -6588.362654       0.000000000    
     7  -2518.901037       0.000000000    
     8  -2262.275465       0.000000000    
     9  -1899.442057       0.000000000    
    10  -1771.244319       0.000000000    
    11  -1726.336654       0.000000000    
    12  -1665.551894       0.000000000    
    13  -454.1371360       0.000000000    


    60  0.6923076923      0.2307692308      0.7692307692E-01 : k-point, vkl
 (state, eigenvalue and occupancy below)
     1  -292538.0306       0.000000000    
     2  -279703.6297       0.000000000    
     3  -7255.272662       0.000000000    
     4  -6729.627717       0.000000000    
     5  -6492.498932       0.000000000    
     6  -6153.649727       0.000000000    
     7  -2659.099558       0.000000000    
     8  -2334.293438       0.000000000    
     9  -1797.307903       0.000000000    
    10  -1735.339115       0.000000000    
    11  -1652.647356       0.000000000    
    12  -1556.802903       0.000000000    
    13  -402.8333529       0.000000000    


    61  0.7692307692      0.2307692308      0.7692307692E-01 : k-point, vkl
 (state, eigenvalue and occupancy below)
     1  -301267.2558       0.000000000    
     2  -292660.3353       0.000000000    
     3  -7756.245564       0.000000000    
     4  -6836.312488       0.000000000    
     5  -6753.384401       0.000000000    
     6  -6419.680184       0.000000000    
     7  -2760.899188       0.000000000    
     8  -2547.211225       0.000000000    
     9  -1840.007085       0.000000000    
    10  -1790.308763       0.000000000    
    11  -1676.694703       0.000000000    
    12  -1614.489600       0.000000000    
    13  -437.8373865       0.000000000    


    62  0.8461538462      0.2307692308      0.7692307692E-01 : k-point, vkl
 (state, eigenvalue and occupancy below)
     1  -295629.1368       0.000000000    
     2  -283980.3614       0.000000000    
     3  -7402.288077       0.000000000    
     4  -7132.778643       0.000000000    
     5  -6801.190807       0.000000000    
     6  -6190.210438       0.000000000    
     7  -2705.461476       0.000000000    
     8  -2419.475542       0.000000000    
     9  -1816.712100       0.000000000    
    10  -1696.730011       0.000000000    
    11  -1621.836555       0.000000000    
    12  -1562.907805       0.000000000    
    13  -454.4266611       0.000000000    


    63  0.3846153846      0.3076923077      0.7692307692E-01 : k-point, vkl
 (state, eigenvalue and occupancy below)
     1  -280065.7080       0.000000000    
     2  -271644.8886       0.000000000    
     3  -6902.266260       0.000000000    
     4  -6638.342218       0.000000000    
     5  -6483.410019       0.000000000    
     6  -6222.579062       0.000000000    
     7  -2439.928565       0.000000000    
     8  -2188.209155       0.000000000    
     9  -1888.655862       0.000000000    
    10  -1679.289925       0.000000000    
    11  -1612.748173       0.000000000    
    12  -1486.317818       0.000000000    
    13  -394.9583237       0.000000000    


    64  0.4615384615      0.3076923077      0.7692307692E-01 : k-point, vkl
 (state, eigenvalue and occupancy below)
     1  -283491.1836       0.000000000    
     2  -272774.3009       0.000000000    
     3  -7118.360769       0.000000000    
     4  -6709.996458       0.000000000    
     5  -6570.152951       0.000000000    
     6  -6255.316124       0.000000000    
     7  -2459.493928       0.000000000    
     8  -2355.014206       0.000000000    
     9  -1836.204807       0.000000000    
    10  -1753.415518       0.000000000    
    11  -1635.457085       0.000000000    
    12  -1542.805501       0.000000000    
    13  -420.5176914       0.000000000    


    65  0.5384615385      0.3076923077      0.7692307692E-01 : k-point, vkl
 (state, eigenvalue and occupancy below)
     1  -288383.0823       0.000000000    
     2  -281551.8241       0.000000000    
     3  -7131.790767       0.000000000    
     4  -6986.461794       0.000000000    
     5  -6844.577162       0.000000000    
     6  -6655.755486       0.000000000    
     7  -2529.011067       0.000000000    
     8  -2378.767292       0.000000000    
     9  -1948.468855       0.000000000    
    10  -1822.515631       0.000000000    
    11  -1722.193377       0.000000000    
    12  -1575.513633       0.000000000    
    13  -437.1492465       0.000000000    


    66  0.6153846154      0.3076923077      0.7692307692E-01 : k-point, vkl
 (state, eigenvalue and occupancy below)
     1  -295734.4214       0.000000000    
     2  -287487.4594       0.000000000    
     3  -7611.889504       0.000000000    
     4  -7274.400818       0.000000000    
     5  -7204.850330       0.000000000    
     6  -6834.071410       0.000000000    
     7  -2604.133987       0.000000000    
     8  -2358.205635       0.000000000    
     9  -1930.860129       0.000000000    
    10  -1829.862630       0.000000000    
    11  -1758.613462       0.000000000    
    12  -1671.915017       0.000000000    
    13  -462.9850158       0.000000000    


    67  0.6923076923      0.3076923077      0.7692307692E-01 : k-point, vkl
 (state, eigenvalue and occupancy below)
     1  -314440.6899       0.000000000    
     2  -286286.4047       0.000000000    
     3  -7950.624479       0.000000000    
     4  -7491.218782       0.000000000    
     5  -7075.485806       0.000000000    
     6  -6372.002699       0.000000000    
     7  -2708.981168       0.000000000    
     8  -2485.028967       0.000000000    
     9  -1954.154729       0.000000000    
    10  -1900.611760       0.000000000    
    11  -1805.664272       0.000000000    
    12  -1724.944281       0.000000000    
    13  -482.3291068       0.000000000    


    68  0.7692307692      0.3076923077      0.7692307692E-01 : k-point, vkl
 (state, eigenvalue and occupancy below)
     1  -309329.4744       0.000000000    
     2  -283261.7961       0.000000000    
     3  -7442.289637       0.000000000    
     4  -7366.074622       0.000000000    
     5  -6746.901639       0.000000000    
     6  -6489.625672       0.000000000    
     7  -2659.433584       0.000000000    
     8  -2537.457382       0.000000000    
     9  -1970.336031       0.000000000    
    10  -1873.574948       0.000000000    
    11  -1758.403999       0.000000000    
    12  -1736.771571       0.000000000    
    13  -446.2317991       0.000000000    


    69  0.4615384615      0.3846153846      0.7692307692E-01 : k-point, vkl
 (state, eigenvalue and occupancy below)
     1  -296040.8412       0.000000000    
     2  -261608.1517       0.000000000    
     3  -6974.778228       0.000000000    
     4  -6711.470219       0.000000000    
     5  -6295.493772       0.000000000    
     6  -6206.674541       0.000000000    
     7  -2544.348352       0.000000000    
     8  -2396.311226       0.000000000    
     9  -1800.405044       0.000000000    
    10  -1682.424573       0.000000000    
    11  -1626.407610       0.000000000    
    12  -1538.534966       0.000000000    
    13  -394.8907649       0.000000000    


    70  0.5384615385      0.3846153846      0.7692307692E-01 : k-point, vkl
 (state, eigenvalue and occupancy below)
     1  -307447.6281       0.000000000    
     2  -288294.4434       0.000000000    
     3  -7655.502779       0.000000000    
     4  -7315.945758       0.000000000    
     5  -6958.722988       0.000000000    
     6  -6836.123095       0.000000000    
     7  -2773.797964       0.000000000    
     8  -2514.849088       0.000000000    
     9  -2093.311290       0.000000000    
    10  -1911.283344       0.000000000    
    11  -1826.730769       0.000000000    
    12  -1646.019531       0.000000000    
    13  -486.4130851       0.000000000    


    71  0.6153846154      0.3846153846      0.7692307692E-01 : k-point, vkl
 (state, eigenvalue and occupancy below)
     1  -299748.3672       0.000000000    
     2  -277924.9621       0.000000000    
     3  -7363.580336       0.000000000    
     4  -6947.799993       0.000000000    
     5  -6755.876367       0.000000000    
     6  -6626.048190       0.000000000    
     7  -2706.505133       0.000000000    
     8  -2564.842881       0.000000000    
     9  -1987.622668       0.000000000    
    10  -1750.076425       0.000000000    
    11  -1719.047698       0.000000000    
    12  -1644.347176       0.000000000    
    13  -447.4784571       0.000000000    


    72  0.6923076923      0.3846153846      0.7692307692E-01 : k-point, vkl
 (state, eigenvalue and occupancy below)
     1  -302363.8319       0.000000000    
     2  -272396.3098       0.000000000    
     3  -7500.599094       0.000000000    
     4  -7135.864967       0.000000000    
     5  -6667.015390       0.000000000    
     6  -6260.476596       0.000000000    
     7  -2727.755053       0.000000000    
     8  -2452.357442       0.000000000    
     9  -1990.321753       0.000000000    
    10  -1804.373074       0.000000000    
    11  -1679.499266       0.000000000    
    12  -1520.027409       0.000000000    
    13  -485.4341357       0.000000000    


    73  0.5384615385      0.4615384615      0.7692307692E-01 : k-point, vkl
 (state, eigenvalue and occupancy below)
     1  -300266.9641       0.000000000    
     2  -264725.6096       0.000000000    
     3  -7228.585942       0.000000000    
     4  -6869.645253       0.000000000    
     5  -6683.210625       0.000000000    
     6  -6443.931410       0.000000000    
     7  -2675.274174       0.000000000    
     8  -2448.892106       0.000000000    
     9  -1861.486357       0.000000000    
    10  -1762.065436       0.000000000    
    11  -1713.734025       0.000000000    
    12  -1635.916475       0.000000000    
    13  -453.4348838       0.000000000    


    74  0.6153846154      0.4615384615      0.7692307692E-01 : k-point, vkl
 (state, eigenvalue and occupancy below)
     1  -307039.6224       0.000000000    
     2  -274824.7194       0.000000000    
     3  -7526.117037       0.000000000    
     4  -7130.406881       0.000000000    
     5  -6872.727211       0.000000000    
     6  -6544.269526       0.000000000    
     7  -2828.538126       0.000000000    
     8  -2595.108035       0.000000000    
     9  -2002.047760       0.000000000    
    10  -1926.948579       0.000000000    
    11  -1852.525345       0.000000000    
    12  -1678.411191       0.000000000    
    13  -482.0315023       0.000000000    


    75  0.4615384615      0.3076923077      0.1538461538     : k-point, vkl
 (state, eigenvalue and occupancy below)
     1  -287184.7754       0.000000000    
     2  -276761.7455       0.000000000    
     3  -7315.890129       0.000000000    
     4  -7098.561823       0.000000000    
     5  -7015.931450       0.000000000    
     6  -6374.931386       0.000000000    
     7  -2432.119018       0.000000000    
     8  -2369.861748       0.000000000    
     9  -1864.483372       0.000000000    
    10  -1766.910173       0.000000000    
    11  -1711.910568       0.000000000    
    12  -1625.231491       0.000000000    
    13  -444.6732594       0.000000000    


    76  0.5384615385      0.3076923077      0.1538461538     : k-point, vkl
 (state, eigenvalue and occupancy below)
     1  -282825.7197       0.000000000    
     2  -268856.8148       0.000000000    
     3  -7381.901617       0.000000000    
     4  -6772.417374       0.000000000    
     5  -6589.675161       0.000000000    
     6  -6488.564101       0.000000000    
     7  -2328.511684       0.000000000    
     8  -2277.745718       0.000000000    
     9  -1817.800301       0.000000000    
    10  -1797.308859       0.000000000    
    11  -1672.915284       0.000000000    
    12  -1618.725467       0.000000000    
    13  -444.7516781       0.000000000    


    77  0.6153846154      0.3076923077      0.1538461538     : k-point, vkl
 (state, eigenvalue and occupancy below)
     1  -282596.2494       0.000000000    
     2  -275210.7786       0.000000000    
     3  -7217.348700       0.000000000    
     4  -6826.342870       0.000000000    
     5  -6626.843933       0.000000000    
     6  -6479.129192       0.000000000    
     7  -2428.760674       0.000000000    
     8  -2391.998386       0.000000000    
     9  -1842.738530       0.000000000    
    10  -1749.980892       0.000000000    
    11  -1689.434179       0.000000000    
    12  -1616.774503       0.000000000    
    13  -436.2295342       0.000000000    


    78  0.5384615385      0.3846153846      0.1538461538     : k-point, vkl
 (state, eigenvalue and occupancy below)
     1  -309026.8717       0.000000000    
     2  -279577.9914       0.000000000    
     3  -7393.106481       0.000000000    
     4  -7203.423077       0.000000000    
     5  -6995.319533       0.000000000    
     6  -6821.762607       0.000000000    
     7  -2867.544991       0.000000000    
     8  -2446.961936       0.000000000    
     9  -1890.602083       0.000000000    
    10  -1851.315759       0.000000000    
    11  -1778.334861       0.000000000    
    12  -1642.227239       0.000000000    
    13  -451.9979743       0.000000000    


    79  0.6153846154      0.3846153846      0.1538461538     : k-point, vkl
 (state, eigenvalue and occupancy below)
     1  -299530.6190       0.000000000    
     2  -283259.7349       0.000000000    
     3  -7569.030477       0.000000000    
     4  -7000.590881       0.000000000    
     5  -6869.757654       0.000000000    
     6  -6597.840328       0.000000000    
     7  -2692.490876       0.000000000    
     8  -2545.474702       0.000000000    
     9  -1897.021593       0.000000000    
    10  -1809.040283       0.000000000    
    11  -1723.305259       0.000000000    
    12  -1647.962814       0.000000000    
    13  -461.8961069       0.000000000    


    80  0.6923076923      0.3846153846      0.1538461538     : k-point, vkl
 (state, eigenvalue and occupancy below)
     1  -315119.5559       0.000000000    
     2  -284582.5777       0.000000000    
     3  -7782.334970       0.000000000    
     4  -7228.450552       0.000000000    
     5  -7068.955159       0.000000000    
     6  -6633.674219       0.000000000    
     7  -2856.192656       0.000000000    
     8  -2639.742026       0.000000000    
     9  -2012.082239       0.000000000    
    10  -1854.204923       0.000000000    
    11  -1802.825555       0.000000000    
    12  -1697.312622       0.000000000    
    13  -487.6240440       0.000000000    


    81  0.7692307692      0.3846153846      0.1538461538     : k-point, vkl
 (state, eigenvalue and occupancy below)
     1  -304513.3296       0.000000000    
     2  -260428.8321       0.000000000    
     3  -7582.434162       0.000000000    
     4  -7331.246470       0.000000000    
     5  -6480.842700       0.000000000    
     6  -6352.842257       0.000000000    
     7  -2469.700785       0.000000000    
     8  -2429.305012       0.000000000    
     9  -1994.572280       0.000000000    
    10  -1773.734423       0.000000000    
    11  -1694.107605       0.000000000    
    12  -1604.129205       0.000000000    
    13  -461.5499980       0.000000000    


    82  0.6153846154      0.4615384615      0.1538461538     : k-point, vkl
 (state, eigenvalue and occupancy below)
     1  -310650.5957       0.000000000    
     2  -271735.6119       0.000000000    
     3  -7264.852360       0.000000000    
     4  -7029.353713       0.000000000    
     5  -6863.716389       0.000000000    
     6  -6698.476421       0.000000000    
     7  -3009.796620       0.000000000    
     8  -2549.052465       0.000000000    
     9  -1994.680945       0.000000000    
    10  -1813.826405       0.000000000    
    11  -1768.508520       0.000000000    
    12  -1623.350552       0.000000000    
    13  -469.3153543       0.000000000    


    83  0.6923076923      0.4615384615      0.1538461538     : k-point, vkl
 (state, eigenvalue and occupancy below)
     1  -295487.4396       0.000000000    
     2  -263536.7206       0.000000000    
     3  -7283.723256       0.000000000    
     4  -6807.033143       0.000000000    
     5  -6559.100416       0.000000000    
     6  -6260.281410       0.000000000    
     7  -2637.453119       0.000000000    
     8  -2541.255355       0.000000000    
     9  -1906.722086       0.000000000    
    10  -1778.593053       0.000000000    
    11  -1703.032631       0.000000000    
    12  -1543.648938       0.000000000    
    13  -425.3321845       0.000000000    


    84  0.6923076923      0.4615384615      0.2307692308     : k-point, vkl
 (state, eigenvalue and occupancy below)
     1  -304364.1644       0.000000000    
     2  -262681.4389       0.000000000    
     3  -7637.062715       0.000000000    
     4  -6886.769007       0.000000000    
     5  -6832.152497       0.000000000    
     6  -6612.195713       0.000000000    
     7  -2633.123962       0.000000000    
     8  -2447.908548       0.000000000    
     9  -1901.793487       0.000000000    
    10  -1794.992761       0.000000000    
    11  -1720.606286       0.000000000    
    12  -1636.916875       0.000000000    
    13  -467.1530664       0.000000000    

