    29 : nkpt
    13 : nstsv

     1   0.000000000       0.000000000       0.000000000     : k-point, vkl
 (state, eigenvalue and occupancy below)
     1 -0.4722480139       2.000000000    
     2  0.2980559109       1.999999983    
     3  0.2980624884       1.999999983    
     4  0.2980636217       1.999999983    
     5  0.5174984955       0.000000000    
     6  0.5174992949       0.000000000    
     7  0.5175245366       0.000000000    
     8  0.7923574481       0.000000000    
     9   1.043437562       0.000000000    
    10   1.341460240       0.000000000    
    11   1.341463622       0.000000000    
    12   1.367079577       0.000000000    
    13   1.367083696       0.000000000    


     2  0.1250000000       0.000000000       0.000000000     : k-point, vkl
 (state, eigenvalue and occupancy below)
     1 -0.4566303011       2.000000000    
     2  0.2145678035       2.000000000    
     3  0.2757678014       2.000000000    
     4  0.2757723611       2.000000000    
     5  0.5476101873       0.000000000    
     6  0.5476304311       0.000000000    
     7  0.5623956027       0.000000000    
     8  0.8063373033       0.000000000    
     9   1.065266100       0.000000000    
    10   1.220045251       0.000000000    
    11   1.220054837       0.000000000    
    12   1.315716877       0.000000000    
    13   1.556814112       0.000000000    


     3  0.2500000000       0.000000000       0.000000000     : k-point, vkl
 (state, eigenvalue and occupancy below)
     1 -0.4103238569       2.000000000    
     2  0.6637951632E-01   2.000000000    
     3  0.2371225806       2.000000000    
     4  0.2371253394       2.000000000    
     5  0.5968581776       0.000000000    
     6  0.5968794514       0.000000000    
     7  0.6091763175       0.000000000    
     8  0.8440980106       0.000000000    
     9   1.091785853       0.000000000    
    10   1.176487908       0.000000000    
    11   1.176492827       0.000000000    
    12   1.273130036       0.000000000    
    13   1.812822926       0.000000000    


     4  0.3750000000       0.000000000       0.000000000     : k-point, vkl
 (state, eigenvalue and occupancy below)
     1 -0.3361818053       2.000000000    
     2 -0.7940671402E-01   2.000000000    
     3  0.2089776288       2.000000000    
     4  0.2089797482       2.000000000    
     5  0.6218414384       0.000000000    
     6  0.6218647364       0.000000000    
     7  0.6298456515       0.000000000    
     8  0.8825293249       0.000000000    
     9   1.104496204       0.000000000    
    10   1.229646988       0.000000000    
    11   1.229650000       0.000000000    
    12   1.245428798       0.000000000    
    13   1.751399751       0.000000000    


     5  0.5000000000       0.000000000       0.000000000     : k-point, vkl
 (state, eigenvalue and occupancy below)
     1 -0.2669385847       2.000000000    
     2 -0.1738132276       2.000000000    
     3  0.1990864219       2.000000000    
     4  0.1990883879       2.000000000    
     5  0.6262767743       0.000000000    
     6  0.6263008747       0.000000000    
     7  0.6354290867       0.000000000    
     8  0.8961621582       0.000000000    
     9   1.126828380       0.000000000    
    10   1.211419135       0.000000000    
    11   1.293599640       0.000000000    
    12   1.293611367       0.000000000    
    13   1.636790766       0.000000000    


     6  0.1250000000      0.1250000000       0.000000000     : k-point, vkl
 (state, eigenvalue and occupancy below)
     1 -0.4514311951       2.000000000    
     2  0.2391285964       2.000000000    
     3  0.2391317062       2.000000000    
     4  0.2505248795       2.000000000    
     5  0.5047127229       0.000000000    
     6  0.5947712299       0.000000000    
     7  0.5947833507       0.000000000    
     8  0.7959629986       0.000000000    
     9   1.075100556       0.000000000    
    10   1.108811289       0.000000000    
    11   1.370005970       0.000000000    
    12   1.416914387       0.000000000    
    13   1.416927299       0.000000000    


     7  0.2500000000      0.1250000000       0.000000000     : k-point, vkl
 (state, eigenvalue and occupancy below)
     1 -0.4153570764       2.000000000    
     2  0.1193043778       2.000000000    
     3  0.1983963579       2.000000000    
     4  0.2265312608       2.000000000    
     5  0.5289628368       0.000000000    
     6  0.6503483730       0.000000000    
     7  0.6533826782       0.000000000    
     8  0.7885574463       0.000000000    
     9   1.075582215       0.000000000    
    10   1.106025957       0.000000000    
    11   1.308114242       0.000000000    
    12   1.380881956       0.000000000    
    13   1.628201317       0.000000000    


     8  0.3750000000      0.1250000000       0.000000000     : k-point, vkl
 (state, eigenvalue and occupancy below)
     1 -0.3501760968       2.000000000    
     2 -0.2415039631E-01   2.000000000    
     3  0.1748453447       2.000000000    
     4  0.1854732727       2.000000000    
     5  0.5737374215       0.000000000    
     6  0.6780700468       0.000000000    
     7  0.6805971790       0.000000000    
     8  0.8137404619       0.000000000    
     9   1.105316872       0.000000000    
    10   1.128037671       0.000000000    
    11   1.315061841       0.000000000    
    12   1.339636773       0.000000000    
    13   1.745470168       0.000000000    


     9  0.5000000000      0.1250000000       0.000000000     : k-point, vkl
 (state, eigenvalue and occupancy below)
     1 -0.2678603580       2.000000000    
     2 -0.1457369164       2.000000000    
     3  0.1519604966       2.000000000    
     4  0.1742073496       2.000000000    
     5  0.5985661243       0.000000000    
     6  0.6734601229       0.000000000    
     7  0.6866727980       0.000000000    
     8  0.8722590431       0.000000000    
     9   1.080308556       0.000000000    
    10   1.199320139       0.000000000    
    11   1.308880421       0.000000000    
    12   1.331802867       0.000000000    
    13   1.659547944       0.000000000    


    10  0.6250000000      0.1250000000       0.000000000     : k-point, vkl
 (state, eigenvalue and occupancy below)
     1 -0.2945985960       2.000000000    
     2 -0.1106536792       2.000000000    
     3  0.1371954619       2.000000000    
     4  0.1956027005       2.000000000    
     5  0.6184654436       0.000000000    
     6  0.6496901196       0.000000000    
     7  0.6839471761       0.000000000    
     8  0.8769322660       0.000000000    
     9   1.079393636       0.000000000    
    10   1.191505382       0.000000000    
    11   1.222881136       0.000000000    
    12   1.385354250       0.000000000    
    13   1.722477542       0.000000000    


    11  0.7500000000      0.1250000000       0.000000000     : k-point, vkl
 (state, eigenvalue and occupancy below)
     1 -0.3749534946       2.000000000    
     2  0.2401807954E-01   2.000000000    
     3  0.1456970179       2.000000000    
     4  0.2331964442       2.000000000    
     5  0.6096880569       0.000000000    
     6  0.6295048329       0.000000000    
     7  0.6626361437       0.000000000    
     8  0.8313071918       0.000000000    
     9   1.099854916       0.000000000    
    10   1.106649101       0.000000000    
    11   1.205783354       0.000000000    
    12   1.422151872       0.000000000    
    13   1.729401700       0.000000000    


    12  0.8750000000      0.1250000000       0.000000000     : k-point, vkl
 (state, eigenvalue and occupancy below)
     1 -0.4307783706       2.000000000    
     2  0.1577397106       2.000000000    
     3  0.1864570211       2.000000000    
     4  0.2711648994       2.000000000    
     5  0.5594258007       0.000000000    
     6  0.6051356667       0.000000000    
     7  0.6090674039       0.000000000    
     8  0.8136420333       0.000000000    
     9   1.090641293       0.000000000    
    10   1.118385121       0.000000000    
    11   1.194503234       0.000000000    
    12   1.465961517       0.000000000    
    13   1.488237985       0.000000000    


    13  0.2500000000      0.2500000000       0.000000000     : k-point, vkl
 (state, eigenvalue and occupancy below)
     1 -0.3897453218       2.000000000    
     2  0.1359334253       2.000000000    
     3  0.1543882066       2.000000000    
     4  0.1543911610       2.000000000    
     5  0.4819966135       0.000000000    
     6  0.7030888666       0.000000000    
     7  0.7303593179       0.000000000    
     8  0.7303683502       0.000000000    
     9   1.059602702       0.000000000    
    10   1.140108100       0.000000000    
    11   1.455579857       0.000000000    
    12   1.551925028       0.000000000    
    13   1.551934366       0.000000000    


    14  0.3750000000      0.2500000000       0.000000000     : k-point, vkl
 (state, eigenvalue and occupancy below)
     1 -0.3346589271       2.000000000    
     2  0.3027538798E-01   2.000000000    
     3  0.1150744620       2.000000000    
     4  0.1281513105       2.000000000    
     5  0.5097027776       0.000000000    
     6  0.6701296865       0.000000000    
     7  0.7785165928       0.000000000    
     8  0.7791669666       0.000000000    
     9   1.100564178       0.000000000    
    10   1.147843835       0.000000000    
    11   1.441794104       0.000000000    
    12   1.522998789       0.000000000    
    13   1.709285790       0.000000000    


    15  0.5000000000      0.2500000000       0.000000000     : k-point, vkl
 (state, eigenvalue and occupancy below)
     1 -0.2559778331       2.000000000    
     2 -0.8507904662E-01   2.000000000    
     3  0.6154435521E-01   2.000000000    
     4  0.1269123870       2.000000000    
     5  0.5463349398       0.000000000    
     6  0.7381307128       0.000000000    
     7  0.7779403578       0.000000000    
     8  0.7968387327       0.000000000    
     9   1.065719389       0.000000000    
    10   1.181649726       0.000000000    
    11   1.360761762       0.000000000    
    12   1.489978177       0.000000000    
    13   1.714194346       0.000000000    


    16  0.6250000000      0.2500000000       0.000000000     : k-point, vkl
 (state, eigenvalue and occupancy below)
     1 -0.2319684128       2.000000000    
     2 -0.1124502942       2.000000000    
     3  0.2623288552E-01   2.000000000    
     4  0.1504643220       2.000000000    
     5  0.5744040020       0.000000000    
     6  0.7408999575       0.000000000    
     7  0.7923505504       0.000000000    
     8  0.8524586390       0.000000000    
     9  0.9782587480       0.000000000    
    10   1.211548432       0.000000000    
    11   1.226452150       0.000000000    
    12   1.519352059       0.000000000    
    13   1.823884294       0.000000000    


    17  0.7500000000      0.2500000000       0.000000000     : k-point, vkl
 (state, eigenvalue and occupancy below)
     1 -0.3114194381       2.000000000    
     2 -0.1199463394E-01   2.000000000    
     3  0.3294638042E-01   2.000000000    
     4  0.1922709279       2.000000000    
     5  0.6099807981       0.000000000    
     6  0.6767863658       0.000000000    
     7  0.7617232272       0.000000000    
     8  0.8205632105       0.000000000    
     9   1.048258562       0.000000000    
    10   1.114342927       0.000000000    
    11   1.228127657       0.000000000    
    12   1.571846337       0.000000000    
    13   1.692530234       0.000000000    


    18  0.3750000000      0.3750000000       0.000000000     : k-point, vkl
 (state, eigenvalue and occupancy below)
     1 -0.2900006059       2.000000000    
     2 -0.9445791805E-02   2.000000000    
     3  0.9655837675E-01   2.000000000    
     4  0.9656190407E-01   2.000000000    
     5  0.4748622545       0.000000000    
     6  0.5770474049       0.000000000    
     7  0.8571344287       0.000000000    
     8  0.8571411078       0.000000000    
     9   1.116565041       0.000000000    
    10   1.179798831       0.000000000    
    11   1.598665244       0.000000000    
    12   1.604063007       0.000000000    
    13   1.604073745       0.000000000    


    19  0.5000000000      0.3750000000       0.000000000     : k-point, vkl
 (state, eigenvalue and occupancy below)
     1 -0.2197758348       2.000000000    
     2 -0.8442614036E-01   2.000000000    
     3  0.4180711101E-01   2.000000000    
     4  0.8990497748E-01   2.000000000    
     5  0.5078356016       0.000000000    
     6  0.5822223354       0.000000000    
     7  0.8766067623       0.000000000    
     8  0.8858110426       0.000000000    
     9   1.116807782       0.000000000    
    10   1.173662383       0.000000000    
    11   1.460328650       0.000000000    
    12   1.585099046       0.000000000    
    13   1.753228828       0.000000000    


    20  0.6250000000      0.3750000000       0.000000000     : k-point, vkl
 (state, eigenvalue and occupancy below)
     1 -0.1690436258       2.000000000    
     2 -0.1215004810       2.000000000    
     3 -0.2557622123E-01   2.000000000    
     4  0.1095941892       2.000000000    
     5  0.5341805576       0.000000000    
     6  0.7120638362       0.000000000    
     7  0.8317210331       0.000000000    
     8  0.8765007584       0.000000000    
     9   1.007882246       0.000000000    
    10   1.208333919       0.000000000    
    11   1.305462453       0.000000000    
    12   1.603824754       0.000000000    
    13   1.827680733       0.000000000    


    21  0.5000000000      0.5000000000       0.000000000     : k-point, vkl
 (state, eigenvalue and occupancy below)
     1 -0.1587779807       2.000000000    
     2 -0.1587634203       2.000000000    
     3  0.7649239170E-01   2.000000000    
     4  0.7649612405E-01   2.000000000    
     5  0.5017861852       0.000000000    
     6  0.5018022445       0.000000000    
     7  0.9163047354       0.000000000    
     8  0.9163099350       0.000000000    
     9   1.166581499       0.000000000    
    10   1.166582720       0.000000000    
    11   1.548184677       0.000000000    
    12   1.548200273       0.000000000    
    13   1.799836026       0.000000000    


    22  0.3750000000      0.2500000000      0.1250000000     : k-point, vkl
 (state, eigenvalue and occupancy below)
     1 -0.3697447034       2.000000000    
     2  0.6648345694E-01   2.000000000    
     3  0.1069213433       2.000000000    
     4  0.1969062183       2.000000000    
     5  0.5561689247       0.000000000    
     6  0.6790406045       0.000000000    
     7  0.7310042326       0.000000000    
     8  0.7527954105       0.000000000    
     9   1.086116023       0.000000000    
    10   1.118368315       0.000000000    
    11   1.291480401       0.000000000    
    12   1.571321115       0.000000000    
    13   1.590535051       0.000000000    


    23  0.5000000000      0.2500000000      0.1250000000     : k-point, vkl
 (state, eigenvalue and occupancy below)
     1 -0.2971649357       2.000000000    
     2 -0.5111400613E-01   2.000000000    
     3  0.7753283114E-01   2.000000000    
     4  0.1555821871       2.000000000    
     5  0.6095566861       0.000000000    
     6  0.6688105966       0.000000000    
     7  0.7646448084       0.000000000    
     8  0.8015363306       0.000000000    
     9   1.067602143       0.000000000    
    10   1.143872513       0.000000000    
    11   1.299331467       0.000000000    
    12   1.492829799       0.000000000    
    13   1.749024009       0.000000000    


    24  0.6250000000      0.2500000000      0.1250000000     : k-point, vkl
 (state, eigenvalue and occupancy below)
     1 -0.2304316930       2.000000000    
     2 -0.1387302851       2.000000000    
     3  0.7555868305E-01   2.000000000    
     4  0.1346573740       2.000000000    
     5  0.6261308849       0.000000000    
     6  0.6602036131       0.000000000    
     7  0.7834541340       0.000000000    
     8  0.8552102505       0.000000000    
     9   1.005136942       0.000000000    
    10   1.194066425       0.000000000    
    11   1.309936147       0.000000000    
    12   1.426672929       0.000000000    
    13   1.769225587       0.000000000    


    25  0.5000000000      0.3750000000      0.1250000000     : k-point, vkl
 (state, eigenvalue and occupancy below)
     1 -0.2719303644       2.000000000    
     2 -0.2531148110E-01   2.000000000    
     3  0.5377889900E-01   2.000000000    
     4  0.9133318503E-01   2.000000000    
     5  0.5513873935       0.000000000    
     6  0.6424863769       0.000000000    
     7  0.7839764439       0.000000000    
     8  0.8568688626       0.000000000    
     9   1.119086571       0.000000000    
    10   1.131338862       0.000000000    
    11   1.430405912       0.000000000    
    12   1.563057864       0.000000000    
    13   1.765086198       0.000000000    


    26  0.6250000000      0.3750000000      0.1250000000     : k-point, vkl
 (state, eigenvalue and occupancy below)
     1 -0.1946154236       2.000000000    
     2 -0.1009147630       2.000000000    
     3  0.4204297220E-02   2.000000000    
     4  0.7692163812E-01   2.000000000    
     5  0.5984281265       0.000000000    
     6  0.7200894298       0.000000000    
     7  0.7677361285       0.000000000    
     8  0.8519545575       0.000000000    
     9   1.034471731       0.000000000    
    10   1.164110042       0.000000000    
    11   1.377946615       0.000000000    
    12   1.528499718       0.000000000    
    13   1.859651601       0.000000000    


    27  0.7500000000      0.3750000000      0.1250000000     : k-point, vkl
 (state, eigenvalue and occupancy below)
     1 -0.2226211952       2.000000000    
     2 -0.7431315213E-01   2.000000000    
     3 -0.1102933431E-01   2.000000000    
     4  0.1073096393       2.000000000    
     5  0.6285836669       0.000000000    
     6  0.7079502093       0.000000000    
     7  0.7909524041       0.000000000    
     8  0.8371212675       0.000000000    
     9  0.9919905653       0.000000000    
    10   1.162458599       0.000000000    
    11   1.312846621       0.000000000    
    12   1.557640483       0.000000000    
    13   1.816205628       0.000000000    


    28  0.6250000000      0.5000000000      0.1250000000     : k-point, vkl
 (state, eigenvalue and occupancy below)
     1 -0.1474032977       2.000000000    
     2 -0.1473884738       2.000000000    
     3  0.4272265059E-01   2.000000000    
     4  0.4272803832E-01   2.000000000    
     5  0.5757198709       0.000000000    
     6  0.5757356682       0.000000000    
     7  0.8744599982       0.000000000    
     8  0.8744709923       0.000000000    
     9   1.129026319       0.000000000    
    10   1.129028343       0.000000000    
    11   1.493228516       0.000000000    
    12   1.493231904       0.000000000    
    13   1.922120505       0.000000000    


    29  0.7500000000      0.5000000000      0.2500000000     : k-point, vkl
 (state, eigenvalue and occupancy below)
     1 -0.1326513520       2.000000000    
     2 -0.1326357583       2.000000000    
     3  0.9209207264E-02   2.000000000    
     4  0.9212764785E-02   2.000000000    
     5  0.7119136019       0.000000000    
     6  0.7119282144       0.000000000    
     7  0.7594904170       0.000000000    
     8  0.7595073888       0.000000000    
     9   1.098701187       0.000000000    
    10   1.098705445       0.000000000    
    11   1.465933864       0.000000000    
    12   1.465937852       0.000000000    
    13   1.980143471       0.000000000    

