Executable      : siesta
Version         : 5.4.0 (Spack) Tag: 5.4.0
Architecture    : x86_64
Compiler version: GNU-11.5.0
Compiler flags  : -fallow-argument-mismatch -O3 -march=native
Parallelisations: MPI
NetCDF support
NetCDF-4 support
NetCDF-4 MPI-IO support
ELSI support. Solvers:
   ELPA (internal) 
   NTPoly
   OMM
   PEXSI
DFT-D3 support

Runtime information:
* Directory : /home/joseph/siesta/diamond/relax
* Running on 20 nodes in parallel.
>> Start of run:  30-AUG-2026  20:35:08

                           *********************** 
                           *  WELCOME TO SIESTA  * 
                           *********************** 

 NOTE: Siesta V5 introduces some new defaults for basis-set generation
 NOTE: which might lead to slightly different numerical results.
 NOTE: Please see the manual for full details and compatibility measures.


reinit: Reading from file diamond_relax.fdf

reinit: -----------------------------------------------------------------------
reinit: System Name: Diamond primitive cell
reinit: -----------------------------------------------------------------------
reinit: System Label: diamond
reinit: -----------------------------------------------------------------------

initatom: Reading input for the pseudopotentials and atomic orbitals ----------
Species number:   1 Atomic number:    6 Label: C

Ground state valence configuration (from tables):   2s02  2p02  3d00  4f00

---- Processing specs for species: C
Reading pseudopotential information in PSML from:
  C.psml
PSML file version: 1.1
Using libxc ids:  101 130
GGA--PBE XC_GGA_X_PBE--XC_GGA_C_PBE pb
PSML uuid: 297821e0-be41-11e7-6802-e1ff7dfff095

---- Pseudopotential check for C 

Pseudized shells:
2s( 2.00) rc: 1.20
2p( 2.00) rc: 1.26
Valence configuration for ps generation: 2s:2p: Total charge:   4.000000
For C, standard SIESTA heuristics set lmxkb to 3
 (one more than the basis l, including polarization orbitals).
Use PS.lmax or PS.KBprojectors blocks to override.
C pseudopotential only contains V_ls up to l=1 -- lmxkb reset.

<basis_specs>
===============================================================================
C                    Z=   6    Mass=  12.011        Charge= 0.17977+309
Lmxo=2 Lmxkb= 1    BasisType=split      Semic=F
L=0  Nsemic=0  Cnfigmx=2
          i=1  nzeta=2  polorb=0  (2s)
            splnorm:   0.15000    
               vcte:    40.000    
               rinn:  -0.90000    
               qcoe:    0.0000    
               qyuk:    0.0000    
               qwid:   0.10000E-01
                rcs:    0.0000      0.0000    
            lambdas:    1.0000      1.0000    
L=1  Nsemic=0  Cnfigmx=2
          i=1  nzeta=2  polorb=1  (2p)  (to be polarized perturbatively)
            splnorm:   0.15000    
               vcte:    40.000    
               rinn:  -0.90000    
               qcoe:    0.0000    
               qyuk:    0.0000    
               qwid:   0.10000E-01
                rcs:    0.0000      0.0000    
            lambdas:    1.0000      1.0000    
L=2  Nsemic=0  Cnfigmx=3
          i=1  nzeta=0  polorb=0  (3d)  (perturbative polarization orbital) (from 2p)
-------------------------------------------------------------------------------
L=0  Nkbl=1  erefs: 0.17977+309
L=1  Nkbl=1  erefs: 0.17977+309
===============================================================================
</basis_specs>

Using PAO.SplitTailNorm
atom: Called for C                     (Z =   6)
NOTE: C pseudopotential has channels up to l= 1
NOTE: PAOs with higher l will be generated with V_local
Maximum radius (at nrval) set to   50.00000 8518

read_vps: Pseudopotential generation method:
read_vps: ONCVPSP-3.Hamann's oncvpsp                        
Valence charge in pseudo generation:    4.00000

read_vps: Pseudopotential includes a core correction:
read_vps: Pseudo-core for xc-correction

xc_check: Exchange-correlation functional:
xc_check: GGA Perdew, Burke & Ernzerhof 1996
Got Vlocal (oncv-fit) from psml data
Choosing vlocal chloc cutoff:  4.122282
qtot up to nchloc:    4.00001153
atom: Maximum radius for chlocal:    4.12228
atom: Maximum radius for r*vlocal+2*Zval:    4.12228
Reading KB projs from C psml data
Using scalar-relativistic projectors in PSML file

PSML: Kleinman-Bylander projectors: 
   l= 0   rc=  1.219773   Ekb= 12.963096
   l= 0   rc=  1.219773   Ekb=  0.771007
   l= 1   rc=  1.278952   Ekb= -8.399923
   l= 1   rc=  1.278952   Ekb= -1.755033

PSML: Total number of  Kleinman-Bylander projectors:   8
atom: -------------------------------------------------------------------------

atom: SANKEY-TYPE ORBITALS:
atom: Selected multiple-zeta basis: split     

SPLIT: Orbitals with angular momentum L= 0

SPLIT: Basis orbitals for state 2s

SPLIT: PAO cut-off radius determined from an
SPLIT: energy shift=  0.000735 Ry
Split based on tail norm

   izeta = 1
                 lambda =    1.000000
                     rc =    5.865727
                 energy =   -1.009782
                kinetic =    0.907850
    potential(screened) =   -1.917632
       potential(ionic) =   -5.443189

   izeta = 2
                 rmatch =    3.302919
              splitnorm =    0.150000
                 energy =   -0.812047
                kinetic =    1.580868
    potential(screened) =   -2.392915
       potential(ionic) =   -6.200698

SPLIT: Orbitals with angular momentum L= 1

SPLIT: Basis orbitals for state 2p

SPLIT: PAO cut-off radius determined from an
SPLIT: energy shift=  0.000735 Ry
Split based on tail norm

   izeta = 1
                 lambda =    1.000000
                     rc =    7.564822
                 energy =   -0.387582
                kinetic =    2.372253
    potential(screened) =   -2.759835
       potential(ionic) =   -6.120604

   izeta = 2
                 rmatch =    4.252389
              splitnorm =    0.150000
                 energy =   -0.314961
                kinetic =    3.225377
    potential(screened) =   -3.540338
       potential(ionic) =   -7.207912
*Note: V_local used for l= 2

** Using vlocal for PAOs with L= 2

POLgen: Perturbative polarization orbital with L=  2

POLgen: Polarization orbital for state 2p
*Note: V_local used for lpol= 2

** Using vlocal for PAOs with L= 2
Split based on tail norm

   izeta = 1
                     rc =    7.564822
                 energy =    0.923681
                kinetic =    1.875515
    potential(screened) =   -0.951834
       potential(ionic) =   -3.587740
atom: Total number of Sankey-type orbitals: 13

atm_pop: Valence configuration (for local Pseudopot. screening):
 2s( 2.00)                                                            
 2p( 2.00)                                                            
 3d( 0.00)                                                            
Vna: chval, zval:    4.00000   4.00000

Vna:  Cut-off radius for the neutral-atom potential:   7.564822
comcore: Pseudo-core radius Rcore=  1.671741

atom: _________________________________________________________________________

prinput: Basis input 

PAO.BasisType split     

%block ChemicalSpeciesLabel
    1    6 C                       # Species index, atomic number, species label
%endblock ChemicalSpeciesLabel

%block PAO.Basis                 # Define Basis set
# WARNING: This information might be incomplete!
C                     2                    # Species label, number of l-shells
 n=2   0   2                         # n, l, Nzeta 
   5.866      3.303   
   1.000      1.000   
 n=2   1   2 P   1                   # n, l, Nzeta, Polarization, NzetaPol
   7.565      4.252   
   1.000      1.000   
%endblock PAO.Basis

prinput: ----------------------------------------------------------------------

Dumping basis to NetCDF file C.ion.nc
coor:   Atomic-coordinates input format  =     Fractional

siesta: Atomic coordinates (Bohr) and species
siesta:      0.00000   0.00000   0.00000  1        1
siesta:      1.68516   1.68516   1.68516  1        2

siesta: System type = bulk      

initatomlists: Number of atoms, orbitals, and projectors:      2    26    16

siesta: ******************** Simulation parameters ****************************
siesta:
siesta: The following are some of the parameters of the simulation.
siesta: A complete list of the parameters used, including default values,
siesta: can be found in file out.fdf
siesta:
redata: Spin configuration                          = none
redata: Number of spin components                   = 1
redata: Time-Reversal Symmetry                      = T
redata: Spin spiral                                 = F
redata: Long output                                 =   F
redata: Number of Atomic Species                    =        1
redata: Charge density info will appear in .RHO file
redata: Write Mulliken charges (when)               = none
redata: Write Mulliken Pop.                         = NO
redata: Write Hirshfeld charges (when)              = none
redata: Write Voronoi charges (when)                = none
redata: Write spin charge (when)                    = none
redata: Matel table size (NRTAB)                    =     1024
redata: Mesh Cutoff                                 =   600.0000 Ry
redata: Net charge of the system                    =     0.0000 |e|
redata: Min. number of SCF Iter                     =        0
redata: Max. number of SCF Iter                     =      100
redata: SCF convergence failure will abort job
redata: SCF mix quantity                            = Hamiltonian
redata: Mix DM or H after convergence               =   F
redata: Recompute H after scf cycle                 =   F
redata: Mix DM in first SCF step                    =   T
redata: Write Pulay info on disk                    =   F
redata: New DM Occupancy tolerance                  = 0.000000000001
redata: No kicks to SCF
redata: DM Mixing Weight for Kicks                  =     0.5000
redata: Require Harris convergence for SCF          =   F
redata: Harris energy tolerance for SCF             =     0.000100 eV
redata: Require DM convergence for SCF              =   T
redata: DM tolerance for SCF                        =     0.000000
redata: Require EDM convergence for SCF             =   F
redata: EDM tolerance for SCF                       =     0.001000 eV
redata: Require H convergence for SCF               =   T
redata: Hamiltonian tolerance for SCF               =     0.001000 eV
redata: Require (free) Energy convergence for SCF   =   F
redata: (free) Energy tolerance for SCF             =     0.000100 eV
redata: Using DFT-D3 dispersion                     =   F
redata: Using Saved Data (generic)                  =   F
redata: Use continuation files for DM               =   T
redata: Neglect nonoverlap interactions             =   F
redata: Method of Calculation                       = Diagonalization
redata: Electronic Temperature                      =   300.0000 K
redata: Fix the spin of the system                  =   F
redata: Max. number of TDED Iter                    =        1
redata: Number of TDED substeps                     =        3
redata: Dynamics option                             = CG coord. optimization
redata: Variable cell                               =   T
redata: Use continuation files for CG               =   F
redata: Max atomic displ per move                   =     0.1058 Ang
redata: Maximum number of optimization moves        =      200
redata: Force tolerance                             =     0.0100 eV/Ang
redata: Stress tolerance                            =     0.1000 GPa
mix.SCF: Pulay mixing                            = Pulay
mix.SCF:    Variant                              = stable
mix.SCF:    History steps                        = 5
mix.SCF:    Linear mixing weight                 =     0.250000
mix.SCF:    Mixing weight                        =     0.250000
mix.SCF:    SVD condition                        = 0.1000E-07
FFT: Using FFTW.
redata: Save all siesta data in one NC              =   F
redata: ***********************************************************************

%block SCF.Mixers
  Pulay
%endblock SCF.Mixers

%block SCF.Mixer.Pulay
  # Mixing method
  method pulay
  variant stable

  # Mixing options
  weight 0.2500
  weight.linear 0.2500
  history 5
%endblock SCF.Mixer.Pulay

DM_history_depth set to one: no extrapolation allowed by default for geometry relaxation
Size of DM history Fstack: 1
Total number of electrons:     8.000000
Total ionic charge:     8.000000

* ProcessorY, Blocksize:    4   1


* Orbital distribution balance (max,min):     2     1

k-point displ. along   1 input, could be:     0.00    0.50
k-point displ. along   2 input, could be:     0.00    0.50
k-point displ. along   3 input, could be:     0.00    0.50
 Kpoints in:          320 . Kpoints trimmed:          296

siesta: k-grid: Number of k-points = 296
siesta: k-points from Monkhorst-Pack grid
siesta: k-cutoff (effective) =    10.089 Ang
siesta: k-point supercell and displacements
siesta: k-grid:     8     0     0      0.000
siesta: k-grid:     0     8     0      0.000
siesta: k-grid:     0     0     8      0.000

diag: Algorithm                                     = D&C
diag: Parallel over k                               =   F
diag: Use parallel 2D distribution                  =   T
diag: Parallel block-size                           = 1
diag: Parallel distribution                         =     4 x     5
diag: Used triangular part                          = Lower
diag: Absolute tolerance                            =  0.100E-15
diag: Orthogonalization factor                      =  0.100E-05
diag: Memory factor                                 =  1.0000

superc: Internal auxiliary supercell:     9 x     9 x     9  =     729
superc: Number of atoms, orbitals, and projectors:   1458  18954  11664


ts: **************************************************************
ts: Save H and S matrices                           =    F
ts: Save TSHS files in MD/FC simulation             =    F
ts: Save DM and EDM matrices                        =    F
ts: Only save the overlap matrix S                  =    F
ts: **************************************************************

************************ Begin: TS CHECKS AND WARNINGS ************************
************************ End: TS CHECKS AND WARNINGS **************************


                     ====================================
                        Begin CG opt. move =      0
                     ====================================

superc: Internal auxiliary supercell:     9 x     9 x     9  =     729
superc: Number of atoms, orbitals, and projectors:   1458  18954  11664

outcell: Unit cell vectors (Ang):
        0.000000    1.783500    1.783500
        1.783500    0.000000    1.783500
        1.783500    1.783500    0.000000

outcell: Cell vector modules (Ang)   :    2.522250    2.522250    2.522250
outcell: Cell angles (23,13,12) (deg):     60.0000     60.0000     60.0000
outcell: Cell volume (Ang**3)        :     11.3462
<dSpData1D:S at geom step 0
  <sparsity:sparsity for geom step 0
    nrows_g=26 nrows=2 sparsity=8.8580 nnzs=5988, refcount: 7>
  <dData1D:(new from dSpData1D) n=5988, refcount: 1>
refcount: 1>
new_DM -- step:     1
Initializing Density Matrix...

Attempting to read DM from file... Failed...
DM filled with atomic data:
<dSpData2D:DM initialized from atoms
  <sparsity:sparsity for geom step 0
    nrows_g=26 nrows=2 sparsity=8.8580 nnzs=5988, refcount: 8>
  <dData2D:DM n=5988 m=1, refcount: 1>
refcount: 1>
No. of atoms with KB's overlaping orbs in proc 0. Max # of overlaps:      38     787

InitMesh: MESH = 32 x 32 x 32 = 32768
InitMesh: Mesh cutoff (required, used) =   600.000   667.294 Ry
New grid distribution [1]: sub = 2
New grid distribution [2]: sub = 2
New grid distribution [3]: sub = 2
Setting up quadratic distribution...

stepf: Fermi-Dirac step function

siesta: Program's energy decomposition (eV):
siesta: Ebs     =      -130.575164
siesta: Eions   =       564.323418
siesta: Ena     =       150.910571
siesta: Ekin    =       231.552897
siesta: Enl     =       -13.148632
siesta: Eso     =         0.000000
siesta: Edftu   =         0.000000
siesta: DEna    =       -14.657034
siesta: DUscf   =         1.196451
siesta: DUext   =         0.000000
siesta: Ex      =      -107.916201
siesta: Ec      =       -10.745081
siesta: Exc     =      -118.661283
siesta: EbV     =         0.000000
siesta: eta*DQ  =         0.000000
siesta: Emadel  =         0.000000
siesta: Emeta   =         0.000000
siesta: Emolmec =         0.000000
siesta: Ekinion =         0.000000
siesta: Eharris =      -317.272750
siesta: Etot    =      -327.130447
siesta: FreeEng =      -327.130447

        iscf     Eharris(eV)        E_KS(eV)     FreeEng(eV)     dDmax    Ef(eV) dHmax(eV)
   scf:    1     -317.272750     -327.130447     -327.130447  1.915017 -7.263236  1.368015
timer: Routine,Calls,Time,% = IterSCF        1       2.842  47.35
   scf:    2     -327.220965     -327.176328     -327.176328  0.271566 -7.008106  0.960776
   scf:    3     -327.260097     -327.221816     -327.221816  0.540386 -6.419370  0.007204
   scf:    4     -327.221830     -327.221823     -327.221823  0.004883 -6.423941  0.005060
   scf:    5     -327.221830     -327.221826     -327.221826  0.001943 -6.424338  0.000150
   scf:    6     -327.221826     -327.221826     -327.221826  0.000086 -6.424309  0.000001
   scf:    7     -327.221826     -327.221826     -327.221826  0.000001 -6.424309  0.000000
   scf:    8     -327.221826     -327.221826     -327.221826  0.000001 -6.424309  0.000000
   scf:    9     -327.221826     -327.221826     -327.221826  0.000000 -6.424309  0.000000

SCF Convergence by DM+H criterion
max |DM_out - DM_in|         :     0.0000000050
max |H_out - H_in|      (eV) :     0.0000000059
SCF cycle converged after 9 iterations

Using DM_out to compute the final energy and forces
No. of atoms with KB's overlaping orbs in proc 0. Max # of overlaps:      38     787

siesta: E_KS(eV) =             -327.2218

siesta: E_KS - E_eggbox =      -327.2218

siesta: Atomic forces (eV/Ang):
----------------------------------------
   Tot   -0.000000    0.000000   -0.000000
----------------------------------------
   Max    0.000052
   Res    0.000052    sqrt( Sum f_i^2 / 3N )
----------------------------------------
   Max    0.000052    constrained

Stress tensor Voigt[x,y,z,yz,xz,xy] (kbar):      -96.30      -96.30      -96.30       -0.00       -0.00       -0.00
(Free)E + p*V (eV/cell)     -326.5399
Target enthalpy (eV/cell)     -327.2218

siesta: Stress tensor (static) (eV/Ang**3):
        -0.060105   -0.000001   -0.000001
        -0.000001   -0.060105   -0.000001
        -0.000001   -0.000001   -0.060105

siesta: Pressure (static):         96.29855405  kBar

siesta: Stress tensor (total) (eV/Ang**3):
        -0.060105   -0.000001   -0.000001
        -0.000001   -0.060105   -0.000001
        -0.000001   -0.000001   -0.060105

siesta: Pressure (total):         96.29855405  kBar

cgvc: No target stress found, assuming hydrostatic MD.TargetPressure.

cgvc: Target stress (kBar)
cgvc:        -0.000       0.000       0.000
cgvc:         0.000      -0.000       0.000
cgvc:         0.000       0.000      -0.000

                     ====================================
                        Begin CG opt. move =      1
                     ====================================
k-point displ. along   1 input, could be:     0.00    0.50
k-point displ. along   2 input, could be:     0.00    0.50
k-point displ. along   3 input, could be:     0.00    0.50
 Kpoints in:          320 . Kpoints trimmed:          296

siesta: k-grid: Number of k-points = 296
siesta: k-points from Monkhorst-Pack grid
siesta: k-cutoff (effective) =    10.212 Ang
siesta: k-point supercell and displacements
siesta: k-grid:     8     0     0      0.000
siesta: k-grid:     0     8     0      0.000
siesta: k-grid:     0     0     8      0.000

superc: Internal auxiliary supercell:     9 x     9 x     9  =     729
superc: Number of atoms, orbitals, and projectors:   1458  18954  11664

outcell: Unit cell vectors (Ang):
        0.000001    1.805296    1.805296
        1.805296    0.000001    1.805296
        1.805296    1.805296    0.000001

outcell: Cell vector modules (Ang)   :    2.553075    2.553075    2.553075
outcell: Cell angles (23,13,12) (deg):     60.0000     60.0000     60.0000
outcell: Cell volume (Ang**3)        :     11.7673
<dSpData1D:S at geom step 1
  <sparsity:sparsity for geom step 1
    nrows_g=26 nrows=2 sparsity=8.1361 nnzs=5500, refcount: 7>
  <dData1D:(new from dSpData1D) n=5500, refcount: 1>
refcount: 1>
new_DM -- step:     2
Re-using DM from previous geometries...
Number of DMs in history: 1
 DM extrapolation coefficients: 
1   1.00000
New DM after history re-use:
<dSpData2D:SpM extrapolated using coords
  <sparsity:sparsity for geom step 1
    nrows_g=26 nrows=2 sparsity=8.1361 nnzs=5500, refcount: 9>
  <dData2D:(temp array for extrapolation) n=5500 m=1, refcount: 1>
refcount: 1>
Note: For starting DM, Qtot, Tr[D*S] =          8.00000000          7.98195298
No. of atoms with KB's overlaping orbs in proc 0. Max # of overlaps:      38     659

InitMesh: MESH = 32 x 32 x 32 = 32768
InitMesh: Mesh cutoff (required, used) =   600.000   651.277 Ry
New grid distribution [1]: sub = 2
New grid distribution [2]: sub = 2
New grid distribution [3]: sub = 2
Setting up quadratic distribution...

        iscf     Eharris(eV)        E_KS(eV)     FreeEng(eV)     dDmax    Ef(eV) dHmax(eV)
   scf:    1     -327.838829     -327.225837     -327.225837  0.169565 -5.864554  0.046105
   scf:    2     -327.225997     -327.225928     -327.225928  0.026833 -5.900525  0.008683
   scf:    3     -327.225935     -327.225932     -327.225932  0.004272 -5.894854  0.000151
   scf:    4     -327.225932     -327.225932     -327.225932  0.000054 -5.894907  0.000005
   scf:    5     -327.225932     -327.225932     -327.225932  0.000001 -5.894907  0.000002
   scf:    6     -327.225932     -327.225932     -327.225932  0.000001 -5.894907  0.000000
   scf:    7     -327.225932     -327.225932     -327.225932  0.000000 -5.894907  0.000000
   scf:    8     -327.225932     -327.225932     -327.225932  0.000000 -5.894907  0.000000

SCF Convergence by DM+H criterion
max |DM_out - DM_in|         :     0.0000000008
max |H_out - H_in|      (eV) :     0.0000000013
SCF cycle converged after 8 iterations

Using DM_out to compute the final energy and forces
No. of atoms with KB's overlaping orbs in proc 0. Max # of overlaps:      38     659

siesta: E_KS(eV) =             -327.2259

siesta: Atomic forces (eV/Ang):
----------------------------------------
   Tot   -0.000000    0.000000   -0.000000
----------------------------------------
   Max    0.003418
   Res    0.003418    sqrt( Sum f_i^2 / 3N )
----------------------------------------
   Max    0.003418    constrained

Stress tensor Voigt[x,y,z,yz,xz,xy] (kbar):       60.56       60.56       60.56        0.05        0.05        0.05
(Free)E + p*V (eV/cell)     -327.6708
Target enthalpy (eV/cell)     -327.2259

siesta: Stress tensor (static) (eV/Ang**3):
         0.037802    0.000030    0.000030
         0.000030    0.037802    0.000030
         0.000030    0.000030    0.037802

siesta: Pressure (static):        -60.56494565  kBar

siesta: Stress tensor (total) (eV/Ang**3):
         0.037802    0.000030    0.000030
         0.000030    0.037802    0.000030
         0.000030    0.000030    0.037802

siesta: Pressure (total):        -60.56494565  kBar

                     ====================================
                        Begin CG opt. move =      2
                     ====================================
k-point displ. along   1 input, could be:     0.00    0.50
k-point displ. along   2 input, could be:     0.00    0.50
k-point displ. along   3 input, could be:     0.00    0.50
 Kpoints in:          320 . Kpoints trimmed:          296

siesta: k-grid: Number of k-points = 296
siesta: k-points from Monkhorst-Pack grid
siesta: k-cutoff (effective) =    10.164 Ang
siesta: k-point supercell and displacements
siesta: k-grid:     8     0     0      0.000
siesta: k-grid:     0     8     0      0.000
siesta: k-grid:     0     0     8      0.000

superc: Internal auxiliary supercell:     9 x     9 x     9  =     729
superc: Number of atoms, orbitals, and projectors:   1458  18954  11664

outcell: Unit cell vectors (Ang):
        0.000001    1.796691    1.796691
        1.796691    0.000001    1.796691
        1.796691    1.796691    0.000001

outcell: Cell vector modules (Ang)   :    2.540905    2.540905    2.540905
outcell: Cell angles (23,13,12) (deg):     60.0000     60.0000     60.0000
outcell: Cell volume (Ang**3)        :     11.5998
<dSpData1D:S at geom step 2
  <sparsity:sparsity for geom step 2
    nrows_g=26 nrows=2 sparsity=8.8462 nnzs=5980, refcount: 7>
  <dData1D:(new from dSpData1D) n=5980, refcount: 1>
refcount: 1>
new_DM -- step:     3
Re-using DM from previous geometries...
Number of DMs in history: 1
 DM extrapolation coefficients: 
1   1.00000
New DM after history re-use:
<dSpData2D:SpM extrapolated using coords
  <sparsity:sparsity for geom step 2
    nrows_g=26 nrows=2 sparsity=8.8462 nnzs=5980, refcount: 9>
  <dData2D:(temp array for extrapolation) n=5980 m=1, refcount: 1>
refcount: 1>
No. of atoms with KB's overlaping orbs in proc 0. Max # of overlaps:      38     787

InitMesh: MESH = 32 x 32 x 32 = 32768
InitMesh: Mesh cutoff (required, used) =   600.000   657.531 Ry
New grid distribution [1]: sub = 2
New grid distribution [2]: sub = 2
New grid distribution [3]: sub = 2
Setting up quadratic distribution...

        iscf     Eharris(eV)        E_KS(eV)     FreeEng(eV)     dDmax    Ef(eV) dHmax(eV)
   scf:    1     -326.997556     -327.229189     -327.229189  0.064030 -6.079810  0.017953
   scf:    2     -327.229214     -327.229203     -327.229203  0.010953 -6.065839  0.003394
   scf:    3     -327.229205     -327.229204     -327.229204  0.001734 -6.068052  0.000050
   scf:    4     -327.229204     -327.229204     -327.229204  0.000021 -6.068033  0.000002
   scf:    5     -327.229204     -327.229204     -327.229204  0.000000 -6.068033  0.000000
   scf:    6     -327.229204     -327.229204     -327.229204  0.000000 -6.068033  0.000000
   scf:    7     -327.229204     -327.229204     -327.229204  0.000000 -6.068033  0.000000
   scf:    8     -327.229204     -327.229204     -327.229204  0.000000 -6.068033  0.000000

SCF Convergence by DM+H criterion
max |DM_out - DM_in|         :     0.0000000003
max |H_out - H_in|      (eV) :     0.0000000007
SCF cycle converged after 8 iterations

Using DM_out to compute the final energy and forces
No. of atoms with KB's overlaping orbs in proc 0. Max # of overlaps:      38     787

siesta: E_KS(eV) =             -327.2292

siesta: Atomic forces (eV/Ang):
----------------------------------------
   Tot    0.000000    0.000000    0.000000
----------------------------------------
   Max    0.002103
   Res    0.002103    sqrt( Sum f_i^2 / 3N )
----------------------------------------
   Max    0.002103    constrained

Stress tensor Voigt[x,y,z,yz,xz,xy] (kbar):        1.05        1.05        1.05        0.04        0.04        0.04
(Free)E + p*V (eV/cell)     -327.2368
Target enthalpy (eV/cell)     -327.2292

siesta: Stress tensor (static) (eV/Ang**3):
         0.000656    0.000022    0.000022
         0.000022    0.000656    0.000022
         0.000022    0.000022    0.000656

siesta: Pressure (static):         -1.05126872  kBar

siesta: Stress tensor (total) (eV/Ang**3):
         0.000656    0.000022    0.000022
         0.000022    0.000656    0.000022
         0.000022    0.000022    0.000656

siesta: Pressure (total):         -1.05126872  kBar

cgvc: Finished line minimization    1.  Mean atomic displacement =    0.0856

                     ====================================
                        Begin CG opt. move =      3
                     ====================================
k-point displ. along   1 input, could be:     0.00    0.50
k-point displ. along   2 input, could be:     0.00    0.50
k-point displ. along   3 input, could be:     0.00    0.50
 Kpoints in:          320 . Kpoints trimmed:          296

siesta: k-grid: Number of k-points = 296
siesta: k-points from Monkhorst-Pack grid
siesta: k-cutoff (effective) =    10.165 Ang
siesta: k-point supercell and displacements
siesta: k-grid:     8     0     0      0.000
siesta: k-grid:     0     8     0      0.000
siesta: k-grid:     0     0     8      0.000

superc: Internal auxiliary supercell:     9 x     9 x     9  =     729
superc: Number of atoms, orbitals, and projectors:   1458  18954  11664

outcell: Unit cell vectors (Ang):
       -0.000323    1.797002    1.797002
        1.797002   -0.000323    1.797002
        1.797002    1.797002   -0.000323

outcell: Cell vector modules (Ang)   :    2.541345    2.541345    2.541345
outcell: Cell angles (23,13,12) (deg):     60.0119     60.0119     60.0119
outcell: Cell volume (Ang**3)        :     11.6089
<dSpData1D:S at geom step 3
  <sparsity:sparsity for geom step 3
    nrows_g=26 nrows=2 sparsity=8.7352 nnzs=5905, refcount: 7>
  <dData1D:(new from dSpData1D) n=5905, refcount: 1>
refcount: 1>
new_DM -- step:     4
Re-using DM from previous geometries...
Number of DMs in history: 1
 DM extrapolation coefficients: 
1   1.00000
New DM after history re-use:
<dSpData2D:SpM extrapolated using coords
  <sparsity:sparsity for geom step 3
    nrows_g=26 nrows=2 sparsity=8.7352 nnzs=5905, refcount: 9>
  <dData2D:(temp array for extrapolation) n=5905 m=1, refcount: 1>
refcount: 1>
Note: For starting DM, Qtot, Tr[D*S] =          8.00000000          7.96752570
No. of atoms with KB's overlaping orbs in proc 0. Max # of overlaps:      38     749

InitMesh: MESH = 32 x 32 x 32 = 32768
InitMesh: Mesh cutoff (required, used) =   600.000   657.107 Ry
New grid distribution [1]: sub = 2
New grid distribution [2]: sub = 2
New grid distribution [3]: sub = 2
Setting up quadratic distribution...

        iscf     Eharris(eV)        E_KS(eV)     FreeEng(eV)     dDmax    Ef(eV) dHmax(eV)
   scf:    1     -326.726263     -326.858252     -326.858252  0.191334 -5.396185  0.128348
   scf:    2     -326.863705     -326.862014     -326.862014  0.027806 -5.430987  0.045711
   scf:    3     -326.862960     -326.862557     -326.862557  0.007145 -5.421954  0.001815
   scf:    4     -326.862558     -326.862558     -326.862558  0.000549 -5.423099  0.000058
   scf:    5     -326.862558     -326.862558     -326.862558  0.000032 -5.423116  0.000045
   scf:    6     -326.862558     -326.862558     -326.862558  0.000051 -5.423081  0.000013
   scf:    7     -326.862558     -326.862558     -326.862558  0.000008 -5.423089  0.000000
   scf:    8     -326.862558     -326.862558     -326.862558  0.000000 -5.423089  0.000000
   scf:    9     -326.862558     -326.862558     -326.862558  0.000000 -5.423089  0.000000
   scf:   10     -326.862558     -326.862558     -326.862558  0.000000 -5.423089  0.000000

SCF Convergence by DM+H criterion
max |DM_out - DM_in|         :     0.0000000003
max |H_out - H_in|      (eV) :     0.0000000011
SCF cycle converged after 10 iterations

Using DM_out to compute the final energy and forces
No. of atoms with KB's overlaping orbs in proc 0. Max # of overlaps:      38     749

siesta: E_KS(eV) =             -326.8626

siesta: Atomic forces (eV/Ang):
----------------------------------------
   Tot   -0.000000    0.000000    0.000000
----------------------------------------
   Max    3.519089
   Res    3.519088    sqrt( Sum f_i^2 / 3N )
----------------------------------------
   Max    3.519089    constrained

Stress tensor Voigt[x,y,z,yz,xz,xy] (kbar):      -68.11      -68.11      -68.11      -95.24      -95.24      -95.24
(Free)E + p*V (eV/cell)     -326.3691
Target enthalpy (eV/cell)     -326.8626

siesta: Stress tensor (static) (eV/Ang**3):
        -0.042510   -0.059446   -0.059446
        -0.059446   -0.042510   -0.059446
        -0.059446   -0.059446   -0.042510

siesta: Pressure (static):         68.10916774  kBar

siesta: Stress tensor (total) (eV/Ang**3):
        -0.042510   -0.059446   -0.059446
        -0.059446   -0.042510   -0.059446
        -0.059446   -0.059446   -0.042510

siesta: Pressure (total):         68.10916774  kBar

                     ====================================
                        Begin CG opt. move =      4
                     ====================================
k-point displ. along   1 input, could be:     0.00    0.50
k-point displ. along   2 input, could be:     0.00    0.50
k-point displ. along   3 input, could be:     0.00    0.50
 Kpoints in:          320 . Kpoints trimmed:          296

siesta: k-grid: Number of k-points = 296
siesta: k-points from Monkhorst-Pack grid
siesta: k-cutoff (effective) =    10.164 Ang
siesta: k-point supercell and displacements
siesta: k-grid:     8     0     0      0.000
siesta: k-grid:     0     8     0      0.000
siesta: k-grid:     0     0     8      0.000

superc: Internal auxiliary supercell:     9 x     9 x     9  =     729
superc: Number of atoms, orbitals, and projectors:   1458  18954  11664

outcell: Unit cell vectors (Ang):
        0.000000    1.796692    1.796692
        1.796692    0.000000    1.796692
        1.796692    1.796692    0.000000

outcell: Cell vector modules (Ang)   :    2.540906    2.540906    2.540906
outcell: Cell angles (23,13,12) (deg):     60.0000     60.0000     60.0000
outcell: Cell volume (Ang**3)        :     11.5998
<dSpData1D:S at geom step 4
  <sparsity:sparsity for geom step 4
    nrows_g=26 nrows=2 sparsity=8.8462 nnzs=5980, refcount: 7>
  <dData1D:(new from dSpData1D) n=5980, refcount: 1>
refcount: 1>
new_DM -- step:     5
Re-using DM from previous geometries...
Number of DMs in history: 1
 DM extrapolation coefficients: 
1   1.00000
New DM after history re-use:
<dSpData2D:SpM extrapolated using coords
  <sparsity:sparsity for geom step 4
    nrows_g=26 nrows=2 sparsity=8.8462 nnzs=5980, refcount: 9>
  <dData2D:(temp array for extrapolation) n=5980 m=1, refcount: 1>
refcount: 1>
No. of atoms with KB's overlaping orbs in proc 0. Max # of overlaps:      38     787

InitMesh: MESH = 32 x 32 x 32 = 32768
InitMesh: Mesh cutoff (required, used) =   600.000   657.531 Ry
New grid distribution [1]: sub = 2
New grid distribution [2]: sub = 2
New grid distribution [3]: sub = 2
Setting up quadratic distribution...

        iscf     Eharris(eV)        E_KS(eV)     FreeEng(eV)     dDmax    Ef(eV) dHmax(eV)
   scf:    1     -327.400053     -327.225210     -327.225210  0.197940 -6.075983  0.119420
   scf:    2     -327.230597     -327.228773     -327.228773  0.017020 -6.068373  0.039252
   scf:    3     -327.229529     -327.229203     -327.229203  0.004073 -6.069913  0.000846
   scf:    4     -327.229205     -327.229204     -327.229204  0.000415 -6.069493  0.000048
   scf:    5     -327.229204     -327.229204     -327.229204  0.000001 -6.069492  0.000049
   scf:    6     -327.229204     -327.229204     -327.229204  0.000053 -6.069535  0.000007
   scf:    7     -327.229204     -327.229204     -327.229204  0.000004 -6.069531  0.000000
   scf:    8     -327.229204     -327.229204     -327.229204  0.000000 -6.069531  0.000000
   scf:    9     -327.229204     -327.229204     -327.229204  0.000000 -6.069531  0.000000
   scf:   10     -327.229204     -327.229204     -327.229204  0.000000 -6.069531  0.000000

SCF Convergence by DM+H criterion
max |DM_out - DM_in|         :     0.0000000010
max |H_out - H_in|      (eV) :     0.0000000010
SCF cycle converged after 10 iterations

Using DM_out to compute the final energy and forces
No. of atoms with KB's overlaping orbs in proc 0. Max # of overlaps:      38     787

siesta: E_KS(eV) =             -327.2292

siesta: Atomic forces (eV/Ang):
----------------------------------------
   Tot   -0.000000   -0.000000   -0.000000
----------------------------------------
   Max    0.000438
   Res    0.000438    sqrt( Sum f_i^2 / 3N )
----------------------------------------
   Max    0.000438    constrained

Stress tensor Voigt[x,y,z,yz,xz,xy] (kbar):        1.05        1.05        1.05        0.01        0.01        0.01
(Free)E + p*V (eV/cell)     -327.2368
Target enthalpy (eV/cell)     -327.2292

siesta: Stress tensor (static) (eV/Ang**3):
         0.000657    0.000004    0.000004
         0.000004    0.000657    0.000004
         0.000004    0.000004    0.000657

siesta: Pressure (static):         -1.05321131  kBar

siesta: Stress tensor (total) (eV/Ang**3):
         0.000657    0.000004    0.000004
         0.000004    0.000657    0.000004
         0.000004    0.000004    0.000657

siesta: Pressure (total):         -1.05321131  kBar

cgvc: Finished line minimization    2.  Mean atomic displacement =    0.0001

                     ====================================
                        Begin CG opt. move =      5
                     ====================================
k-point displ. along   1 input, could be:     0.00    0.50
k-point displ. along   2 input, could be:     0.00    0.50
k-point displ. along   3 input, could be:     0.00    0.50
 Kpoints in:          320 . Kpoints trimmed:          296

siesta: k-grid: Number of k-points = 296
siesta: k-points from Monkhorst-Pack grid
siesta: k-cutoff (effective) =    10.164 Ang
siesta: k-point supercell and displacements
siesta: k-grid:     8     0     0      0.000
siesta: k-grid:     0     8     0      0.000
siesta: k-grid:     0     0     8      0.000

superc: Internal auxiliary supercell:     9 x     9 x     9  =     729
superc: Number of atoms, orbitals, and projectors:   1458  18954  11664

outcell: Unit cell vectors (Ang):
        0.000000    1.796684    1.796684
        1.796684    0.000000    1.796684
        1.796684    1.796684    0.000000

outcell: Cell vector modules (Ang)   :    2.540895    2.540895    2.540895
outcell: Cell angles (23,13,12) (deg):     60.0000     60.0000     60.0000
outcell: Cell volume (Ang**3)        :     11.5997
<dSpData1D:S at geom step 5
  <sparsity:sparsity for geom step 5
    nrows_g=26 nrows=2 sparsity=8.8462 nnzs=5980, refcount: 7>
  <dData1D:(new from dSpData1D) n=5980, refcount: 1>
refcount: 1>
new_DM -- step:     6
Re-using DM from previous geometries...
Number of DMs in history: 1
 DM extrapolation coefficients: 
1   1.00000
New DM after history re-use:
<dSpData2D:SpM extrapolated using coords
  <sparsity:sparsity for geom step 5
    nrows_g=26 nrows=2 sparsity=8.8462 nnzs=5980, refcount: 9>
  <dData2D:(temp array for extrapolation) n=5980 m=1, refcount: 1>
refcount: 1>
No. of atoms with KB's overlaping orbs in proc 0. Max # of overlaps:      38     787

InitMesh: MESH = 32 x 32 x 32 = 32768
InitMesh: Mesh cutoff (required, used) =   600.000   657.536 Ry
New grid distribution [1]: sub = 2
New grid distribution [2]: sub = 2
New grid distribution [3]: sub = 2
Setting up quadratic distribution...

        iscf     Eharris(eV)        E_KS(eV)     FreeEng(eV)     dDmax    Ef(eV) dHmax(eV)
   scf:    1     -327.228994     -327.229204     -327.229204  0.000059 -6.069971  0.000016
   scf:    2     -327.229204     -327.229204     -327.229204  0.000010 -6.069958  0.000004
   scf:    3     -327.229204     -327.229204     -327.229204  0.000002 -6.069961  0.000001
   scf:    4     -327.229204     -327.229204     -327.229204  0.000000 -6.069960  0.000000
   scf:    5     -327.229204     -327.229204     -327.229204  0.000000 -6.069960  0.000000

SCF Convergence by DM+H criterion
max |DM_out - DM_in|         :     0.0000000054
max |H_out - H_in|      (eV) :     0.0000000008
SCF cycle converged after 5 iterations

Using DM_out to compute the final energy and forces
No. of atoms with KB's overlaping orbs in proc 0. Max # of overlaps:      38     787

siesta: E_KS(eV) =             -327.2292

siesta: Atomic forces (eV/Ang):
----------------------------------------
   Tot    0.000000    0.000000    0.000000
----------------------------------------
   Max    0.000157
   Res    0.000157    sqrt( Sum f_i^2 / 3N )
----------------------------------------
   Max    0.000157    constrained

Stress tensor Voigt[x,y,z,yz,xz,xy] (kbar):        1.00        1.00        1.00        0.00        0.00        0.00
(Free)E + p*V (eV/cell)     -327.2364
Target enthalpy (eV/cell)     -327.2292

siesta: Stress tensor (static) (eV/Ang**3):
         0.000624    0.000001    0.000001
         0.000001    0.000624    0.000001
         0.000001    0.000001    0.000624

siesta: Pressure (static):         -0.99998601  kBar

siesta: Stress tensor (total) (eV/Ang**3):
         0.000624    0.000001    0.000001
         0.000001    0.000624    0.000001
         0.000001    0.000001    0.000624

siesta: Pressure (total):         -0.99998601  kBar

outcoor: Relaxed atomic coordinates (fractional):           
   -0.00000076   -0.00000076   -0.00000076   1       1  C
    0.25000076    0.25000076    0.25000076   1       2  C

outcell: Unit cell vectors (Ang):
        0.000000    1.796684    1.796684
        1.796684    0.000000    1.796684
        1.796684    1.796684    0.000000

outcell: Cell vector modules (Ang)   :    2.540895    2.540895    2.540895
outcell: Cell angles (23,13,12) (deg):     60.0000     60.0000     60.0000
outcell: Cell volume (Ang**3)        :     11.5997

siesta: Program's energy decomposition (eV):
siesta: Ebs     =      -130.692512
siesta: Eions   =       564.323418
siesta: Ena     =       151.455320
siesta: Ekin    =       225.090710
siesta: Enl     =       -11.983635
siesta: Eso     =         0.000000
siesta: Edftu   =         0.000000
siesta: DEna    =       -10.903017
siesta: DUscf   =         0.837058
siesta: DUext   =         0.000000
siesta: Ex      =      -106.638824
siesta: Ec      =       -10.763399
siesta: Exc     =      -117.402222
siesta: EbV     =         0.000000
siesta: eta*DQ  =         0.000000
siesta: Emadel  =         0.000000
siesta: Emeta   =         0.000000
siesta: Emolmec =         0.000000
siesta: Ekinion =         0.000000
siesta: Eharris =      -327.229204
siesta: Etot    =      -327.229204
siesta: FreeEng =      -327.229204

siesta: Final energy (eV):
siesta:  Band Struct. =    -130.692512
siesta:       Kinetic =     225.090710
siesta:       Hartree =      26.099911
siesta:         Edftu =       0.000000
siesta:       Eso     =       0.000000
siesta:    Ext. field =       0.000000
siesta:         Exch. =    -106.638824
siesta:         Corr. =     -10.763399
siesta:     Bulk bias =       0.000000
siesta:   Exch.-corr. =    -117.402222
siesta:  Ion-electron =    -279.099239
siesta:       Ion-ion =    -181.918364
siesta:       Ekinion =       0.000000
siesta: D3 dispersion =       0.000000
siesta:         Total =    -327.229204
siesta:         Fermi =      -6.069960

siesta: Stress tensor (static) (eV/Ang**3):
siesta:     0.000624    0.000001    0.000001
siesta:     0.000001    0.000624    0.000001
siesta:     0.000001    0.000001    0.000624

siesta: Constrained stress tensor (static) (eV/Ang**3):
siesta:     0.000624    0.000001    0.000001
siesta:     0.000001    0.000624    0.000001
siesta:     0.000001    0.000001    0.000624

siesta: Cell volume =         11.599651 Ang**3

siesta: Pressure (static):
siesta:                Solid            Molecule  Units
siesta:          -0.00000680         -0.00000667  Ry/Bohr**3
siesta:          -0.00062414         -0.00061197  eV/Ang**3
siesta:          -0.99998601         -0.98048769  kBar

Basis Enthalpy Calculation:
    Basis Pressure for species 1(C) :      0.2000000 GPa

    Orbital volume contribution        =           1.829497 eV
    (Free)E + p_basis*V_orbitals       =        -325.399708 eV
    (Free)Eharris+ p_basis*V_orbitals  =        -325.399708 eV
WARNING: BASIS_ENTHALPY and BASIS_HARRIS_ENTHALPY files are deprecated. They will be removed in future releases.
Please use system_label.BASIS_ENTHALPY in your scripts instead.

cite: Please indicate the Siesta version in published work: 5.4.0 (Spack) Tag: 5.4.0
cite: This calculation has made use of features in the following articles
cite: which we encourage you to cite in published work.
cite: (Please see "diamond.bib" for a BibTeX file.)
        Primary SIESTA paper
          DOI: www.doi.org/10.1088/0953-8984/14/11/302
        PSML pseudopotential format
          DOI: www.doi.org/10.1016/j.cpc.2018.02.011


>> End of run:  30-AUG-2026  20:37:52
Job completed
