  0.6918524530    
  0.3243006656    
  0.3834734050    
  0.2333537343    
  0.9661957624E-01
  0.4333460150E-01
   49.97234477    
   36.82245059    
   9.225121823    
   418241.4605    
   313675.4886    
   78411.48289    
   19576.70264    
   4910.981939    
   1227.288380    
   230.7498994    
   137.9448946    
   46.56486225    
   8.691578874    
   10.49622402    
   378.4228168    
   303.3112229    
   48.27825649    
   75.13165082    
   72.24013166    
   2421.060280    
   1794.553827    
   453.7230068    
   116.9542204    
   25.45566206    
   87.90446281    
   8309.716549    
   6286.719092    
   1573.741949    
   263.3016537    
   193.1941897    
   13.23506678    
   159.6581169    
   184.1020719    
   241.0659561    
   424.5818221    
   515.6395718    
   714.6226618    
   531.7026771    
   253.7380443    
   81.14065008    
   7219.599741    
   4652.622114    
   1935.192253    
   438.8437805    
   160.0718882    
   47119.79171    
   35350.90177    
   9092.398950    
   25916.25075    
   15627.33170    
   5680.139207    
   1421.655314    
   404.3226479    
   48.76731349    
   16.41128005    
   203.9254122    
   17820.06606    
   13512.24097    
   3378.162566    
   847.8147059    
   214.0790937    
   49.12946747    
   42.54865663    
   11.74545898    
   15.58474137    
   17.38188034    
   42.87253970    
   5.257108672    
   16.47880059    
   5.953444694    
  0.4412482828    
  0.8212413668    
  0.7518478350    
  0.1599088657E-01
  0.6494128052E-01
  0.1833935840E-01
  0.2317163978E-01
  0.2145958607E-01
  0.8602049639E-02
  0.5432446427E-03
  0.5568283164E-03
  0.2585294018E-02
  0.5824373399E-02
  0.8381389570E-03
  0.1363791955E-02
  0.3106685700E-03
  0.2416997530E-02
  0.3641727369E-03
  0.1603886590E-02
  0.1789476343E-02
  0.8009303465E-03
  0.8624939511E-03
  0.2354813933E-03
  0.1170873816E-02
  0.1917892620E-02
  0.7220981200E-03
  0.3559388952E-03
  0.3895865049E-03
  0.2142073863E-03
  0.3770669895E-03
  0.1508643219E-02
  0.1802348053E-02
  0.2136535373E-03
  0.3779568783E-04
  0.2556080053E-03
  0.6247575688E-03
  0.6250131732E-03
  0.3916324791E-04
  0.1615399407E-02
  0.9818876372E-03
  0.4809426639E-04
  0.3768255787E-03
  0.3640307372E-03
  0.8969752295E-04
  0.5717909243E-03
  0.3128959282E-03
  0.3210547135E-03
  0.8028290134E-03
  0.9650908521E-03
  0.3975817049E-02
  0.5254585486E-02
  0.1506405491E-02
  0.3309727699E-02
  0.1733428979E-04
  0.3939943722E-02
  0.4433523946E-02
  0.1208551042E-02
  0.1334532391E-01
  0.1595068284E-01
  0.2172581074E-03
  0.3302905685E-02
  0.4992589910E-02
  0.2185351169E-03
  0.4685601782E-03
  0.4353064230E-01
  0.4344681481E-01
  0.6931127181E-02
  0.1811376867E-02
  0.1692715055E-02
  0.1271308781E-01
  0.1839548569E-02
  0.1534944997E-03
  0.1023770244E-02
  0.1898106551E-02
  0.5324137739E-03
  0.2003972935E-03
  0.1269478498E-02
  0.1680795559E-02
  0.5826948690E-03
  0.1593738543E-01
  0.3933325317E-02
  0.9542577940E-02
  0.4639459389E-02
  0.6950351230E-03
  0.8788529118E-03
  0.7897434570E-03
  0.2112965718E-02
  0.1919066316E-02
  0.1152094399E-02
  0.1784007874E-02
  0.1300924151E-03
  0.3409483555E-02
  0.5108485241E-02
  0.4053294485E-02
  0.1633060086E-02
  0.1229424651E-01
  0.2238929991E-02
  0.1074557333E-01
  0.9726735973E-02
  0.7430209705E-03
  0.2134714829E-02
  0.1094277223E-02
  0.2753427452E-02
  0.5401898335E-02
  0.2503593484E-02
  0.4280142240E-02
  0.8436067756E-03
  0.7675120258E-04
  0.5995539427E-03
  0.6588803943E-03
  0.4045194778E-02
  0.3101627203E-03
  0.1189838830E-03
  0.1416155092E-03
  0.1236831225E-02
  0.1536184051E-02
  0.3547770190E-03
  0.3703873941E-02
  0.8764177755E-03
  0.6453181661E-03
  0.2098700706E-02
  0.6044712202E-03
