    29 : nkpt
    13 : nstsv

     1   0.000000000       0.000000000       0.000000000     : k-point, vkl
 (state, eigenvalue and occupancy below)
     1 -0.4722501442       2.000000000    
     2  0.2969583968       1.999999984    
     3  0.2969583968       1.999999984    
     4  0.2971247942       1.999999981    
     5  0.5168319672       0.000000000    
     6  0.5168319672       0.000000000    
     7  0.5169902486       0.000000000    
     8  0.7931629623       0.000000000    
     9   1.049376501       0.000000000    
    10   1.340772548       0.000000000    
    11   1.340772548       0.000000000    
    12   1.371133769       0.000000000    
    13   1.371133769       0.000000000    


     2  0.1250000000       0.000000000       0.000000000     : k-point, vkl
 (state, eigenvalue and occupancy below)
     1 -0.4566556394       2.000000000    
     2  0.2136182827       2.000000000    
     3  0.2745880866       2.000000000    
     4  0.2747395183       2.000000000    
     5  0.5468746251       0.000000000    
     6  0.5470098571       0.000000000    
     7  0.5619129209       0.000000000    
     8  0.8071051635       0.000000000    
     9   1.070833808       0.000000000    
    10   1.221661250       0.000000000    
    11   1.221664004       0.000000000    
    12   1.320265637       0.000000000    
    13   1.558467911       0.000000000    


     3  0.2500000000       0.000000000       0.000000000     : k-point, vkl
 (state, eigenvalue and occupancy below)
     1 -0.4104272521       2.000000000    
     2  0.6575051422E-01   2.000000000    
     3  0.2359609662       2.000000000    
     4  0.2361180918       2.000000000    
     5  0.5962501334       0.000000000    
     6  0.5963683521       0.000000000    
     7  0.6092474519       0.000000000    
     8  0.8449025036       0.000000000    
     9   1.096663763       0.000000000    
    10   1.178262887       0.000000000    
    11   1.178269220       0.000000000    
    12   1.277625044       0.000000000    
    13   1.814240937       0.000000000    


     4  0.3750000000       0.000000000       0.000000000     : k-point, vkl
 (state, eigenvalue and occupancy below)
     1 -0.3364542845       2.000000000    
     2 -0.7969513665E-01   2.000000000    
     3  0.2078024002       2.000000000    
     4  0.2079633838       2.000000000    
     5  0.6214487819       0.000000000    
     6  0.6215464199       0.000000000    
     7  0.6303078522       0.000000000    
     8  0.8837446475       0.000000000    
     9   1.108737876       0.000000000    
    10   1.231464392       0.000000000    
    11   1.231483619       0.000000000    
    12   1.249343485       0.000000000    
    13   1.751749737       0.000000000    


     5  0.5000000000       0.000000000       0.000000000     : k-point, vkl
 (state, eigenvalue and occupancy below)
     1 -0.2676008956       2.000000000    
     2 -0.1736413438       2.000000000    
     3  0.1979202720       2.000000000    
     4  0.1980824693       2.000000000    
     5  0.6260367438       0.000000000    
     6  0.6261262759       0.000000000    
     7  0.6360070713       0.000000000    
     8  0.8978485311       0.000000000    
     9   1.130497602       0.000000000    
    10   1.215331949       0.000000000    
    11   1.295712005       0.000000000    
    12   1.295763079       0.000000000    
    13   1.636618102       0.000000000    


     6  0.1250000000      0.1250000000       0.000000000     : k-point, vkl
 (state, eigenvalue and occupancy below)
     1 -0.4514639296       2.000000000    
     2  0.2380556575       2.000000000    
     3  0.2381592918       2.000000000    
     4  0.2494286840       2.000000000    
     5  0.5044280572       0.000000000    
     6  0.5939292673       0.000000000    
     7  0.5940452952       0.000000000    
     8  0.7968410003       0.000000000    
     9   1.080552126       0.000000000    
    10   1.111163763       0.000000000    
    11   1.369248416       0.000000000    
    12   1.420920360       0.000000000    
    13   1.420921510       0.000000000    


     7  0.2500000000      0.1250000000       0.000000000     : k-point, vkl
 (state, eigenvalue and occupancy below)
     1 -0.4154480811       2.000000000    
     2  0.1184950067       2.000000000    
     3  0.1974594604       2.000000000    
     4  0.2254511424       2.000000000    
     5  0.5288404554       0.000000000    
     6  0.6498723033       0.000000000    
     7  0.6527902115       0.000000000    
     8  0.7897297243       0.000000000    
     9   1.077772478       0.000000000    
    10   1.110762304       0.000000000    
    11   1.309417183       0.000000000    
    12   1.385052830       0.000000000    
    13   1.630216594       0.000000000    


     8  0.3750000000      0.1250000000       0.000000000     : k-point, vkl
 (state, eigenvalue and occupancy below)
     1 -0.3503975719       2.000000000    
     2 -0.2461849667E-01   2.000000000    
     3  0.1739095827       2.000000000    
     4  0.1844726576       2.000000000    
     5  0.5738740306       0.000000000    
     6  0.6780471666       0.000000000    
     7  0.6801976905       0.000000000    
     8  0.8150045033       0.000000000    
     9   1.108948685       0.000000000    
    10   1.130272719       0.000000000    
    11   1.316786279       0.000000000    
    12   1.343717486       0.000000000    
    13   1.745967072       0.000000000    


     9  0.5000000000      0.1250000000       0.000000000     : k-point, vkl
 (state, eigenvalue and occupancy below)
     1 -0.2684105370       2.000000000    
     2 -0.1457664247       2.000000000    
     3  0.1510215054       2.000000000    
     4  0.1732249318       2.000000000    
     5  0.5989827401       0.000000000    
     6  0.6731744203       0.000000000    
     7  0.6869555456       0.000000000    
     8  0.8732866622       0.000000000    
     9   1.083552406       0.000000000    
    10   1.201967484       0.000000000    
    11   1.310965233       0.000000000    
    12   1.335352183       0.000000000    
    13   1.659437652       0.000000000    


    10  0.6250000000      0.1250000000       0.000000000     : k-point, vkl
 (state, eigenvalue and occupancy below)
     1 -0.2949976155       2.000000000    
     2 -0.1108581909       2.000000000    
     3  0.1363175105       2.000000000    
     4  0.1945730332       2.000000000    
     5  0.6187614885       0.000000000    
     6  0.6493056738       0.000000000    
     7  0.6843262375       0.000000000    
     8  0.8777601460       0.000000000    
     9   1.082910519       0.000000000    
    10   1.193428132       0.000000000    
    11   1.225941229       0.000000000    
    12   1.388492176       0.000000000    
    13   1.722826197       0.000000000    


    11  0.7500000000      0.1250000000       0.000000000     : k-point, vkl
 (state, eigenvalue and occupancy below)
     1 -0.3751228649       2.000000000    
     2  0.2343073574E-01   2.000000000    
     3  0.1448806885       2.000000000    
     4  0.2321187049       2.000000000    
     5  0.6091331285       0.000000000    
     6  0.6293124625       0.000000000    
     7  0.6627615733       0.000000000    
     8  0.8322279807       0.000000000    
     9   1.104077958       0.000000000    
    10   1.108624276       0.000000000    
    11   1.208606167       0.000000000    
    12   1.425291286       0.000000000    
    13   1.732105380       0.000000000    


    12  0.8750000000      0.1250000000       0.000000000     : k-point, vkl
 (state, eigenvalue and occupancy below)
     1 -0.4308444318       2.000000000    
     2  0.1568143024       2.000000000    
     3  0.1856593918       2.000000000    
     4  0.2700839525       2.000000000    
     5  0.5588114994       0.000000000    
     6  0.6049114131       0.000000000    
     7  0.6084928640       0.000000000    
     8  0.8144906040       0.000000000    
     9   1.095669483       0.000000000    
    10   1.120296386       0.000000000    
    11   1.197416174       0.000000000    
    12   1.470090545       0.000000000    
    13   1.489668947       0.000000000    


    13  0.2500000000      0.2500000000       0.000000000     : k-point, vkl
 (state, eigenvalue and occupancy below)
     1 -0.3898772656       2.000000000    
     2  0.1348867385       2.000000000    
     3  0.1534459410       2.000000000    
     4  0.1535438966       2.000000000    
     5  0.4824282022       0.000000000    
     6  0.7048174945       0.000000000    
     7  0.7295767279       0.000000000    
     8  0.7297087562       0.000000000    
     9   1.061643267       0.000000000    
    10   1.144416430       0.000000000    
    11   1.454821243       0.000000000    
    12   1.556218277       0.000000000    
    13   1.556226681       0.000000000    


    14  0.3750000000      0.2500000000       0.000000000     : k-point, vkl
 (state, eigenvalue and occupancy below)
     1 -0.3348930451       2.000000000    
     2  0.2944085738E-01   2.000000000    
     3  0.1142846533       2.000000000    
     4  0.1273338081       2.000000000    
     5  0.5103480321       0.000000000    
     6  0.6718475717       0.000000000    
     7  0.7779261436       0.000000000    
     8  0.7787800447       0.000000000    
     9   1.102351116       0.000000000    
    10   1.151425750       0.000000000    
    11   1.443138755       0.000000000    
    12   1.527306472       0.000000000    
    13   1.711174740       0.000000000    


    15  0.5000000000      0.2500000000       0.000000000     : k-point, vkl
 (state, eigenvalue and occupancy below)
     1 -0.2564357579       2.000000000    
     2 -0.8554064230E-01   2.000000000    
     3  0.6096422130E-01   2.000000000    
     4  0.1260428079       2.000000000    
     5  0.5473878092       0.000000000    
     6  0.7389403375       0.000000000    
     7  0.7775094428       0.000000000    
     8  0.7970964245       0.000000000    
     9   1.068033300       0.000000000    
    10   1.183988034       0.000000000    
    11   1.362876154       0.000000000    
    12   1.494225182       0.000000000    
    13   1.713977565       0.000000000    


    16  0.6250000000      0.2500000000       0.000000000     : k-point, vkl
 (state, eigenvalue and occupancy below)
     1 -0.2325895231       2.000000000    
     2 -0.1127095127       2.000000000    
     3  0.2578950058E-01   2.000000000    
     4  0.1495375313       2.000000000    
     5  0.5754532388       0.000000000    
     6  0.7403577863       0.000000000    
     7  0.7923130353       0.000000000    
     8  0.8527653501       0.000000000    
     9  0.9812864617       0.000000000    
    10   1.213563296       0.000000000    
    11   1.228971610       0.000000000    
    12   1.523619788       0.000000000    
    13   1.824252791       0.000000000    


    17  0.7500000000      0.2500000000       0.000000000     : k-point, vkl
 (state, eigenvalue and occupancy below)
     1 -0.3117294107       2.000000000    
     2 -0.1274323683E-01   2.000000000    
     3  0.3261489273E-01   2.000000000    
     4  0.1912435603       2.000000000    
     5  0.6105282878       0.000000000    
     6  0.6761548595       0.000000000    
     7  0.7618321827       0.000000000    
     8  0.8211865193       0.000000000    
     9   1.051448671       0.000000000    
    10   1.116396618       0.000000000    
    11   1.230806757       0.000000000    
    12   1.576686898       0.000000000    
    13   1.693796715       0.000000000    


    18  0.3750000000      0.3750000000       0.000000000     : k-point, vkl
 (state, eigenvalue and occupancy below)
     1 -0.2903089710       2.000000000    
     2 -0.1031353481E-01   2.000000000    
     3  0.9568403043E-01   2.000000000    
     4  0.9577892593E-01   2.000000000    
     5  0.4760091441       0.000000000    
     6  0.5790119943       0.000000000    
     7  0.8564286648       0.000000000    
     8  0.8565814881       0.000000000    
     9   1.118568130       0.000000000    
    10   1.182929319       0.000000000    
    11   1.597898894       0.000000000    
    12   1.607945615       0.000000000    
    13   1.607985693       0.000000000    


    19  0.5000000000      0.3750000000       0.000000000     : k-point, vkl
 (state, eigenvalue and occupancy below)
     1 -0.2202424704       2.000000000    
     2 -0.8520285433E-01   2.000000000    
     3  0.4132349567E-01   2.000000000    
     4  0.8911842168E-01   2.000000000    
     5  0.5092473063       0.000000000    
     6  0.5837184208       0.000000000    
     7  0.8760309595       0.000000000    
     8  0.8853264330       0.000000000    
     9   1.118986569       0.000000000    
    10   1.176107717       0.000000000    
    11   1.462671023       0.000000000    
    12   1.589048379       0.000000000    
    13   1.752839270       0.000000000    


    20  0.6250000000      0.3750000000       0.000000000     : k-point, vkl
 (state, eigenvalue and occupancy below)
     1 -0.1698699585       2.000000000    
     2 -0.1221088955       2.000000000    
     3 -0.2552901601E-01   2.000000000    
     4  0.1087461108       2.000000000    
     5  0.5356447589       0.000000000    
     6  0.7128255846       0.000000000    
     7  0.8310921022       0.000000000    
     8  0.8763113771       0.000000000    
     9   1.010182435       0.000000000    
    10   1.210702981       0.000000000    
    11   1.307576041       0.000000000    
    12   1.608374662       0.000000000    
    13   1.827762671       0.000000000    


    21  0.5000000000      0.5000000000       0.000000000     : k-point, vkl
 (state, eigenvalue and occupancy below)
     1 -0.1593420847       2.000000000    
     2 -0.1593224208       2.000000000    
     3  0.7564619200E-01   2.000000000    
     4  0.7574036567E-01   2.000000000    
     5  0.5034542344       0.000000000    
     6  0.5035272619       0.000000000    
     7  0.9156414778       0.000000000    
     8  0.9158099115       0.000000000    
     9   1.168953041       0.000000000    
    10   1.168995957       0.000000000    
    11   1.551420016       0.000000000    
    12   1.551473496       0.000000000    
    13   1.799047144       0.000000000    


    22  0.3750000000      0.2500000000      0.1250000000     : k-point, vkl
 (state, eigenvalue and occupancy below)
     1 -0.3699164292       2.000000000    
     2  0.6564092595E-01   2.000000000    
     3  0.1063419258       2.000000000    
     4  0.1958554739       2.000000000    
     5  0.5561788456       0.000000000    
     6  0.6788192310       0.000000000    
     7  0.7305433756       0.000000000    
     8  0.7542305325       0.000000000    
     9   1.087978128       0.000000000    
    10   1.122354360       0.000000000    
    11   1.293959339       0.000000000    
    12   1.575924175       0.000000000    
    13   1.591863120       0.000000000    


    23  0.5000000000      0.2500000000      0.1250000000     : k-point, vkl
 (state, eigenvalue and occupancy below)
     1 -0.2975089847       2.000000000    
     2 -0.5161205539E-01   2.000000000    
     3  0.7694485667E-01   2.000000000    
     4  0.1546658264       2.000000000    
     5  0.6098323599       0.000000000    
     6  0.6691441407       0.000000000    
     7  0.7647389634       0.000000000    
     8  0.8019939905       0.000000000    
     9   1.070598509       0.000000000    
    10   1.145803848       0.000000000    
    11   1.302020674       0.000000000    
    12   1.496547956       0.000000000    
    13   1.749797087       0.000000000    


    24  0.6250000000      0.2500000000      0.1250000000     : k-point, vkl
 (state, eigenvalue and occupancy below)
     1 -0.2311396385       2.000000000    
     2 -0.1387814781       2.000000000    
     3  0.7488008766E-01   2.000000000    
     4  0.1338288455       2.000000000    
     5  0.6269287458       0.000000000    
     6  0.6603937942       0.000000000    
     7  0.7830068006       0.000000000    
     8  0.8555039067       0.000000000    
     9   1.008288211       0.000000000    
    10   1.196099702       0.000000000    
    11   1.312251404       0.000000000    
    12   1.430438273       0.000000000    
    13   1.769557049       0.000000000    


    25  0.5000000000      0.3750000000      0.1250000000     : k-point, vkl
 (state, eigenvalue and occupancy below)
     1 -0.2722987675       2.000000000    
     2 -0.2621323847E-01   2.000000000    
     3  0.5330989493E-01   2.000000000    
     4  0.9071411372E-01   2.000000000    
     5  0.5520995111       0.000000000    
     6  0.6441810953       0.000000000    
     7  0.7837833958       0.000000000    
     8  0.8562701355       0.000000000    
     9   1.121999545       0.000000000    
    10   1.133047196       0.000000000    
    11   1.432775450       0.000000000    
    12   1.566806894       0.000000000    
    13   1.766522311       0.000000000    


    26  0.6250000000      0.3750000000      0.1250000000     : k-point, vkl
 (state, eigenvalue and occupancy below)
     1 -0.1952829131       2.000000000    
     2 -0.1015576819       2.000000000    
     3  0.3984945971E-02   2.000000000    
     4  0.7640677045E-01   2.000000000    
     5  0.5994855974       0.000000000    
     6  0.7210927104       0.000000000    
     7  0.7675890093       0.000000000    
     8  0.8516002459       0.000000000    
     9   1.036753152       0.000000000    
    10   1.166022902       0.000000000    
    11   1.380307716       0.000000000    
    12   1.532071075       0.000000000    
    13   1.860816294       0.000000000    


    27  0.7500000000      0.3750000000      0.1250000000     : k-point, vkl
 (state, eigenvalue and occupancy below)
     1 -0.2231945306       2.000000000    
     2 -0.7506075065E-01   2.000000000    
     3 -0.1112703307E-01   2.000000000    
     4  0.1066947112       2.000000000    
     5  0.6295691195       0.000000000    
     6  0.7080349425       0.000000000    
     7  0.7913446264       0.000000000    
     8  0.8367533040       0.000000000    
     9  0.9947999432       0.000000000    
    10   1.164277839       0.000000000    
    11   1.315371722       0.000000000    
    12   1.561759423       0.000000000    
    13   1.818057217       0.000000000    


    28  0.6250000000      0.5000000000      0.1250000000     : k-point, vkl
 (state, eigenvalue and occupancy below)
     1 -0.1480750577       2.000000000    
     2 -0.1480618026       2.000000000    
     3  0.4222936507E-01   2.000000000    
     4  0.4233149337E-01   2.000000000    
     5  0.5769860398       0.000000000    
     6  0.5770681052       0.000000000    
     7  0.8739565024       0.000000000    
     8  0.8741134570       0.000000000    
     9   1.131122587       0.000000000    
    10   1.131154594       0.000000000    
    11   1.495916788       0.000000000    
    12   1.496009785       0.000000000    
    13   1.922662064       0.000000000    


    29  0.7500000000      0.5000000000      0.2500000000     : k-point, vkl
 (state, eigenvalue and occupancy below)
     1 -0.1334920148       2.000000000    
     2 -0.1334860944       2.000000000    
     3  0.9087809704E-02   2.000000000    
     4  0.9203323941E-02   2.000000000    
     5  0.7131472775       0.000000000    
     6  0.7132117978       0.000000000    
     7  0.7592212074       0.000000000    
     8  0.7593784522       0.000000000    
     9   1.100515765       0.000000000    
    10   1.100534380       0.000000000    
    11   1.468645580       0.000000000    
    12   1.468714606       0.000000000    
    13   1.982161359       0.000000000    

