   3.821317118    
   2.053196094    
  0.7847377466    
  0.2208932361    
  0.4328070983E-01
  0.5722456053E-02
   17.24846412    
  0.1610323980    
  0.1570767417    
   1037.753030    
   23.72679295    
   20.70783695    
   15.04159058    
   6.681906369    
   6.448042181    
   129.5833277    
   29.09930027    
   25.23869494    
   18.90339354    
   16.57011338    
   16.69265179    
   9.259307403    
   3.974312945    
   15.30419574    
   2.343004569    
   204.2638914    
   8.136015438    
   4.547268838    
   3.248703819    
   5.409095283    
   11.24929346    
   246.3989912    
   6.976196291    
   5.541918785    
   33.26211916    
   4.835817016    
   26.93048356    
   22.64098719    
   38.01928501    
   19.08135152    
   155.9157007    
   7.233588883    
   129.4694794    
   57.50527348    
   33.90341293    
   9.329551873    
   168.7137434    
   109.9678999    
   13.51668899    
   104.6769151    
   13.98356895    
   305.1164343    
   12.60674789    
   170.2968939    
   414.7136985    
   142.2582312    
   20.52354452    
   18.43927908    
   101.0493211    
   17.99581540    
   22.64073799    
   36.16329820    
   399.9871061    
   18.74697263    
   18.29688492    
   17.72203882    
   14.89305640    
   9.981430574    
   9.402042794    
   42.20892811    
   13.81512286    
   38.99762220    
   10.88599430    
   9.371727855    
   5.128546686    
   2.151460318    
  0.9765022247    
  0.1044949665    
  0.3699151298E-01
  0.1106570615E-01
  0.4190172349E-02
  0.3115862819E-02
  0.9166226172E-03
  0.1161045628E-02
  0.3394096586E-03
  0.4849725277E-03
  0.6301271620E-03
  0.6793490700E-03
  0.5649887604E-03
  0.2832495092E-03
  0.5818046821E-03
  0.2756813466E-03
  0.2806121605E-03
  0.1765677275E-03
  0.2357556085E-03
  0.2348094902E-03
  0.2208863516E-03
  0.1832205539E-03
  0.2606926424E-03
  0.3483839267E-03
  0.1741502051E-03
  0.1068493633E-03
  0.1183905137E-03
  0.1201142834E-03
  0.1202749655E-03
  0.1439308594E-03
  0.1625474925E-03
  0.4867515937E-03
  0.2388457225E-03
  0.1214061630E-03
  0.9567736710E-04
  0.1018905368E-03
  0.9734508805E-04
  0.2850681148E-03
  0.1577115186E-03
  0.1352285903E-03
  0.9545264061E-04
  0.6110981767E-04
  0.1046548201E-03
  0.1896268307E-03
  0.2167915879E-03
  0.1922169861E-03
  0.2524203134E-03
  0.2504977171E-03
  0.2581794458E-03
  0.2048697490E-03
  0.4477896426E-03
  0.3368787879E-03
  0.3479233230E-03
  0.5091220813E-03
  0.5270090613E-03
  0.5748323276E-03
  0.4603739736E-03
  0.3594168034E-02
  0.1429408277E-02
  0.4719834608E-03
  0.5060093217E-03
  0.1021258748E-02
  0.8020585959E-03
  0.7671779007E-03
  0.1062292944E-01
  0.3344760532E-02
  0.2333325582E-02
  0.2353569912E-02
  0.1818389170E-02
  0.1299072561E-02
  0.9544338082E-03
  0.7849084463E-03
  0.5109905025E-03
  0.2401388381E-03
  0.3722507236E-03
  0.3273997767E-03
  0.3245248446E-03
  0.4264178093E-03
  0.3671316306E-03
  0.3628813377E-02
  0.1101773858E-02
  0.4568426774E-03
  0.1154468161E-02
  0.1273209754E-02
  0.8721020869E-03
  0.6102598709E-03
  0.5466879067E-03
  0.3641407478E-03
  0.5684890475E-03
  0.7323427488E-03
  0.1280291248E-02
  0.1144524758E-02
  0.1310214504E-02
  0.1772520302E-02
  0.1016512032E-02
  0.2326093857E-02
  0.1314367680E-02
  0.4146257086E-02
  0.7692658872E-03
  0.1298786825E-02
  0.2071632580E-02
  0.1626493365E-02
  0.8092479315E-03
  0.4986890372E-03
  0.5629630180E-03
  0.1425306200E-02
  0.1433563987E-02
  0.1359373161E-02
  0.1302234271E-02
  0.1505120526E-02
  0.4347374240E-03
  0.8102843285E-03
  0.6355062835E-03
  0.5882814931E-03
  0.4796301730E-03
  0.3030889435E-03
  0.4328421808E-03
  0.1023299124E-02
  0.6380051753E-03
  0.7879561401E-03
  0.1402460622E-02
  0.1159651149E-02
