    72 : nkpt
    13 : nstsv

     1   0.000000000       0.000000000       0.000000000     : k-point, vkl
 (state, eigenvalue and occupancy below)
     1 -0.3496289217       2.000000000    
     2  0.4357282347       1.999999942    
     3  0.4357282347       1.999999942    
     4  0.4357285558       1.999999942    
     5  0.6412775224       0.000000000    
     6  0.6412775224       0.000000000    
     7  0.6412778720       0.000000000    
     8  0.9184456844       0.000000000    
     9   1.141695932       0.000000000    
    10   1.449753600       0.000000000    
    11   1.449753600       0.000000000    
    12   1.457005632       0.000000000    
    13   1.457005632       0.000000000    


     2  0.8333333333E-01   0.000000000       0.000000000     : k-point, vkl
 (state, eigenvalue and occupancy below)
     1 -0.3426059588       2.000000000    
     2  0.3908483059       2.000000000    
     3  0.4239371832       2.000000000    
     4  0.4239374311       2.000000000    
     5  0.6567773289       0.000000000    
     6  0.6567776503       0.000000000    
     7  0.6673840506       0.000000000    
     8  0.9248164499       0.000000000    
     9   1.153590602       0.000000000    
    10   1.354927712       0.000000000    
    11   1.354927972       0.000000000    
    12   1.428524954       0.000000000    
    13   1.582021942       0.000000000    


     3  0.1666666667       0.000000000       0.000000000     : k-point, vkl
 (state, eigenvalue and occupancy below)
     1 -0.3216236494       2.000000000    
     2  0.2982819250       2.000000000    
     3  0.3983345807       2.000000000    
     4  0.3983348561       2.000000000    
     5  0.6905179825       0.000000000    
     6  0.6905182933       0.000000000    
     7  0.7069391784       0.000000000    
     8  0.9432733571       0.000000000    
     9   1.178683199       0.000000000    
    10   1.293494882       0.000000000    
    11   1.293495128       0.000000000    
    12   1.388352715       0.000000000    
    13   1.736325795       0.000000000    


     4  0.2500000000       0.000000000       0.000000000     : k-point, vkl
 (state, eigenvalue and occupancy below)
     1 -0.2869924053       2.000000000    
     2  0.1946400979       2.000000000    
     3  0.3719131211       2.000000000    
     4  0.3719134109       2.000000000    
     5  0.7221415740       0.000000000    
     6  0.7221418737       0.000000000    
     7  0.7338459118       0.000000000    
     8  0.9693911641       0.000000000    
     9   1.195117934       0.000000000    
    10   1.276851666       0.000000000    
    11   1.276851867       0.000000000    
    12   1.371930592       0.000000000    
    13   1.913039774       0.000000000    


     5  0.3333333333       0.000000000       0.000000000     : k-point, vkl
 (state, eigenvalue and occupancy below)
     1 -0.2395099221       2.000000000    
     2  0.9313434669E-01   2.000000000    
     3  0.3509356219       2.000000000    
     4  0.3509359239       2.000000000    
     5  0.7403788441       0.000000000    
     6  0.7403791628       0.000000000    
     7  0.7487890259       0.000000000    
     8  0.9937922916       0.000000000    
     9   1.204234977       0.000000000    
    10   1.306501372       0.000000000    
    11   1.306501491       0.000000000    
    12   1.363818680       0.000000000    
    13   1.928279853       0.000000000    


     6  0.4166666667       0.000000000       0.000000000     : k-point, vkl
 (state, eigenvalue and occupancy below)
     1 -0.1819983581       2.000000000    
     2  0.1705323238E-02   2.000000000    
     3  0.3378009830       2.000000000    
     4  0.3378012902       2.000000000    
     5  0.7465466835       0.000000000    
     6  0.7465469975       0.000000000    
     7  0.7561920137       0.000000000    
     8   1.007991866       0.000000000    
     9   1.223561016       0.000000000    
    10   1.340870507       0.000000000    
    11   1.365249981       0.000000000    
    12   1.365250009       0.000000000    
    13   1.804495376       0.000000000    


     7  0.5000000000       0.000000000       0.000000000     : k-point, vkl
 (state, eigenvalue and occupancy below)
     1 -0.1392011029       2.000000000    
     2 -0.5261771738E-01   2.000000000    
     3  0.3333535190       2.000000000    
     4  0.3333538233       2.000000000    
     5  0.7475137182       0.000000000    
     6  0.7475140306       0.000000000    
     7  0.7584492276       0.000000000    
     8   1.011896399       0.000000000    
     9   1.240603630       0.000000000    
    10   1.321491570       0.000000000    
    11   1.401792541       0.000000000    
    12   1.401792690       0.000000000    
    13   1.745657209       0.000000000    


     8  0.8333333333E-01  0.8333333333E-01   0.000000000     : k-point, vkl
 (state, eigenvalue and occupancy below)
     1 -0.3402664238       2.000000000    
     2  0.4024891193       2.000000000    
     3  0.4024893204       2.000000000    
     4  0.4130516954       2.000000000    
     5  0.6340773234       0.000000000    
     6  0.6827190710       0.000000000    
     7  0.6827193114       0.000000000    
     8  0.9234560183       0.000000000    
     9   1.158086748       0.000000000    
    10   1.274740598       0.000000000    
    11   1.462369742       0.000000000    
    12   1.479415008       0.000000000    
    13   1.479415415       0.000000000    


     9  0.1666666667      0.8333333333E-01   0.000000000     : k-point, vkl
 (state, eigenvalue and occupancy below)
     1 -0.3239407592       2.000000000    
     2  0.3297976732       2.000000000    
     3  0.3731869464       2.000000000    
     4  0.4010560097       2.000000000    
     5  0.6448617506       0.000000000    
     6  0.7220921843       0.000000000    
     7  0.7224997247       0.000000000    
     8  0.9275052160       0.000000000    
     9   1.180612639       0.000000000    
    10   1.217106111       0.000000000    
    11   1.393526724       0.000000000    
    12   1.456738675       0.000000000    
    13   1.614564312       0.000000000    


    10  0.2500000000      0.8333333333E-01   0.000000000     : k-point, vkl
 (state, eigenvalue and occupancy below)
     1 -0.2938571794       2.000000000    
     2  0.2313898369       2.000000000    
     3  0.3468563243       2.000000000    
     4  0.3768109559       2.000000000    
     5  0.6761881680       0.000000000    
     6  0.7535986086       0.000000000    
     7  0.7569489060       0.000000000    
     8  0.9371197424       0.000000000    
     9   1.198563722       0.000000000    
    10   1.208508269       0.000000000    
    11   1.359120181       0.000000000    
    12   1.423582990       0.000000000    
    13   1.781360214       0.000000000    


    11  0.3333333333      0.8333333333E-01   0.000000000     : k-point, vkl
 (state, eigenvalue and occupancy below)
     1 -0.2506045277       2.000000000    
     2  0.1301216620       2.000000000    
     3  0.3283606780       2.000000000    
     4  0.3494984771       2.000000000    
     5  0.7048689004       0.000000000    
     6  0.7714389012       0.000000000    
     7  0.7757096222       0.000000000    
     8  0.9569278072       0.000000000    
     9   1.208547921       0.000000000    
    10   1.234719220       0.000000000    
    11   1.369114840       0.000000000    
    12   1.405754314       0.000000000    
    13   1.920796754       0.000000000    


    12  0.4166666667      0.8333333333E-01   0.000000000     : k-point, vkl
 (state, eigenvalue and occupancy below)
     1 -0.1959376041       2.000000000    
     2  0.3536629656E-01   2.000000000    
     3  0.3195101371       2.000000000    
     4  0.3260384342       2.000000000    
     5  0.7219430353       0.000000000    
     6  0.7778979125       0.000000000    
     7  0.7801603793       0.000000000    
     8  0.9859159894       0.000000000    
     9   1.209902700       0.000000000    
    10   1.288755065       0.000000000    
    11   1.389724992       0.000000000    
    12   1.405121187       0.000000000    
    13   1.800290519       0.000000000    


    13  0.5000000000      0.8333333333E-01   0.000000000     : k-point, vkl
 (state, eigenvalue and occupancy below)
     1 -0.1407203470       2.000000000    
     2 -0.3861398947E-01   2.000000000    
     3  0.3096248815       2.000000000    
     4  0.3206670818       2.000000000    
     5  0.7328116471       0.000000000    
     6  0.7707470355       0.000000000    
     7  0.7831415085       0.000000000    
     8   1.007807044       0.000000000    
     9   1.214725999       0.000000000    
    10   1.322319941       0.000000000    
    11   1.404794232       0.000000000    
    12   1.408234371       0.000000000    
    13   1.756067015       0.000000000    


    14  0.5833333333      0.8333333333E-01   0.000000000     : k-point, vkl
 (state, eigenvalue and occupancy below)
     1 -0.1569355603       2.000000000    
     2 -0.1856420993E-01   2.000000000    
     3  0.3019468353       2.000000000    
     4  0.3313667392       2.000000000    
     5  0.7431317729       0.000000000    
     6  0.7598895720       0.000000000    
     7  0.7817953757       0.000000000    
     8   1.008515215       0.000000000    
     9   1.212415058       0.000000000    
    10   1.331977999       0.000000000    
    11   1.343139674       0.000000000    
    12   1.439114121       0.000000000    
    13   1.787347163       0.000000000    


    15  0.6666666667      0.8333333333E-01   0.000000000     : k-point, vkl
 (state, eigenvalue and occupancy below)
     1 -0.2152146611       2.000000000    
     2  0.6591672537E-01   2.000000000    
     3  0.3039536128       2.000000000    
     4  0.3504679038       2.000000000    
     5  0.7448750126       0.000000000    
     6  0.7515133420       0.000000000    
     7  0.7755869477       0.000000000    
     8  0.9885389522       0.000000000    
     9   1.206615119       0.000000000    
    10   1.267252009       0.000000000    
    11   1.333894826       0.000000000    
    12   1.441683498       0.000000000    
    13   1.853758589       0.000000000    


    16  0.7500000000      0.8333333333E-01   0.000000000     : k-point, vkl
 (state, eigenvalue and occupancy below)
     1 -0.2664351489       2.000000000    
     2  0.1638249808       2.000000000    
     3  0.3159921280       2.000000000    
     4  0.3758641434       2.000000000    
     5  0.7211108952       0.000000000    
     6  0.7507031105       0.000000000    
     7  0.7603727108       0.000000000    
     8  0.9622023683       0.000000000    
     9   1.204381526       0.000000000    
    10   1.222372025       0.000000000    
    11   1.310476177       0.000000000    
    12   1.449721080       0.000000000    
    13   1.861169789       0.000000000    


    17  0.8333333333      0.8333333333E-01   0.000000000     : k-point, vkl
 (state, eigenvalue and occupancy below)
     1 -0.3053954693       2.000000000    
     2  0.2652733893       2.000000000    
     3  0.3377368006       2.000000000    
     4  0.4033247507       2.000000000    
     5  0.6885719594       0.000000000    
     6  0.7298469640       0.000000000    
     7  0.7346814884       0.000000000    
     8  0.9433660155       0.000000000    
     9   1.194112958       0.000000000    
    10   1.223713821       0.000000000    
    11   1.297743461       0.000000000    
    12   1.473860800       0.000000000    
    13   1.684545918       0.000000000    


    18  0.9166666667      0.8333333333E-01   0.000000000     : k-point, vkl
 (state, eigenvalue and occupancy below)
     1 -0.3309306789       2.000000000    
     2  0.3535870631       2.000000000    
     3  0.3721188178       2.000000000    
     4  0.4237884265       2.000000000    
     5  0.6603110935       0.000000000    
     6  0.6896082436       0.000000000    
     7  0.7021612433       0.000000000    
     8  0.9316998961       0.000000000    
     9   1.170693607       0.000000000    
    10   1.270405396       0.000000000    
    11   1.325001946       0.000000000    
    12   1.502280870       0.000000000    
    13   1.547501674       0.000000000    


    19  0.1666666667      0.1666666667       0.000000000     : k-point, vkl
 (state, eigenvalue and occupancy below)
     1 -0.3123102096       2.000000000    
     2  0.3418351945       2.000000000    
     3  0.3418354080       2.000000000    
     4  0.3532691651       2.000000000    
     5  0.6169993768       0.000000000    
     6  0.7672741967       0.000000000    
     7  0.7672744148       0.000000000    
     8  0.8994828547       0.000000000    
     9   1.172297562       0.000000000    
    10   1.199883683       0.000000000    
    11   1.500242891       0.000000000    
    12   1.545039540       0.000000000    
    13   1.545039919       0.000000000    


    20  0.2500000000      0.1666666667       0.000000000     : k-point, vkl
 (state, eigenvalue and occupancy below)
     1 -0.2868947589       2.000000000    
     2  0.2651166049       2.000000000    
     3  0.3144070771       2.000000000    
     4  0.3378841312       2.000000000    
     5  0.6265477485       0.000000000    
     6  0.8070617984       0.000000000    
     7  0.8091815690       0.000000000    
     8  0.8729257118       0.000000000    
     9   1.173396601       0.000000000    
    10   1.223395336       0.000000000    
    11   1.465055908       0.000000000    
    12   1.533651525       0.000000000    
    13   1.680202410       0.000000000    


    21  0.3333333333      0.1666666667       0.000000000     : k-point, vkl
 (state, eigenvalue and occupancy below)
     1 -0.2481549341       2.000000000    
     2  0.1715058811       2.000000000    
     3  0.2957134321       2.000000000    
     4  0.3102522691       2.000000000    
     5  0.6569329420       0.000000000    
     6  0.8308756019       0.000000000    
     7  0.8348442417       0.000000000    
     8  0.8691797816       0.000000000    
     9   1.207659707       0.000000000    
    10   1.231957679       0.000000000    
    11   1.453201952       0.000000000    
    12   1.502377968       0.000000000    
    13   1.849271127       0.000000000    


    22  0.4166666667      0.1666666667       0.000000000     : k-point, vkl
 (state, eigenvalue and occupancy below)
     1 -0.1973162864       2.000000000    
     2  0.7832901846E-01   2.000000000    
     3  0.2794296122       2.000000000    
     4  0.2877104694       2.000000000    
     5  0.6814927164       0.000000000    
     6  0.8401045085       0.000000000    
     7  0.8425386283       0.000000000    
     8  0.9025203824       0.000000000    
     9   1.212688715       0.000000000    
    10   1.262601720       0.000000000    
    11   1.461278265       0.000000000    
    12   1.477766317       0.000000000    
    13   1.810618743       0.000000000    


    23  0.5000000000      0.1666666667       0.000000000     : k-point, vkl
 (state, eigenvalue and occupancy below)
     1 -0.1397505815       2.000000000    
     2 -0.3264749091E-02   2.000000000    
     3  0.2532578473       2.000000000    
     4  0.2908684926       2.000000000    
     5  0.6971740827       0.000000000    
     6  0.8303476459       0.000000000    
     7  0.8465559360       0.000000000    
     8  0.9606665484       0.000000000    
     9   1.179172182       0.000000000    
    10   1.311462435       0.000000000    
    11   1.428841647       0.000000000    
    12   1.472451148       0.000000000    
    13   1.784943387       0.000000000    


    24  0.5833333333      0.1666666667       0.000000000     : k-point, vkl
 (state, eigenvalue and occupancy below)
     1 -0.1242046875       2.000000000    
     2 -0.2195286396E-01   2.000000000    
     3  0.2355349192       2.000000000    
     4  0.3046559913       2.000000000    
     5  0.7132614617       0.000000000    
     6  0.8122655632       0.000000000    
     7  0.8457972380       0.000000000    
     8   1.001820473       0.000000000    
     9   1.154135569       0.000000000    
    10   1.337745356       0.000000000    
    11   1.341493970       0.000000000    
    12   1.502930235       0.000000000    
    13   1.856384496       0.000000000    


    25  0.6666666667      0.1666666667       0.000000000     : k-point, vkl
 (state, eigenvalue and occupancy below)
     1 -0.1785394178       2.000000000    
     2  0.5049436385E-01   2.000000000    
     3  0.2283148335       2.000000000    
     4  0.3275346735       2.000000000    
     5  0.7324004978       0.000000000    
     6  0.7875398820       0.000000000    
     7  0.8399767901       0.000000000    
     8  0.9827379042       0.000000000    
     9   1.173792768       0.000000000    
    10   1.254218501       0.000000000    
    11   1.342090527       0.000000000    
    12   1.547705816       0.000000000    
    13   1.871977185       0.000000000    


    26  0.7500000000      0.1666666667       0.000000000     : k-point, vkl
 (state, eigenvalue and occupancy below)
     1 -0.2326093537       2.000000000    
     2  0.1418072285       2.000000000    
     3  0.2332202913       2.000000000    
     4  0.3564368582       2.000000000    
     5  0.7490362427       0.000000000    
     6  0.7543004551       0.000000000    
     7  0.8212964028       0.000000000    
     8  0.9459374097       0.000000000    
     9   1.199819284       0.000000000    
    10   1.202938971       0.000000000    
    11   1.324849550       0.000000000    
    12   1.589451745       0.000000000    
    13   1.793905106       0.000000000    


    27  0.8333333333      0.1666666667       0.000000000     : k-point, vkl
 (state, eigenvalue and occupancy below)
     1 -0.2755105678       2.000000000    
     2  0.2271252019       2.000000000    
     3  0.2601452741       2.000000000    
     4  0.3853814975       2.000000000    
     5  0.7160333583       0.000000000    
     6  0.7523737278       0.000000000    
     7  0.7794337017       0.000000000    
     8  0.9360700542       0.000000000    
     9   1.190231238       0.000000000    
    10   1.210026239       0.000000000    
    11   1.300010358       0.000000000    
    12   1.620859189       0.000000000    
    13   1.643219564       0.000000000    


    28  0.2500000000      0.2500000000       0.000000000     : k-point, vkl
 (state, eigenvalue and occupancy below)
     1 -0.2661957303       2.000000000    
     2  0.2698293386       2.000000000    
     3  0.2852528622       2.000000000    
     4  0.2852530994       2.000000000    
     5  0.5991972870       0.000000000    
     6  0.8128501223       0.000000000    
     7  0.8613962475       0.000000000    
     8  0.8613964469       0.000000000    
     9   1.176277992       0.000000000    
    10   1.249525211       0.000000000    
    11   1.563448877       0.000000000    
    12   1.643768146       0.000000000    
    13   1.643768475       0.000000000    


    29  0.3333333333      0.2500000000       0.000000000     : k-point, vkl
 (state, eigenvalue and occupancy below)
     1 -0.2321282549       2.000000000    
     2  0.2001622362       2.000000000    
     3  0.2624282650       2.000000000    
     4  0.2647720353       2.000000000    
     5  0.6112333845       0.000000000    
     6  0.7802807407       0.000000000    
     7  0.8983936738       0.000000000    
     8  0.8989614723       0.000000000    
     9   1.203965048       0.000000000    
    10   1.263410736       0.000000000    
    11   1.555266471       0.000000000    
    12   1.634850950       0.000000000    
    13   1.762567486       0.000000000    


    30  0.4166666667      0.2500000000       0.000000000     : k-point, vkl
 (state, eigenvalue and occupancy below)
     1 -0.1856260856       2.000000000    
     2  0.1198199944       2.000000000    
     3  0.2255801037       2.000000000    
     4  0.2553286094       2.000000000    
     5  0.6402305423       0.000000000    
     6  0.7930214920       0.000000000    
     7  0.9135556764       0.000000000    
     8  0.9169993605       0.000000000    
     9   1.230304070       0.000000000    
    10   1.263240626       0.000000000    
    11   1.533439909       0.000000000    
    12   1.601054912       0.000000000    
    13   1.817837102       0.000000000    


    31  0.5000000000      0.2500000000       0.000000000     : k-point, vkl
 (state, eigenvalue and occupancy below)
     1 -0.1298438703       2.000000000    
     2  0.4124130923E-01   2.000000000    
     3  0.1893400316       2.000000000    
     4  0.2576679975       2.000000000    
     5  0.6597038325       0.000000000    
     6  0.8563253868       0.000000000    
     7  0.9066673362       0.000000000    
     8  0.9241597553       0.000000000    
     9   1.184637119       0.000000000    
    10   1.303044355       0.000000000    
    11   1.467237221       0.000000000    
    12   1.584737055       0.000000000    
    13   1.823595288       0.000000000    


    32  0.5833333333      0.2500000000       0.000000000     : k-point, vkl
 (state, eigenvalue and occupancy below)
     1 -0.9021687665E-01   2.000000000    
     2 -0.5304374332E-02   2.000000000    
     3  0.1619523964       2.000000000    
     4  0.2714456303       2.000000000    
     5  0.6771968356       0.000000000    
     6  0.8843259700       0.000000000    
     7  0.9202978541       0.000000000    
     8  0.9469108320       0.000000000    
     9   1.115564303       0.000000000    
    10   1.337368025       0.000000000    
    11   1.364701809       0.000000000    
    12   1.598055101       0.000000000    
    13   1.892003441       0.000000000    


    33  0.6666666667      0.2500000000       0.000000000     : k-point, vkl
 (state, eigenvalue and occupancy below)
     1 -0.1313149574       2.000000000    
     2  0.4624976208E-01   2.000000000    
     3  0.1472302071       2.000000000    
     4  0.2951883339       2.000000000    
     5  0.7003986798       0.000000000    
     6  0.8495325759       0.000000000    
     7  0.9188611031       0.000000000    
     8  0.9798715321       0.000000000    
     9   1.096046466       0.000000000    
    10   1.272424960       0.000000000    
    11   1.351996409       0.000000000    
    12   1.633167959       0.000000000    
    13   1.903908521       0.000000000    


    34  0.7500000000      0.2500000000       0.000000000     : k-point, vkl
 (state, eigenvalue and occupancy below)
     1 -0.1865233522       2.000000000    
     2  0.1171896713       2.000000000    
     3  0.1579888852       2.000000000    
     4  0.3256798079       2.000000000    
     5  0.7275018839       0.000000000    
     6  0.8034100668       0.000000000    
     7  0.8897070532       0.000000000    
     8  0.9440518975       0.000000000    
     9   1.160436223       0.000000000    
    10   1.215155345       0.000000000    
    11   1.345310285       0.000000000    
    12   1.664492170       0.000000000    
    13   1.793517693       0.000000000    


    35  0.3333333333      0.3333333333       0.000000000     : k-point, vkl
 (state, eigenvalue and occupancy below)
     1 -0.2027936062       2.000000000    
     2  0.1724471785       2.000000000    
     3  0.2418554030       2.000000000    
     4  0.2418556451       2.000000000    
     5  0.5886560002       0.000000000    
     6  0.7213457301       0.000000000    
     7  0.9514523728       0.000000000    
     8  0.9514525399       0.000000000    
     9   1.217627166       0.000000000    
    10   1.287363915       0.000000000    
    11   1.652104440       0.000000000    
    12   1.716747478       0.000000000    
    13   1.716747685       0.000000000    


    36  0.4166666667      0.3333333333       0.000000000     : k-point, vkl
 (state, eigenvalue and occupancy below)
     1 -0.1608953938       2.000000000    
     2  0.1173860130       2.000000000    
     3  0.2088904021       2.000000000    
     4  0.2298679893       2.000000000    
     5  0.6053575494       0.000000000    
     6  0.7026818503       0.000000000    
     7  0.9798220035       0.000000000    
     8  0.9816646525       0.000000000    
     9   1.242607228       0.000000000    
    10   1.285526956       0.000000000    
    11   1.621248292       0.000000000    
    12   1.693802702       0.000000000    
    13   1.785426232       0.000000000    


    37  0.5000000000      0.3333333333       0.000000000     : k-point, vkl
 (state, eigenvalue and occupancy below)
     1 -0.1085538612       2.000000000    
     2  0.6135734985E-01   2.000000000    
     3  0.1565108878       2.000000000    
     4  0.2299045748       2.000000000    
     5  0.6298421259       0.000000000    
     6  0.7435381370       0.000000000    
     7  0.9801405915       0.000000000    
     8  0.9930842129       0.000000000    
     9   1.216539987       0.000000000    
    10   1.297440797       0.000000000    
    11   1.527612367       0.000000000    
    12   1.678328809       0.000000000    
    13   1.853955518       0.000000000    


    38  0.5833333333      0.3333333333       0.000000000     : k-point, vkl
 (state, eigenvalue and occupancy below)
     1 -0.5840049834E-01   2.000000000    
     2  0.1494521273E-01   2.000000000    
     3  0.1104506098       2.000000000    
     4  0.2418961432       2.000000000    
     5  0.6467657366       0.000000000    
     6  0.8337984300       0.000000000    
     7  0.9556068486       0.000000000    
     8  0.9937480039       0.000000000    
     9   1.137548539       0.000000000    
    10   1.328040815       0.000000000    
    11   1.418275620       0.000000000    
    12   1.684973450       0.000000000    
    13   1.917321095       0.000000000    


    39  0.6666666667      0.3333333333       0.000000000     : k-point, vkl
 (state, eigenvalue and occupancy below)
     1 -0.7886705834E-01   2.000000000    
     2  0.3536369571E-01   2.000000000    
     3  0.9370810240E-01   2.000000000    
     4  0.2646280022       2.000000000    
     5  0.6697774333       0.000000000    
     6  0.9101584078       0.000000000    
     7  0.9321987756       0.000000000    
     8  0.9837989259       0.000000000    
     9   1.063688411       0.000000000    
    10   1.327556230       0.000000000    
    11   1.347839838       0.000000000    
    12   1.684989483       0.000000000    
    13   1.940023468       0.000000000    


    40  0.4166666667      0.4166666667       0.000000000     : k-point, vkl
 (state, eigenvalue and occupancy below)
     1 -0.1236667565       2.000000000    
     2  0.6935631014E-01   2.000000000    
     3  0.2149158429       2.000000000    
     4  0.2149160840       2.000000000    
     5  0.5911561019       0.000000000    
     6  0.6534648998       0.000000000    
     7   1.022796801       0.000000000    
     8   1.022796925       0.000000000    
     9   1.258731265       0.000000000    
    10   1.300557964       0.000000000    
    11   1.682717949       0.000000000    
    12   1.682718173       0.000000000    
    13   1.766358707       0.000000000    


    41  0.5000000000      0.4166666667       0.000000000     : k-point, vkl
 (state, eigenvalue and occupancy below)
     1 -0.7547576352E-01   2.000000000    
     2  0.2003695241E-01   2.000000000    
     3  0.1857198339       2.000000000    
     4  0.2119699494       2.000000000    
     5  0.6116980140       0.000000000    
     6  0.6534016929       0.000000000    
     7   1.032791462       0.000000000    
     8   1.037444931       0.000000000    
     9   1.260905675       0.000000000    
    10   1.293634747       0.000000000    
    11   1.605573923       0.000000000    
    12   1.675789649       0.000000000    
    13   1.867331985       0.000000000    


    42  0.5833333333      0.4166666667       0.000000000     : k-point, vkl
 (state, eigenvalue and occupancy below)
     1 -0.2825300685E-01   2.000000000    
     2 -0.1467946204E-01   2.000000000    
     3  0.1343928032       2.000000000    
     4  0.2212577888       2.000000000    
     5  0.6265232376       0.000000000    
     6  0.7266319380       0.000000000    
     7   1.008745125       0.000000000    
     8   1.029383853       0.000000000    
     9   1.199570290       0.000000000    
    10   1.311466703       0.000000000    
    11   1.503308155       0.000000000    
    12   1.697654111       0.000000000    
    13   1.919289631       0.000000000    


    43  0.5000000000      0.5000000000       0.000000000     : k-point, vkl
 (state, eigenvalue and occupancy below)
     1 -0.3149479604E-01   2.000000000    
     2 -0.3149468231E-01   2.000000000    
     3  0.2058061455       2.000000000    
     4  0.2058063874       2.000000000    
     5  0.6113005121       0.000000000    
     6  0.6113008993       0.000000000    
     7   1.051799602       0.000000000    
     8   1.051799704       0.000000000    
     9   1.288736310       0.000000000    
    10   1.288736342       0.000000000    
    11   1.653656309       0.000000000    
    12   1.653656573       0.000000000    
    13   1.906376415       0.000000000    


    44  0.2500000000      0.1666666667      0.8333333333E-01 : k-point, vkl
 (state, eigenvalue and occupancy below)
     1 -0.3030653815       2.000000000    
     2  0.2891131682       2.000000000    
     3  0.3144153156       2.000000000    
     4  0.3865071542       2.000000000    
     5  0.6535213921       0.000000000    
     6  0.7580033442       0.000000000    
     7  0.7653122870       0.000000000    
     8  0.9166674859       0.000000000    
     9   1.186307518       0.000000000    
    10   1.202937207       0.000000000    
    11   1.364156842       0.000000000    
    12   1.566935311       0.000000000    
    13   1.593959754       0.000000000    


    45  0.3333333333      0.1666666667      0.8333333333E-01 : k-point, vkl
 (state, eigenvalue and occupancy below)
     1 -0.2686408766       2.000000000    
     2  0.2022125886       2.000000000    
     3  0.2830561030       2.000000000    
     4  0.3623841760       2.000000000    
     5  0.6852397043       0.000000000    
     6  0.7761628985       0.000000000    
     7  0.8057804505       0.000000000    
     8  0.9125507593       0.000000000    
     9   1.194733910       0.000000000    
    10   1.216740398       0.000000000    
    11   1.351997223       0.000000000    
    12   1.541372608       0.000000000    
    13   1.748561162       0.000000000    


    46  0.4166666667      0.1666666667      0.8333333333E-01 : k-point, vkl
 (state, eigenvalue and occupancy below)
     1 -0.2215177229       2.000000000    
     2  0.1058691896       2.000000000    
     3  0.2686287303       2.000000000    
     4  0.3341233245       2.000000000    
     5  0.7155993568       0.000000000    
     6  0.7773098144       0.000000000    
     7  0.8296811453       0.000000000    
     8  0.9356258385       0.000000000    
     9   1.207878540       0.000000000    
    10   1.235204585       0.000000000    
    11   1.366068285       0.000000000    
    12   1.515622857       0.000000000    
    13   1.860992088       0.000000000    


    47  0.5000000000      0.1666666667      0.8333333333E-01 : k-point, vkl
 (state, eigenvalue and occupancy below)
     1 -0.1646327693       2.000000000    
     2  0.1715040794E-01   2.000000000    
     3  0.2637226708       2.000000000    
     4  0.3111180945       2.000000000    
     5  0.7325441221       0.000000000    
     6  0.7702872545       0.000000000    
     7  0.8400063131       0.000000000    
     8  0.9784036385       0.000000000    
     9   1.185302537       0.000000000    
    10   1.293805325       0.000000000    
    11   1.378956762       0.000000000    
    12   1.487013723       0.000000000    
    13   1.808544311       0.000000000    


    48  0.5833333333      0.1666666667      0.8333333333E-01 : k-point, vkl
 (state, eigenvalue and occupancy below)
     1 -0.1226763675       2.000000000    
     2 -0.3572798301E-01   2.000000000    
     3  0.2636540381       2.000000000    
     4  0.3015419324       2.000000000    
     5  0.7379422759       0.000000000    
     6  0.7659955514       0.000000000    
     7  0.8428984559       0.000000000    
     8   1.002926876       0.000000000    
     9   1.170334236       0.000000000    
    10   1.324973225       0.000000000    
    11   1.397920817       0.000000000    
    12   1.451676990       0.000000000    
    13   1.811229099       0.000000000    


    49  0.3333333333      0.2500000000      0.8333333333E-01 : k-point, vkl
 (state, eigenvalue and occupancy below)
     1 -0.2571446361       2.000000000    
     2  0.2251458449       2.000000000    
     3  0.2597220712       2.000000000    
     4  0.3174030231       2.000000000    
     5  0.6374184497       0.000000000    
     6  0.8331474930       0.000000000    
     7  0.8387990706       0.000000000    
     8  0.8609422934       0.000000000    
     9   1.190530338       0.000000000    
    10   1.240314107       0.000000000    
    11   1.453169911       0.000000000    
    12   1.655575623       0.000000000    
    13   1.668822716       0.000000000    


    50  0.4166666667      0.2500000000      0.8333333333E-01 : k-point, vkl
 (state, eigenvalue and occupancy below)
     1 -0.2144836760       2.000000000    
     2  0.1471398287       2.000000000    
     3  0.2317195759       2.000000000    
     4  0.2907970999       2.000000000    
     5  0.6710846111       0.000000000    
     6  0.8277481660       0.000000000    
     7  0.8471643966       0.000000000    
     8  0.9006137966       0.000000000    
     9   1.222405261       0.000000000    
    10   1.236947347       0.000000000    
    11   1.447186208       0.000000000    
    12   1.617422195       0.000000000    
    13   1.807876670       0.000000000    


    51  0.5000000000      0.2500000000      0.8333333333E-01 : k-point, vkl
 (state, eigenvalue and occupancy below)
     1 -0.1608325484       2.000000000    
     2  0.6158990408E-01   2.000000000    
     3  0.2170565567       2.000000000    
     4  0.2685132776       2.000000000    
     5  0.6968961184       0.000000000    
     6  0.8278059329       0.000000000    
     7  0.8796504665       0.000000000    
     8  0.9238987379       0.000000000    
     9   1.188628543       0.000000000    
    10   1.277640770       0.000000000    
    11   1.448098840       0.000000000    
    12   1.563395167       0.000000000    
    13   1.834409109       0.000000000    


    52  0.5833333333      0.2500000000      0.8333333333E-01 : k-point, vkl
 (state, eigenvalue and occupancy below)
     1 -0.1074132887       2.000000000    
     2 -0.7282953578E-02   2.000000000    
     3  0.2022799447       2.000000000    
     4  0.2650111764       2.000000000    
     5  0.7131487873       0.000000000    
     6  0.8165202715       0.000000000    
     7  0.9125357324       0.000000000    
     8  0.9600125081       0.000000000    
     9   1.131430134       0.000000000    
    10   1.315723081       0.000000000    
    11   1.421339324       0.000000000    
    12   1.531039839       0.000000000    
    13   1.861916953       0.000000000    


    53  0.6666666667      0.2500000000      0.8333333333E-01 : k-point, vkl
 (state, eigenvalue and occupancy below)
     1 -0.1233857933       2.000000000    
     2  0.1258425481E-01   2.000000000    
     3  0.1901189145       2.000000000    
     4  0.2798403932       2.000000000    
     5  0.7311074005       0.000000000    
     6  0.7980221693       0.000000000    
     7  0.9087491911       0.000000000    
     8  0.9789580147       0.000000000    
     9   1.118547765       0.000000000    
    10   1.299755072       0.000000000    
    11   1.382023064       0.000000000    
    12   1.564470360       0.000000000    
    13   1.900821273       0.000000000    


    54  0.7500000000      0.2500000000      0.8333333333E-01 : k-point, vkl
 (state, eigenvalue and occupancy below)
     1 -0.1800353084       2.000000000    
     2  0.9165602376E-01   2.000000000    
     3  0.1875470779       2.000000000    
     4  0.3061440540       2.000000000    
     5  0.7517001807       0.000000000    
     6  0.7695489856       0.000000000    
     7  0.8943393523       0.000000000    
     8  0.9318144661       0.000000000    
     9   1.171373881       0.000000000    
    10   1.242162719       0.000000000    
    11   1.371014006       0.000000000    
    12   1.621168839       0.000000000    
    13   1.842434017       0.000000000    


    55  0.8333333333      0.2500000000      0.8333333333E-01 : k-point, vkl
 (state, eigenvalue and occupancy below)
     1 -0.2302616712       2.000000000    
     2  0.1693749089       2.000000000    
     3  0.2079513118       2.000000000    
     4  0.3370583379       2.000000000    
     5  0.7234749282       0.000000000    
     6  0.7739465325       0.000000000    
     7  0.8627170775       0.000000000    
     8  0.8997022290       0.000000000    
     9   1.204957231       0.000000000    
    10   1.211847970       0.000000000    
    11   1.355940429       0.000000000    
    12   1.668426834       0.000000000    
    13   1.719762446       0.000000000    


    56  0.4166666667      0.3333333333      0.8333333333E-01 : k-point, vkl
 (state, eigenvalue and occupancy below)
     1 -0.1941367042       2.000000000    
     2  0.1561867505       2.000000000    
     3  0.2179560536       2.000000000    
     4  0.2468178102       2.000000000    
     5  0.6273323436       0.000000000    
     6  0.7520750342       0.000000000    
     7  0.9141501445       0.000000000    
     8  0.9523951273       0.000000000    
     9   1.230022652       0.000000000    
    10   1.264970555       0.000000000    
    11   1.551852203       0.000000000    
    12   1.699604945       0.000000000    
    13   1.773880567       0.000000000    


    57  0.5000000000      0.3333333333      0.8333333333E-01 : k-point, vkl
 (state, eigenvalue and occupancy below)
     1 -0.1445760018       2.000000000    
     2  0.9477925649E-01   2.000000000    
     3  0.1808402871       2.000000000    
     4  0.2277454952       2.000000000    
     5  0.6617175830       0.000000000    
     6  0.7700355840       0.000000000    
     7  0.9126787532       0.000000000    
     8  0.9812659777       0.000000000    
     9   1.222248953       0.000000000    
    10   1.269323400       0.000000000    
    11   1.527598812       0.000000000    
    12   1.646408503       0.000000000    
    13   1.859643737       0.000000000    


    58  0.5833333333      0.3333333333      0.8333333333E-01 : k-point, vkl
 (state, eigenvalue and occupancy below)
     1 -0.8923476102E-01   2.000000000    
     2  0.3060398680E-01   2.000000000    
     3  0.1452618514       2.000000000    
     4  0.2287274578       2.000000000    
     5  0.6819953317       0.000000000    
     6  0.8420225097       0.000000000    
     7  0.9010972857       0.000000000    
     8  0.9819670073       0.000000000    
     9   1.154829742       0.000000000    
    10   1.301730950       0.000000000    
    11   1.465901292       0.000000000    
    12   1.624989136       0.000000000    
    13   1.908824200       0.000000000    


    59  0.6666666667      0.3333333333      0.8333333333E-01 : k-point, vkl
 (state, eigenvalue and occupancy below)
     1 -0.7668429769E-01   2.000000000    
     2  0.1910687602E-01   2.000000000    
     3  0.1206093891       2.000000000    
     4  0.2454588133       2.000000000    
     5  0.7012200159       0.000000000    
     6  0.8723635734       0.000000000    
     7  0.9349355320       0.000000000    
     8  0.9602060855       0.000000000    
     9   1.092031269       0.000000000    
    10   1.306302903       0.000000000    
    11   1.400506238       0.000000000    
    12   1.645400085       0.000000000    
    13   1.949291022       0.000000000    


    60  0.7500000000      0.3333333333      0.8333333333E-01 : k-point, vkl
 (state, eigenvalue and occupancy below)
     1 -0.1283374204       2.000000000    
     2  0.7337402232E-01   2.000000000    
     3  0.1221923277       2.000000000    
     4  0.2731540172       2.000000000    
     5  0.7267590949       0.000000000    
     6  0.8271986999       0.000000000    
     7  0.9307114784       0.000000000    
     8  0.9613491823       0.000000000    
     9   1.103168377       0.000000000    
    10   1.269282695       0.000000000    
    11   1.380754678       0.000000000    
    12   1.662596157       0.000000000    
    13   1.874312999       0.000000000    


    61  0.5000000000      0.4166666667      0.8333333333E-01 : k-point, vkl
 (state, eigenvalue and occupancy below)
     1 -0.1158594464       2.000000000    
     2  0.6942132104E-01   2.000000000    
     3  0.1929502995       2.000000000    
     4  0.2028595402       2.000000000    
     5  0.6294023760       0.000000000    
     6  0.6879384709       0.000000000    
     7  0.9875364043       0.000000000    
     8   1.019617414       0.000000000    
     9   1.260350854       0.000000000    
    10   1.269937814       0.000000000    
    11   1.606410596       0.000000000    
    12   1.657334278       0.000000000    
    13   1.864962616       0.000000000    


    62  0.5833333333      0.4166666667      0.8333333333E-01 : k-point, vkl
 (state, eigenvalue and occupancy below)
     1 -0.6252663977E-01   2.000000000    
     2  0.2428629222E-01   2.000000000    
     3  0.1432466108       2.000000000    
     4  0.2016713442       2.000000000    
     5  0.6590361018       0.000000000    
     6  0.7344265988       0.000000000    
     7  0.9789438869       0.000000000    
     8   1.016395039       0.000000000    
     9   1.211464266       0.000000000    
    10   1.285160076       0.000000000    
    11   1.534651176       0.000000000    
    12   1.654304219       0.000000000    
    13   1.950949402       0.000000000    


    63  0.6666666667      0.4166666667      0.8333333333E-01 : k-point, vkl
 (state, eigenvalue and occupancy below)
     1 -0.3558153664E-01   2.000000000    
     2  0.7578206391E-02   2.000000000    
     3  0.1001957641       2.000000000    
     4  0.2178752067       2.000000000    
     5  0.6764184467       0.000000000    
     6  0.8327236564       0.000000000    
     7  0.9457831982       0.000000000    
     8  0.9857749004       0.000000000    
     9   1.144279666       0.000000000    
    10   1.302889819       0.000000000    
    11   1.451290851       0.000000000    
    12   1.674175508       0.000000000    
    13   1.976046165       0.000000000    


    64  0.5833333333      0.5000000000      0.8333333333E-01 : k-point, vkl
 (state, eigenvalue and occupancy below)
     1 -0.2573626590E-01   2.000000000    
     2 -0.2573615732E-01   2.000000000    
     3  0.1869686456       2.000000000    
     4  0.1869688762       2.000000000    
     5  0.6482078404       0.000000000    
     6  0.6482082086       0.000000000    
     7   1.032630028       0.000000000    
     8   1.032630241       0.000000000    
     9   1.269121891       0.000000000    
    10   1.269121907       0.000000000    
    11   1.619884815       0.000000000    
    12   1.619885106       0.000000000    
    13   1.973081463       0.000000000    


    65  0.5000000000      0.3333333333      0.1666666667     : k-point, vkl
 (state, eigenvalue and occupancy below)
     1 -0.1686644831       2.000000000    
     2  0.1173428520       2.000000000    
     3  0.1688083256       2.000000000    
     4  0.2602817950       2.000000000    
     5  0.7188922038       0.000000000    
     6  0.8049565370       0.000000000    
     7  0.8537744520       0.000000000    
     8  0.9555699381       0.000000000    
     9   1.198477926       0.000000000    
    10   1.249488875       0.000000000    
    11   1.444655805       0.000000000    
    12   1.667491829       0.000000000    
    13   1.821199045       0.000000000    


    66  0.5833333333      0.3333333333      0.1666666667     : k-point, vkl
 (state, eigenvalue and occupancy below)
     1 -0.1139271760       2.000000000    
     2  0.5380005515E-01   2.000000000    
     3  0.1509290613       2.000000000    
     4  0.2315514948       2.000000000    
     5  0.7550467062       0.000000000    
     6  0.8013725702       0.000000000    
     7  0.8827064743       0.000000000    
     8  0.9776847855       0.000000000    
     9   1.139572486       0.000000000    
    10   1.280095439       0.000000000    
    11   1.449882525       0.000000000    
    12   1.622537735       0.000000000    
    13   1.911633419       0.000000000    


    67  0.6666666667      0.3333333333      0.1666666667     : k-point, vkl
 (state, eigenvalue and occupancy below)
     1 -0.7422255034E-01   2.000000000    
     2  0.7496000570E-02   2.000000000    
     3  0.1498233162       2.000000000    
     4  0.2195019094       2.000000000    
     5  0.7601641865       0.000000000    
     6  0.8043128630       0.000000000    
     7  0.9391916965       0.000000000    
     8  0.9488798826       0.000000000    
     9   1.109044285       0.000000000    
    10   1.297818092       0.000000000    
    11   1.454472026       0.000000000    
    12   1.593669549       0.000000000    
    13   1.944805924       0.000000000    


    68  0.5833333333      0.4166666667      0.1666666667     : k-point, vkl
 (state, eigenvalue and occupancy below)
     1 -0.9359991469E-01   2.000000000    
     2  0.6169315263E-01   2.000000000    
     3  0.1479046801       2.000000000    
     4  0.1880985594       2.000000000    
     5  0.7221182066       0.000000000    
     6  0.7707685149       0.000000000    
     7  0.9016009799       0.000000000    
     8   1.002345813       0.000000000    
     9   1.195485708       0.000000000    
    10   1.265184080       0.000000000    
    11   1.526766929       0.000000000    
    12   1.630892865       0.000000000    
    13   1.944534439       0.000000000    


    69  0.6666666667      0.4166666667      0.1666666667     : k-point, vkl
 (state, eigenvalue and occupancy below)
     1 -0.4382604034E-01   2.000000000    
     2  0.2163870425E-01   2.000000000    
     3  0.1194953839       2.000000000    
     4  0.1773563010       2.000000000    
     5  0.7528423620       0.000000000    
     6  0.8343797691       0.000000000    
     7  0.8900728833       0.000000000    
     8  0.9556133904       0.000000000    
     9   1.169747704       0.000000000    
    10   1.269794370       0.000000000    
    11   1.510300236       0.000000000    
    12   1.620165858       0.000000000    
    13   1.996825999       0.000000000    


    70  0.7500000000      0.4166666667      0.1666666667     : k-point, vkl
 (state, eigenvalue and occupancy below)
     1 -0.6197674424E-01   2.000000000    
     2  0.3711750897E-01   2.000000000    
     3  0.1090715912       2.000000000    
     4  0.1968275923       2.000000000    
     5  0.7701219456       0.000000000    
     6  0.8356710379       0.000000000    
     7  0.8988394192       0.000000000    
     8  0.9425075068       0.000000000    
     9   1.139690215       0.000000000    
    10   1.276902399       0.000000000    
    11   1.472375786       0.000000000    
    12   1.638566381       0.000000000    
    13   1.959543559       0.000000000    


    71  0.6666666667      0.5000000000      0.1666666667     : k-point, vkl
 (state, eigenvalue and occupancy below)
     1 -0.1183094752E-01   2.000000000    
     2 -0.1183085631E-01   2.000000000    
     3  0.1508295127       2.000000000    
     4  0.1508297399       2.000000000    
     5  0.7385508298       0.000000000    
     6  0.7385511705       0.000000000    
     7  0.9678517463       0.000000000    
     8  0.9678521168       0.000000000    
     9   1.235879844       0.000000000    
    10   1.235879950       0.000000000    
    11   1.583038208       0.000000000    
    12   1.583038488       0.000000000    
    13   2.074236793       0.000000000    


    72  0.7500000000      0.5000000000      0.2500000000     : k-point, vkl
 (state, eigenvalue and occupancy below)
     1 -0.2945329141E-02   2.000000000    
     2 -0.2945256261E-02   2.000000000    
     3  0.1322413967       2.000000000    
     4  0.1322416250       2.000000000    
     5  0.8278209130       0.000000000    
     6  0.8278211513       0.000000000    
     7  0.8866850289       0.000000000    
     8  0.8866854931       0.000000000    
     9   1.222894949       0.000000000    
    10   1.222895103       0.000000000    
    11   1.571500334       0.000000000    
    12   1.571500594       0.000000000    
    13   2.079177396       0.000000000    

