
Species :    1 (C), atom :    1
 l =  0, m =  0, lm =   1 :    24.00000000    
 l =  1, m = -1, lm =   2 :    112.0000000    
 l =  1, m =  0, lm =   3 :    112.0000000    
 l =  1, m =  1, lm =   4 :    112.0000000    
 l =  2, m = -2, lm =   5 :    288.0000000    
 l =  2, m = -1, lm =   6 :    288.0000000    
 l =  2, m =  0, lm =   7 :    288.0000000    
 l =  2, m =  1, lm =   8 :    528.0000000    
 l =  2, m =  2, lm =   9 :    528.0000000    
 l =  3, m = -3, lm =  10 :    120.0000000    
 l =  3, m = -2, lm =  11 :    689.0202316    
 l =  3, m = -1, lm =  12 :    689.0202316    
 l =  3, m =  0, lm =  13 :    689.0202316    
 l =  3, m =  1, lm =  14 :    1454.979768    
 l =  3, m =  2, lm =  15 :    1454.979768    
 l =  3, m =  3, lm =  16 :    1454.979768    

Species :    1 (C), atom :    2
 l =  0, m =  0, lm =   1 :    24.00000000    
 l =  1, m = -1, lm =   2 :    112.0000000    
 l =  1, m =  0, lm =   3 :    112.0000000    
 l =  1, m =  1, lm =   4 :    112.0000000    
 l =  2, m = -2, lm =   5 :    288.0000000    
 l =  2, m = -1, lm =   6 :    288.0000000    
 l =  2, m =  0, lm =   7 :    288.0000000    
 l =  2, m =  1, lm =   8 :    528.0000000    
 l =  2, m =  2, lm =   9 :    528.0000000    
 l =  3, m = -3, lm =  10 :    120.0000000    
 l =  3, m = -2, lm =  11 :    689.0202316    
 l =  3, m = -1, lm =  12 :    689.0202316    
 l =  3, m =  0, lm =  13 :    689.0202316    
 l =  3, m =  1, lm =  14 :    1454.979768    
 l =  3, m =  2, lm =  15 :    1454.979768    
 l =  3, m =  3, lm =  16 :    1454.979768    
