 -0.7349870000       2.095670998    
 -0.7335170260       2.092120207    
 -0.7320470520       2.105976511    
 -0.7305770780       2.133422203    
 -0.7291071040       2.165252169    
 -0.7276371300       2.190974042    
 -0.7261671560       2.214413801    
 -0.7246971820       2.233788752    
 -0.7232272080       2.251426982    
 -0.7217572340       2.264347752    
 -0.7202872600       2.274753144    
 -0.7188172860       2.283633419    
 -0.7173473120       2.297978827    
 -0.7158773380       2.315502541    
 -0.7144073640       2.335379041    
 -0.7129373900       2.354568207    
 -0.7114674160       2.375163132    
 -0.7099974420       2.395184910    
 -0.7085274680       2.412769302    
 -0.7070574940       2.429733061    
 -0.7055875200       2.447159080    
 -0.7041175460       2.467324087    
 -0.7026475720       2.488288039    
 -0.7011775980       2.511343295    
 -0.6997076240       2.534358385    
 -0.6982376500       2.555232626    
 -0.6967676760       2.573925217    
 -0.6952977020       2.591337608    
 -0.6938277280       2.614371382    
 -0.6923577540       2.640343382    
 -0.6908877800       2.670394915    
 -0.6894178060       2.695776016    
 -0.6879478320       2.722023824    
 -0.6864778580       2.743719334    
 -0.6850078840       2.763796979    
 -0.6835379100       2.776679371    
 -0.6820679360       2.789281735    
 -0.6805979620       2.802014773    
 -0.6791279880       2.818960458    
 -0.6776580140       2.834375662    
 -0.6761880400       2.851218642    
 -0.6747180660       2.863648827    
 -0.6732480920       2.880348757    
 -0.6717781180       2.893606669    
 -0.6703081440       2.911734661    
 -0.6688381700       2.923308608    
 -0.6673681960       2.938312458    
 -0.6658982220       2.951822557    
 -0.6644282480       2.971089333    
 -0.6629582740       2.992827718    
 -0.6614883000       3.013377501    
 -0.6600183260       3.034685581    
 -0.6585483520       3.051575936    
 -0.6570783780       3.074885487    
 -0.6556084040       3.094081838    
 -0.6541384300       3.118022832    
 -0.6526684560       3.132507815    
 -0.6511984820       3.150759624    
 -0.6497285080       3.165051622    
 -0.6482585340       3.188245133    
 -0.6467885600       3.213180715    
 -0.6453185860       3.242418888    
 -0.6438486120       3.271093645    
 -0.6423786380       3.297052788    
 -0.6409086640       3.322721418    
 -0.6394386900       3.343013996    
 -0.6379687160       3.367497960    
 -0.6364987420       3.389189303    
 -0.6350287680       3.413200718    
 -0.6335587940       3.428845268    
 -0.6320888200       3.443785702    
 -0.6306188460       3.462697308    
 -0.6291488720       3.489291480    
 -0.6276788980       3.521353939    
 -0.6262089240       3.550786810    
 -0.6247389500       3.579765212    
 -0.6232689760       3.607309688    
 -0.6217990020       3.637811537    
 -0.6203290280       3.668347918    
 -0.6188590540       3.702848687    
 -0.6173890800       3.737206119    
 -0.6159191060       3.778543789    
 -0.6144491320       3.820180662    
 -0.6129791580       3.871601244    
 -0.6115091840       3.923082447    
 -0.6100392100       3.983855519    
 -0.6085692360       4.048972310    
 -0.6070992620       4.136208192    
 -0.6056292880       4.247236776    
 -0.6041593140       4.377808534    
 -0.6026893400       4.499459708    
 -0.6012193660       4.581278446    
 -0.5997493920       4.620703822    
 -0.5982794180       4.623596953    
 -0.5968094440       4.623395570    
 -0.5953394700       4.615004461    
 -0.5938694960       4.614192344    
 -0.5923995220       4.595357535    
 -0.5909295480       4.576409226    
 -0.5894595740       4.540808375    
 -0.5879896000       4.513683375    
 -0.5865196260       4.480002498    
 -0.5850496520       4.458726030    
 -0.5835796780       4.437266450    
 -0.5821097040       4.433847758    
 -0.5806397300       4.441848726    
 -0.5791697560       4.466294538    
 -0.5776997820       4.483290467    
 -0.5762298080       4.472384240    
 -0.5747598340       4.423855256    
 -0.5732898600       4.345278380    
 -0.5718198860       4.263448446    
 -0.5703499120       4.181063591    
 -0.5688799380       4.114645436    
 -0.5674099640       4.050162682    
 -0.5659399900       4.000047113    
 -0.5644700160       3.947221513    
 -0.5630000420       3.899079651    
 -0.5615300680       3.847548561    
 -0.5600600940       3.799206207    
 -0.5585901200       3.755675673    
 -0.5571201460       3.716105001    
 -0.5556501720       3.682687959    
 -0.5541801980       3.647444998    
 -0.5527102240       3.611880420    
 -0.5512402500       3.573135725    
 -0.5497702760       3.534659843    
 -0.5483003020       3.500055770    
 -0.5468303280       3.465255069    
 -0.5453603540       3.435321809    
 -0.5438903800       3.401830774    
 -0.5424204060       3.374742354    
 -0.5409504320       3.345987278    
 -0.5394804580       3.322078586    
 -0.5380104840       3.294706638    
 -0.5365405100       3.269699812    
 -0.5350705360       3.247684812    
 -0.5336005620       3.230977824    
 -0.5321305880       3.216954828    
 -0.5306606140       3.201052441    
 -0.5291906400       3.182788980    
 -0.5277206660       3.159501310    
 -0.5262506920       3.128548527    
 -0.5247807180       3.091363642    
 -0.5233107440       3.050258596    
 -0.5218407700       3.015391914    
 -0.5203707960       2.982654187    
 -0.5189008220       2.957250446    
 -0.5174308480       2.930878934    
 -0.5159608740       2.911642420    
 -0.5144909000       2.896412414    
 -0.5130209260       2.896942337    
 -0.5115509520       2.916983849    
 -0.5100809780       2.957663084    
 -0.5086110040       3.003093200    
 -0.5071410300       3.032694846    
 -0.5056710560       3.040716049    
 -0.5042010820       3.031998749    
 -0.5027311080       3.001976640    
 -0.5012611340       2.923137466    
 -0.4997911600       2.763570864    
 -0.4983211860       2.534405879    
 -0.4968512120       2.275998595    
 -0.4953812380       2.046001176    
 -0.4939112640       1.865051093    
 -0.4924412900       1.736736423    
 -0.4909713160       1.647821084    
 -0.4895013420       1.594519518    
 -0.4880313680       1.573667389    
 -0.4865613940       1.591301985    
 -0.4850914200       1.646175229    
 -0.4836214460       1.732159048    
 -0.4821514720       1.817207187    
 -0.4806814980       1.878312567    
 -0.4792115240       1.906728447    
 -0.4777415500       1.921466775    
 -0.4762715760       1.932816739    
 -0.4748016020       1.948772298    
 -0.4733316280       1.963219773    
 -0.4718616540       1.993018588    
 -0.4703916800       2.033793355    
 -0.4689217060       2.101257396    
 -0.4674517320       2.177768637    
 -0.4659817580       2.272482042    
 -0.4645117840       2.374853075    
 -0.4630418100       2.510538765    
 -0.4615718360       2.686979497    
 -0.4601018620       2.922233763    
 -0.4586318880       3.188552254    
 -0.4571619140       3.473210711    
 -0.4556919400       3.745789739    
 -0.4542219660       4.018912594    
 -0.4527519920       4.284607624    
 -0.4512820180       4.560588750    
 -0.4498120440       4.839517581    
 -0.4483420700       5.149726888    
 -0.4468720960       5.523587854    
 -0.4454021220       6.029516182    
 -0.4439321480       6.683923037    
 -0.4424621740       7.412169028    
 -0.4409922000       8.034642624    
 -0.4395222260       8.399682501    
 -0.4380522520       8.491870862    
 -0.4365822780       8.426965493    
 -0.4351123040       8.343872483    
 -0.4336423300       8.303874411    
 -0.4321723560       8.316974949    
 -0.4307023820       8.331049398    
 -0.4292324080       8.286783805    
 -0.4277624340       8.092300688    
 -0.4262924600       7.736306757    
 -0.4248224860       7.262215773    
 -0.4233525120       6.766291074    
 -0.4218825380       6.314789144    
 -0.4204125640       5.929947689    
 -0.4189425900       5.630193880    
 -0.4174726160       5.383940306    
 -0.4160026420       5.192802505    
 -0.4145326680       5.008719850    
 -0.4130626940       4.856141666    
 -0.4115927200       4.707994596    
 -0.4101227460       4.588374684    
 -0.4086527720       4.466834210    
 -0.4071827980       4.362665322    
 -0.4057128240       4.259537386    
 -0.4042428500       4.172891582    
 -0.4027728760       4.086009686    
 -0.4013029020       4.007554554    
 -0.3998329280       3.925868076    
 -0.3983629540       3.851696125    
 -0.3968929800       3.777812862    
 -0.3954230060       3.713089527    
 -0.3939530320       3.655828578    
 -0.3924830580       3.603869941    
 -0.3910130840       3.558130674    
 -0.3895431100       3.505762872    
 -0.3880731360       3.459840865    
 -0.3866031620       3.403950234    
 -0.3851331880       3.358104968    
 -0.3836632140       3.302317531    
 -0.3821932400       3.258947733    
 -0.3807232660       3.203170171    
 -0.3792532920       3.156941744    
 -0.3777833180       3.097514736    
 -0.3763133440       3.052185414    
 -0.3748433700       2.997832648    
 -0.3733733960       2.957374966    
 -0.3719034220       2.905503244    
 -0.3704334480       2.865677093    
 -0.3689634740       2.815601897    
 -0.3674935000       2.778064799    
 -0.3660235260       2.732650503    
 -0.3645535520       2.696684988    
 -0.3630835780       2.653704963    
 -0.3616136040       2.619378724    
 -0.3601436300       2.587731123    
 -0.3586736560       2.565097111    
 -0.3572036820       2.546303999    
 -0.3557337080       2.532798686    
 -0.3542637340       2.535029759    
 -0.3527937600       2.563873123    
 -0.3513237860       2.647135350    
 -0.3498538120       2.797278855    
 -0.3483838380       3.017214686    
 -0.3469138640       3.266076448    
 -0.3454438900       3.523063287    
 -0.3439739160       3.794252427    
 -0.3425039420       4.127887053    
 -0.3410339680       4.535421197    
 -0.3395639940       4.975399083    
 -0.3380940200       5.380420393    
 -0.3366240460       5.705006625    
 -0.3351540720       5.961557110    
 -0.3336840980       6.166013544    
 -0.3322141240       6.349204710    
 -0.3307441500       6.505329310    
 -0.3292741760       6.657881472    
 -0.3278042020       6.786397969    
 -0.3263342280       6.883298866    
 -0.3248642540       6.891450870    
 -0.3233942800       6.822747749    
 -0.3219243060       6.704340135    
 -0.3204543320       6.603560351    
 -0.3189843580       6.540455717    
 -0.3175143840       6.512560949    
 -0.3160444100       6.504826229    
 -0.3145744360       6.507605399    
 -0.3131044620       6.517308680    
 -0.3116344880       6.525612854    
 -0.3101645140       6.511174383    
 -0.3086945400       6.459474362    
 -0.3072245660       6.373143828    
 -0.3057545920       6.277167065    
 -0.3042846180       6.192581656    
 -0.3028146440       6.116902320    
 -0.3013446700       6.058467771    
 -0.2998746960       6.014863740    
 -0.2984047220       6.001822919    
 -0.2969347480       6.004270770    
 -0.2954647740       6.026429223    
 -0.2939948000       6.057405416    
 -0.2925248260       6.100335504    
 -0.2910548520       6.144253666    
 -0.2895848780       6.185732672    
 -0.2881149040       6.223259586    
 -0.2866449300       6.258390601    
 -0.2851749560       6.290158570    
 -0.2837049820       6.318595979    
 -0.2822350080       6.339309840    
 -0.2807650340       6.361507511    
 -0.2792950600       6.378604018    
 -0.2778250860       6.399930989    
 -0.2763551120       6.413665725    
 -0.2748851380       6.434754324    
 -0.2734151640       6.461686327    
 -0.2719451900       6.507075512    
 -0.2704752160       6.570446030    
 -0.2690052420       6.658738851    
 -0.2675352680       6.774465705    
 -0.2660652940       6.904625542    
 -0.2645953200       7.041858337    
 -0.2631253460       7.173410838    
 -0.2616553720       7.307336926    
 -0.2601853980       7.425298517    
 -0.2587154240       7.517716658    
 -0.2572454500       7.575425045    
 -0.2557754760       7.624833248    
 -0.2543055020       7.702107826    
 -0.2528355280       7.820994221    
 -0.2513655540       7.989089580    
 -0.2498955800       8.195563688    
 -0.2484256060       8.452602197    
 -0.2469556320       8.736486665    
 -0.2454856580       8.992857047    
 -0.2440156840       9.155051117    
 -0.2425457100       9.180155582    
 -0.2410757360       9.095757541    
 -0.2396057620       8.939938311    
 -0.2381357880       8.773174260    
 -0.2366658140       8.627536441    
 -0.2351958400       8.524396512    
 -0.2337258660       8.460968906    
 -0.2322558920       8.412978899    
 -0.2307859180       8.369391846    
 -0.2293159440       8.320813974    
 -0.2278459700       8.281868372    
 -0.2263759960       8.255765875    
 -0.2249060220       8.250347961    
 -0.2234360480       8.248052502    
 -0.2219660740       8.243363770    
 -0.2204961000       8.215025818    
 -0.2190261260       8.179670449    
 -0.2175561520       8.126967885    
 -0.2160861780       8.077173733    
 -0.2146162040       8.020012818    
 -0.2131462300       7.968693014    
 -0.2116762560       7.917020889    
 -0.2102062820       7.871831116    
 -0.2087363080       7.834671480    
 -0.2072663340       7.804887247    
 -0.2057963600       7.778237180    
 -0.2043263860       7.748650909    
 -0.2028564120       7.714961171    
 -0.2013864380       7.672936589    
 -0.1999164640       7.630931706    
 -0.1984464900       7.589686236    
 -0.1969765160       7.557845387    
 -0.1955065420       7.523038444    
 -0.1940365680       7.491538253    
 -0.1925665940       7.459462518    
 -0.1910966200       7.437800379    
 -0.1896266460       7.418186831    
 -0.1881566720       7.408249645    
 -0.1866866980       7.398330400    
 -0.1852167240       7.390911201    
 -0.1837467500       7.366771707    
 -0.1822767760       7.331770256    
 -0.1808068020       7.282525712    
 -0.1793368280       7.231355974    
 -0.1778668540       7.177210214    
 -0.1763968800       7.127995545    
 -0.1749269060       7.084667610    
 -0.1734569320       7.044395389    
 -0.1719869580       7.002039143    
 -0.1705169840       6.953896906    
 -0.1690470100       6.905939142    
 -0.1675770360       6.855476690    
 -0.1661070620       6.803164380    
 -0.1646370880       6.744464568    
 -0.1631671140       6.681601224    
 -0.1616971400       6.621601025    
 -0.1602271660       6.563810077    
 -0.1587571920       6.516688421    
 -0.1572872180       6.470444676    
 -0.1558172440       6.431187522    
 -0.1543472700       6.394173499    
 -0.1528772960       6.371062272    
 -0.1514073220       6.370261717    
 -0.1499373480       6.393131570    
 -0.1484673740       6.436477174    
 -0.1469974000       6.474883738    
 -0.1455274260       6.500754079    
 -0.1440574520       6.496548016    
 -0.1425874780       6.471568493    
 -0.1411175040       6.418960496    
 -0.1396475300       6.346703874    
 -0.1381775560       6.253851905    
 -0.1367075820       6.153438974    
 -0.1352376080       6.051173967    
 -0.1337676340       5.952360264    
 -0.1322976600       5.852227286    
 -0.1308276860       5.770918660    
 -0.1293577120       5.714137435    
 -0.1278877380       5.686306926    
 -0.1264177640       5.625385969    
 -0.1249477900       5.500214737    
 -0.1234778160       5.288902063    
 -0.1220078420       5.035213289    
 -0.1205378680       4.766570267    
 -0.1190678940       4.511735793    
 -0.1175979200       4.284511200    
 -0.1161279460       4.096389016    
 -0.1146579720       3.947738977    
 -0.1131879980       3.825307316    
 -0.1117180240       3.717825320    
 -0.1102480500       3.620754335    
 -0.1087780760       3.533908291    
 -0.1073081020       3.451440495    
 -0.1058381280       3.362021358    
 -0.1043681540       3.255910351    
 -0.1028981800       3.136067350    
 -0.1014282060       3.010435399    
 -0.9995823200E-01   2.892241587    
 -0.9848825800E-01   2.785104645    
 -0.9701828400E-01   2.695238579    
 -0.9554831000E-01   2.617801662    
 -0.9407833600E-01   2.550081564    
 -0.9260836200E-01   2.483557767    
 -0.9113838800E-01   2.420237984    
 -0.8966841400E-01   2.361632776    
 -0.8819844000E-01   2.312109647    
 -0.8672846600E-01   2.269146967    
 -0.8525849200E-01   2.235213105    
 -0.8378851800E-01   2.205987071    
 -0.8231854400E-01   2.175661232    
 -0.8084857000E-01   2.124956702    
 -0.7937859600E-01   2.050244834    
 -0.7790862200E-01   1.958084332    
 -0.7643864800E-01   1.873264410    
 -0.7496867400E-01   1.802527564    
 -0.7349870000E-01   1.743897977    
 -0.7202872600E-01   1.682897804    
 -0.7055875200E-01   1.619513037    
 -0.6908877800E-01   1.555839207    
 -0.6761880400E-01   1.499349893    
 -0.6614883000E-01   1.449197993    
 -0.6467885600E-01   1.406151363    
 -0.6320888200E-01   1.368642090    
 -0.6173890800E-01   1.339102874    
 -0.6026893400E-01   1.320665443    
 -0.5879896000E-01   1.319198061    
 -0.5732898600E-01   1.328458895    
 -0.5585901200E-01   1.327949050    
 -0.5438903800E-01   1.287922287    
 -0.5291906400E-01   1.204120883    
 -0.5144909000E-01   1.096507520    
 -0.4997911600E-01  0.9984124249    
 -0.4850914200E-01  0.9218225579    
 -0.4703916800E-01  0.8647356701    
 -0.4556919400E-01  0.8181526854    
 -0.4409922000E-01  0.7797454459    
 -0.4262924600E-01  0.7483249568    
 -0.4115927200E-01  0.7212079905    
 -0.3968929800E-01  0.6942979710    
 -0.3821932400E-01  0.6638872580    
 -0.3674935000E-01  0.6275437849    
 -0.3527937600E-01  0.5826163026    
 -0.3380940200E-01  0.5246970965    
 -0.3233942800E-01  0.4541244916    
 -0.3086945400E-01  0.3740332548    
 -0.2939948000E-01  0.2935180420    
 -0.2792950600E-01  0.2183772587    
 -0.2645953200E-01  0.1546790844    
 -0.2498955800E-01  0.1038984134    
 -0.2351958400E-01  0.6650514106E-01
 -0.2204961000E-01  0.3982751121E-01
 -0.2057963600E-01  0.2188608880E-01
 -0.1910966200E-01  0.1046291058E-01
 -0.1763968800E-01  0.4199093625E-02
 -0.1616971400E-01  0.1274011910E-02
 -0.1469974000E-01  0.2627906901E-03
 -0.1322976600E-01  0.2827435269E-04
 -0.1175979200E-01   0.000000000    
 -0.1028981800E-01   0.000000000    
 -0.8819844000E-02   0.000000000    
 -0.7349870000E-02   0.000000000    
 -0.5879896000E-02   0.000000000    
 -0.4409922000E-02   0.000000000    
 -0.2939948000E-02   0.000000000    
 -0.1469974000E-02   0.000000000    
  0.4250072516E-16   0.000000000    
  0.1469974000E-02   0.000000000    
  0.2939948000E-02   0.000000000    
  0.4409922000E-02   0.000000000    
  0.5879896000E-02   0.000000000    
  0.7349870000E-02   0.000000000    
  0.8819844000E-02   0.000000000    
  0.1028981800E-01   0.000000000    
  0.1175979200E-01   0.000000000    
  0.1322976600E-01   0.000000000    
  0.1469974000E-01   0.000000000    
  0.1616971400E-01   0.000000000    
  0.1763968800E-01   0.000000000    
  0.1910966200E-01   0.000000000    
  0.2057963600E-01   0.000000000    
  0.2204961000E-01   0.000000000    
  0.2351958400E-01   0.000000000    
  0.2498955800E-01   0.000000000    
  0.2645953200E-01   0.000000000    
  0.2792950600E-01   0.000000000    
  0.2939948000E-01   0.000000000    
  0.3086945400E-01   0.000000000    
  0.3233942800E-01   0.000000000    
  0.3380940200E-01   0.000000000    
  0.3527937600E-01   0.000000000    
  0.3674935000E-01   0.000000000    
  0.3821932400E-01   0.000000000    
  0.3968929800E-01   0.000000000    
  0.4115927200E-01   0.000000000    
  0.4262924600E-01   0.000000000    
  0.4409922000E-01   0.000000000    
  0.4556919400E-01   0.000000000    
  0.4703916800E-01   0.000000000    
  0.4850914200E-01   0.000000000    
  0.4997911600E-01   0.000000000    
  0.5144909000E-01   0.000000000    
  0.5291906400E-01   0.000000000    
  0.5438903800E-01   0.000000000    
  0.5585901200E-01   0.000000000    
  0.5732898600E-01   0.000000000    
  0.5879896000E-01   0.000000000    
  0.6026893400E-01   0.000000000    
  0.6173890800E-01   0.000000000    
  0.6320888200E-01   0.000000000    
  0.6467885600E-01   0.000000000    
  0.6614883000E-01   0.000000000    
  0.6761880400E-01   0.000000000    
  0.6908877800E-01   0.000000000    
  0.7055875200E-01   0.000000000    
  0.7202872600E-01   0.000000000    
  0.7349870000E-01   0.000000000    
  0.7496867400E-01   0.000000000    
  0.7643864800E-01   0.000000000    
  0.7790862200E-01   0.000000000    
  0.7937859600E-01   0.000000000    
  0.8084857000E-01   0.000000000    
  0.8231854400E-01   0.000000000    
  0.8378851800E-01   0.000000000    
  0.8525849200E-01   0.000000000    
  0.8672846600E-01   0.000000000    
  0.8819844000E-01   0.000000000    
  0.8966841400E-01   0.000000000    
  0.9113838800E-01   0.000000000    
  0.9260836200E-01   0.000000000    
  0.9407833600E-01   0.000000000    
  0.9554831000E-01   0.000000000    
  0.9701828400E-01   0.000000000    
  0.9848825800E-01   0.000000000    
  0.9995823200E-01   0.000000000    
  0.1014282060       0.000000000    
  0.1028981800       0.000000000    
  0.1043681540       0.000000000    
  0.1058381280       0.000000000    
  0.1073081020       0.000000000    
  0.1087780760       0.000000000    
  0.1102480500       0.000000000    
  0.1117180240       0.000000000    
  0.1131879980       0.000000000    
  0.1146579720       0.000000000    
  0.1161279460       0.000000000    
  0.1175979200       0.000000000    
  0.1190678940       0.000000000    
  0.1205378680       0.000000000    
  0.1220078420       0.000000000    
  0.1234778160       0.000000000    
  0.1249477900       0.000000000    
  0.1264177640       0.000000000    
  0.1278877380       0.000000000    
  0.1293577120       0.000000000    
  0.1308276860      0.2252121409E-04
  0.1322976600      0.2025015045E-03
  0.1337676340      0.1194350404E-02
  0.1352376080      0.4735385432E-02
  0.1367075820      0.1436939036E-01
  0.1381775560      0.3498756443E-01
  0.1396475300      0.7343283067E-01
  0.1411175040      0.1364234796    
  0.1425874780      0.2294556117    
  0.1440574520      0.3513209458    
  0.1455274260      0.4952494845    
  0.1469974000      0.6543354760    
  0.1484673740      0.8246319169    
  0.1499373480       1.007068506    
  0.1514073220       1.194930379    
  0.1528772960       1.385572983    
  0.1543472700       1.582901223    
  0.1558172440       1.803599239    
  0.1572872180       2.053578920    
  0.1587571920       2.309735163    
  0.1602271660       2.536581944    
  0.1616971400       2.707977357    
  0.1631671140       2.832688498    
  0.1646370880       2.930175840    
  0.1661070620       3.025170986    
  0.1675770360       3.123634687    
  0.1690470100       3.232603134    
  0.1705169840       3.343187610    
  0.1719869580       3.459234774    
  0.1734569320       3.569915888    
  0.1749269060       3.675706190    
  0.1763968800       3.768814273    
  0.1778668540       3.860526985    
  0.1793368280       3.962867471    
  0.1808068020       4.086075060    
  0.1822767760       4.232783154    
  0.1837467500       4.398584181    
  0.1852167240       4.581711299    
  0.1866866980       4.771303886    
  0.1881566720       4.967581834    
  0.1896266460       5.173833446    
  0.1910966200       5.400447648    
  0.1925665940       5.647386967    
  0.1940365680       5.902733024    
  0.1955065420       6.138101951    
  0.1969765160       6.311960716    
  0.1984464900       6.405657433    
  0.1999164640       6.437681639    
  0.2013864380       6.451034302    
  0.2028564120       6.457478758    
  0.2043263860       6.456313047    
  0.2057963600       6.446840532    
  0.2072663340       6.454742723    
  0.2087363080       6.490068553    
  0.2102062820       6.554557400    
  0.2116762560       6.637394903    
  0.2131462300       6.727233032    
  0.2146162040       6.814349744    
  0.2160861780       6.891321705    
  0.2175561520       6.962318149    
  0.2190261260       7.026850796    
  0.2204961000       7.087259236    
  0.2219660740       7.148771977    
  0.2234360480       7.213936125    
  0.2249060220       7.287855646    
  0.2263759960       7.366840423    
  0.2278459700       7.456542230    
  0.2293159440       7.564603485    
  0.2307859180       7.687911280    
  0.2322558920       7.817420646    
  0.2337258660       7.921670962    
  0.2351958400       8.000435365    
  0.2366658140       8.063145750    
  0.2381357880       8.135879347    
  0.2396057620       8.227415729    
  0.2410757360       8.328136167    
  0.2425457100       8.437129461    
  0.2440156840       8.545930753    
  0.2454856580       8.664487931    
  0.2469556320       8.791471199    
  0.2484256060       8.928841294    
  0.2498955800       9.070787463    
  0.2513655540       9.217153048    
  0.2528355280       9.375268171    
  0.2543055020       9.558023806    
  0.2557754760       9.766955844    
  0.2572454500       9.998957278    
  0.2587154240       10.25032897    
  0.2601853980       10.53176803    
  0.2616553720       10.85841320    
  0.2631253460       11.23752460    
  0.2645953200       11.68822744    
  0.2660652940       12.22863922    
  0.2675352680       12.85422471    
  0.2690052420       13.49916937    
  0.2704752160       14.08929641    
  0.2719451900       14.61243145    
  0.2734151640       15.12679958    
  0.2748851380       15.69187744    
  0.2763551120       16.28663645    
  0.2778250860       16.81408865    
  0.2792950600       17.12689768    
  0.2807650340       17.06937780    
  0.2822350080       16.51039331    
  0.2837049820       15.39655614    
  0.2851749560       13.83820827    
  0.2866449300       12.06812571    
  0.2881149040       10.37371844    
  0.2895848780       8.945352856    
  0.2910548520       7.877881222    
  0.2925248260       7.177962271    
  0.2939948000       6.797787201    
  0.2954647740       6.669946067    
  0.2969347480       6.709115286    
  0.2984047220       6.883028042    
  0.2998746960       7.138979261    
  0.3013446700       7.459101838    
  0.3028146440       7.801011982    
  0.3042846180       8.183716099    
  0.3057545920       8.616639693    
  0.3072245660       9.099509431    
  0.3086945400       9.575516960    
  0.3101645140       9.949573958    
  0.3116344880       10.16571005    
  0.3131044620       10.23630563    
  0.3145744360       10.28358847    
  0.3160444100       10.40039723    
  0.3175143840       10.58787257    
  0.3189843580       10.70106825    
  0.3204543320       10.61840079    
  0.3219243060       10.34003657    
  0.3233942800       10.00076278    
  0.3248642540       9.729338414    
  0.3263342280       9.549716796    
  0.3278042020       9.426876154    
  0.3292741760       9.319583778    
  0.3307441500       9.251591010    
  0.3322141240       9.240483573    
  0.3336840980       9.301285462    
  0.3351540720       9.421290894    
  0.3366240460       9.588555012    
  0.3380940200       9.792836366    
  0.3395639940       10.00997066    
  0.3410339680       10.22656130    
  0.3425039420       10.42365243    
  0.3439739160       10.61141648    
  0.3454438900       10.80303673    
  0.3469138640       11.03249778    
  0.3483838380       11.29763570    
  0.3498538120       11.54221387    
  0.3513237860       11.70467230    
  0.3527937600       11.71480021    
  0.3542637340       11.60013217    
  0.3557337080       11.34467173    
  0.3572036820       11.02261568    
  0.3586736560       10.65346154    
  0.3601436300       10.31466767    
  0.3616136040       9.996748481    
  0.3630835780       9.711336514    
  0.3645535520       9.441253070    
  0.3660235260       9.215617458    
  0.3674935000       9.017849412    
  0.3689634740       8.852495134    
  0.3704334480       8.697597321    
  0.3719034220       8.574410878    
  0.3733733960       8.474261736    
  0.3748433700       8.387007984    
  0.3763133440       8.291049364    
  0.3777833180       8.167769957    
  0.3792532920       7.994669086    
  0.3807232660       7.715081179    
  0.3821932400       7.317764099    
  0.3836632140       6.843590285    
  0.3851331880       6.393764037    
  0.3866031620       6.019664101    
  0.3880731360       5.716397236    
  0.3895431100       5.444765268    
  0.3910130840       5.198132262    
  0.3924830580       4.975746737    
  0.3939530320       4.794168634    
  0.3954230060       4.634617098    
  0.3968929800       4.502245446    
  0.3983629540       4.379111655    
  0.3998329280       4.274411726    
  0.4013029020       4.173629554    
  0.4027728760       4.082674307    
  0.4042428500       3.991711449    
  0.4057128240       3.911251416    
  0.4071827980       3.836254294    
  0.4086527720       3.773976703    
  0.4101227460       3.721967288    
  0.4115927200       3.692157645    
  0.4130626940       3.695353925    
  0.4145326680       3.753206948    
  0.4160026420       3.866090837    
  0.4174726160       4.022648177    
  0.4189425900       4.176764344    
  0.4204125640       4.296579027    
  0.4218825380       4.361896144    
  0.4233525120       4.394552898    
  0.4248224860       4.419277587    
  0.4262924600       4.460476064    
  0.4277624340       4.522948238    
  0.4292324080       4.607810887    
  0.4307023820       4.716666327    
  0.4321723560       4.855702828    
  0.4336423300       5.039307871    
  0.4351123040       5.283735878    
  0.4365822780       5.611726588    
  0.4380522520       6.016432831    
  0.4395222260       6.466112881    
  0.4409922000       6.859110920    
  0.4424621740       7.132451392    
  0.4439321480       7.249746999    
  0.4454021220       7.282123493    
  0.4468720960       7.274294075    
  0.4483420700       7.258921583    
  0.4498120440       7.219981554    
  0.4512820180       7.162327603    
  0.4527519920       7.115807774    
  0.4542219660       7.113322350    
  0.4556919400       7.165871389    
  0.4571619140       7.235653815    
  0.4586318880       7.282258976    
  0.4601018620       7.284035438    
  0.4615718360       7.268890004    
  0.4630418100       7.265792062    
  0.4645117840       7.301840784    
  0.4659817580       7.393756391    
  0.4674517320       7.569799901    
  0.4689217060       7.837520140    
  0.4703916800       8.163730648    
  0.4718616540       8.478134512    
  0.4733316280       8.712795070    
  0.4748016020       8.817694206    
  0.4762715760       8.771153433    
  0.4777415500       8.567660584    
  0.4792115240       8.251343238    
  0.4806814980       7.886736485    
  0.4821514720       7.543461573    
  0.4836214460       7.250866855    
  0.4850914200       7.014879744    
  0.4865613940       6.827367705    
  0.4880313680       6.680633828    
  0.4895013420       6.554712372    
  0.4909713160       6.454622277    
  0.4924412900       6.396800493    
  0.4939112640       6.415171085    
  0.4953812380       6.523584800    
  0.4968512120       6.726177707    
  0.4983211860       7.020556845    
  0.4997911600       7.376224659    
  0.5012611340       7.756015954    
  0.5027311080       8.123631567    
  0.5042010820       8.478343668    
  0.5056710560       8.807072910    
  0.5071410300       9.072875172    
  0.5086110040       9.225303284    
  0.5100809780       9.243024888    
  0.5115509520       9.170986310    
  0.5130209260       9.064286346    
  0.5144909000       8.961776442    
  0.5159608740       8.829768599    
  0.5174308480       8.627322766    
  0.5189008220       8.340297493    
  0.5203707960       7.995226351    
  0.5218407700       7.629346460    
  0.5233107440       7.253909454    
  0.5247807180       6.885218052    
  0.5262506920       6.530504858    
  0.5277206660       6.208500645    
  0.5291906400       5.920763732    
  0.5306606140       5.673882580    
  0.5321305880       5.469726917    
  0.5336005620       5.300161257    
  0.5350705360       5.142510563    
  0.5365405100       4.965599956    
  0.5380104840       4.762938408    
  0.5394804580       4.548997309    
  0.5409504320       4.349646911    
  0.5424204060       4.177644206    
  0.5438903800       4.030635499    
  0.5453603540       3.907439757    
  0.5468303280       3.801350845    
  0.5483003020       3.714366703    
  0.5497702760       3.626030887    
  0.5512402500       3.593180868    
  0.5527102240       3.549222001    
  0.5541801980       3.452251576    
  0.5556501720       3.057788323    
  0.5571201460       2.467852714    
  0.5585901200       1.804398563    
  0.5600600940       1.380423661    
  0.5615300680       1.173991084    
  0.5630000420       1.113115330    
  0.5644700160       1.072857216    
  0.5659399900       1.031547914    
  0.5674099640      0.9929867432    
  0.5688799380      0.9545592640    
  0.5703499120      0.9162633264    
  0.5718198860      0.8808407498    
  0.5732898600      0.8463200118    
  0.5747598340      0.8226983689    
  0.5762298080      0.8059017096    
  0.5776997820      0.7987814887    
  0.5791697560      0.7728489954    
  0.5806397300      0.7139537796    
  0.5821097040      0.6073787937    
  0.5835796780      0.4794922450    
  0.5850496520      0.3542828386    
  0.5865196260      0.2556274092    
  0.5879896000      0.1823761044    
  0.5894595740      0.1295104135    
  0.5909295480      0.8915571377E-01
  0.5923995220      0.5881543995E-01
  0.5938694960      0.3601626153E-01
  0.5953394700      0.2017582599E-01
  0.5968094440      0.9735368241E-02
  0.5982794180      0.4016089261E-02
  0.5997493920      0.1252763124E-02
  0.6012193660      0.2977306469E-03
  0.6026893400      0.2817011412E-04
  0.6041593140       0.000000000    
  0.6056292880      0.4908589089E-04
  0.6070992620      0.1472576727E-03
  0.6085692360      0.5150796705E-03
  0.6100392100      0.1543877080E-02
  0.6115091840      0.4185371149E-02
  0.6129791580      0.9311233505E-02
  0.6144491320      0.1705831999E-01
  0.6159191060      0.2705302010E-01
  0.6173890800      0.3921330977E-01
  0.6188590540      0.5525167714E-01
  0.6203290280      0.7643530881E-01
  0.6217990020      0.1026938498    
  0.6232689760      0.1324379607    
  0.6247389500      0.1649052454    
  0.6262089240      0.2017935645    
  0.6276788980      0.2444268336    
  0.6291488720      0.2944608036    
  0.6306188460      0.3494299544    
  0.6320888200      0.4097468277    
  0.6335587940      0.4730214957    
  0.6350287680      0.5448552883    
  0.6364987420      0.6261705028    
  0.6379687160      0.7254153870    
  0.6394386900      0.8443803900    
  0.6409086640      0.9937691517    
  0.6423786380       1.186381126    
  0.6438486120       1.421406225    
  0.6453185860       1.674082205    
  0.6467885600       1.891044984    
  0.6482585340       2.049790035    
  0.6497285080       2.161644092    
  0.6511984820       2.267225936    
  0.6526684560       2.389111862    
  0.6541384300       2.526729756    
  0.6556084040       2.673986240    
  0.6570783780       2.824247732    
  0.6585483520       2.980226573    
  0.6600183260       3.139704747    
  0.6614883000       3.303319705    
  0.6629582740       3.468502011    
  0.6644282480       3.639451596    
  0.6658982220       3.821046053    
  0.6673681960       4.030969395    
  0.6688381700       4.263610637    
  0.6703081440       4.501092968    
  0.6717781180       4.681183363    
  0.6732480920       4.781039328    
  0.6747180660       4.799605781    
  0.6761880400       4.792719254    
  0.6776580140       4.783426047    
  0.6791279880       4.789409567    
  0.6805979620       4.796787787    
  0.6820679360       4.810840446    
  0.6835379100       4.829649674    
  0.6850078840       4.854403923    
  0.6864778580       4.879867323    
  0.6879478320       4.901322477    
  0.6894178060       4.923180986    
  0.6908877800       4.951688638    
  0.6923577540       4.991046671    
  0.6938277280       5.044184840    
  0.6952977020       5.105988911    
  0.6967676760       5.184794793    
  0.6982376500       5.286276301    
  0.6997076240       5.410996785    
  0.7011775980       5.538961879    
  0.7026475720       5.631882634    
  0.7041175460       5.691476743    
  0.7055875200       5.728010798    
  0.7070574940       5.786787592    
  0.7085274680       5.862098432    
  0.7099974420       5.960661007    
  0.7114674160       6.064463082    
  0.7129373900       6.188691560    
  0.7144073640       6.335173999    
  0.7158773380       6.534501409    
  0.7173473120       6.834121951    
  0.7188172860       7.303538570    
  0.7202872600       7.952669266    
  0.7217572340       8.694700770    
  0.7232272080       9.379459539    
  0.7246971820       9.912200177    
  0.7261671560       10.30504965    
  0.7276371300       10.64079469    
  0.7291071040       10.98732903    
  0.7305770780       11.37576715    
  0.7320470520       11.80794687    
  0.7335170260       12.26940202    

