 -0.7349870000       4.292835783    
 -0.7335170260       4.288948506    
 -0.7320470520       4.320787159    
 -0.7305770780       4.380548710    
 -0.7291071040       4.449409052    
 -0.7276371300       4.505838651    
 -0.7261671560       4.557669016    
 -0.7246971820       4.601226458    
 -0.7232272080       4.641295318    
 -0.7217572340       4.671724299    
 -0.7202872600       4.697041439    
 -0.7188172860       4.719297170    
 -0.7173473120       4.752929951    
 -0.7158773380       4.793198158    
 -0.7144073640       4.838407337    
 -0.7129373900       4.882306517    
 -0.7114674160       4.929224389    
 -0.7099974420       4.975045850    
 -0.7085274680       5.015897860    
 -0.7070574940       5.055568025    
 -0.7055875200       5.096291883    
 -0.7041175460       5.142811060    
 -0.7026475720       5.191110126    
 -0.7011775980       5.243880273    
 -0.6997076240       5.296693137    
 -0.6982376500       5.345134594    
 -0.6967676760       5.389133448    
 -0.6952977020       5.430555023    
 -0.6938277280       5.483880496    
 -0.6923577540       5.543471177    
 -0.6908877800       5.611747716    
 -0.6894178060       5.670341659    
 -0.6879478320       5.730914839    
 -0.6864778580       5.782047488    
 -0.6850078840       5.829890903    
 -0.6835379100       5.862697815    
 -0.6820679360       5.895034837    
 -0.6805979620       5.927756315    
 -0.6791279880       5.969491151    
 -0.6776580140       6.008107621    
 -0.6761880400       6.049899413    
 -0.6747180660       6.082464261    
 -0.6732480920       6.124256053    
 -0.6717781180       6.158842854    
 -0.6703081440       6.203938120    
 -0.6688381700       6.235192970    
 -0.6673681960       6.273894874    
 -0.6658982220       6.309563848    
 -0.6644282480       6.357677806    
 -0.6629582740       6.411259582    
 -0.6614883000       6.462420709    
 -0.6600183260       6.515390204    
 -0.6585483520       6.559047319    
 -0.6570783780       6.616729960    
 -0.6556084040       6.665755220    
 -0.6541384300       6.725217749    
 -0.6526684560       6.764446501    
 -0.6511984820       6.811933938    
 -0.6497285080       6.851020299    
 -0.6482585340       6.909600003    
 -0.6467885600       6.972252093    
 -0.6453185860       7.044501344    
 -0.6438486120       7.115739619    
 -0.6423786380       7.181282248    
 -0.6409086640       7.246411944    
 -0.6394386900       7.300121872    
 -0.6379687160       7.363329288    
 -0.6364987420       7.420784102    
 -0.6350287680       7.483550105    
 -0.6335587940       7.528175480    
 -0.6320888200       7.571519335    
 -0.6306188460       7.623976222    
 -0.6291488720       7.693776346    
 -0.6276788980       7.776007214    
 -0.6262089240       7.852855699    
 -0.6247389500       7.929148857    
 -0.6232689760       8.002708107    
 -0.6217990020       8.083315717    
 -0.6203290280       8.164435934    
 -0.6188590540       8.255053639    
 -0.6173890800       8.345927648    
 -0.6159191060       8.453091201    
 -0.6144491320       8.561635947    
 -0.6129791580       8.692991749    
 -0.6115091840       8.825557877    
 -0.6100392100       8.980137670    
 -0.6085692360       9.146094513    
 -0.6070992620       9.364152265    
 -0.6056292880       9.638824724    
 -0.6041593140       9.959959404    
 -0.6026893400       10.26121628    
 -0.6012193660       10.47028916    
 -0.5997493920       10.58048564    
 -0.5982794180       10.60573158    
 -0.5968094440       10.62351623    
 -0.5953394700       10.62250526    
 -0.5938694960       10.63860969    
 -0.5923995220       10.61189712    
 -0.5909295480       10.58327651    
 -0.5894595740       10.51467247    
 -0.5879896000       10.46527699    
 -0.5865196260       10.40098740    
 -0.5850496520       10.36621549    
 -0.5835796780       10.33144358    
 -0.5821097040       10.33904727    
 -0.5806397300       10.37322113    
 -0.5791697560       10.44549886    
 -0.5776997820       10.49902368    
 -0.5762298080       10.48582403    
 -0.5747598340       10.38313156    
 -0.5732898600       10.20978461    
 -0.5718198860       10.02879127    
 -0.5703499120       9.846601838    
 -0.5688799380       9.701619205    
 -0.5674099640       9.561121893    
 -0.5659399900       9.454584862    
 -0.5644700160       9.341939252    
 -0.5630000420       9.240442865    
 -0.5615300680       9.130744751    
 -0.5600600940       9.028522170    
 -0.5585901200       8.937448814    
 -0.5571201460       8.855858706    
 -0.5556501720       8.788493470    
 -0.5541801980       8.716856500    
 -0.5527102240       8.644108880    
 -0.5512402500       8.563843009    
 -0.5497702760       8.483961594    
 -0.5483003020       8.413136254    
 -0.5468303280       8.341712871    
 -0.5453603540       8.281524147    
 -0.5438903800       8.212834674    
 -0.5424204060       8.159096267    
 -0.5409504320       8.101427866    
 -0.5394804580       8.055036841    
 -0.5380104840       8.000145067    
 -0.5365405100       7.950977415    
 -0.5350705360       7.908986276    
 -0.5336005620       7.880023923    
 -0.5321305880       7.856828411    
 -0.5306606140       7.828848557    
 -0.5291906400       7.794418385    
 -0.5277206660       7.747557470    
 -0.5262506920       7.681260167    
 -0.5247807180       7.599200168    
 -0.5233107440       7.507144313    
 -0.5218407700       7.430082242    
 -0.5203707960       7.358146251    
 -0.5189008220       7.303895237    
 -0.5174308480       7.246953030    
 -0.5159608740       7.206627867    
 -0.5144909000       7.175486930    
 -0.5130209260       7.181979965    
 -0.5115509520       7.235931958    
 -0.5100809780       7.339977145    
 -0.5086110040       7.456994162    
 -0.5071410300       7.537402425    
 -0.5056710560       7.567617819    
 -0.5042010820       7.557223268    
 -0.5027311080       7.491310421    
 -0.5012611340       7.298085679    
 -0.4997911600       6.896172521    
 -0.4983211860       6.312240801    
 -0.4968512120       5.646989517    
 -0.4953812380       5.043023368    
 -0.4939112640       4.551332612    
 -0.4924412900       4.180175934    
 -0.4909713160       3.899679678    
 -0.4895013420       3.704504179    
 -0.4880313680       3.590975743    
 -0.4865613940       3.571354248    
 -0.4850914200       3.639274809    
 -0.4836214460       3.777308755    
 -0.4821514720       3.916467591    
 -0.4806814980       4.008523446    
 -0.4792115240       4.036503300    
 -0.4777415500       4.041173728    
 -0.4762715760       4.044491441    
 -0.4748016020       4.063842394    
 -0.4733316280       4.085300735    
 -0.4718616540       4.144222178    
 -0.4703916800       4.229813476    
 -0.4689217060       4.375294478    
 -0.4674517320       4.543216318    
 -0.4659817580       4.753527994    
 -0.4645117840       4.984771163    
 -0.4630418100       5.292492599    
 -0.4615718360       5.693423259    
 -0.4601018620       6.228543305    
 -0.4586318880       6.839842596    
 -0.4571619140       7.504666707    
 -0.4556919400       8.157373335    
 -0.4542219660       8.827252331    
 -0.4527519920       9.490723727    
 -0.4512820180       10.18542149    
 -0.4498120440       10.89028599    
 -0.4483420700       11.67387853    
 -0.4468720960       12.61465662    
 -0.4454021220       13.88156731    
 -0.4439321480       15.51537719    
 -0.4424621740       17.33418161    
 -0.4409922000       18.89354942    
 -0.4395222260       19.81778166    
 -0.4380522520       20.06621144    
 -0.4365822780       19.92666815    
 -0.4351123040       19.74379524    
 -0.4336423300       19.67193044    
 -0.4321723560       19.73461101    
 -0.4307023820       19.80479559    
 -0.4292324080       19.73767242    
 -0.4277624340       19.31072690    
 -0.4262924600       18.49162202    
 -0.4248224860       17.37883546    
 -0.4233525120       16.19943835    
 -0.4218825380       15.11836229    
 -0.4204125640       14.19421548    
 -0.4189425900       13.47917003    
 -0.4174726160       12.89341570    
 -0.4160026420       12.44476978    
 -0.4145326680       12.01229949    
 -0.4130626940       11.66005235    
 -0.4115927200       11.31530922    
 -0.4101227460       11.04090731    
 -0.4086527720       10.75850301    
 -0.4071827980       10.52133637    
 -0.4057128240       10.28466810    
 -0.4042428500       10.08954956    
 -0.4027728760       9.890401344    
 -0.4013029020       9.712868103    
 -0.3998329280       9.525324767    
 -0.3983629540       9.357160862    
 -0.3968929800       9.188612500    
 -0.3954230060       9.043088781    
 -0.3939530320       8.916132864    
 -0.3924830580       8.801123561    
 -0.3910130840       8.701620651    
 -0.3895431100       8.583023092    
 -0.3880731360       8.481669097    
 -0.3866031620       8.353559812    
 -0.3851331880       8.252576034    
 -0.3836632140       8.123683597    
 -0.3821932400       8.026857640    
 -0.3807232660       7.896028684    
 -0.3792532920       7.791470889    
 -0.3777833180       7.651571620    
 -0.3763133440       7.549078496    
 -0.3748433700       7.421168558    
 -0.3733733960       7.330038245    
 -0.3719034220       7.207581887    
 -0.3704334480       7.117491029    
 -0.3689634740       6.999334883    
 -0.3674935000       6.914569453    
 -0.3660235260       6.807576770    
 -0.3645535520       6.725830031    
 -0.3630835780       6.625159514    
 -0.3616136040       6.547499400    
 -0.3601436300       6.474993845    
 -0.3586736560       6.423832717    
 -0.3572036820       6.379335494    
 -0.3557337080       6.344478150    
 -0.3542637340       6.343011521    
 -0.3527937600       6.395952537    
 -0.3513237860       6.563105466    
 -0.3498538120       6.866768756    
 -0.3483838380       7.317194567    
 -0.3469138640       7.827581276    
 -0.3454438900       8.360294912    
 -0.3439739160       8.925374047    
 -0.3425039420       9.625553872    
 -0.3410339680       10.48061251    
 -0.3395639940       11.40631138    
 -0.3380940200       12.26277969    
 -0.3366240460       12.95549823    
 -0.3351540720       13.51056727    
 -0.3336840980       13.95788895    
 -0.3322141240       14.36482852    
 -0.3307441500       14.71605044    
 -0.3292741760       15.06452421    
 -0.3278042020       15.36287631    
 -0.3263342280       15.59782165    
 -0.3248642540       15.64624887    
 -0.3233942800       15.53434369    
 -0.3219243060       15.31665616    
 -0.3204543320       15.13466607    
 -0.3189843580       15.03151795    
 -0.3175143840       15.00370897    
 -0.3160444100       15.01881666    
 -0.3145744360       15.05595227    
 -0.3131044620       15.10571796    
 -0.3116344880       15.15253616    
 -0.3101645140       15.14854921    
 -0.3086945400       15.06261617    
 -0.3072245660       14.89926508    
 -0.3057545920       14.71330229    
 -0.3042846180       14.55269935    
 -0.3028146440       14.41113411    
 -0.3013446700       14.31009337    
 -0.2998746960       14.24035020    
 -0.2984047220       14.23894053    
 -0.2969347480       14.26929832    
 -0.2954647740       14.34462322    
 -0.2939948000       14.43919939    
 -0.2925248260       14.56073021    
 -0.2910548520       14.68489526    
 -0.2895848780       14.80319380    
 -0.2881149040       14.91370354    
 -0.2866449300       15.01707949    
 -0.2851749560       15.11330741    
 -0.2837049820       15.20153294    
 -0.2822350080       15.27346893    
 -0.2807650340       15.34980481    
 -0.2792950600       15.41472092    
 -0.2778250860       15.49004582    
 -0.2763551120       15.54694530    
 -0.2748851380       15.62212781    
 -0.2734151640       15.71117922    
 -0.2719451900       15.84566762    
 -0.2704752160       16.02290184    
 -0.2690052420       16.26164902    
 -0.2675352680       16.56740546    
 -0.2660652940       16.91142239    
 -0.2645953200       17.27383626    
 -0.2631253460       17.62411840    
 -0.2616553720       17.98062303    
 -0.2601853980       18.30050467    
 -0.2587154240       18.56061052    
 -0.2572454500       18.73744604    
 -0.2557754760       18.89538626    
 -0.2543055020       19.12332596    
 -0.2528355280       19.45680595    
 -0.2513655540       19.91449371    
 -0.2498955800       20.47135687    
 -0.2484256060       21.15921987    
 -0.2469556320       21.92032885    
 -0.2454856580       22.61504086    
 -0.2440156840       23.07252927    
 -0.2425457100       23.18142999    
 -0.2410757360       23.01239750    
 -0.2396057620       22.66167395    
 -0.2381357880       22.28316989    
 -0.2366658140       21.95811945    
 -0.2351958400       21.74130050    
 -0.2337258660       21.62575011    
 -0.2322558920       21.54824663    
 -0.2307859180       21.48085292    
 -0.2293159440       21.39981813    
 -0.2278459700       21.34422864    
 -0.2263759960       21.32185900    
 -0.2249060220       21.35210287    
 -0.2234360480       21.38878282    
 -0.2219660740       21.41827202    
 -0.2204961000       21.38730195    
 -0.2190261260       21.33876082    
 -0.2175561520       21.24590758    
 -0.2160861780       21.15923411    
 -0.2146162040       21.05362262    
 -0.2131462300       20.96299067    
 -0.2116762560       20.87251536    
 -0.2102062820       20.79912698    
 -0.2087363080       20.74686944    
 -0.2072663340       20.71373503    
 -0.2057963600       20.68870267    
 -0.2043263860       20.65571065    
 -0.2028564120       20.61211049    
 -0.2013864380       20.54585591    
 -0.1999164640       20.47988610    
 -0.1984464900       20.41518358    
 -0.1969765160       20.37618265    
 -0.1955065420       20.32896576    
 -0.1940365680       20.29121788    
 -0.1925665940       20.25136260    
 -0.1910966200       20.23987164    
 -0.1896266460       20.23396241    
 -0.1881566720       20.25507901    
 -0.1866866980       20.27669398    
 -0.1852167240       20.30598383    
 -0.1837467500       20.28980820    
 -0.1822767760       20.24380164    
 -0.1808068020       20.15732751    
 -0.1793368280       20.06468785    
 -0.1778668540       19.96323418    
 -0.1763968800       19.87582028    
 -0.1749269060       19.80500918    
 -0.1734569320       19.74259915    
 -0.1719869580       19.67403783    
 -0.1705169840       19.58880251    
 -0.1690470100       19.50393741    
 -0.1675770360       19.41171068    
 -0.1661070620       19.31397342    
 -0.1646370880       19.19781075    
 -0.1631671140       19.06937397    
 -0.1616971400       18.94878293    
 -0.1602271660       18.83407265    
 -0.1587571920       18.74980559    
 -0.1572872180       18.66783102    
 -0.1558172440       18.60587665    
 -0.1543472700       18.55070009    
 -0.1528772960       18.53638979    
 -0.1514073220       18.58857613    
 -0.1499373480       18.71195803    
 -0.1484673740       18.89820561    
 -0.1469974000       19.07176614    
 -0.1455274260       19.20849008    
 -0.1440574520       19.25442546    
 -0.1425874780       19.23644146    
 -0.1411175040       19.13457486    
 -0.1396475300       18.97311757    
 -0.1381775560       18.74937842    
 -0.1367075820       18.50220168    
 -0.1352376080       18.24880245    
 -0.1337676340       18.00478680    
 -0.1322976600       17.75634279    
 -0.1308276860       17.56609402    
 -0.1293577120       17.45276493    
 -0.1278877380       17.42817399    
 -0.1264177640       17.29778644    
 -0.1249477900       16.96167222    
 -0.1234778160       16.35125575    
 -0.1220078420       15.60254903    
 -0.1205378680       14.80186956    
 -0.1190678940       14.03942210    
 -0.1175979200       13.35957573    
 -0.1161279460       12.80040582    
 -0.1146579720       12.36473173    
 -0.1131879980       12.01235644    
 -0.1117180240       11.70704142    
 -0.1102480500       11.43384982    
 -0.1087780760       11.19087363    
 -0.1073081020       10.95967318    
 -0.1058381280       10.70376787    
 -0.1043681540       10.39223035    
 -0.1028981800       10.03444420    
 -0.1014282060       9.656908396    
 -0.9995823200E-01   9.302625065    
 -0.9848825800E-01   8.983341470    
 -0.9701828400E-01   8.718351607    
 -0.9554831000E-01   8.491864301    
 -0.9407833600E-01   8.295449998    
 -0.9260836200E-01   8.101798083    
 -0.9113838800E-01   7.917344634    
 -0.8966841400E-01   7.746845514    
 -0.8819844000E-01   7.604881573    
 -0.8672846600E-01   7.483963039    
 -0.8525849200E-01   7.392761531    
 -0.8378851800E-01   7.317151849    
 -0.8231854400E-01   7.236786305    
 -0.8084857000E-01   7.086819983    
 -0.7937859600E-01   6.854394968    
 -0.7790862200E-01   6.562393510    
 -0.7643864800E-01   6.293915065    
 -0.7496867400E-01   6.072439926    
 -0.7349870000E-01   5.891176038    
 -0.7202872600E-01   5.702351182    
 -0.7055875200E-01   5.505395793    
 -0.6908877800E-01   5.306988015    
 -0.6761880400E-01   5.131277380    
 -0.6614883000E-01   4.975643892    
 -0.6467885600E-01   4.842849939    
 -0.6320888200E-01   4.728196614    
 -0.6173890800E-01   4.640028037    
 -0.6026893400E-01   4.589464952    
 -0.5879896000E-01   4.596641464    
 -0.5732898600E-01   4.639871406    
 -0.5585901200E-01   4.648058896    
 -0.5438903800E-01   4.518340591    
 -0.5291906400E-01   4.236221076    
 -0.5144909000E-01   3.870888195    
 -0.4997911600E-01   3.537721467    
 -0.4850914200E-01   3.278156705    
 -0.4703916800E-01   3.085473049    
 -0.4556919400E-01   2.928714672    
 -0.4409922000E-01   2.799921909    
 -0.4262924600E-01   2.694794550    
 -0.4115927200E-01   2.603920541    
 -0.3968929800E-01   2.513188923    
 -0.3821932400E-01   2.409841453    
 -0.3674935000E-01   2.284750859    
 -0.3527937600E-01   2.127294765    
 -0.3380940200E-01   1.920357759    
 -0.3233942800E-01   1.665050492    
 -0.3086945400E-01   1.373291099    
 -0.2939948000E-01   1.079011384    
 -0.2792950600E-01  0.8038690341    
 -0.2645953200E-01  0.5703191289    
 -0.2498955800E-01  0.3838864434    
 -0.2351958400E-01  0.2463366272    
 -0.2204961000E-01  0.1479372479    
 -0.2057963600E-01  0.8152603233E-01
 -0.1910966200E-01  0.3908636080E-01
 -0.1763968800E-01  0.1572709854E-01
 -0.1616971400E-01  0.4784341431E-02
 -0.1469974000E-01  0.9896182424E-03
 -0.1322976600E-01  0.1067933355E-03
 -0.1175979200E-01   0.000000000    
 -0.1028981800E-01   0.000000000    
 -0.8819844000E-02   0.000000000    
 -0.7349870000E-02   0.000000000    
 -0.5879896000E-02   0.000000000    
 -0.4409922000E-02   0.000000000    
 -0.2939948000E-02   0.000000000    
 -0.1469974000E-02   0.000000000    
  0.4250072516E-16   0.000000000    
  0.1469974000E-02   0.000000000    
  0.2939948000E-02   0.000000000    
  0.4409922000E-02   0.000000000    
  0.5879896000E-02   0.000000000    
  0.7349870000E-02   0.000000000    
  0.8819844000E-02   0.000000000    
  0.1028981800E-01   0.000000000    
  0.1175979200E-01   0.000000000    
  0.1322976600E-01   0.000000000    
  0.1469974000E-01   0.000000000    
  0.1616971400E-01   0.000000000    
  0.1763968800E-01   0.000000000    
  0.1910966200E-01   0.000000000    
  0.2057963600E-01   0.000000000    
  0.2204961000E-01   0.000000000    
  0.2351958400E-01   0.000000000    
  0.2498955800E-01   0.000000000    
  0.2645953200E-01   0.000000000    
  0.2792950600E-01   0.000000000    
  0.2939948000E-01   0.000000000    
  0.3086945400E-01   0.000000000    
  0.3233942800E-01   0.000000000    
  0.3380940200E-01   0.000000000    
  0.3527937600E-01   0.000000000    
  0.3674935000E-01   0.000000000    
  0.3821932400E-01   0.000000000    
  0.3968929800E-01   0.000000000    
  0.4115927200E-01   0.000000000    
  0.4262924600E-01   0.000000000    
  0.4409922000E-01   0.000000000    
  0.4556919400E-01   0.000000000    
  0.4703916800E-01   0.000000000    
  0.4850914200E-01   0.000000000    
  0.4997911600E-01   0.000000000    
  0.5144909000E-01   0.000000000    
  0.5291906400E-01   0.000000000    
  0.5438903800E-01   0.000000000    
  0.5585901200E-01   0.000000000    
  0.5732898600E-01   0.000000000    
  0.5879896000E-01   0.000000000    
  0.6026893400E-01   0.000000000    
  0.6173890800E-01   0.000000000    
  0.6320888200E-01   0.000000000    
  0.6467885600E-01   0.000000000    
  0.6614883000E-01   0.000000000    
  0.6761880400E-01   0.000000000    
  0.6908877800E-01   0.000000000    
  0.7055875200E-01   0.000000000    
  0.7202872600E-01   0.000000000    
  0.7349870000E-01   0.000000000    
  0.7496867400E-01   0.000000000    
  0.7643864800E-01   0.000000000    
  0.7790862200E-01   0.000000000    
  0.7937859600E-01   0.000000000    
  0.8084857000E-01   0.000000000    
  0.8231854400E-01   0.000000000    
  0.8378851800E-01   0.000000000    
  0.8525849200E-01   0.000000000    
  0.8672846600E-01   0.000000000    
  0.8819844000E-01   0.000000000    
  0.8966841400E-01   0.000000000    
  0.9113838800E-01   0.000000000    
  0.9260836200E-01   0.000000000    
  0.9407833600E-01   0.000000000    
  0.9554831000E-01   0.000000000    
  0.9701828400E-01   0.000000000    
  0.9848825800E-01   0.000000000    
  0.9995823200E-01   0.000000000    
  0.1014282060       0.000000000    
  0.1028981800       0.000000000    
  0.1043681540       0.000000000    
  0.1058381280       0.000000000    
  0.1073081020       0.000000000    
  0.1087780760       0.000000000    
  0.1102480500       0.000000000    
  0.1117180240       0.000000000    
  0.1131879980       0.000000000    
  0.1146579720       0.000000000    
  0.1161279460       0.000000000    
  0.1175979200       0.000000000    
  0.1190678940       0.000000000    
  0.1205378680       0.000000000    
  0.1220078420       0.000000000    
  0.1234778160       0.000000000    
  0.1249477900       0.000000000    
  0.1264177640       0.000000000    
  0.1278877380       0.000000000    
  0.1293577120       0.000000000    
  0.1308276860      0.4271733420E-04
  0.1322976600      0.3844560078E-03
  0.1337676340      0.2264018713E-02
  0.1352376080      0.8927922848E-02
  0.1367075820      0.2695463788E-01
  0.1381775560      0.6535752133E-01
  0.1396475300      0.1366954694    
  0.1411175040      0.2533565092    
  0.1425874780      0.4255928007    
  0.1440574520      0.6516956506    
  0.1455274260      0.9199605094    
  0.1469974000       1.218981849    
  0.1484673740       1.542181199    
  0.1499373480       1.891224537    
  0.1514073220       2.251758838    
  0.1528772960       2.616863893    
  0.1543472700       2.990640568    
  0.1558172440       3.402478387    
  0.1572872180       3.863184836    
  0.1587571920       4.334741488    
  0.1602271660       4.756617881    
  0.1616971400       5.084473421    
  0.1631671140       5.334455261    
  0.1646370880       5.541164441    
  0.1661070620       5.748770685    
  0.1675770360       5.965561156    
  0.1690470100       6.202129753    
  0.1705169840       6.438869219    
  0.1719869580       6.682144437    
  0.1734569320       6.910554023    
  0.1749269060       7.124653302    
  0.1763968800       7.311157183    
  0.1778668540       7.495012590    
  0.1793368280       7.705566330    
  0.1808068020       7.966142069    
  0.1822767760       8.283873601    
  0.1837467500       8.647205887    
  0.1852167240       9.049218719    
  0.1866866980       9.465548978    
  0.1881566720       9.899891712    
  0.1896266460       10.36281234    
  0.1910966200       10.87359063    
  0.1925665940       11.41639979    
  0.1940365680       11.95424663    
  0.1955065420       12.43144197    
  0.1969765160       12.78938475    
  0.1984464900       13.00804055    
  0.1999164640       13.12658115    
  0.2013864380       13.20334420    
  0.2028564120       13.24386871    
  0.2043263860       13.23432850    
  0.2057963600       13.19619616    
  0.2072663340       13.19623888    
  0.2087363080       13.27190552    
  0.2102062820       13.41900978    
  0.2116762560       13.61316006    
  0.2131462300       13.82482445    
  0.2146162040       14.03137700    
  0.2160861780       14.21322470    
  0.2175561520       14.37902491    
  0.2190261260       14.53025851    
  0.2204961000       14.67175256    
  0.2219660740       14.81202205    
  0.2234360480       14.95793022    
  0.2249060220       15.12217837    
  0.2263759960       15.29992520    
  0.2278459700       15.50350178    
  0.2293159440       15.75382535    
  0.2307859180       16.04302171    
  0.2322558920       16.34846489    
  0.2337258660       16.59176858    
  0.2351958400       16.77223508    
  0.2366658140       16.90927229    
  0.2381357880       17.06876458    
  0.2396057620       17.27006289    
  0.2410757360       17.49674955    
  0.2425457100       17.74389780    
  0.2440156840       17.99312497    
  0.2454856580       18.26389591    
  0.2469556320       18.55152596    
  0.2484256060       18.86213794    
  0.2498955800       19.18462533    
  0.2513655540       19.51886000    
  0.2528355280       19.87828365    
  0.2543055020       20.28747299    
  0.2557754760       20.75396052    
  0.2572454500       21.27179428    
  0.2587154240       21.83640353    
  0.2601853980       22.46924660    
  0.2616553720       23.19807551    
  0.2631253460       24.03089266    
  0.2645953200       24.99253105    
  0.2660652940       26.12499606    
  0.2675352680       27.42361726    
  0.2690052420       28.77658914    
  0.2704752160       30.03719191    
  0.2719451900       31.19315146    
  0.2734151640       32.36021750    
  0.2748851380       33.66563076    
  0.2763551120       35.06515030    
  0.2778250860       36.35306369    
  0.2792950600       37.20429201    
  0.2807650340       37.25757476    
  0.2822350080       36.21054442    
  0.2837049820       33.92493922    
  0.2851749560       30.63326960    
  0.2866449300       26.83786293    
  0.2881149040       23.17671685    
  0.2895848780       20.08645945    
  0.2910548520       17.78625916    
  0.2925248260       16.30480777    
  0.2939948000       15.53767564    
  0.2954647740       15.34960546    
  0.2969347480       15.55120280    
  0.2984047220       16.07305199    
  0.2998746960       16.79393549    
  0.3013446700       17.67365627    
  0.3028146440       18.61980250    
  0.3042846180       19.67147479    
  0.3057545920       20.85809114    
  0.3072245660       22.17713122    
  0.3086945400       23.49320957    
  0.3101645140       24.55742652    
  0.3116344880       25.22223639    
  0.3131044620       25.51638796    
  0.3145744360       25.75228732    
  0.3160444100       26.15959710    
  0.3175143840       26.73129742    
  0.3189843580       27.08687651    
  0.3204543320       26.91100924    
  0.3219243060       26.20887866    
  0.3233942800       25.33005494    
  0.3248642540       24.61311569    
  0.3263342280       24.10897995    
  0.3278042020       23.72609024    
  0.3292741760       23.35984606    
  0.3307441500       23.09529761    
  0.3322141240       22.99363035    
  0.3336840980       23.09042783    
  0.3351540720       23.33143903    
  0.3366240460       23.67052923    
  0.3380940200       24.09082508    
  0.3395639940       24.55302664    
  0.3410339680       25.03393838    
  0.3425039420       25.49058669    
  0.3439739160       25.94176717    
  0.3454438900       26.41580143    
  0.3469138640       26.98454002    
  0.3483838380       27.63849969    
  0.3498538120       28.25333028    
  0.3513237860       28.68592872    
  0.3527937600       28.76914209    
  0.3542637340       28.55918639    
  0.3557337080       28.02235765    
  0.3572036820       27.33477944    
  0.3586736560       26.53946811    
  0.3601436300       25.80131258    
  0.3616136040       25.09720276    
  0.3630835780       24.45563111    
  0.3645535520       23.84609747    
  0.3660235260       23.34019608    
  0.3674935000       22.89704646    
  0.3689634740       22.53271031    
  0.3704334480       22.18631545    
  0.3719034220       21.91245462    
  0.3733733960       21.68246449    
  0.3748433700       21.48801519    
  0.3763133440       21.27741873    
  0.3777833180       21.01769734    
  0.3792532920       20.65075544    
  0.3807232660       20.05104678    
  0.3821932400       19.18922457    
  0.3836632140       18.15550780    
  0.3851331880       17.17377802    
  0.3866031620       16.35753520    
  0.3880731360       15.69545924    
  0.3895431100       15.09634862    
  0.3910130840       14.55106185    
  0.3924830580       14.05733490    
  0.3939530320       13.66403641    
  0.3954230060       13.31990556    
  0.3968929800       13.04104681    
  0.3983629540       12.77867694    
  0.3998329280       12.56201462    
  0.4013029020       12.35252881    
  0.4027728760       12.16764819    
  0.4042428500       11.97691529    
  0.4057128240       11.81198367    
  0.4071827980       11.65905561    
  0.4086527720       11.54060044    
  0.4101227460       11.44854459    
  0.4115927200       11.41518235    
  0.4130626940       11.46627228    
  0.4145326680       11.65486931    
  0.4160026420       11.97512117    
  0.4174726160       12.40199549    
  0.4189425900       12.82203503    
  0.4204125640       13.15971556    
  0.4218825380       13.35916279    
  0.4233525120       13.47390155    
  0.4248224860       13.56510306    
  0.4262924600       13.70145679    
  0.4277624340       13.89569251    
  0.4292324080       14.15913031    
  0.4307023820       14.49617008    
  0.4321723560       14.93996046    
  0.4336423300       15.53800314    
  0.4351123040       16.34984608    
  0.4365822780       17.43623332    
  0.4380522520       18.76871513    
  0.4395222260       20.24186512    
  0.4409922000       21.53316741    
  0.4424621740       22.44441358    
  0.4439321480       22.85586695    
  0.4454021220       22.99504002    
  0.4468720960       23.00986294    
  0.4483420700       23.01020468    
  0.4498120440       22.94301031    
  0.4512820180       22.81391853    
  0.4527519920       22.71618127    
  0.4542219660       22.76060729    
  0.4556919400       22.98722275    
  0.4571619140       23.25711087    
  0.4586318880       23.42319586    
  0.4601018620       23.40465654    
  0.4615718360       23.31454432    
  0.4630418100       23.26398124    
  0.4645117840       23.36223823    
  0.4659817580       23.67808308    
  0.4674517320       24.33203563    
  0.4689217060       25.35624779    
  0.4703916800       26.60326645    
  0.4718616540       27.77230462    
  0.4733316280       28.59172276    
  0.4748016020       28.90320332    
  0.4762715760       28.67154722    
  0.4777415500       27.90723443    
  0.4792115240       26.77404323    
  0.4806814980       25.49790559    
  0.4821514720       24.31882173    
  0.4836214460       23.33267783    
  0.4850914200       22.55095062    
  0.4865613940       21.94363828    
  0.4880313680       21.48476867    
  0.4895013420       21.10855711    
  0.4909713160       20.83029639    
  0.4924412900       20.69901179    
  0.4939112640       20.82256456    
  0.4953812380       21.24145074    
  0.4968512120       21.96886998    
  0.4983211860       22.99810143    
  0.4997911600       24.23043957    
  0.5012611340       25.55362323    
  0.5027311080       26.86199822    
  0.5042010820       28.17212462    
  0.5056710560       29.44168380    
  0.5071410300       30.52741604    
  0.5086110040       31.22430663    
  0.5100809780       31.43144298    
  0.5115509520       31.29941794    
  0.5130209260       31.02611244    
  0.5144909000       30.75931421    
  0.5159608740       30.38878405    
  0.5174308480       29.77893715    
  0.5189008220       28.87661890    
  0.5203707960       27.76421680    
  0.5218407700       26.55374994    
  0.5233107440       25.28003295    
  0.5247807180       23.99744499    
  0.5262506920       22.74809111    
  0.5277206660       21.60446264    
  0.5291906400       20.58612411    
  0.5306606140       19.70618975    
  0.5321305880       18.96995649    
  0.5336005620       18.34649700    
  0.5350705360       17.77660504    
  0.5365405100       17.16662999    
  0.5380104840       16.49303458    
  0.5394804580       15.78854031    
  0.5409504320       15.12048392    
  0.5424204060       14.53109862    
  0.5438903800       14.01313670    
  0.5453603540       13.57065632    
  0.5468303280       13.17059424    
  0.5483003020       12.82063960    
  0.5497702760       12.45272944    
  0.5512402500       12.20942574    
  0.5527102240       11.92357558    
  0.5541801980       11.52028123    
  0.5556501720       10.44942886    
  0.5571201460       8.966881057    
  0.5585901200       7.358630381    
  0.5600600940       6.317452316    
  0.5615300680       5.787771611    
  0.5630000420       5.577004284    
  0.5644700160       5.416472542    
  0.5659399900       5.245176032    
  0.5674099640       5.084729725    
  0.5688799380       4.922446572    
  0.5703499120       4.758070270    
  0.5718198860       4.606423734    
  0.5732898600       4.457724693    
  0.5747598340       4.365241665    
  0.5762298080       4.308256741    
  0.5776997820       4.300994794    
  0.5791697560       4.189246248    
  0.5806397300       3.893984034    
  0.5821097040       3.333917065    
  0.5835796780       2.650525153    
  0.5850496520       1.974523339    
  0.5865196260       1.437310144    
  0.5879896000       1.034613834    
  0.5894595740      0.7408894444    
  0.5909295480      0.5141458345    
  0.5923995220      0.3418241083    
  0.5938694960      0.2108527616    
  0.5953394700      0.1189250584    
  0.5968094440      0.5775383584E-01
  0.5982794180      0.2396442449E-01
  0.5997493920      0.7518250820E-02
  0.6012193660      0.1794128037E-02
  0.6026893400      0.1708693368E-03
  0.6041593140       0.000000000    
  0.6056292880      0.8543466841E-04
  0.6070992620      0.2563040052E-03
  0.6085692360      0.8970640183E-03
  0.6100392100      0.2691192055E-02
  0.6115091840      0.7304664149E-02
  0.6129791580      0.1627530433E-01
  0.6144491320      0.2985941661E-01
  0.6159191060      0.4741624097E-01
  0.6173890800      0.6881762540E-01
  0.6188590540      0.9709650064E-01
  0.6203290280      0.1345168854    
  0.6217990020      0.1809933450    
  0.6232689760      0.2337492528    
  0.6247389500      0.2914603713    
  0.6262089240      0.3571169139    
  0.6276788980      0.4331110515    
  0.6291488720      0.5224329973    
  0.6306188460      0.6208110180    
  0.6320888200      0.7289713082    
  0.6335587940      0.8426421345    
  0.6350287680      0.9717339184    
  0.6364987420       1.117869919    
  0.6379687160       1.296129354    
  0.6394386900       1.509673308    
  0.6409086640       1.777382842    
  0.6423786380       2.121257382    
  0.6438486120       2.540741604    
  0.6453185860       2.993630781    
  0.6467885600       3.388637970    
  0.6482585340       3.685267139    
  0.6497285080       3.901886741    
  0.6511984820       4.106716358    
  0.6526684560       4.339824851    
  0.6541384300       4.600101568    
  0.6556084040       4.878063262    
  0.6570783780       5.161279188    
  0.6585483520       5.455217164    
  0.6600183260       5.756032632    
  0.6614883000       6.065434283    
  0.6629582740       6.377997018    
  0.6644282480       6.700598326    
  0.6658982220       7.041781674    
  0.6673681960       7.433969519    
  0.6688381700       7.867977635    
  0.6703081440       8.312622367    
  0.6717781180       8.658248318    
  0.6732480920       8.864743911    
  0.6747180660       8.929930563    
  0.6761880400       8.950776622    
  0.6776580140       8.966624753    
  0.6791279880       9.007889698    
  0.6805979620       9.050991488    
  0.6820679360       9.105712393    
  0.6835379100       9.169923666    
  0.6850078840       9.243967046    
  0.6864778580       9.317732762    
  0.6879478320       9.381260558    
  0.6894178060       9.443449877    
  0.6908877800       9.516047986    
  0.6923577540       9.605540801    
  0.6938277280       9.715246035    
  0.6952977020       9.834114137    
  0.6967676760       9.975935687    
  0.6982376500       10.14844252    
  0.6997076240       10.35424040    
  0.7011775980       10.56260132    
  0.7026475720       10.71854806    
  0.7041175460       10.82763390    
  0.7055875200       10.90613412    
  0.7070574940       11.02306570    
  0.7085274680       11.16444584    
  0.7099974420       11.34207875    
  0.7114674160       11.52543579    
  0.7129373900       11.74427669    
  0.7144073640       12.00023896    
  0.7158773380       12.34556589    
  0.7173473120       12.85805999    
  0.7188172860       13.66006370    
  0.7202872600       14.77371884    
  0.7217572340       16.05431332    
  0.7232272080       17.23883652    
  0.7246971820       18.15952323    
  0.7261671560       18.83556776    
  0.7276371300       19.41638111    
  0.7291071040       20.02498921    
  0.7305770780       20.72133871    
  0.7320470520       21.51132461    
  0.7335170260       22.36534380    

