    16 : nkpt
    13 : nstsv

     1   0.000000000       0.000000000       0.000000000     : k-point, vkl
 (state, eigenvalue and occupancy below)
     1  -313251.7197       0.000000000    
     2  -281791.2599       0.000000000    
     3  -7535.236419       0.000000000    
     4  -7535.236032       0.000000000    
     5  -6307.915430       0.000000000    
     6  -6307.915206       0.000000000    
     7  -2835.914572       0.000000000    
     8  -2027.980841       0.000000000    
     9  -1937.683162       0.000000000    
    10  -1937.683147       0.000000000    
    11  -1470.376401       0.000000000    
    12  -1470.376388       0.000000000    
    13  -459.2169884       0.000000000    


     2  0.1666666667       0.000000000       0.000000000     : k-point, vkl
 (state, eigenvalue and occupancy below)
     1  -315796.2798       0.000000000    
     2  -304250.6947       0.000000000    
     3  -7692.997533       0.000000000    
     4  -7564.414658       0.000000000    
     5  -6944.940038       0.000000000    
     6  -6808.537213       0.000000000    
     7  -2884.950026       0.000000000    
     8  -2512.533424       0.000000000    
     9  -2026.561491       0.000000000    
    10  -1980.969768       0.000000000    
    11  -1752.767648       0.000000000    
    12  -1713.133513       0.000000000    
    13  -478.6242909       0.000000000    


     3  0.3333333333       0.000000000       0.000000000     : k-point, vkl
 (state, eigenvalue and occupancy below)
     1  -338253.9597       0.000000000    
     2  -333089.1667       0.000000000    
     3  -8863.782333       0.000000000    
     4  -8528.758337       0.000000000    
     5  -7676.705420       0.000000000    
     6  -7412.188279       0.000000000    
     7  -3120.129746       0.000000000    
     8  -2550.409715       0.000000000    
     9  -2201.709402       0.000000000    
    10  -2136.393794       0.000000000    
    11  -1954.586672       0.000000000    
    12  -1725.631773       0.000000000    
    13  -642.1149430       0.000000000    


     4  0.5000000000       0.000000000       0.000000000     : k-point, vkl
 (state, eigenvalue and occupancy below)
     1  -315084.3649       0.000000000    
     2  -294707.7325       0.000000000    
     3  -8872.940689       0.000000000    
     4  -6935.428625       0.000000000    
     5  -6672.362411       0.000000000    
     6  -6408.822640       0.000000000    
     7  -2976.804807       0.000000000    
     8  -2426.242580       0.000000000    
     9  -1999.719670       0.000000000    
    10  -1967.719278       0.000000000    
    11  -1801.018744       0.000000000    
    12  -1514.133571       0.000000000    
    13  -499.8577049       0.000000000    


     5  0.1666666667      0.1666666667       0.000000000     : k-point, vkl
 (state, eigenvalue and occupancy below)
     1  -316026.7932       0.000000000    
     2  -292677.9433       0.000000000    
     3  -8032.801502       0.000000000    
     4  -7211.882895       0.000000000    
     5  -6732.462961       0.000000000    
     6  -6379.222881       0.000000000    
     7  -2663.324303       0.000000000    
     8  -2476.675228       0.000000000    
     9  -1905.413834       0.000000000    
    10  -1793.748421       0.000000000    
    11  -1779.422453       0.000000000    
    12  -1698.717163       0.000000000    
    13  -470.7024873       0.000000000    


     6  0.3333333333      0.1666666667       0.000000000     : k-point, vkl
 (state, eigenvalue and occupancy below)
     1  -301250.8083       0.000000000    
     2  -286822.1993       0.000000000    
     3  -7634.642422       0.000000000    
     4  -7092.532658       0.000000000    
     5  -6855.298221       0.000000000    
     6  -6778.585449       0.000000000    
     7  -2505.535557       0.000000000    
     8  -2370.397230       0.000000000    
     9  -1867.658900       0.000000000    
    10  -1764.248780       0.000000000    
    11  -1728.839274       0.000000000    
    12  -1599.812098       0.000000000    
    13  -458.8782292       0.000000000    


     7  0.5000000000      0.1666666667       0.000000000     : k-point, vkl
 (state, eigenvalue and occupancy below)
     1  -298473.3849       0.000000000    
     2  -274331.1750       0.000000000    
     3  -7421.311057       0.000000000    
     4  -7204.531694       0.000000000    
     5  -6831.294066       0.000000000    
     6  -6454.280512       0.000000000    
     7  -2491.891862       0.000000000    
     8  -2332.152378       0.000000000    
     9  -1891.277166       0.000000000    
    10  -1838.836858       0.000000000    
    11  -1680.919856       0.000000000    
    12  -1634.574214       0.000000000    
    13  -463.5918765       0.000000000    


     8  0.6666666667      0.1666666667       0.000000000     : k-point, vkl
 (state, eigenvalue and occupancy below)
     1  -316953.5163       0.000000000    
     2  -303110.2140       0.000000000    
     3  -7741.386054       0.000000000    
     4  -7279.571607       0.000000000    
     5  -6945.706100       0.000000000    
     6  -6727.283220       0.000000000    
     7  -2764.145792       0.000000000    
     8  -2676.176148       0.000000000    
     9  -1912.588006       0.000000000    
    10  -1813.041051       0.000000000    
    11  -1741.152741       0.000000000    
    12  -1639.379732       0.000000000    
    13  -444.9486290       0.000000000    


     9  0.8333333333      0.1666666667       0.000000000     : k-point, vkl
 (state, eigenvalue and occupancy below)
     1  -285068.2788       0.000000000    
     2  -276741.6738       0.000000000    
     3  -8242.960210       0.000000000    
     4  -7313.045584       0.000000000    
     5  -7002.271892       0.000000000    
     6  -5924.648250       0.000000000    
     7  -2539.106177       0.000000000    
     8  -2234.220349       0.000000000    
     9  -1887.729688       0.000000000    
    10  -1770.677537       0.000000000    
    11  -1645.941643       0.000000000    
    12  -1493.014628       0.000000000    
    13  -517.4511567       0.000000000    


    10  0.3333333333      0.3333333333       0.000000000     : k-point, vkl
 (state, eigenvalue and occupancy below)
     1  -261699.2193       0.000000000    
     2  -253147.4213       0.000000000    
     3  -6503.636152       0.000000000    
     4  -6415.507693       0.000000000    
     5  -5938.378543       0.000000000    
     6  -5680.659066       0.000000000    
     7  -2340.031938       0.000000000    
     8  -1991.982909       0.000000000    
     9  -1659.845504       0.000000000    
    10  -1617.132521       0.000000000    
    11  -1430.148813       0.000000000    
    12  -1291.592504       0.000000000    
    13  -380.9929260       0.000000000    


    11  0.5000000000      0.3333333333       0.000000000     : k-point, vkl
 (state, eigenvalue and occupancy below)
     1  -306677.2449       0.000000000    
     2  -278001.4519       0.000000000    
     3  -7744.278181       0.000000000    
     4  -7351.064590       0.000000000    
     5  -6663.447705       0.000000000    
     6  -6604.487722       0.000000000    
     7  -2648.809167       0.000000000    
     8  -2456.952503       0.000000000    
     9  -2020.307209       0.000000000    
    10  -1850.562750       0.000000000    
    11  -1683.298863       0.000000000    
    12  -1624.551664       0.000000000    
    13  -469.2226847       0.000000000    


    12  0.6666666667      0.3333333333       0.000000000     : k-point, vkl
 (state, eigenvalue and occupancy below)
     1  -297901.9036       0.000000000    
     2  -276578.6095       0.000000000    
     3  -7334.203723       0.000000000    
     4  -7059.631859       0.000000000    
     5  -6513.177874       0.000000000    
     6  -6467.083124       0.000000000    
     7  -2607.304233       0.000000000    
     8  -2537.622136       0.000000000    
     9  -1927.887767       0.000000000    
    10  -1846.486991       0.000000000    
    11  -1665.117204       0.000000000    
    12  -1604.478149       0.000000000    
    13  -460.9205410       0.000000000    


    13  0.5000000000      0.5000000000       0.000000000     : k-point, vkl
 (state, eigenvalue and occupancy below)
     1  -318208.4224       0.000000000    
     2  -281440.8702       0.000000000    
     3  -7407.929240       0.000000000    
     4  -7387.153382       0.000000000    
     5  -6977.219102       0.000000000    
     6  -6575.101193       0.000000000    
     7  -2812.498798       0.000000000    
     8  -2582.809422       0.000000000    
     9  -1976.698515       0.000000000    
    10  -1912.474012       0.000000000    
    11  -1731.789215       0.000000000    
    12  -1726.432006       0.000000000    
    13  -461.4801207       0.000000000    


    14  0.5000000000      0.3333333333      0.1666666667     : k-point, vkl
 (state, eigenvalue and occupancy below)
     1  -292333.4275       0.000000000    
     2  -270847.3239       0.000000000    
     3  -7288.903703       0.000000000    
     4  -6808.767304       0.000000000    
     5  -6774.624690       0.000000000    
     6  -6365.895267       0.000000000    
     7  -2572.163386       0.000000000    
     8  -2394.122751       0.000000000    
     9  -1880.007004       0.000000000    
    10  -1683.638478       0.000000000    
    11  -1674.376064       0.000000000    
    12  -1594.177026       0.000000000    
    13  -432.5405518       0.000000000    


    15  0.6666666667      0.3333333333      0.1666666667     : k-point, vkl
 (state, eigenvalue and occupancy below)
     1  -308523.0558       0.000000000    
     2  -279770.4123       0.000000000    
     3  -7768.861596       0.000000000    
     4  -7296.378695       0.000000000    
     5  -6887.597021       0.000000000    
     6  -6595.238250       0.000000000    
     7  -2727.488934       0.000000000    
     8  -2546.294768       0.000000000    
     9  -1920.097374       0.000000000    
    10  -1816.899462       0.000000000    
    11  -1780.701239       0.000000000    
    12  -1703.573694       0.000000000    
    13  -463.8650630       0.000000000    


    16  0.6666666667      0.5000000000      0.1666666667     : k-point, vkl
 (state, eigenvalue and occupancy below)
     1  -304861.6591       0.000000000    
     2  -269845.7152       0.000000000    
     3  -7365.869988       0.000000000    
     4  -7171.463464       0.000000000    
     5  -6616.264153       0.000000000    
     6  -6557.092344       0.000000000    
     7  -2763.556436       0.000000000    
     8  -2596.705714       0.000000000    
     9  -1957.557221       0.000000000    
    10  -1837.604803       0.000000000    
    11  -1737.747729       0.000000000    
    12  -1690.826535       0.000000000    
    13  -455.6650034       0.000000000    

