    47 : nkpt
    13 : nstsv

     1   0.000000000       0.000000000       0.000000000     : k-point, vkl
 (state, eigenvalue and occupancy below)
     1  -313251.7197       0.000000000    
     2  -281791.2599       0.000000000    
     3  -7535.236419       0.000000000    
     4  -7535.236032       0.000000000    
     5  -6307.915430       0.000000000    
     6  -6307.915206       0.000000000    
     7  -2835.914572       0.000000000    
     8  -2027.980841       0.000000000    
     9  -1937.683162       0.000000000    
    10  -1937.683147       0.000000000    
    11  -1470.376401       0.000000000    
    12  -1470.376388       0.000000000    
    13  -459.2169884       0.000000000    


     2  0.1000000000       0.000000000       0.000000000     : k-point, vkl
 (state, eigenvalue and occupancy below)
     1  -310830.6236       0.000000000    
     2  -300791.9799       0.000000000    
     3  -7482.718153       0.000000000    
     4  -7443.828544       0.000000000    
     5  -6904.761829       0.000000000    
     6  -6658.871832       0.000000000    
     7  -2753.608513       0.000000000    
     8  -2170.504926       0.000000000    
     9  -1890.587857       0.000000000    
    10  -1777.713688       0.000000000    
    11  -1706.926668       0.000000000    
    12  -1560.783226       0.000000000    
    13  -426.5467063       0.000000000    


     3  0.2000000000       0.000000000       0.000000000     : k-point, vkl
 (state, eigenvalue and occupancy below)
     1  -297074.8536       0.000000000    
     2  -290162.6753       0.000000000    
     3  -7679.463624       0.000000000    
     4  -7394.888564       0.000000000    
     5  -6530.007270       0.000000000    
     6  -6509.741019       0.000000000    
     7  -2764.280247       0.000000000    
     8  -2442.958927       0.000000000    
     9  -2020.780359       0.000000000    
    10  -1978.275558       0.000000000    
    11  -1655.979161       0.000000000    
    12  -1647.816518       0.000000000    
    13  -494.9138120       0.000000000    


     4  0.3000000000       0.000000000       0.000000000     : k-point, vkl
 (state, eigenvalue and occupancy below)
     1  -346332.5734       0.000000000    
     2  -339437.4684       0.000000000    
     3  -8958.939822       0.000000000    
     4  -8729.039359       0.000000000    
     5  -7833.623141       0.000000000    
     6  -7416.542013       0.000000000    
     7  -3072.653042       0.000000000    
     8  -2569.897994       0.000000000    
     9  -2189.078518       0.000000000    
    10  -2117.923960       0.000000000    
    11  -1974.439960       0.000000000    
    12  -1712.567841       0.000000000    
    13  -663.1468879       0.000000000    


     5  0.4000000000       0.000000000       0.000000000     : k-point, vkl
 (state, eigenvalue and occupancy below)
     1  -307459.6549       0.000000000    
     2  -294318.3441       0.000000000    
     3  -8071.379307       0.000000000    
     4  -8066.636601       0.000000000    
     5  -6819.394764       0.000000000    
     6  -6769.830868       0.000000000    
     7  -2810.432674       0.000000000    
     8  -2396.793749       0.000000000    
     9  -2126.271569       0.000000000    
    10  -1965.836486       0.000000000    
    11  -1703.415030       0.000000000    
    12  -1599.713987       0.000000000    
    13  -545.7522576       0.000000000    


     6  0.5000000000       0.000000000       0.000000000     : k-point, vkl
 (state, eigenvalue and occupancy below)
     1  -315084.3649       0.000000000    
     2  -294707.7325       0.000000000    
     3  -8872.940689       0.000000000    
     4  -6935.428625       0.000000000    
     5  -6672.362411       0.000000000    
     6  -6408.822640       0.000000000    
     7  -2976.804807       0.000000000    
     8  -2426.242580       0.000000000    
     9  -1999.719670       0.000000000    
    10  -1967.719278       0.000000000    
    11  -1801.018744       0.000000000    
    12  -1514.133571       0.000000000    
    13  -499.8577049       0.000000000    


     7  0.1000000000      0.1000000000       0.000000000     : k-point, vkl
 (state, eigenvalue and occupancy below)
     1  -301266.8247       0.000000000    
     2  -285057.9378       0.000000000    
     3  -7722.032653       0.000000000    
     4  -7108.246741       0.000000000    
     5  -6429.496003       0.000000000    
     6  -6397.744755       0.000000000    
     7  -2724.717247       0.000000000    
     8  -2499.891304       0.000000000    
     9  -1975.546232       0.000000000    
    10  -1877.586315       0.000000000    
    11  -1740.431712       0.000000000    
    12  -1716.484762       0.000000000    
    13  -439.0410200       0.000000000    


     8  0.2000000000      0.1000000000       0.000000000     : k-point, vkl
 (state, eigenvalue and occupancy below)
     1  -324619.3524       0.000000000    
     2  -302008.4463       0.000000000    
     3  -8197.237539       0.000000000    
     4  -7349.476205       0.000000000    
     5  -6867.326082       0.000000000    
     6  -6504.897731       0.000000000    
     7  -2846.101447       0.000000000    
     8  -2563.382746       0.000000000    
     9  -1989.583153       0.000000000    
    10  -1862.516316       0.000000000    
    11  -1705.839628       0.000000000    
    12  -1612.330646       0.000000000    
    13  -476.3392437       0.000000000    


     9  0.3000000000      0.1000000000       0.000000000     : k-point, vkl
 (state, eigenvalue and occupancy below)
     1  -313390.0365       0.000000000    
     2  -304051.3542       0.000000000    
     3  -8058.854034       0.000000000    
     4  -7610.596811       0.000000000    
     5  -7163.742989       0.000000000    
     6  -6937.173518       0.000000000    
     7  -2705.168064       0.000000000    
     8  -2551.333374       0.000000000    
     9  -1932.795890       0.000000000    
    10  -1879.570244       0.000000000    
    11  -1784.706236       0.000000000    
    12  -1654.797165       0.000000000    
    13  -524.2616397       0.000000000    


    10  0.4000000000      0.1000000000       0.000000000     : k-point, vkl
 (state, eigenvalue and occupancy below)
     1  -297361.0135       0.000000000    
     2  -291065.6581       0.000000000    
     3  -7797.363246       0.000000000    
     4  -7330.828110       0.000000000    
     5  -7213.442935       0.000000000    
     6  -6703.180801       0.000000000    
     7  -2623.737088       0.000000000    
     8  -2327.074659       0.000000000    
     9  -1895.354227       0.000000000    
    10  -1865.597127       0.000000000    
    11  -1801.587060       0.000000000    
    12  -1569.303769       0.000000000    
    13  -483.2141139       0.000000000    


    11  0.5000000000      0.1000000000       0.000000000     : k-point, vkl
 (state, eigenvalue and occupancy below)
     1  -299673.0787       0.000000000    
     2  -278352.2506       0.000000000    
     3  -7598.576656       0.000000000    
     4  -7229.026960       0.000000000    
     5  -6927.504346       0.000000000    
     6  -6328.023174       0.000000000    
     7  -2493.584610       0.000000000    
     8  -2331.287136       0.000000000    
     9  -1839.896913       0.000000000    
    10  -1771.314906       0.000000000    
    11  -1660.971797       0.000000000    
    12  -1497.595766       0.000000000    
    13  -426.5967646       0.000000000    


    12  0.6000000000      0.1000000000       0.000000000     : k-point, vkl
 (state, eigenvalue and occupancy below)
     1  -287579.3783       0.000000000    
     2  -275331.1895       0.000000000    
     3  -7415.023735       0.000000000    
     4  -7276.665411       0.000000000    
     5  -6279.920959       0.000000000    
     6  -6176.707999       0.000000000    
     7  -2510.998432       0.000000000    
     8  -2329.149926       0.000000000    
     9  -1860.345455       0.000000000    
    10  -1730.890308       0.000000000    
    11  -1648.384579       0.000000000    
    12  -1558.510759       0.000000000    
    13  -417.6460252       0.000000000    


    13  0.7000000000      0.1000000000       0.000000000     : k-point, vkl
 (state, eigenvalue and occupancy below)
     1  -318762.9707       0.000000000    
     2  -293782.4323       0.000000000    
     3  -8319.614873       0.000000000    
     4  -7902.257621       0.000000000    
     5  -7214.572508       0.000000000    
     6  -6862.931013       0.000000000    
     7  -2882.011518       0.000000000    
     8  -2422.468048       0.000000000    
     9  -1999.189540       0.000000000    
    10  -1968.964923       0.000000000    
    11  -1796.111896       0.000000000    
    12  -1682.886108       0.000000000    
    13  -559.4341639       0.000000000    


    14  0.8000000000      0.1000000000       0.000000000     : k-point, vkl
 (state, eigenvalue and occupancy below)
     1  -289527.2660       0.000000000    
     2  -272990.0674       0.000000000    
     3  -8040.561982       0.000000000    
     4  -7460.866502       0.000000000    
     5  -6469.083593       0.000000000    
     6  -6395.619767       0.000000000    
     7  -2637.643014       0.000000000    
     8  -2157.404706       0.000000000    
     9  -1902.598698       0.000000000    
    10  -1848.761086       0.000000000    
    11  -1609.995064       0.000000000    
    12  -1435.817950       0.000000000    
    13  -534.0864725       0.000000000    


    15  0.9000000000      0.1000000000       0.000000000     : k-point, vkl
 (state, eigenvalue and occupancy below)
     1  -289883.3587       0.000000000    
     2  -285519.8567       0.000000000    
     3  -7416.942225       0.000000000    
     4  -6949.798385       0.000000000    
     5  -6580.695563       0.000000000    
     6  -6501.949104       0.000000000    
     7  -2572.397493       0.000000000    
     8  -2391.848336       0.000000000    
     9  -1871.903595       0.000000000    
    10  -1792.382383       0.000000000    
    11  -1696.679791       0.000000000    
    12  -1643.609580       0.000000000    
    13  -422.2358052       0.000000000    


    16  0.2000000000      0.2000000000       0.000000000     : k-point, vkl
 (state, eigenvalue and occupancy below)
     1  -337761.6827       0.000000000    
     2  -320657.4574       0.000000000    
     3  -8456.866719       0.000000000    
     4  -7705.277057       0.000000000    
     5  -7619.278636       0.000000000    
     6  -6964.226075       0.000000000    
     7  -2889.689573       0.000000000    
     8  -2641.320282       0.000000000    
     9  -2026.422088       0.000000000    
    10  -1998.288686       0.000000000    
    11  -1847.307328       0.000000000    
    12  -1837.908523       0.000000000    
    13  -513.6714275       0.000000000    


    17  0.3000000000      0.2000000000       0.000000000     : k-point, vkl
 (state, eigenvalue and occupancy below)
     1  -314785.2316       0.000000000    
     2  -291106.7641       0.000000000    
     3  -8135.188087       0.000000000    
     4  -7336.100205       0.000000000    
     5  -6975.878758       0.000000000    
     6  -6303.905746       0.000000000    
     7  -2714.504870       0.000000000    
     8  -2336.153749       0.000000000    
     9  -1934.838731       0.000000000    
    10  -1817.315977       0.000000000    
    11  -1609.220985       0.000000000    
    12  -1574.444338       0.000000000    
    13  -496.2775889       0.000000000    


    18  0.4000000000      0.2000000000       0.000000000     : k-point, vkl
 (state, eigenvalue and occupancy below)
     1  -291359.1299       0.000000000    
     2  -288730.7035       0.000000000    
     3  -7642.955247       0.000000000    
     4  -7367.700765       0.000000000    
     5  -7097.454352       0.000000000    
     6  -6305.238020       0.000000000    
     7  -2537.619525       0.000000000    
     8  -2174.448384       0.000000000    
     9  -1999.784854       0.000000000    
    10  -1831.222449       0.000000000    
    11  -1692.588657       0.000000000    
    12  -1641.211895       0.000000000    
    13  -500.0073165       0.000000000    


    19  0.5000000000      0.2000000000       0.000000000     : k-point, vkl
 (state, eigenvalue and occupancy below)
     1  -304762.8933       0.000000000    
     2  -281733.2499       0.000000000    
     3  -7717.808754       0.000000000    
     4  -7212.809594       0.000000000    
     5  -7176.849628       0.000000000    
     6  -6707.210377       0.000000000    
     7  -2537.237525       0.000000000    
     8  -2352.114771       0.000000000    
     9  -1916.323562       0.000000000    
    10  -1849.746795       0.000000000    
    11  -1741.489525       0.000000000    
    12  -1687.911118       0.000000000    
    13  -464.8788430       0.000000000    


    20  0.6000000000      0.2000000000       0.000000000     : k-point, vkl
 (state, eigenvalue and occupancy below)
     1  -315302.2336       0.000000000    
     2  -295321.9000       0.000000000    
     3  -7857.769392       0.000000000    
     4  -7401.672094       0.000000000    
     5  -7307.845983       0.000000000    
     6  -6657.079614       0.000000000    
     7  -2642.282850       0.000000000    
     8  -2527.931388       0.000000000    
     9  -1927.109517       0.000000000    
    10  -1914.622258       0.000000000    
    11  -1768.751435       0.000000000    
    12  -1701.352388       0.000000000    
    13  -466.5086847       0.000000000    


    21  0.7000000000      0.2000000000       0.000000000     : k-point, vkl
 (state, eigenvalue and occupancy below)
     1  -311821.5720       0.000000000    
     2  -294405.6502       0.000000000    
     3  -7707.553344       0.000000000    
     4  -7169.366164       0.000000000    
     5  -6885.737637       0.000000000    
     6  -6484.403269       0.000000000    
     7  -2674.540318       0.000000000    
     8  -2556.914804       0.000000000    
     9  -1917.893333       0.000000000    
    10  -1756.675490       0.000000000    
    11  -1730.578581       0.000000000    
    12  -1689.700463       0.000000000    
    13  -435.2280618       0.000000000    


    22  0.8000000000      0.2000000000       0.000000000     : k-point, vkl
 (state, eigenvalue and occupancy below)
     1  -289272.9121       0.000000000    
     2  -272593.9797       0.000000000    
     3  -7435.197508       0.000000000    
     4  -7427.552512       0.000000000    
     5  -6673.997032       0.000000000    
     6  -6261.237496       0.000000000    
     7  -2568.323713       0.000000000    
     8  -2366.970617       0.000000000    
     9  -1790.359541       0.000000000    
    10  -1707.910172       0.000000000    
    11  -1635.793485       0.000000000    
    12  -1542.582211       0.000000000    
    13  -494.2497600       0.000000000    


    23  0.3000000000      0.3000000000       0.000000000     : k-point, vkl
 (state, eigenvalue and occupancy below)
     1  -298812.2519       0.000000000    
     2  -282473.2336       0.000000000    
     3  -7282.176927       0.000000000    
     4  -7071.880511       0.000000000    
     5  -6516.286876       0.000000000    
     6  -6257.517803       0.000000000    
     7  -2769.070355       0.000000000    
     8  -2247.958104       0.000000000    
     9  -1951.089659       0.000000000    
    10  -1914.982011       0.000000000    
    11  -1617.630788       0.000000000    
    12  -1483.048847       0.000000000    
    13  -442.3498510       0.000000000    


    24  0.4000000000      0.3000000000       0.000000000     : k-point, vkl
 (state, eigenvalue and occupancy below)
     1  -294927.7020       0.000000000    
     2  -284181.8004       0.000000000    
     3  -7397.453174       0.000000000    
     4  -6988.607093       0.000000000    
     5  -6850.847109       0.000000000    
     6  -6788.162923       0.000000000    
     7  -2569.672147       0.000000000    
     8  -2255.325098       0.000000000    
     9  -1891.818427       0.000000000    
    10  -1827.789659       0.000000000    
    11  -1804.586626       0.000000000    
    12  -1585.432757       0.000000000    
    13  -458.1313068       0.000000000    


    25  0.5000000000      0.3000000000       0.000000000     : k-point, vkl
 (state, eigenvalue and occupancy below)
     1  -308968.6911       0.000000000    
     2  -281525.9262       0.000000000    
     3  -7923.772198       0.000000000    
     4  -7220.575770       0.000000000    
     5  -6914.051162       0.000000000    
     6  -6835.046013       0.000000000    
     7  -2678.691103       0.000000000    
     8  -2421.267777       0.000000000    
     9  -2055.843712       0.000000000    
    10  -1874.039486       0.000000000    
    11  -1682.586329       0.000000000    
    12  -1669.693433       0.000000000    
    13  -488.6139148       0.000000000    


    26  0.6000000000      0.3000000000       0.000000000     : k-point, vkl
 (state, eigenvalue and occupancy below)
     1  -292408.7190       0.000000000    
     2  -272061.6831       0.000000000    
     3  -7362.733684       0.000000000    
     4  -7046.670251       0.000000000    
     5  -6746.644370       0.000000000    
     6  -6462.372883       0.000000000    
     7  -2552.528779       0.000000000    
     8  -2397.000544       0.000000000    
     9  -1894.215609       0.000000000    
    10  -1831.671625       0.000000000    
    11  -1732.402618       0.000000000    
    12  -1611.232155       0.000000000    
    13  -460.5461924       0.000000000    


    27  0.7000000000      0.3000000000       0.000000000     : k-point, vkl
 (state, eigenvalue and occupancy below)
     1  -302381.6820       0.000000000    
     2  -278479.9607       0.000000000    
     3  -7420.329424       0.000000000    
     4  -7143.758011       0.000000000    
     5  -6625.269897       0.000000000    
     6  -6468.111142       0.000000000    
     7  -2608.179494       0.000000000    
     8  -2538.525126       0.000000000    
     9  -1937.545750       0.000000000    
    10  -1865.645103       0.000000000    
    11  -1672.188374       0.000000000    
    12  -1658.264517       0.000000000    
    13  -462.8399201       0.000000000    


    28  0.4000000000      0.4000000000       0.000000000     : k-point, vkl
 (state, eigenvalue and occupancy below)
     1  -300860.3982       0.000000000    
     2  -260551.9640       0.000000000    
     3  -7306.501657       0.000000000    
     4  -6729.079531       0.000000000    
     5  -6617.514432       0.000000000    
     6  -6111.792585       0.000000000    
     7  -2505.032406       0.000000000    
     8  -2255.270709       0.000000000    
     9  -1781.042682       0.000000000    
    10  -1653.871474       0.000000000    
    11  -1595.228227       0.000000000    
    12  -1589.317230       0.000000000    
    13  -436.0648991       0.000000000    


    29  0.5000000000      0.4000000000       0.000000000     : k-point, vkl
 (state, eigenvalue and occupancy below)
     1  -304979.2597       0.000000000    
     2  -265462.0771       0.000000000    
     3  -7269.140380       0.000000000    
     4  -7141.892064       0.000000000    
     5  -6862.663048       0.000000000    
     6  -6412.807872       0.000000000    
     7  -2569.982752       0.000000000    
     8  -2387.097475       0.000000000    
     9  -1935.188132       0.000000000    
    10  -1811.576872       0.000000000    
    11  -1731.396077       0.000000000    
    12  -1636.731116       0.000000000    
    13  -462.5244042       0.000000000    


    30  0.6000000000      0.4000000000       0.000000000     : k-point, vkl
 (state, eigenvalue and occupancy below)
     1  -295175.0259       0.000000000    
     2  -270267.1022       0.000000000    
     3  -7417.587585       0.000000000    
     4  -6753.850681       0.000000000    
     5  -6728.029388       0.000000000    
     6  -6366.625359       0.000000000    
     7  -2580.259810       0.000000000    
     8  -2565.261365       0.000000000    
     9  -1923.483847       0.000000000    
    10  -1770.372032       0.000000000    
    11  -1753.372216       0.000000000    
    12  -1549.647335       0.000000000    
    13  -455.7307925       0.000000000    


    31  0.5000000000      0.5000000000       0.000000000     : k-point, vkl
 (state, eigenvalue and occupancy below)
     1  -318208.4224       0.000000000    
     2  -281440.8702       0.000000000    
     3  -7407.929240       0.000000000    
     4  -7387.153382       0.000000000    
     5  -6977.219102       0.000000000    
     6  -6575.101193       0.000000000    
     7  -2812.498798       0.000000000    
     8  -2582.809422       0.000000000    
     9  -1976.698515       0.000000000    
    10  -1912.474012       0.000000000    
    11  -1731.789215       0.000000000    
    12  -1726.432006       0.000000000    
    13  -461.4801207       0.000000000    


    32  0.3000000000      0.2000000000      0.1000000000     : k-point, vkl
 (state, eigenvalue and occupancy below)
     1  -307254.3947       0.000000000    
     2  -270714.1291       0.000000000    
     3  -7903.964046       0.000000000    
     4  -7158.612979       0.000000000    
     5  -6759.080816       0.000000000    
     6  -6201.161325       0.000000000    
     7  -2670.919845       0.000000000    
     8  -2213.251359       0.000000000    
     9  -1890.977746       0.000000000    
    10  -1848.015391       0.000000000    
    11  -1589.370431       0.000000000    
    12  -1527.433072       0.000000000    
    13  -475.9137039       0.000000000    


    33  0.4000000000      0.2000000000      0.1000000000     : k-point, vkl
 (state, eigenvalue and occupancy below)
     1  -297402.4769       0.000000000    
     2  -295270.1218       0.000000000    
     3  -8078.157600       0.000000000    
     4  -7614.886898       0.000000000    
     5  -7205.801700       0.000000000    
     6  -6884.496941       0.000000000    
     7  -2438.701255       0.000000000    
     8  -2240.432099       0.000000000    
     9  -1971.174306       0.000000000    
    10  -1932.311158       0.000000000    
    11  -1714.245800       0.000000000    
    12  -1645.374929       0.000000000    
    13  -501.2324920       0.000000000    


    34  0.5000000000      0.2000000000      0.1000000000     : k-point, vkl
 (state, eigenvalue and occupancy below)
     1  -298200.1044       0.000000000    
     2  -278959.0490       0.000000000    
     3  -7885.527198       0.000000000    
     4  -7223.773230       0.000000000    
     5  -6820.726731       0.000000000    
     6  -6477.148597       0.000000000    
     7  -2539.103647       0.000000000    
     8  -2207.752798       0.000000000    
     9  -1921.365371       0.000000000    
    10  -1815.061488       0.000000000    
    11  -1706.714139       0.000000000    
    12  -1678.600911       0.000000000    
    13  -475.4979851       0.000000000    


    35  0.6000000000      0.2000000000      0.1000000000     : k-point, vkl
 (state, eigenvalue and occupancy below)
     1  -287259.7533       0.000000000    
     2  -271674.0649       0.000000000    
     3  -7190.257470       0.000000000    
     4  -6807.233831       0.000000000    
     5  -6462.787948       0.000000000    
     6  -6231.960562       0.000000000    
     7  -2424.573631       0.000000000    
     8  -2241.319899       0.000000000    
     9  -1837.945142       0.000000000    
    10  -1677.574249       0.000000000    
    11  -1607.093437       0.000000000    
    12  -1587.619900       0.000000000    
    13  -411.1736019       0.000000000    


    36  0.4000000000      0.3000000000      0.1000000000     : k-point, vkl
 (state, eigenvalue and occupancy below)
     1  -282195.4373       0.000000000    
     2  -271311.8977       0.000000000    
     3  -6954.934328       0.000000000    
     4  -6810.381430       0.000000000    
     5  -6543.767666       0.000000000    
     6  -6270.842232       0.000000000    
     7  -2419.561758       0.000000000    
     8  -2174.838381       0.000000000    
     9  -1887.182985       0.000000000    
    10  -1741.309272       0.000000000    
    11  -1616.702251       0.000000000    
    12  -1480.071551       0.000000000    
    13  -410.7076714       0.000000000    


    37  0.5000000000      0.3000000000      0.1000000000     : k-point, vkl
 (state, eigenvalue and occupancy below)
     1  -287284.0983       0.000000000    
     2  -280360.1318       0.000000000    
     3  -7199.453505       0.000000000    
     4  -6932.177413       0.000000000    
     5  -6771.025950       0.000000000    
     6  -6466.446061       0.000000000    
     7  -2516.402727       0.000000000    
     8  -2365.776576       0.000000000    
     9  -1976.475342       0.000000000    
    10  -1751.671884       0.000000000    
    11  -1665.752026       0.000000000    
    12  -1560.292894       0.000000000    
    13  -438.0067293       0.000000000    


    38  0.6000000000      0.3000000000      0.1000000000     : k-point, vkl
 (state, eigenvalue and occupancy below)
     1  -286578.8642       0.000000000    
     2  -284135.0550       0.000000000    
     3  -7553.617721       0.000000000    
     4  -7287.488827       0.000000000    
     5  -6854.727678       0.000000000    
     6  -6725.415237       0.000000000    
     7  -2495.679005       0.000000000    
     8  -2209.602063       0.000000000    
     9  -1872.737297       0.000000000    
    10  -1754.053945       0.000000000    
    11  -1747.502712       0.000000000    
    12  -1694.882270       0.000000000    
    13  -458.1179785       0.000000000    


    39  0.7000000000      0.3000000000      0.1000000000     : k-point, vkl
 (state, eigenvalue and occupancy below)
     1  -303252.7334       0.000000000    
     2  -278399.5738       0.000000000    
     3  -7709.147852       0.000000000    
     4  -7063.639333       0.000000000    
     5  -6728.684407       0.000000000    
     6  -6348.746146       0.000000000    
     7  -2715.404180       0.000000000    
     8  -2448.065908       0.000000000    
     9  -1847.257474       0.000000000    
    10  -1783.321814       0.000000000    
    11  -1705.645455       0.000000000    
    12  -1641.202282       0.000000000    
    13  -465.6206689       0.000000000    


    40  0.8000000000      0.3000000000      0.1000000000     : k-point, vkl
 (state, eigenvalue and occupancy below)
     1  -299252.6844       0.000000000    
     2  -286889.7042       0.000000000    
     3  -7565.215200       0.000000000    
     4  -6947.447599       0.000000000    
     5  -6704.842509       0.000000000    
     6  -6394.106388       0.000000000    
     7  -2773.445092       0.000000000    
     8  -2497.844750       0.000000000    
     9  -1924.538812       0.000000000    
    10  -1775.266919       0.000000000    
    11  -1707.637602       0.000000000    
    12  -1689.544124       0.000000000    
    13  -429.8864817       0.000000000    


    41  0.5000000000      0.4000000000      0.1000000000     : k-point, vkl
 (state, eigenvalue and occupancy below)
     1  -302162.0286       0.000000000    
     2  -260737.7125       0.000000000    
     3  -7211.139678       0.000000000    
     4  -6816.237276       0.000000000    
     5  -6545.531761       0.000000000    
     6  -6296.018250       0.000000000    
     7  -2669.060112       0.000000000    
     8  -2340.507063       0.000000000    
     9  -1809.649536       0.000000000    
    10  -1795.160170       0.000000000    
    11  -1645.633852       0.000000000    
    12  -1535.540691       0.000000000    
    13  -438.8084989       0.000000000    


    42  0.6000000000      0.4000000000      0.1000000000     : k-point, vkl
 (state, eigenvalue and occupancy below)
     1  -306700.6308       0.000000000    
     2  -283243.6274       0.000000000    
     3  -7529.479397       0.000000000    
     4  -7120.048288       0.000000000    
     5  -6907.171337       0.000000000    
     6  -6728.714827       0.000000000    
     7  -2804.902868       0.000000000    
     8  -2571.068307       0.000000000    
     9  -2027.792381       0.000000000    
    10  -1833.564387       0.000000000    
    11  -1796.879267       0.000000000    
    12  -1675.379570       0.000000000    
    13  -460.3750320       0.000000000    


    43  0.7000000000      0.4000000000      0.1000000000     : k-point, vkl
 (state, eigenvalue and occupancy below)
     1  -300904.5927       0.000000000    
     2  -271170.3907       0.000000000    
     3  -7495.113368       0.000000000    
     4  -7127.001648       0.000000000    
     5  -6661.767057       0.000000000    
     6  -6222.755737       0.000000000    
     7  -2727.404032       0.000000000    
     8  -2434.462715       0.000000000    
     9  -1987.054417       0.000000000    
    10  -1801.399371       0.000000000    
    11  -1671.024631       0.000000000    
    12  -1514.324199       0.000000000    
    13  -485.2657756       0.000000000    


    44  0.6000000000      0.5000000000      0.1000000000     : k-point, vkl
 (state, eigenvalue and occupancy below)
     1  -310774.2146       0.000000000    
     2  -281072.4518       0.000000000    
     3  -7529.348349       0.000000000    
     4  -7386.458775       0.000000000    
     5  -7010.157518       0.000000000    
     6  -6617.593565       0.000000000    
     7  -2753.034638       0.000000000    
     8  -2639.818502       0.000000000    
     9  -1921.654833       0.000000000    
    10  -1883.365304       0.000000000    
    11  -1849.172895       0.000000000    
    12  -1744.473313       0.000000000    
    13  -465.8240958       0.000000000    


    45  0.6000000000      0.4000000000      0.2000000000     : k-point, vkl
 (state, eigenvalue and occupancy below)
     1  -321181.6423       0.000000000    
     2  -277240.6121       0.000000000    
     3  -7745.406606       0.000000000    
     4  -7294.693099       0.000000000    
     5  -7050.127404       0.000000000    
     6  -6616.444304       0.000000000    
     7  -2910.096076       0.000000000    
     8  -2611.491124       0.000000000    
     9  -1934.612018       0.000000000    
    10  -1910.743025       0.000000000    
    11  -1756.269350       0.000000000    
    12  -1682.369136       0.000000000    
    13  -470.5519551       0.000000000    


    46  0.7000000000      0.4000000000      0.2000000000     : k-point, vkl
 (state, eigenvalue and occupancy below)
     1  -307153.8037       0.000000000    
     2  -274569.5525       0.000000000    
     3  -7622.241823       0.000000000    
     4  -6917.346511       0.000000000    
     5  -6746.389067       0.000000000    
     6  -6638.200430       0.000000000    
     7  -2826.248569       0.000000000    
     8  -2598.403294       0.000000000    
     9  -1958.785901       0.000000000    
    10  -1802.175786       0.000000000    
    11  -1718.046661       0.000000000    
    12  -1675.711456       0.000000000    
    13  -458.2648368       0.000000000    


    47  0.7000000000      0.5000000000      0.2000000000     : k-point, vkl
 (state, eigenvalue and occupancy below)
     1  -293399.7583       0.000000000    
     2  -264610.8256       0.000000000    
     3  -7270.834073       0.000000000    
     4  -6969.986193       0.000000000    
     5  -6542.066966       0.000000000    
     6  -6473.765722       0.000000000    
     7  -2591.609186       0.000000000    
     8  -2500.600808       0.000000000    
     9  -1924.723856       0.000000000    
    10  -1717.775055       0.000000000    
    11  -1671.889201       0.000000000    
    12  -1603.219270       0.000000000    
    13  -437.6554262       0.000000000    

