    29 : nkpt
    13 : nstsv

     1   0.000000000       0.000000000       0.000000000     : k-point, vkl
 (state, eigenvalue and occupancy below)
     1 -0.4726785833       2.000000000    
     2  0.3291747693       1.999999983    
     3  0.3291756187       1.999999983    
     4  0.3292443571       1.999999982    
     5  0.5417506341       0.000000000    
     6  0.5417528199       0.000000000    
     7  0.5417882729       0.000000000    
     8  0.7948552605       0.000000000    
     9   1.047854434       0.000000000    
    10   1.367124095       0.000000000    
    11   1.367124477       0.000000000    
    12   1.385155528       0.000000000    
    13   1.385157846       0.000000000    


     2  0.1250000000       0.000000000       0.000000000     : k-point, vkl
 (state, eigenvalue and occupancy below)
     1 -0.4559510210       2.000000000    
     2  0.2395340302       2.000000000    
     3  0.3066569748       2.000000000    
     4  0.3067148278       2.000000000    
     5  0.5839886822       0.000000000    
     6  0.5840229487       0.000000000    
     7  0.6087177760       0.000000000    
     8  0.8157853516       0.000000000    
     9   1.088418015       0.000000000    
    10   1.241960278       0.000000000    
    11   1.241968441       0.000000000    
    12   1.334892898       0.000000000    
    13   1.580566121       0.000000000    


     3  0.2500000000       0.000000000       0.000000000     : k-point, vkl
 (state, eigenvalue and occupancy below)
     1 -0.4092673611       2.000000000    
     2  0.8531963469E-01   2.000000000    
     3  0.2623259291       2.000000000    
     4  0.2623847307       2.000000000    
     5  0.6266963015       0.000000000    
     6  0.6375364455       0.000000000    
     7  0.6375727216       0.000000000    
     8  0.8652315276       0.000000000    
     9   1.109735545       0.000000000    
    10   1.192138052       0.000000000    
    11   1.192145486       0.000000000    
    12   1.305876201       0.000000000    
    13   1.837690974       0.000000000    


     4  0.3750000000       0.000000000       0.000000000     : k-point, vkl
 (state, eigenvalue and occupancy below)
     1 -0.3350819174       2.000000000    
     2 -0.7078191870E-01   2.000000000    
     3  0.2344160374       2.000000000    
     4  0.2344741070       2.000000000    
     5  0.6387966139       0.000000000    
     6  0.6671664269       0.000000000    
     7  0.6672006884       0.000000000    
     8  0.9022403997       0.000000000    
     9   1.121790225       0.000000000    
    10   1.250802180       0.000000000    
    11   1.250808635       0.000000000    
    12   1.274790563       0.000000000    
    13   1.803596176       0.000000000    


     5  0.5000000000       0.000000000       0.000000000     : k-point, vkl
 (state, eigenvalue and occupancy below)
     1 -0.2665168503       2.000000000    
     2 -0.1691518380       2.000000000    
     3  0.2195146541       2.000000000    
     4  0.2195732998       2.000000000    
     5  0.6385099806       0.000000000    
     6  0.6385434794       0.000000000    
     7  0.6419292319       0.000000000    
     8  0.9109313922       0.000000000    
     9   1.148419504       0.000000000    
    10   1.224410661       0.000000000    
    11   1.317760764       0.000000000    
    12   1.317765720       0.000000000    
    13   1.646180786       0.000000000    


     6  0.1250000000      0.1250000000       0.000000000     : k-point, vkl
 (state, eigenvalue and occupancy below)
     1 -0.4504116748       2.000000000    
     2  0.2653138476       2.000000000    
     3  0.2653554623       2.000000000    
     4  0.2813753525       2.000000000    
     5  0.5462201769       0.000000000    
     6  0.6436393294       0.000000000    
     7  0.6436689003       0.000000000    
     8  0.8065365911       0.000000000    
     9   1.106609798       0.000000000    
    10   1.122162735       0.000000000    
    11   1.395567689       0.000000000    
    12   1.442661864       0.000000000    
    13   1.442676770       0.000000000    


     7  0.2500000000      0.1250000000       0.000000000     : k-point, vkl
 (state, eigenvalue and occupancy below)
     1 -0.4137155938       2.000000000    
     2  0.1383084718       2.000000000    
     3  0.2237098625       2.000000000    
     4  0.2513246909       2.000000000    
     5  0.5590631612       0.000000000    
     6  0.7003075251       0.000000000    
     7  0.7038508187       0.000000000    
     8  0.8021246259       0.000000000    
     9   1.091228539       0.000000000    
    10   1.147285546       0.000000000    
    11   1.335260152       0.000000000    
    12   1.404597770       0.000000000    
    13   1.653985248       0.000000000    


     8  0.3750000000      0.1250000000       0.000000000     : k-point, vkl
 (state, eigenvalue and occupancy below)
     1 -0.3483315822       2.000000000    
     2 -0.1559102235E-01   2.000000000    
     3  0.1952883825       2.000000000    
     4  0.2084383023       2.000000000    
     5  0.5979607067       0.000000000    
     6  0.7031245917       0.000000000    
     7  0.7334041527       0.000000000    
     8  0.8316584168       0.000000000    
     9   1.133070828       0.000000000    
    10   1.153168240       0.000000000    
    11   1.342479172       0.000000000    
    12   1.362015704       0.000000000    
    13   1.778052399       0.000000000    


     9  0.5000000000      0.1250000000       0.000000000     : k-point, vkl
 (state, eigenvalue and occupancy below)
     1 -0.2662684553       2.000000000    
     2 -0.1396941633       2.000000000    
     3  0.1728667659       2.000000000    
     4  0.1947475071       2.000000000    
     5  0.6191368354       0.000000000    
     6  0.7009840624       0.000000000    
     7  0.7047357179       0.000000000    
     8  0.8980347028       0.000000000    
     9   1.104656360       0.000000000    
    10   1.232389584       0.000000000    
    11   1.335271688       0.000000000    
    12   1.343008630       0.000000000    
    13   1.674949449       0.000000000    


    10  0.6250000000      0.1250000000       0.000000000     : k-point, vkl
 (state, eigenvalue and occupancy below)
     1 -0.2927386874       2.000000000    
     2 -0.1032195113       2.000000000    
     3  0.1581668911       2.000000000    
     4  0.2241326738       2.000000000    
     5  0.6418812489       0.000000000    
     6  0.6920404373       0.000000000    
     7  0.7028503873       0.000000000    
     8  0.9036862459       0.000000000    
     9   1.104683203       0.000000000    
    10   1.209513858       0.000000000    
    11   1.259097838       0.000000000    
    12   1.403561544       0.000000000    
    13   1.745345254       0.000000000    


    11  0.7500000000      0.1250000000       0.000000000     : k-point, vkl
 (state, eigenvalue and occupancy below)
     1 -0.3731229457       2.000000000    
     2  0.3402299272E-01   2.000000000    
     3  0.1685716727       2.000000000    
     4  0.2619767588       2.000000000    
     5  0.6495615547       0.000000000    
     6  0.6605002437       0.000000000    
     7  0.6940158862       0.000000000    
     8  0.8504537035       0.000000000    
     9   1.119738094       0.000000000    
    10   1.134129772       0.000000000    
    11   1.247961846       0.000000000    
    12   1.444328512       0.000000000    
    13   1.749392346       0.000000000    


    12  0.8750000000      0.1250000000       0.000000000     : k-point, vkl
 (state, eigenvalue and occupancy below)
     1 -0.4292453445       2.000000000    
     2  0.1801768122       2.000000000    
     3  0.2129616584       2.000000000    
     4  0.3106479811       2.000000000    
     5  0.6021744690       0.000000000    
     6  0.6483459837       0.000000000    
     7  0.6619766920       0.000000000    
     8  0.8330574584       0.000000000    
     9   1.134970557       0.000000000    
    10   1.138003394       0.000000000    
    11   1.221158602       0.000000000    
    12   1.493731731       0.000000000    
    13   1.507838568       0.000000000    


    13  0.2500000000      0.2500000000       0.000000000     : k-point, vkl
 (state, eigenvalue and occupancy below)
     1 -0.3881741236       2.000000000    
     2  0.1457814150       2.000000000    
     3  0.1771313847       2.000000000    
     4  0.1771700025       2.000000000    
     5  0.5003394156       0.000000000    
     6  0.7075318847       0.000000000    
     7  0.7851307475       0.000000000    
     8  0.7851634140       0.000000000    
     9   1.071166542       0.000000000    
    10   1.181316336       0.000000000    
    11   1.481006051       0.000000000    
    12   1.580723495       0.000000000    
    13   1.580733423       0.000000000    


    14  0.3750000000      0.2500000000       0.000000000     : k-point, vkl
 (state, eigenvalue and occupancy below)
     1 -0.3323959907       2.000000000    
     2  0.3732725149E-01   2.000000000    
     3  0.1322584578       2.000000000    
     4  0.1511019554       2.000000000    
     5  0.5267495760       0.000000000    
     6  0.6789600676       0.000000000    
     7  0.8367441167       0.000000000    
     8  0.8390510546       0.000000000    
     9   1.128487961       0.000000000    
    10   1.194769222       0.000000000    
    11   1.476356598       0.000000000    
    12   1.549330497       0.000000000    
    13   1.744227054       0.000000000    


    15  0.5000000000      0.2500000000       0.000000000     : k-point, vkl
 (state, eigenvalue and occupancy below)
     1 -0.2535969469       2.000000000    
     2 -0.7887392686E-01   2.000000000    
     3  0.7403460834E-01   2.000000000    
     4  0.1455978684       2.000000000    
     5  0.5590150115       0.000000000    
     6  0.7580242378       0.000000000    
     7  0.8207361612       0.000000000    
     8  0.8429792451       0.000000000    
     9   1.097584214       0.000000000    
    10   1.218674143       0.000000000    
    11   1.387019998       0.000000000    
    12   1.506866025       0.000000000    
    13   1.733648761       0.000000000    


    16  0.6250000000      0.2500000000       0.000000000     : k-point, vkl
 (state, eigenvalue and occupancy below)
     1 -0.2299935946       2.000000000    
     2 -0.1050833411       2.000000000    
     3  0.3616147206E-01   2.000000000    
     4  0.1792609081       2.000000000    
     5  0.5890040529       0.000000000    
     6  0.7869351156       0.000000000    
     7  0.8146071011       0.000000000    
     8  0.8812343462       0.000000000    
     9  0.9975726011       0.000000000    
    10   1.225244971       0.000000000    
    11   1.272734957       0.000000000    
    12   1.529150297       0.000000000    
    13   1.884489810       0.000000000    


    17  0.7500000000      0.2500000000       0.000000000     : k-point, vkl
 (state, eigenvalue and occupancy below)
     1 -0.3093058585       2.000000000    
     2 -0.3236508703E-02   2.000000000    
     3  0.4477056496E-01   2.000000000    
     4  0.2211085892       2.000000000    
     5  0.6304119635       0.000000000    
     6  0.7181431696       0.000000000    
     7  0.7985818049       0.000000000    
     8  0.8377877014       0.000000000    
     9   1.076733708       0.000000000    
    10   1.125710812       0.000000000    
    11   1.279922099       0.000000000    
    12   1.586190588       0.000000000    
    13   1.718459958       0.000000000    


    18  0.3750000000      0.3750000000       0.000000000     : k-point, vkl
 (state, eigenvalue and occupancy below)
     1 -0.2875449110       2.000000000    
     2 -0.3060142205E-02   2.000000000    
     3  0.1182293507       2.000000000    
     4  0.1182667190       2.000000000    
     5  0.4873312478       0.000000000    
     6  0.5809115634       0.000000000    
     7  0.9269583388       0.000000000    
     8  0.9269911632       0.000000000    
     9   1.138381480       0.000000000    
    10   1.228698891       0.000000000    
    11   1.623739155       0.000000000    
    12   1.642950460       0.000000000    
    13   1.642968374       0.000000000    


    19  0.5000000000      0.3750000000       0.000000000     : k-point, vkl
 (state, eigenvalue and occupancy below)
     1 -0.2163898314       2.000000000    
     2 -0.8035195828E-01   2.000000000    
     3  0.5814040650E-01   2.000000000    
     4  0.1123896052       2.000000000    
     5  0.5177587586       0.000000000    
     6  0.5944975577       0.000000000    
     7  0.9543848897       0.000000000    
     8  0.9589904464       0.000000000    
     9   1.153668261       0.000000000    
    10   1.218556199       0.000000000    
    11   1.494943045       0.000000000    
    12   1.616891875       0.000000000    
    13   1.777488461       0.000000000    


    20  0.6250000000      0.3750000000       0.000000000     : k-point, vkl
 (state, eigenvalue and occupancy below)
     1 -0.1661559555       2.000000000    
     2 -0.1144912898       2.000000000    
     3 -0.1208763996E-01   2.000000000    
     4  0.1384973173       2.000000000    
     5  0.5456734509       0.000000000    
     6  0.7355700024       0.000000000    
     7  0.9048468871       0.000000000    
     8  0.9199004790       0.000000000    
     9   1.046141179       0.000000000    
    10   1.277061489       0.000000000    
    11   1.315959684       0.000000000    
    12   1.644326955       0.000000000    
    13   1.883083760       0.000000000    


    21  0.5000000000      0.5000000000       0.000000000     : k-point, vkl
 (state, eigenvalue and occupancy below)
     1 -0.1520424554       2.000000000    
     2 -0.1520322636       2.000000000    
     3  0.1085656476       2.000000000    
     4  0.1086031085       2.000000000    
     5  0.5123654152       0.000000000    
     6  0.5123923846       0.000000000    
     7   1.014218787       0.000000000    
     8   1.014252443       0.000000000    
     9   1.234836154       0.000000000    
    10   1.234837746       0.000000000    
    11   1.576078661       0.000000000    
    12   1.576110775       0.000000000    
    13   1.824185878       0.000000000    


    22  0.3750000000      0.2500000000      0.1250000000     : k-point, vkl
 (state, eigenvalue and occupancy below)
     1 -0.3674747952       2.000000000    
     2  0.8087560160E-01   2.000000000    
     3  0.1283001207       2.000000000    
     4  0.2161436395       2.000000000    
     5  0.5843567208       0.000000000    
     6  0.7152668050       0.000000000    
     7  0.7638107323       0.000000000    
     8  0.7841169389       0.000000000    
     9   1.109475340       0.000000000    
    10   1.160842423       0.000000000    
    11   1.324923336       0.000000000    
    12   1.597529983       0.000000000    
    13   1.609666384       0.000000000    


    23  0.5000000000      0.2500000000      0.1250000000     : k-point, vkl
 (state, eigenvalue and occupancy below)
     1 -0.2946866770       2.000000000    
     2 -0.4437544541E-01   2.000000000    
     3  0.9402461941E-01   2.000000000    
     4  0.1731591051       2.000000000    
     5  0.6347575413       0.000000000    
     6  0.6929681141       0.000000000    
     7  0.7894837828       0.000000000    
     8  0.8384893363       0.000000000    
     9   1.097799306       0.000000000    
    10   1.172341698       0.000000000    
    11   1.333660387       0.000000000    
    12   1.506341168       0.000000000    
    13   1.771312031       0.000000000    


    24  0.6250000000      0.2500000000      0.1250000000     : k-point, vkl
 (state, eigenvalue and occupancy below)
     1 -0.2286281364       2.000000000    
     2 -0.1321521337       2.000000000    
     3  0.8430374840E-01   2.000000000    
     4  0.1517946621       2.000000000    
     5  0.6476836782       0.000000000    
     6  0.6824913433       0.000000000    
     7  0.8187122487       0.000000000    
     8  0.8854790823       0.000000000    
     9   1.027621803       0.000000000    
    10   1.228703208       0.000000000    
    11   1.336000441       0.000000000    
    12   1.436462917       0.000000000    
    13   1.795397973       0.000000000    


    25  0.5000000000      0.3750000000      0.1250000000     : k-point, vkl
 (state, eigenvalue and occupancy below)
     1 -0.2690225251       2.000000000    
     2 -0.2163121134E-01   2.000000000    
     3  0.6761184131E-01   2.000000000    
     4  0.1076213171       2.000000000    
     5  0.5704325406       0.000000000    
     6  0.6530343406       0.000000000    
     7  0.8210979315       0.000000000    
     8  0.9155674247       0.000000000    
     9   1.159674274       0.000000000    
    10   1.160330724       0.000000000    
    11   1.467950636       0.000000000    
    12   1.586802602       0.000000000    
    13   1.783110583       0.000000000    


    26  0.6250000000      0.3750000000      0.1250000000     : k-point, vkl
 (state, eigenvalue and occupancy below)
     1 -0.1917326274       2.000000000    
     2 -0.9680162859E-01   2.000000000    
     3  0.1450800042E-01   2.000000000    
     4  0.9112945115E-01   2.000000000    
     5  0.6147440593       0.000000000    
     6  0.7401827102       0.000000000    
     7  0.7961480992       0.000000000    
     8  0.8879787521       0.000000000    
     9   1.071643882       0.000000000    
    10   1.201268398       0.000000000    
    11   1.397934028       0.000000000    
    12   1.555803437       0.000000000    
    13   1.883397901       0.000000000    


    27  0.7500000000      0.3750000000      0.1250000000     : k-point, vkl
 (state, eigenvalue and occupancy below)
     1 -0.2197809922       2.000000000    
     2 -0.6954605405E-01   2.000000000    
     3  0.1719573877E-03   2.000000000    
     4  0.1219726458       2.000000000    
     5  0.6472109014       0.000000000    
     6  0.7403912671       0.000000000    
     7  0.8090885095       0.000000000    
     8  0.8792985785       0.000000000    
     9   1.026415812       0.000000000    
    10   1.195097543       0.000000000    
    11   1.353372003       0.000000000    
    12   1.590420749       0.000000000    
    13   1.841267206       0.000000000    


    28  0.6250000000      0.5000000000      0.1250000000     : k-point, vkl
 (state, eigenvalue and occupancy below)
     1 -0.1431107570       2.000000000    
     2 -0.1430968254       2.000000000    
     3  0.5705779492E-01   2.000000000    
     4  0.5709153473E-01   2.000000000    
     5  0.5903250544       0.000000000    
     6  0.5903451197       0.000000000    
     7  0.9240867790       0.000000000    
     8  0.9241157360       0.000000000    
     9   1.184120090       0.000000000    
    10   1.184125407       0.000000000    
    11   1.527104285       0.000000000    
    12   1.527116013       0.000000000    
    13   1.947666059       0.000000000    


    29  0.7500000000      0.5000000000      0.2500000000     : k-point, vkl
 (state, eigenvalue and occupancy below)
     1 -0.1289244723       2.000000000    
     2 -0.1289079203       2.000000000    
     3  0.2194291235E-01   2.000000000    
     4  0.2197434599E-01   2.000000000    
     5  0.7332290079       0.000000000    
     6  0.7332368282       0.000000000    
     7  0.7896239309       0.000000000    
     8  0.7896554225       0.000000000    
     9   1.157101324       0.000000000    
    10   1.157107197       0.000000000    
    11   1.509792691       0.000000000    
    12   1.509794078       0.000000000    
    13   1.996028035       0.000000000    

