    29 : nkpt
    11 : nstsv

     1   0.000000000       0.000000000       0.000000000     : k-point, vkl
 (state, eigenvalue and occupancy below)
     1 -0.3929207037       2.000000000    
     2   1.898269941      0.3744994263    
     3   1.898269941      0.3744994263    
     4   1.898269941      0.3744994263    
     5   1.898269941      0.3744994263    
     6   1.898269941      0.3744994263    
     7   1.898269941      0.3744994263    
     8   2.087279916       0.000000000    
     9   2.991646252       0.000000000    
    10   15.03862420       0.000000000    
    11   16.62429587       0.000000000    


     2  0.1250000000       0.000000000       0.000000000     : k-point, vkl
 (state, eigenvalue and occupancy below)
     1 -0.3756342333       2.000000000    
     2   1.898269941      0.3744994263    
     3   1.898269941      0.3744994263    
     4   1.898269941      0.3744994263    
     5   1.898269941      0.3744994263    
     6   1.898269941      0.3744994263    
     7   1.901500405      0.1805439483E-01
     8   2.087279916       0.000000000    
     9   2.988809430       0.000000000    
    10   15.03862420       0.000000000    
    11   16.57833999       0.000000000    


     3  0.2500000000       0.000000000       0.000000000     : k-point, vkl
 (state, eigenvalue and occupancy below)
     1 -0.3381064486       2.000000000    
     2  0.2354493740       2.000000000    
     3   1.898269941      0.3744994263    
     4   1.898269941      0.3744994263    
     5   1.898269941      0.3744994263    
     6   1.898269941      0.3744994263    
     7   1.903483698      0.2504056675E-02
     8   2.032092510       0.000000000    
     9   2.552654745       0.000000000    
    10   3.330286556       0.000000000    
    11   15.21615491       0.000000000    


     4  0.3750000000       0.000000000       0.000000000     : k-point, vkl
 (state, eigenvalue and occupancy below)
     1 -0.2619294177       2.000000000    
     2  0.5857684994E-01   2.000000000    
     3   1.898269941      0.3744994263    
     4   1.898269941      0.3744994263    
     5   1.898269941      0.3744994263    
     6   1.898269941      0.3744994263    
     7   1.907434131      0.4825321750E-04
     8   2.021405670       0.000000000    
     9   2.558192217       0.000000000    
    10   3.340961521       0.000000000    
    11   15.25978549       0.000000000    


     5  0.5000000000       0.000000000       0.000000000     : k-point, vkl
 (state, eigenvalue and occupancy below)
     1 -0.2002911868       2.000000000    
     2 -0.3677879696E-01   2.000000000    
     3   1.898269941      0.3744994263    
     4   1.898269941      0.3744994263    
     5   1.898269941      0.3744994263    
     6   1.898269941      0.3744994263    
     7   1.909171649      0.8490640565E-05
     8   2.017387568       0.000000000    
     9   2.560333686       0.000000000    
    10   3.344579529       0.000000000    
    11   15.27635646       0.000000000    


     6  0.1250000000      0.1250000000       0.000000000     : k-point, vkl
 (state, eigenvalue and occupancy below)
     1 -0.3698729018       2.000000000    
     2   1.898269941      0.3744994263    
     3   1.898269941      0.3744994263    
     4   1.898269941      0.3744994263    
     5   1.898269941      0.3744994263    
     6   1.898269941      0.3744994263    
     7   1.902568702      0.6240344202E-02
     8   2.087279916       0.000000000    
     9   2.987855183       0.000000000    
    10   15.03862420       0.000000000    
    11   16.56327558       0.000000000    


     7  0.2500000000      0.1250000000       0.000000000     : k-point, vkl
 (state, eigenvalue and occupancy below)
     1 -0.3426833613       2.000000000    
     2  0.3186550767       2.000000000    
     3   1.898269941      0.3744994263    
     4   1.898269941      0.3744994263    
     5   1.898269941      0.3744994263    
     6   1.898269941      0.3744994263    
     7   1.905271132      0.4195891603E-03
     8   2.037568076       0.000000000    
     9   2.547525192       0.000000000    
    10   3.323818906       0.000000000    
    11   15.19307067       0.000000000    


     8  0.3750000000      0.1250000000       0.000000000     : k-point, vkl
 (state, eigenvalue and occupancy below)
     1 -0.2748517801       2.000000000    
     2  0.1282387040       2.000000000    
     3   1.898269941      0.3744994263    
     4   1.898269941      0.3744994263    
     5   1.898269941      0.3744994263    
     6   1.898269941      0.3744994263    
     7   1.909555823      0.5782242580E-05
     8   2.025267617       0.000000000    
     9   2.553332254       0.000000000    
    10   3.336842673       0.000000000    
    11   15.24171375       0.000000000    


     9  0.5000000000      0.1250000000       0.000000000     : k-point, vkl
 (state, eigenvalue and occupancy below)
     1 -0.2023334148       2.000000000    
     2 -0.2521080559E-01   2.000000000    
     3  0.4219545755       2.000000000    
     4   1.898269941      0.3744994263    
     5   1.898269941      0.3744994263    
     6   1.898269941      0.3744994263    
     7   1.912349639      0.3538007127E-06
     8   1.991526388       0.000000000    
     9   2.351342180       0.000000000    
    10   2.898180960       0.000000000    
    11   3.511797448       0.000000000    


    10  0.6250000000      0.1250000000       0.000000000     : k-point, vkl
 (state, eigenvalue and occupancy below)
     1 -0.2350170938       2.000000000    
     2  0.2508675229E-01   2.000000000    
     3  0.3753478804       2.000000000    
     4   1.898269941      0.3744994263    
     5   1.898269941      0.3744994263    
     6   1.898269941      0.3744994263    
     7   1.911012337      0.1347539871E-05
     8   1.990640579       0.000000000    
     9   2.362560344       0.000000000    
    10   2.887183647       0.000000000    
    11   3.514099729       0.000000000    


    11  0.7500000000      0.1250000000       0.000000000     : k-point, vkl
 (state, eigenvalue and occupancy below)
     1 -0.3140147557       2.000000000    
     2  0.1860411410       2.000000000    
     3  0.3655017885       2.000000000    
     4   1.898269941      0.3744994263    
     5   1.898269941      0.3744994263    
     6   1.898269941      0.3744994263    
     7   1.906233569      0.1602874958E-03
     8   1.999071151       0.000000000    
     9   2.372083891       0.000000000    
    10   2.870513582       0.000000000    
    11   3.509103192       0.000000000    


    12  0.8750000000      0.1250000000       0.000000000     : k-point, vkl
 (state, eigenvalue and occupancy below)
     1 -0.3705722342       2.000000000    
     2  0.3798855057       2.000000000    
     3  0.4001228436       2.000000000    
     4   1.898269941      0.3744994263    
     5   1.898269941      0.3744994263    
     6   1.898269941      0.3744994263    
     7   1.901625716      0.1594495485E-01
     8   2.013001741       0.000000000    
     9   2.380711493       0.000000000    
    10   2.849323139       0.000000000    
    11   3.498236003       0.000000000    


    13  0.2500000000      0.2500000000       0.000000000     : k-point, vkl
 (state, eigenvalue and occupancy below)
     1 -0.3007762572       2.000000000    
     2   1.898269941      0.3744994263    
     3   1.898269941      0.3744994263    
     4   1.898269941      0.3744994263    
     5   1.898269941      0.3744994263    
     6   1.898269941      0.3744994263    
     7   1.915061690      0.2349254804E-07
     8   2.087279916       0.000000000    
     9   2.976084103       0.000000000    
    10   15.03862420       0.000000000    
    11   16.39202960       0.000000000    


    14  0.3750000000      0.2500000000       0.000000000     : k-point, vkl
 (state, eigenvalue and occupancy below)
     1 -0.2827328587       2.000000000    
     2  0.1069477720       2.000000000    
     3  0.2863666550       2.000000000    
     4  0.3343150010       2.000000000    
     5  0.6852395480       2.000000000    
     6   1.898269941      0.3744994263    
     7   1.901324059      0.2149878101E-01
     8   1.946637341      0.4547778026E-21
     9   2.086430498       0.000000000    
    10   2.340093131       0.000000000    
    11   2.843966896       0.000000000    


    15  0.5000000000      0.2500000000       0.000000000     : k-point, vkl
 (state, eigenvalue and occupancy below)
     1 -0.2058008037       2.000000000    
     2 -0.6604185175E-02   2.000000000    
     3  0.2264304236       2.000000000    
     4  0.2926893330       2.000000000    
     5  0.6689624227       2.000000000    
     6   1.898269941      0.3744994263    
     7   1.910843539      0.1595325400E-05
     8   1.935943281      0.2005258703E-16
     9   2.078713474       0.000000000    
    10   2.346825291       0.000000000    
    11   2.841243260       0.000000000    


    16  0.6250000000      0.2500000000       0.000000000     : k-point, vkl
 (state, eigenvalue and occupancy below)
     1 -0.1756786998       2.000000000    
     2  0.3021440589E-01   2.000000000    
     3  0.2060787858       2.000000000    
     4   1.898269941      0.3744994263    
     5   1.898269941      0.3744994263    
     6   1.898269941      0.3744994263    
     7   1.919374087      0.3148327995E-09
     8   1.976677338       0.000000000    
     9   2.354817112       0.000000000    
    10   2.904491296       0.000000000    
    11   3.520395286       0.000000000    


    17  0.7500000000      0.2500000000       0.000000000     : k-point, vkl
 (state, eigenvalue and occupancy below)
     1 -0.2507985422       2.000000000    
     2  0.1559168431       2.000000000    
     3  0.1936938503       2.000000000    
     4   1.898269941      0.3744994263    
     5   1.898269941      0.3744994263    
     6   1.898269941      0.3744994263    
     7   1.912567147      0.2846401212E-06
     8   1.985132302       0.000000000    
     9   2.363991054       0.000000000    
    10   2.890128883       0.000000000    
    11   3.517746807       0.000000000    


    18  0.3750000000      0.3750000000       0.000000000     : k-point, vkl
 (state, eigenvalue and occupancy below)
     1 -0.2471437460       2.000000000    
     2  0.4424924053E-01   2.000000000    
     3  0.2419557559       2.000000000    
     4  0.2419559017       2.000000000    
     5  0.5707763776       2.000000000    
     6  0.6655497570       2.000000000    
     7   1.898269941      0.3744994263    
     8   1.898269941      0.3744994263    
     9   2.073403929       0.000000000    
    10   2.091944904       0.000000000    
    11   2.863999360       0.000000000    


    19  0.5000000000      0.3750000000       0.000000000     : k-point, vkl
 (state, eigenvalue and occupancy below)
     1 -0.1658247362       2.000000000    
     2 -0.2769454928E-01   2.000000000    
     3  0.2355973744       2.000000000    
     4  0.2547355826       2.000000000    
     5  0.6073857924       2.000000000    
     6   1.898269941      0.3744994263    
     7   1.902189007      0.9109252875E-02
     8   1.941002218      0.1273802014E-18
     9   2.076089635       0.000000000    
    10   2.338490002       0.000000000    
    11   2.866965423       0.000000000    


    20  0.6250000000      0.3750000000       0.000000000     : k-point, vkl
 (state, eigenvalue and occupancy below)
     1 -0.1166596430       2.000000000    
     2 -0.7302940920E-01   2.000000000    
     3  0.1533079872       2.000000000    
     4  0.2673340757       2.000000000    
     5  0.6317166965       2.000000000    
     6   1.898269941      0.3744994263    
     7   1.914124605      0.5996542924E-07
     8   1.930138989      0.6651846389E-14
     9   2.073280904       0.000000000    
    10   2.346502570       0.000000000    
    11   2.852504427       0.000000000    


    21  0.5000000000      0.5000000000       0.000000000     : k-point, vkl
 (state, eigenvalue and occupancy below)
     1 -0.1127063238       2.000000000    
     2 -0.1127062864       2.000000000    
     3  0.2165229415       2.000000000    
     4  0.2165230878       2.000000000    
     5  0.5870258561       2.000000000    
     6  0.5870261023       2.000000000    
     7   1.898269941      0.3744994263    
     8   1.898269941      0.3744994263    
     9   2.075338924       0.000000000    
    10   2.075338949       0.000000000    
    11   2.875901067       0.000000000    


    22  0.3750000000      0.2500000000      0.1250000000     : k-point, vkl
 (state, eigenvalue and occupancy below)
     1 -0.3082269460       2.000000000    
     2  0.2684000475       2.000000000    
     3  0.2950159191       2.000000000    
     4   1.898269941      0.3744994263    
     5   1.898269941      0.3744994263    
     6   1.898269941      0.3744994263    
     7   1.908678430      0.1390405805E-04
     8   1.999591534       0.000000000    
     9   2.370203302       0.000000000    
    10   2.869090071       0.000000000    
    11   3.509291902       0.000000000    


    23  0.5000000000      0.2500000000      0.1250000000     : k-point, vkl
 (state, eigenvalue and occupancy below)
     1 -0.2361179119       2.000000000    
     2  0.4382653419E-01   2.000000000    
     3  0.2336936882       2.000000000    
     4  0.4654074208       2.000000000    
     5   1.898269941      0.3744994263    
     6   1.898269941      0.3744994263    
     7   1.914673465      0.3463648913E-07
     8   1.975773394       0.000000000    
     9   2.308819750       0.000000000    
    10   2.362505496       0.000000000    
    11   3.484125371       0.000000000    


    24  0.6250000000      0.2500000000      0.1250000000     : k-point, vkl
 (state, eigenvalue and occupancy below)
     1 -0.1777652181       2.000000000    
     2 -0.3622969406E-01   2.000000000    
     3  0.2210340691       2.000000000    
     4  0.4316076538       2.000000000    
     5   1.898269941      0.3744994263    
     6   1.898269941      0.3744994263    
     7   1.918001801      0.1241812754E-08
     8   1.969252314       0.000000000    
     9   2.314378056       0.000000000    
    10   2.358789073       0.000000000    
    11   3.489276205       0.000000000    


    25  0.5000000000      0.3750000000      0.1250000000     : k-point, vkl
 (state, eigenvalue and occupancy below)
     1 -0.2081327690       2.000000000    
     2  0.4287087089E-01   2.000000000    
     3  0.2430158673       2.000000000    
     4  0.3616317899       2.000000000    
     5   1.898269941      0.3744994263    
     6   1.898269941      0.3744994263    
     7   1.922669054      0.1167062283E-10
     8   1.966343848       0.000000000    
     9   2.315190875       0.000000000    
    10   2.355393001       0.000000000    
    11   3.497667621       0.000000000    


    26  0.6250000000      0.3750000000      0.1250000000     : k-point, vkl
 (state, eigenvalue and occupancy below)
     1 -0.1372511968       2.000000000    
     2 -0.2891105435E-01   2.000000000    
     3  0.1760446727       2.000000000    
     4  0.3157209444       2.000000000    
     5   1.898269941      0.3744994263    
     6   1.898269941      0.3744994263    
     7   1.928260461      0.4352878991E-13
     8   1.954696978       0.000000000    
     9   2.325603178       0.000000000    
    10   2.348720669       0.000000000    
    11   3.505096243       0.000000000    


    27  0.7500000000      0.3750000000      0.1250000000     : k-point, vkl
 (state, eigenvalue and occupancy below)
     1 -0.1648614187       2.000000000    
     2 -0.1197624322E-02   2.000000000    
     3  0.1550182965       2.000000000    
     4  0.3592083222       2.000000000    
     5   1.898269941      0.3744994263    
     6   1.898269941      0.3744994263    
     7   1.923249745      0.6529848334E-11
     8   1.960215291       0.000000000    
     9   2.321313626       0.000000000    
    10   2.353120078       0.000000000    
    11   3.500214059       0.000000000    


    28  0.6250000000      0.5000000000      0.1250000000     : k-point, vkl
 (state, eigenvalue and occupancy below)
     1 -0.8290710235E-01   2.000000000    
     2 -0.8290704855E-01   2.000000000    
     3  0.2571673148       2.000000000    
     4  0.2571673864       2.000000000    
     5   1.898269941      0.3744994263    
     6   1.898269941      0.3744994263    
     7   1.942571103      0.2653041316E-19
     8   1.942571103      0.2653040724E-19
     9   2.336317258       0.000000000    
    10   2.336317281       0.000000000    
    11   3.512312477       0.000000000    


    29  0.7500000000      0.5000000000      0.2500000000     : k-point, vkl
 (state, eigenvalue and occupancy below)
     1 -0.7680156137E-01   2.000000000    
     2 -0.7680148707E-01   2.000000000    
     3  0.2055439239       2.000000000    
     4  0.2055440143       2.000000000    
     5   1.898269941      0.3744994263    
     6   1.898269941      0.3744994263    
     7   1.939810832      0.4192899991E-18
     8   1.939810832      0.4192898990E-18
     9   2.338007081       0.000000000    
    10   2.338007105       0.000000000    
    11   3.516070477       0.000000000    

