    29 : nkpt
    13 : nstsv

     1   0.000000000       0.000000000       0.000000000     : k-point, vkl
 (state, eigenvalue and occupancy below)
     1  -313251.7197       0.000000000    
     2  -281791.2599       0.000000000    
     3  -7535.236419       0.000000000    
     4  -7535.236032       0.000000000    
     5  -6307.915430       0.000000000    
     6  -6307.915206       0.000000000    
     7  -2835.914572       0.000000000    
     8  -2027.980841       0.000000000    
     9  -1937.683162       0.000000000    
    10  -1937.683147       0.000000000    
    11  -1470.376401       0.000000000    
    12  -1470.376388       0.000000000    
    13  -459.2169884       0.000000000    


     2  0.1250000000       0.000000000       0.000000000     : k-point, vkl
 (state, eigenvalue and occupancy below)
     1  -310774.8802       0.000000000    
     2  -302055.8147       0.000000000    
     3  -7531.656121       0.000000000    
     4  -7435.048212       0.000000000    
     5  -6802.870990       0.000000000    
     6  -6566.537710       0.000000000    
     7  -2879.751742       0.000000000    
     8  -2373.294425       0.000000000    
     9  -2019.627334       0.000000000    
    10  -1982.959839       0.000000000    
    11  -1638.326709       0.000000000    
    12  -1605.741247       0.000000000    
    13  -479.6302805       0.000000000    


     3  0.2500000000       0.000000000       0.000000000     : k-point, vkl
 (state, eigenvalue and occupancy below)
     1  -310501.7448       0.000000000    
     2  -298745.0762       0.000000000    
     3  -8284.792112       0.000000000    
     4  -7815.711109       0.000000000    
     5  -6857.207987       0.000000000    
     6  -6639.968308       0.000000000    
     7  -2819.643433       0.000000000    
     8  -2366.159083       0.000000000    
     9  -2027.945890       0.000000000    
    10  -2020.141291       0.000000000    
    11  -1601.634900       0.000000000    
    12  -1597.098121       0.000000000    
    13  -566.5899786       0.000000000    


     4  0.3750000000       0.000000000       0.000000000     : k-point, vkl
 (state, eigenvalue and occupancy below)
     1  -335161.9375       0.000000000    
     2  -331334.1145       0.000000000    
     3  -8848.927522       0.000000000    
     4  -8481.990574       0.000000000    
     5  -7629.945434       0.000000000    
     6  -7347.988622       0.000000000    
     7  -3104.145349       0.000000000    
     8  -2545.420066       0.000000000    
     9  -2173.865647       0.000000000    
    10  -2120.679414       0.000000000    
    11  -1932.878410       0.000000000    
    12  -1723.293108       0.000000000    
    13  -640.1181616       0.000000000    


     5  0.5000000000       0.000000000       0.000000000     : k-point, vkl
 (state, eigenvalue and occupancy below)
     1  -315084.3649       0.000000000    
     2  -294707.7325       0.000000000    
     3  -8872.940689       0.000000000    
     4  -6935.428625       0.000000000    
     5  -6672.362411       0.000000000    
     6  -6408.822640       0.000000000    
     7  -2976.804807       0.000000000    
     8  -2426.242580       0.000000000    
     9  -1999.719670       0.000000000    
    10  -1967.719278       0.000000000    
    11  -1801.018744       0.000000000    
    12  -1514.133571       0.000000000    
    13  -499.8577049       0.000000000    


     6  0.1250000000      0.1250000000       0.000000000     : k-point, vkl
 (state, eigenvalue and occupancy below)
     1  -313909.6118       0.000000000    
     2  -290443.0749       0.000000000    
     3  -8328.893136       0.000000000    
     4  -7607.304287       0.000000000    
     5  -6674.838230       0.000000000    
     6  -6394.688564       0.000000000    
     7  -2829.067735       0.000000000    
     8  -2400.913970       0.000000000    
     9  -1987.044034       0.000000000    
    10  -1973.696665       0.000000000    
    11  -1696.751902       0.000000000    
    12  -1657.689238       0.000000000    
    13  -496.1078345       0.000000000    


     7  0.2500000000      0.1250000000       0.000000000     : k-point, vkl
 (state, eigenvalue and occupancy below)
     1  -320289.3239       0.000000000    
     2  -307555.0894       0.000000000    
     3  -8248.914155       0.000000000    
     4  -7403.372605       0.000000000    
     5  -7289.786217       0.000000000    
     6  -6598.318860       0.000000000    
     7  -2806.412785       0.000000000    
     8  -2563.320343       0.000000000    
     9  -2008.243284       0.000000000    
    10  -1905.279514       0.000000000    
    11  -1742.346035       0.000000000    
    12  -1647.726927       0.000000000    
    13  -509.0610646       0.000000000    


     8  0.3750000000      0.1250000000       0.000000000     : k-point, vkl
 (state, eigenvalue and occupancy below)
     1  -281619.9204       0.000000000    
     2  -270673.7090       0.000000000    
     3  -7197.527161       0.000000000    
     4  -6896.009100       0.000000000    
     5  -6666.126792       0.000000000    
     6  -6181.474947       0.000000000    
     7  -2408.302043       0.000000000    
     8  -2093.479094       0.000000000    
     9  -1821.690700       0.000000000    
    10  -1738.488654       0.000000000    
    11  -1596.357275       0.000000000    
    12  -1544.483482       0.000000000    
    13  -453.2649008       0.000000000    


     9  0.5000000000      0.1250000000       0.000000000     : k-point, vkl
 (state, eigenvalue and occupancy below)
     1  -311915.0376       0.000000000    
     2  -291549.1252       0.000000000    
     3  -7908.493147       0.000000000    
     4  -7593.889450       0.000000000    
     5  -7178.680454       0.000000000    
     6  -6676.026848       0.000000000    
     7  -2591.723492       0.000000000    
     8  -2351.926605       0.000000000    
     9  -1956.391330       0.000000000    
    10  -1792.726872       0.000000000    
    11  -1699.766136       0.000000000    
    12  -1590.764837       0.000000000    
    13  -475.8195683       0.000000000    


    10  0.6250000000      0.1250000000       0.000000000     : k-point, vkl
 (state, eigenvalue and occupancy below)
     1  -301623.4673       0.000000000    
     2  -283880.5567       0.000000000    
     3  -7886.685217       0.000000000    
     4  -7172.771808       0.000000000    
     5  -6658.236150       0.000000000    
     6  -6314.368145       0.000000000    
     7  -2672.329202       0.000000000    
     8  -2424.307255       0.000000000    
     9  -1865.222425       0.000000000    
    10  -1762.457131       0.000000000    
    11  -1725.203584       0.000000000    
    12  -1599.044487       0.000000000    
    13  -436.8216832       0.000000000    


    11  0.7500000000      0.1250000000       0.000000000     : k-point, vkl
 (state, eigenvalue and occupancy below)
     1  -302019.3853       0.000000000    
     2  -287601.8702       0.000000000    
     3  -8040.980800       0.000000000    
     4  -7786.791249       0.000000000    
     5  -7074.413978       0.000000000    
     6  -6459.836334       0.000000000    
     7  -2799.577034       0.000000000    
     8  -2299.917753       0.000000000    
     9  -1912.992866       0.000000000    
    10  -1803.471689       0.000000000    
    11  -1650.943951       0.000000000    
    12  -1611.342054       0.000000000    
    13  -533.1163126       0.000000000    


    12  0.8750000000      0.1250000000       0.000000000     : k-point, vkl
 (state, eigenvalue and occupancy below)
     1  -310037.8434       0.000000000    
     2  -293577.2935       0.000000000    
     3  -8584.354187       0.000000000    
     4  -7398.294883       0.000000000    
     5  -6858.344900       0.000000000    
     6  -6622.268472       0.000000000    
     7  -2693.797130       0.000000000    
     8  -2384.320571       0.000000000    
     9  -1959.802651       0.000000000    
    10  -1812.174091       0.000000000    
    11  -1745.043908       0.000000000    
    12  -1583.345644       0.000000000    
    13  -520.5410616       0.000000000    


    13  0.2500000000      0.2500000000       0.000000000     : k-point, vkl
 (state, eigenvalue and occupancy below)
     1  -344887.5704       0.000000000    
     2  -301725.8857       0.000000000    
     3  -8412.029779       0.000000000    
     4  -7671.049673       0.000000000    
     5  -7450.730714       0.000000000    
     6  -6919.932636       0.000000000    
     7  -2877.247375       0.000000000    
     8  -2565.735925       0.000000000    
     9  -1998.717088       0.000000000    
    10  -1964.284960       0.000000000    
    11  -1815.760985       0.000000000    
    12  -1797.432739       0.000000000    
    13  -510.0835716       0.000000000    


    14  0.3750000000      0.2500000000       0.000000000     : k-point, vkl
 (state, eigenvalue and occupancy below)
     1  -275094.7741       0.000000000    
     2  -272019.7022       0.000000000    
     3  -7053.100042       0.000000000    
     4  -6511.837683       0.000000000    
     5  -6458.913662       0.000000000    
     6  -6061.075589       0.000000000    
     7  -2405.086049       0.000000000    
     8  -2093.123257       0.000000000    
     9  -1785.362020       0.000000000    
    10  -1677.645786       0.000000000    
    11  -1576.268665       0.000000000    
    12  -1486.110681       0.000000000    
    13  -416.2480713       0.000000000    


    15  0.5000000000      0.2500000000       0.000000000     : k-point, vkl
 (state, eigenvalue and occupancy below)
     1  -306219.6367       0.000000000    
     2  -287667.6895       0.000000000    
     3  -7720.628091       0.000000000    
     4  -7483.578379       0.000000000    
     5  -7132.573856       0.000000000    
     6  -6791.185682       0.000000000    
     7  -2561.457631       0.000000000    
     8  -2488.215185       0.000000000    
     9  -1979.161900       0.000000000    
    10  -1879.321455       0.000000000    
    11  -1818.546984       0.000000000    
    12  -1636.992986       0.000000000    
    13  -489.5861131       0.000000000    


    16  0.6250000000      0.2500000000       0.000000000     : k-point, vkl
 (state, eigenvalue and occupancy below)
     1  -304381.8511       0.000000000    
     2  -280633.6189       0.000000000    
     3  -7561.951083       0.000000000    
     4  -7071.180392       0.000000000    
     5  -6770.143463       0.000000000    
     6  -6525.347408       0.000000000    
     7  -2659.828069       0.000000000    
     8  -2452.200552       0.000000000    
     9  -1998.018443       0.000000000    
    10  -1920.269317       0.000000000    
    11  -1730.266572       0.000000000    
    12  -1657.668159       0.000000000    
    13  -477.4662954       0.000000000    


    17  0.7500000000      0.2500000000       0.000000000     : k-point, vkl
 (state, eigenvalue and occupancy below)
     1  -301636.0668       0.000000000    
     2  -289112.1753       0.000000000    
     3  -7514.515134       0.000000000    
     4  -7089.918299       0.000000000    
     5  -6717.883650       0.000000000    
     6  -6483.138031       0.000000000    
     7  -2562.570672       0.000000000    
     8  -2474.939507       0.000000000    
     9  -1849.563800       0.000000000    
    10  -1784.262885       0.000000000    
    11  -1694.797494       0.000000000    
    12  -1633.417296       0.000000000    
    13  -430.1742459       0.000000000    


    18  0.3750000000      0.3750000000       0.000000000     : k-point, vkl
 (state, eigenvalue and occupancy below)
     1  -288125.8406       0.000000000    
     2  -256397.3184       0.000000000    
     3  -7260.097728       0.000000000    
     4  -6495.219349       0.000000000    
     5  -6430.063179       0.000000000    
     6  -5945.958296       0.000000000    
     7  -2386.738065       0.000000000    
     8  -2246.542746       0.000000000    
     9  -1673.521464       0.000000000    
    10  -1613.676525       0.000000000    
    11  -1583.941761       0.000000000    
    12  -1576.455138       0.000000000    
    13  -415.7646196       0.000000000    


    19  0.5000000000      0.3750000000       0.000000000     : k-point, vkl
 (state, eigenvalue and occupancy below)
     1  -307893.6640       0.000000000    
     2  -275612.3313       0.000000000    
     3  -7420.878417       0.000000000    
     4  -7216.374869       0.000000000    
     5  -7108.835197       0.000000000    
     6  -6784.922903       0.000000000    
     7  -2650.187299       0.000000000    
     8  -2393.205756       0.000000000    
     9  -2025.599877       0.000000000    
    10  -1877.695392       0.000000000    
    11  -1773.504035       0.000000000    
    12  -1610.329566       0.000000000    
    13  -507.4583113       0.000000000    


    20  0.6250000000      0.3750000000       0.000000000     : k-point, vkl
 (state, eigenvalue and occupancy below)
     1  -300190.4045       0.000000000    
     2  -283628.0975       0.000000000    
     3  -7610.866419       0.000000000    
     4  -7407.122859       0.000000000    
     5  -7036.506507       0.000000000    
     6  -6372.729448       0.000000000    
     7  -2639.523346       0.000000000    
     8  -2612.841770       0.000000000    
     9  -1967.954506       0.000000000    
    10  -1888.818230       0.000000000    
    11  -1817.826503       0.000000000    
    12  -1535.773582       0.000000000    
    13  -536.6971918       0.000000000    


    21  0.5000000000      0.5000000000       0.000000000     : k-point, vkl
 (state, eigenvalue and occupancy below)
     1  -318208.4224       0.000000000    
     2  -281440.8702       0.000000000    
     3  -7407.929240       0.000000000    
     4  -7387.153382       0.000000000    
     5  -6977.219102       0.000000000    
     6  -6575.101193       0.000000000    
     7  -2812.498798       0.000000000    
     8  -2582.809422       0.000000000    
     9  -1976.698515       0.000000000    
    10  -1912.474012       0.000000000    
    11  -1731.789215       0.000000000    
    12  -1726.432006       0.000000000    
    13  -461.4801207       0.000000000    


    22  0.3750000000      0.2500000000      0.1250000000     : k-point, vkl
 (state, eigenvalue and occupancy below)
     1  -282389.9530       0.000000000    
     2  -280010.6344       0.000000000    
     3  -7730.692643       0.000000000    
     4  -7167.161610       0.000000000    
     5  -6952.603117       0.000000000    
     6  -6443.012510       0.000000000    
     7  -2540.884590       0.000000000    
     8  -2236.494719       0.000000000    
     9  -1905.321293       0.000000000    
    10  -1816.068822       0.000000000    
    11  -1672.446859       0.000000000    
    12  -1542.161574       0.000000000    
    13  -467.7885823       0.000000000    


    23  0.5000000000      0.2500000000      0.1250000000     : k-point, vkl
 (state, eigenvalue and occupancy below)
     1  -287409.3010       0.000000000    
     2  -269645.9981       0.000000000    
     3  -7433.957173       0.000000000    
     4  -6957.539835       0.000000000    
     5  -6591.579850       0.000000000    
     6  -6296.745679       0.000000000    
     7  -2490.018485       0.000000000    
     8  -2208.308309       0.000000000    
     9  -1839.878110       0.000000000    
    10  -1783.437289       0.000000000    
    11  -1659.086832       0.000000000    
    12  -1591.182736       0.000000000    
    13  -456.7761253       0.000000000    


    24  0.6250000000      0.2500000000      0.1250000000     : k-point, vkl
 (state, eigenvalue and occupancy below)
     1  -321011.6407       0.000000000    
     2  -299781.3316       0.000000000    
     3  -7773.786764       0.000000000    
     4  -7516.677012       0.000000000    
     5  -7174.917086       0.000000000    
     6  -7146.412458       0.000000000    
     7  -2807.196085       0.000000000    
     8  -2501.090603       0.000000000    
     9  -1967.770793       0.000000000    
    10  -1906.752446       0.000000000    
    11  -1837.423499       0.000000000    
    12  -1697.394086       0.000000000    
    13  -480.3400817       0.000000000    


    25  0.5000000000      0.3750000000      0.1250000000     : k-point, vkl
 (state, eigenvalue and occupancy below)
     1  -304918.4048       0.000000000    
     2  -278305.4245       0.000000000    
     3  -7215.554868       0.000000000    
     4  -7095.588333       0.000000000    
     5  -6806.232537       0.000000000    
     6  -6712.540395       0.000000000    
     7  -2752.198985       0.000000000    
     8  -2420.974337       0.000000000    
     9  -1919.476123       0.000000000    
    10  -1868.409898       0.000000000    
    11  -1757.125627       0.000000000    
    12  -1634.838909       0.000000000    
    13  -442.4655051       0.000000000    


    26  0.6250000000      0.3750000000      0.1250000000     : k-point, vkl
 (state, eigenvalue and occupancy below)
     1  -298784.5923       0.000000000    
     2  -279479.7544       0.000000000    
     3  -7316.845584       0.000000000    
     4  -6979.339691       0.000000000    
     5  -6921.541653       0.000000000    
     6  -6733.598466       0.000000000    
     7  -2765.637377       0.000000000    
     8  -2413.361890       0.000000000    
     9  -1996.395217       0.000000000    
    10  -1843.074314       0.000000000    
    11  -1764.482019       0.000000000    
    12  -1688.961799       0.000000000    
    13  -463.3353813       0.000000000    


    27  0.7500000000      0.3750000000      0.1250000000     : k-point, vkl
 (state, eigenvalue and occupancy below)
     1  -318982.3865       0.000000000    
     2  -275382.1640       0.000000000    
     3  -7966.576286       0.000000000    
     4  -7556.447439       0.000000000    
     5  -6985.612655       0.000000000    
     6  -6542.635150       0.000000000    
     7  -2741.614588       0.000000000    
     8  -2488.385037       0.000000000    
     9  -2046.932487       0.000000000    
    10  -1870.202054       0.000000000    
    11  -1812.091464       0.000000000    
    12  -1621.586244       0.000000000    
    13  -516.7007655       0.000000000    


    28  0.6250000000      0.5000000000      0.1250000000     : k-point, vkl
 (state, eigenvalue and occupancy below)
     1  -309307.1157       0.000000000    
     2  -275179.1171       0.000000000    
     3  -7465.269617       0.000000000    
     4  -7188.920804       0.000000000    
     5  -6897.382675       0.000000000    
     6  -6650.704642       0.000000000    
     7  -2777.356139       0.000000000    
     8  -2604.850016       0.000000000    
     9  -2030.836644       0.000000000    
    10  -1859.106999       0.000000000    
    11  -1788.356768       0.000000000    
    12  -1759.176327       0.000000000    
    13  -457.3876671       0.000000000    


    29  0.7500000000      0.5000000000      0.2500000000     : k-point, vkl
 (state, eigenvalue and occupancy below)
     1  -295281.2630       0.000000000    
     2  -243393.0520       0.000000000    
     3  -7387.204442       0.000000000    
     4  -6541.322616       0.000000000    
     5  -6256.372315       0.000000000    
     6  -6162.711030       0.000000000    
     7  -2395.775512       0.000000000    
     8  -2325.993049       0.000000000    
     9  -1781.117716       0.000000000    
    10  -1674.862629       0.000000000    
    11  -1568.696010       0.000000000    
    12  -1469.058290       0.000000000    
    13  -417.8332744       0.000000000    

