  0.7093158058    
  0.1771132969    
   951917.5427    
   713714.1902    
   177132.5422    
   45402.09983    
   11713.34244    
   2257.668058    
   4572.859085    
   977.0815669    
   69.33136148    
   91.93758003    
   3.291570799    
   51.53911733    
   148.5135834    
   423.0537668    
   218.4267630    
   13.76550830    
   1349.079979    
   987.2922211    
   381.9211216    
   95.66071622    
   39.23908305    
   9.785392169    
   1.642282827    
   87.25854546    
   277.9842434    
   9844.654242    
   7673.250688    
   1899.723708    
   486.6206702    
   352.4329115    
   141.5340189    
   65.46469608    
   353.7160807    
   5433.977151    
   4555.908648    
   2089.150382    
   2531.417648    
   607.8650169    
   155.3947313    
   496.0965960    
   592.4999970    
   111.8257423    
   93.86346541    
   89.85790124    
   6.418483293    
   6.193284412    
   207.5850073    
   256.8174390    
   211.4169177    
   2782.341749    
   1999.862998    
   911.8126351    
   1100.173770    
   275.3864544    
   483.7667056    
   108.4888025    
   19.29959326    
   11.40575999    
   10.73556228    
   12.75041181    
   53.09217434    
   25.23016702    
   20.39295861    
   14.40646253    
   31.46267174    
   31.17815549    
   13.94301245    
   2.644824313    
   21.14429800    
   547.5166071    
   388.1407601    
   207.4606646    
   49.29501336    
   18.56963386    
   18.98474269    
  0.5033747487    
   1.460232957    
   5.092140898    
   21162.15294    
   15916.21137    
   3985.467313    
   966.0715940    
   322.2459862    
   3.434533143    
  0.1276374406    
   3.134780983    
   5083.204109    
   3818.245559    
   936.1546568    
   374.6191722    
   1231.100824    
   1435.649353    
   378.6994619    
   94.73347308    
   23.84127394    
   9.302677946    
   2.292747763    
   1.213570728    
  0.2080980314    
  0.3538821977E-01
   30.38676386    
   6.077607411    
   19.83504425    
   10.05445790    
   278.4955634    
   172.9564452    
   302.7245409    
   100.5764205    
   25.55968746    
   14.91722368    
   19.92062117    
   1829.627185    
   1328.987632    
   216.6585616    
   565.2170143    
   90.79052221    
   23.96380130    
   7.003121371    
  0.2907806774    
   12.72086728    
   9.602769344    
   9.267587800    
   119.4629225    
   96.44978659    
   24.13384330    
   6.493582486    
   1.785358008    
  0.2238924701E-01
   17.42638053    
   4.882842452    
   13.91470036    
   15.27625400    
   7.581943457    
   7.964030901    
   7.404146961    
   16082.83744    
   12059.24369    
   3018.643836    
   754.5755195    
   189.7089942    
   46.81503032    
   10.50907862    
   1254.742396    
   120.3949831    
   814.9603000    
   5213.971807    
   4240.501539    
   1051.983930    
   240.6984186    
   35.26149346    
   22.28774980    
   44.62042563    
   92.64923333    
   702.7856712    
   144.2886252    
   643.9556864    
   89.30625901    
   97.67935603    
   390.6172657    
   7537.203066    
   5533.823872    
   1365.655286    
   353.2341419    
   91.28729569    
   2327.438094    
   2156.035721    
   73.06954673    
   43.53549089    
   15.29476380    
   11.56510936    
   168.7141065    
   134.1038145    
   174.7226232    
   160.1413812    
   34.58497686    
   13.01600957    
   4.769234204    
   2.116059576    
   51.07603267    
   218.9762419    
   2349.119122    
   1592.136630    
   372.9597633    
   87.94329849    
   23.53204099    
   1.552571993    
   51.30259260    
   85.32095212    
   2814.217313    
   1968.632075    
   8391.001815    
   3709.179719    
   4190.182504    
   438.2623295    
   19.88998159    
   653.1856563    
