    29 : nkpt
    13 : nstsv

     1   0.000000000       0.000000000       0.000000000     : k-point, vkl
 (state, eigenvalue and occupancy below)
     1 -0.4709391156       2.000000000    
     2  0.2986214487       1.999999984    
     3  0.2986374756       1.999999983    
     4  0.2987119675       1.999999982    
     5  0.5180741156       0.000000000    
     6  0.5180982185       0.000000000    
     7  0.5181980137       0.000000000    
     8  0.7939604136       0.000000000    
     9   1.049103605       0.000000000    
    10   1.342413536       0.000000000    
    11   1.342431791       0.000000000    
    12   1.371194232       0.000000000    
    13   1.371207290       0.000000000    


     2  0.1250000000       0.000000000       0.000000000     : k-point, vkl
 (state, eigenvalue and occupancy below)
     1 -0.4553379630       2.000000000    
     2  0.2151921039       2.000000000    
     3  0.2762268969       2.000000000    
     4  0.2763023609       2.000000000    
     5  0.5481267778       0.000000000    
     6  0.5482246191       0.000000000    
     7  0.5631648787       0.000000000    
     8  0.8079008757       0.000000000    
     9   1.070633195       0.000000000    
    10   1.222562385       0.000000000    
    11   1.222568939       0.000000000    
    12   1.320226253       0.000000000    
    13   1.559287883       0.000000000    


     3  0.2500000000       0.000000000       0.000000000     : k-point, vkl
 (state, eigenvalue and occupancy below)
     1 -0.4090883221       2.000000000    
     2  0.6721658374E-01   2.000000000    
     3  0.2375827779       2.000000000    
     4  0.2376685197       2.000000000    
     5  0.5974718562       0.000000000    
     6  0.5975509030       0.000000000    
     7  0.6103824502       0.000000000    
     8  0.8456653391       0.000000000    
     9   1.096587732       0.000000000    
    10   1.179121735       0.000000000    
    11   1.179128367       0.000000000    
    12   1.277600253       0.000000000    
    13   1.815128055       0.000000000    


     4  0.3750000000       0.000000000       0.000000000     : k-point, vkl
 (state, eigenvalue and occupancy below)
     1 -0.3350680032       2.000000000    
     2 -0.7832558297E-01   2.000000000    
     3  0.2094233007       2.000000000    
     4  0.2095125028       2.000000000    
     5  0.6226023363       0.000000000    
     6  0.6226615163       0.000000000    
     7  0.6313554806       0.000000000    
     8  0.8843771631       0.000000000    
     9   1.108798502       0.000000000    
    10   1.232278627       0.000000000    
    11   1.232281455       0.000000000    
    12   1.249450305       0.000000000    
    13   1.752953287       0.000000000    


     5  0.5000000000       0.000000000       0.000000000     : k-point, vkl
 (state, eigenvalue and occupancy below)
     1 -0.2660951171       2.000000000    
     2 -0.1724063290       2.000000000    
     3  0.1995428165       2.000000000    
     4  0.1996355747       2.000000000    
     5  0.6271579080       0.000000000    
     6  0.6272116973       0.000000000    
     7  0.6370297017       0.000000000    
     8  0.8983786146       0.000000000    
     9   1.130679913       0.000000000    
    10   1.215478652       0.000000000    
    11   1.296405903       0.000000000    
    12   1.296434219       0.000000000    
    13   1.638044505       0.000000000    


     6  0.1250000000      0.1250000000       0.000000000     : k-point, vkl
 (state, eigenvalue and occupancy below)
     1 -0.4501441696       2.000000000    
     2  0.2396563360       2.000000000    
     3  0.2396999141       2.000000000    
     4  0.2510562195       2.000000000    
     5  0.5055800299       0.000000000    
     6  0.5952291133       0.000000000    
     7  0.5952913359       0.000000000    
     8  0.7976177934       0.000000000    
     9   1.080374304       0.000000000    
    10   1.111830606       0.000000000    
    11   1.370905479       0.000000000    
    12   1.420993832       0.000000000    
    13   1.421009738       0.000000000    


     7  0.2500000000      0.1250000000       0.000000000     : k-point, vkl
 (state, eigenvalue and occupancy below)
     1 -0.4141129362       2.000000000    
     2  0.1200182863       2.000000000    
     3  0.1989808227       2.000000000    
     4  0.2270506382       2.000000000    
     5  0.5299585108       0.000000000    
     6  0.6511049826       0.000000000    
     7  0.6540007190       0.000000000    
     8  0.7904455852       0.000000000    
     9   1.078449437       0.000000000    
    10   1.110718019       0.000000000    
    11   1.310425726       0.000000000    
    12   1.385152048       0.000000000    
    13   1.630935271       0.000000000    


     8  0.3750000000      0.1250000000       0.000000000     : k-point, vkl
 (state, eigenvalue and occupancy below)
     1 -0.3490261031       2.000000000    
     2 -0.2319512078E-01   2.000000000    
     3  0.1754347129       2.000000000    
     4  0.1860430044       2.000000000    
     5  0.5749347372       0.000000000    
     6  0.6791716052       0.000000000    
     7  0.6813466319       0.000000000    
     8  0.8156952450       0.000000000    
     9   1.109168986       0.000000000    
    10   1.130875601       0.000000000    
    11   1.317637162       0.000000000    
    12   1.343858236       0.000000000    
    13   1.747190698       0.000000000    


     9  0.5000000000      0.1250000000       0.000000000     : k-point, vkl
 (state, eigenvalue and occupancy below)
     1 -0.2669415820       2.000000000    
     2 -0.1444703959       2.000000000    
     3  0.1525673730       2.000000000    
     4  0.1747644631       2.000000000    
     5  0.5999806983       0.000000000    
     6  0.6742879029       0.000000000    
     7  0.6880071226       0.000000000    
     8  0.8739877306       0.000000000    
     9   1.083875812       0.000000000    
    10   1.202405262       0.000000000    
    11   1.311670189       0.000000000    
    12   1.335685737       0.000000000    
    13   1.660876979       0.000000000    


    10  0.6250000000      0.1250000000       0.000000000     : k-point, vkl
 (state, eigenvalue and occupancy below)
     1 -0.2935735506       2.000000000    
     2 -0.1095126662       2.000000000    
     3  0.1378413422       2.000000000    
     4  0.1961323368       2.000000000    
     5  0.6197948120       0.000000000    
     6  0.6504336432       0.000000000    
     7  0.6853539324       0.000000000    
     8  0.8785051459       0.000000000    
     9   1.083154736       0.000000000    
    10   1.194233734       0.000000000    
    11   1.226255804       0.000000000    
    12   1.388934230       0.000000000    
    13   1.724099331       0.000000000    


    11  0.7500000000      0.1250000000       0.000000000     : k-point, vkl
 (state, eigenvalue and occupancy below)
     1 -0.3737658737       2.000000000    
     2  0.2488492779E-01   2.000000000    
     3  0.1463872266       2.000000000    
     4  0.2336994638       2.000000000    
     5  0.6103128127       0.000000000    
     6  0.6304643659       0.000000000    
     7  0.6638474030       0.000000000    
     8  0.8329810149       0.000000000    
     9   1.104134546       0.000000000    
    10   1.109442531       0.000000000    
    11   1.209033156       0.000000000    
    12   1.425722632       0.000000000    
    13   1.732683314       0.000000000    


    12  0.8750000000      0.1250000000       0.000000000     : k-point, vkl
 (state, eigenvalue and occupancy below)
     1 -0.4295155393       2.000000000    
     2  0.1583734143       2.000000000    
     3  0.1871659579       2.000000000    
     4  0.2716830409       2.000000000    
     5  0.5600208151       0.000000000    
     6  0.6060948949       0.000000000    
     7  0.6097459173       0.000000000    
     8  0.8152621692       0.000000000    
     9   1.095569363       0.000000000    
    10   1.121122290       0.000000000    
    11   1.197899389       0.000000000    
    12   1.470147572       0.000000000    
    13   1.490648313       0.000000000    


    13  0.2500000000      0.2500000000       0.000000000     : k-point, vkl
 (state, eigenvalue and occupancy below)
     1 -0.3885316691       2.000000000    
     2  0.1364904182       2.000000000    
     3  0.1549949372       2.000000000    
     4  0.1550384611       2.000000000    
     5  0.4834121710       0.000000000    
     6  0.7054444585       0.000000000    
     7  0.7308357653       0.000000000    
     8  0.7308988590       0.000000000    
     9   1.062295799       0.000000000    
    10   1.144444569       0.000000000    
    11   1.456485283       0.000000000    
    12   1.556239109       0.000000000    
    13   1.556252962       0.000000000    


    14  0.3750000000      0.2500000000       0.000000000     : k-point, vkl
 (state, eigenvalue and occupancy below)
     1 -0.3335196041       2.000000000    
     2  0.3097951947E-01   2.000000000    
     3  0.1157781846       2.000000000    
     4  0.1288227556       2.000000000    
     5  0.5112927694       0.000000000    
     6  0.6724902503       0.000000000    
     7  0.7790654565       0.000000000    
     8  0.7799491249       0.000000000    
     9   1.103016681       0.000000000    
    10   1.151610087       0.000000000    
    11   1.444125803       0.000000000    
    12   1.527385203       0.000000000    
    13   1.712053665       0.000000000    


    15  0.5000000000      0.2500000000       0.000000000     : k-point, vkl
 (state, eigenvalue and occupancy below)
     1 -0.2549967840       2.000000000    
     2 -0.8411473409E-01   2.000000000    
     3  0.6239790503E-01   2.000000000    
     4  0.1275421739       2.000000000    
     5  0.5482434342       0.000000000    
     6  0.7397745168       0.000000000    
     7  0.7786254779       0.000000000    
     8  0.7981164384       0.000000000    
     9   1.068564161       0.000000000    
    10   1.184456020       0.000000000    
    11   1.363619058       0.000000000    
    12   1.494360789       0.000000000    
    13   1.715476439       0.000000000    


    16  0.6250000000      0.2500000000       0.000000000     : k-point, vkl
 (state, eigenvalue and occupancy below)
     1 -0.2311002027       2.000000000    
     2 -0.1113463439       2.000000000    
     3  0.2718586348E-01   2.000000000    
     4  0.1510558862       2.000000000    
     5  0.5763112154       0.000000000    
     6  0.7414961788       0.000000000    
     7  0.7933701662       0.000000000    
     8  0.8536576225       0.000000000    
     9  0.9817460020       0.000000000    
    10   1.214379599       0.000000000    
    11   1.229376465       0.000000000    
    12   1.523774975       0.000000000    
    13   1.825481238       0.000000000    


    17  0.7500000000      0.2500000000       0.000000000     : k-point, vkl
 (state, eigenvalue and occupancy below)
     1 -0.3103320539       2.000000000    
     2 -0.1124108586E-01   2.000000000    
     3  0.3397155873E-01   2.000000000    
     4  0.1927900853       2.000000000    
     5  0.6115040807       0.000000000    
     6  0.6773308191       0.000000000    
     7  0.7628865523       0.000000000    
     8  0.8220251150       0.000000000    
     9   1.051761923       0.000000000    
    10   1.117211823       0.000000000    
    11   1.231187960       0.000000000    
    12   1.576680545       0.000000000    
    13   1.694786330       0.000000000    


    18  0.3750000000      0.3750000000       0.000000000     : k-point, vkl
 (state, eigenvalue and occupancy below)
     1 -0.2889156238       2.000000000    
     2 -0.8766815208E-02   2.000000000    
     3  0.9720941209E-01   2.000000000    
     4  0.9725320086E-01   2.000000000    
     5  0.4768358731       0.000000000    
     6  0.5796159990       0.000000000    
     7  0.8576058954       0.000000000    
     8  0.8576739788       0.000000000    
     9   1.119158188       0.000000000    
    10   1.183193656       0.000000000    
    11   1.599574134       0.000000000    
    12   1.608179426       0.000000000    
    13   1.608187760       0.000000000    


    19  0.5000000000      0.3750000000       0.000000000     : k-point, vkl
 (state, eigenvalue and occupancy below)
     1 -0.2188042024       2.000000000    
     2 -0.8367713008E-01   2.000000000    
     3  0.4272389457E-01   2.000000000    
     4  0.9059274017E-01   2.000000000    
     5  0.5100256645       0.000000000    
     6  0.5844351676       0.000000000    
     7  0.8771019983       0.000000000    
     8  0.8864377638       0.000000000    
     9   1.119537030       0.000000000    
    10   1.176540001       0.000000000    
    11   1.463394079       0.000000000    
    12   1.589255896       0.000000000    
    13   1.754428708       0.000000000    


    20  0.6250000000      0.3750000000       0.000000000     : k-point, vkl
 (state, eigenvalue and occupancy below)
     1 -0.1683170932       2.000000000    
     2 -0.1206394407       2.000000000    
     3 -0.2428397832E-01   2.000000000    
     4  0.1102336628       2.000000000    
     5  0.5364138576       0.000000000    
     6  0.7136900710       0.000000000    
     7  0.8321989602       0.000000000    
     8  0.8773426715       0.000000000    
     9   1.010787057       0.000000000    
    10   1.211147840       0.000000000    
    11   1.308392668       0.000000000    
    12   1.608414582       0.000000000    
    13   1.829120003       0.000000000    


    21  0.5000000000      0.5000000000       0.000000000     : k-point, vkl
 (state, eigenvalue and occupancy below)
     1 -0.1578716151       2.000000000    
     2 -0.1578650745       2.000000000    
     3  0.7716412639E-01   2.000000000    
     4  0.7720672258E-01   2.000000000    
     5  0.5041797394       0.000000000    
     6  0.5041876753       0.000000000    
     7  0.9167770328       0.000000000    
     8  0.9168471658       0.000000000    
     9   1.169421389       0.000000000    
    10   1.169443864       0.000000000    
    11   1.551916746       0.000000000    
    12   1.551928450       0.000000000    
    13   1.800736886       0.000000000    


    22  0.3750000000      0.2500000000      0.1250000000     : k-point, vkl
 (state, eigenvalue and occupancy below)
     1 -0.3685599790       2.000000000    
     2  0.6717791779E-01   2.000000000    
     3  0.1077676315       2.000000000    
     4  0.1974354956       2.000000000    
     5  0.5572711331       0.000000000    
     6  0.6799278201       0.000000000    
     7  0.7317329428       0.000000000    
     8  0.7549076670       0.000000000    
     9   1.088701885       0.000000000    
    10   1.122465054       0.000000000    
    11   1.294589236       0.000000000    
    12   1.575899411       0.000000000    
    13   1.592878894       0.000000000    


    23  0.5000000000      0.2500000000      0.1250000000     : k-point, vkl
 (state, eigenvalue and occupancy below)
     1 -0.2961041585       2.000000000    
     2 -0.5017525173E-01   2.000000000    
     3  0.7837817333E-01   2.000000000    
     4  0.1561953198       2.000000000    
     5  0.6108565885       0.000000000    
     6  0.6701213218       0.000000000    
     7  0.7657608780       0.000000000    
     8  0.8029173953       0.000000000    
     9   1.070982896       0.000000000    
    10   1.146462613       0.000000000    
    11   1.302550086       0.000000000    
    12   1.496844482       0.000000000    
    13   1.750994039       0.000000000    


    24  0.6250000000      0.2500000000      0.1250000000     : k-point, vkl
 (state, eigenvalue and occupancy below)
     1 -0.2296247221       2.000000000    
     2 -0.1374808168       2.000000000    
     3  0.7634253131E-01   2.000000000    
     4  0.1353200502       2.000000000    
     5  0.6278080133       0.000000000    
     6  0.6614205733       0.000000000    
     7  0.7841690477       0.000000000    
     8  0.8563884104       0.000000000    
     9   1.008720136       0.000000000    
    10   1.196643118       0.000000000    
    11   1.312887679       0.000000000    
    12   1.430746396       0.000000000    
    13   1.770804349       0.000000000    


    25  0.5000000000      0.3750000000      0.1250000000     : k-point, vkl
 (state, eigenvalue and occupancy below)
     1 -0.2708887105       2.000000000    
     2 -0.2464928672E-01   2.000000000    
     3  0.5470515148E-01   2.000000000    
     4  0.9214668156E-01   2.000000000    
     5  0.5530345608       0.000000000    
     6  0.6448501844       0.000000000    
     7  0.7848491546       0.000000000    
     8  0.8574120100       0.000000000    
     9   1.122386380       0.000000000    
    10   1.133695597       0.000000000    
    11   1.433453191       0.000000000    
    12   1.567099907       0.000000000    
    13   1.767508169       0.000000000    


    26  0.6250000000      0.3750000000      0.1250000000     : k-point, vkl
 (state, eigenvalue and occupancy below)
     1 -0.1937852044       2.000000000    
     2 -0.1000693834       2.000000000    
     3  0.5310944627E-02   2.000000000    
     4  0.7780485002E-01   2.000000000    
     5  0.6003481699       0.000000000    
     6  0.7219090321       0.000000000    
     7  0.7686234657       0.000000000    
     8  0.8526989854       0.000000000    
     9   1.037352576       0.000000000    
    10   1.166606854       0.000000000    
    11   1.380964577       0.000000000    
    12   1.532413247       0.000000000    
    13   1.861822056       0.000000000    


    27  0.7500000000      0.3750000000      0.1250000000     : k-point, vkl
 (state, eigenvalue and occupancy below)
     1 -0.2217179858       2.000000000    
     2 -0.7355182126E-01   2.000000000    
     3 -0.9832759517E-02   2.000000000    
     4  0.1081238529       2.000000000    
     5  0.6304473808       0.000000000    
     6  0.7090695602       0.000000000    
     7  0.7922907802       0.000000000    
     8  0.8378145030       0.000000000    
     9  0.9953162857       0.000000000    
    10   1.164953032       0.000000000    
    11   1.315945069       0.000000000    
    12   1.561959219       0.000000000    
    13   1.818827914       0.000000000    


    28  0.6250000000      0.5000000000      0.1250000000     : k-point, vkl
 (state, eigenvalue and occupancy below)
     1 -0.1465769285       2.000000000    
     2 -0.1465679216       2.000000000    
     3  0.4363298848E-01   2.000000000    
     4  0.4369664753E-01   2.000000000    
     5  0.5777927453       0.000000000    
     6  0.5778347403       0.000000000    
     7  0.8750676803       0.000000000    
     8  0.8751301970       0.000000000    
     9   1.131686950       0.000000000    
    10   1.131709927       0.000000000    
    11   1.496522638       0.000000000    
    12   1.496568920       0.000000000    
    13   1.923888756       0.000000000    


    29  0.7500000000      0.5000000000      0.2500000000     : k-point, vkl
 (state, eigenvalue and occupancy below)
     1 -0.1319460533       2.000000000    
     2 -0.1319289052       2.000000000    
     3  0.1037925981E-01   2.000000000    
     4  0.1046151384E-01   2.000000000    
     5  0.7139551616       0.000000000    
     6  0.7139911191       0.000000000    
     7  0.7603606210       0.000000000    
     8  0.7604090139       0.000000000    
     9   1.101176069       0.000000000    
    10   1.101187123       0.000000000    
    11   1.469220982       0.000000000    
    12   1.469237023       0.000000000    
    13   1.982872279       0.000000000    

