   4.253665987    
   2.284348902    
   615.9362757    
   141.1979779    
   83.77216308    
   45.56776574    
   41.28455245    
   142.4939496    
   34.22778411    
   82.09203903    
   65.09053004    
   48.72304282    
   62.55814923    
   67.81109321    
   71.97356341    
   34.35775584    
   34.35451667    
   26.47248231    
   96.68017790    
   7.252949164    
   11.74851116    
   11.81525359    
   15.66751398    
   15.79286641    
   15.59061447    
   2.877821295    
   50.77213888    
   166.9799458    
   14.41481085    
   12.41865734    
   15.48764708    
   32.25396749    
   15.24192737    
   11.21900077    
   40.46456533    
   115.3764829    
   28.92066825    
   93.65880270    
   16.48212610    
   16.57146458    
   16.27761843    
   22.28749622    
   5.887676617    
   15.07603226    
   4.883532629    
   15.21656589    
   12.90933640    
   12.06265586    
   67.92800628    
   16.13475421    
   6.153479587    
   75.50684819    
   9.781944623    
   53.14960427    
   13.74766780    
   13.02053052    
   16.77370928    
   16.65587634    
   16.00436920    
   13.04147471    
   15.97062184    
   15.87215569    
   24.99761249    
   15.51608137    
   16.47433548    
   20.31187697    
   104.2801955    
   112.8701949    
   111.6716159    
   114.7824037    
   55.37764488    
   74.72051085    
   53.22934641    
   109.6134603    
   84.25197808    
   80.60771408    
   94.24441290    
   79.61327475    
   68.78854580    
   51.75270458    
   377.2372545    
   108.4434023    
   20.59237343    
   8.301264391    
   8.426947187    
   6.457808383    
   5.703133253    
   4.822892050    
   120.4891751    
   7.262707375    
   3.677675825    
   33.53585543    
   100.3951302    
   2.802708591    
   6.119769357    
   6.129981954    
   6.102350701    
   7.073823735    
   7.063009862    
   7.156686941    
   7.203905619    
   7.150806214    
   7.165883746    
   6.926351729    
   39.24673924    
   36.86046128    
   39.09868558    
   88.63352297    
   25.87521625    
   5.087101233    
   4.826864401    
   5.018248350    
   4.891155311    
   70.95212624    
   57.03257008    
   33.06564233    
   101.6223807    
   20.74485057    
   59.19279739    
   55.27744367    
   45.22592121    
   30.20875073    
   85.78385189    
   11.23178460    
   44.37551553    
   9.371702459    
   4.228440928    
   4.139381993    
   3.021040107    
   3.045886846    
   10.27566942    
   128.6159315    
   66.35819199    
   115.7805460    
   96.43646533    
   81.76782949    
   73.53437105    
   163.2234796    
   16.02144886    
   2.617312676    
   2.590497917    
   2.393570329    
   2.377906170    
   1.911438662    
   50.58098678    
   121.7781102    
   54.74950112    
   124.2550115    
   50.29246384    
   42.67172023    
   24.85040643    
   14.46846658    
   15.02318194    
   18.21685192    
   97.94376126    
   74.66381119    
   29.58833986    
   11.26704511    
   20.38437714    
   100.8651299    
   72.32325483    
   149.3731142    
   17.54486934    
   19.00518241    
   15.24943988    
   14.77853724    
   91.25842985    
   15.59964201    
   22.73355769    
   13.83554635    
   16.29901483    
   15.06758968    
   8.924621822    
   13.49816109    
   6.864669519    
   13.39112632    
   13.35681036    
   13.68913382    
   13.81576133    
   14.23908652    
   14.92374623    
   94.45713196    
   57.29179139    
   22.16485625    
   14.22653414    
   16.54991630    
   16.10350342    
   17.13347435    
   17.23233205    
   87.67073113    
   113.3409465    
   114.5043267    
   177.7455021    
   100.4152419    
   40.88381045    
   57.45668040    
   51.87883318    
   38.37992500    
