   0.000000000      -2.020652657    
   0.000000000       2.846148905    

  0.9295918323      -2.020652657    
  0.9295918323       2.846148905    

   1.394387748      -2.020652657    
   1.394387748       2.846148905    

   1.723048093      -2.020652657    
   1.723048093       2.846148905    

   2.709029125      -2.020652657    
   2.709029125       2.846148905    

   3.514079267      -2.020652657    
   3.514079267       2.846148905    

   4.083335682      -2.020652657    
   4.083335682       2.846148905    

   4.411996026      -2.020652657    
   4.411996026       2.846148905    

   5.069316714      -2.020652657    
   5.069316714       2.846148905    

   5.638573129      -2.020652657    
   5.638573129       2.846148905    

