
┌─────────────────────────────────┐
│ Elk code version 11.2.3 started │
└─────────────────────────────────┘
Info(elk): MPI process 3 idle for task 20

Number of MPI processes : 4
Number of OpenMP threads per MPI process : 1
Total number of threads (MPI x OpenMP) : 4
Maximum OpenMP nesting level : 4
Number of OpenMP threads at first nesting level : 1
Number of MKL threads : 1
Info(elk): MPI process 1 idle for task 20
Info(elk): MPI process 2 idle for task 20

RAM disk enabled

┌───────────────────┐
│ Current task : 20 │
└───────────────────┘
Info(checkmt): changed muffin-tin radius of species 1 (C) from   1.8000 to   1.4384

Warning(linengy): could not find 1 linearisation energies in s.c. loop 1
Info(bandstr): 1 of 400 k-points
Info(bandstr): 2 of 400 k-points
Info(bandstr): 3 of 400 k-points
Info(bandstr): 4 of 400 k-points
Info(bandstr): 5 of 400 k-points
Info(bandstr): 6 of 400 k-points
Info(bandstr): 7 of 400 k-points
Info(bandstr): 8 of 400 k-points
Info(bandstr): 9 of 400 k-points
Info(bandstr): 10 of 400 k-points
Info(bandstr): 11 of 400 k-points
Info(bandstr): 12 of 400 k-points
Info(bandstr): 13 of 400 k-points
Info(bandstr): 14 of 400 k-points
Info(bandstr): 15 of 400 k-points
Info(bandstr): 16 of 400 k-points
Info(bandstr): 17 of 400 k-points
Info(bandstr): 18 of 400 k-points
Info(bandstr): 19 of 400 k-points
Info(bandstr): 20 of 400 k-points
Info(bandstr): 21 of 400 k-points
Info(bandstr): 22 of 400 k-points
Info(bandstr): 23 of 400 k-points
Info(bandstr): 24 of 400 k-points
Info(bandstr): 25 of 400 k-points
Info(bandstr): 26 of 400 k-points
Info(bandstr): 27 of 400 k-points
Info(bandstr): 28 of 400 k-points
Info(bandstr): 29 of 400 k-points
Info(bandstr): 30 of 400 k-points
Info(bandstr): 31 of 400 k-points
Info(bandstr): 32 of 400 k-points
Info(bandstr): 33 of 400 k-points
Info(bandstr): 34 of 400 k-points
Info(bandstr): 35 of 400 k-points
Info(bandstr): 36 of 400 k-points
Info(bandstr): 37 of 400 k-points
Info(bandstr): 38 of 400 k-points
Info(bandstr): 39 of 400 k-points
Info(bandstr): 40 of 400 k-points
Info(bandstr): 41 of 400 k-points
Info(bandstr): 42 of 400 k-points
Info(bandstr): 43 of 400 k-points
Info(bandstr): 44 of 400 k-points
Info(bandstr): 45 of 400 k-points
Info(bandstr): 46 of 400 k-points
Info(bandstr): 47 of 400 k-points
Info(bandstr): 48 of 400 k-points
Info(bandstr): 49 of 400 k-points
Info(bandstr): 50 of 400 k-points
Info(bandstr): 51 of 400 k-points
Info(bandstr): 52 of 400 k-points
Info(bandstr): 53 of 400 k-points
Info(bandstr): 54 of 400 k-points
Info(bandstr): 55 of 400 k-points
Info(bandstr): 56 of 400 k-points
Info(bandstr): 57 of 400 k-points
Info(bandstr): 58 of 400 k-points
Info(bandstr): 59 of 400 k-points
Info(bandstr): 60 of 400 k-points
Info(bandstr): 61 of 400 k-points
Info(bandstr): 62 of 400 k-points
Info(bandstr): 63 of 400 k-points
Info(bandstr): 64 of 400 k-points
Info(bandstr): 65 of 400 k-points
Info(bandstr): 66 of 400 k-points
Info(bandstr): 67 of 400 k-points
Info(bandstr): 68 of 400 k-points
Info(bandstr): 69 of 400 k-points
Info(bandstr): 70 of 400 k-points
Info(bandstr): 71 of 400 k-points
Info(bandstr): 72 of 400 k-points
Info(bandstr): 73 of 400 k-points
Info(bandstr): 74 of 400 k-points
Info(bandstr): 75 of 400 k-points
Info(bandstr): 76 of 400 k-points
Info(bandstr): 77 of 400 k-points
Info(bandstr): 78 of 400 k-points
Info(bandstr): 79 of 400 k-points
Info(bandstr): 80 of 400 k-points
Info(bandstr): 81 of 400 k-points
Info(bandstr): 82 of 400 k-points
Info(bandstr): 83 of 400 k-points
Info(bandstr): 84 of 400 k-points
Info(bandstr): 85 of 400 k-points
Info(bandstr): 86 of 400 k-points
Info(bandstr): 87 of 400 k-points
Info(bandstr): 88 of 400 k-points
Info(bandstr): 89 of 400 k-points
Info(bandstr): 90 of 400 k-points
Info(bandstr): 91 of 400 k-points
Info(bandstr): 92 of 400 k-points
Info(bandstr): 93 of 400 k-points
Info(bandstr): 94 of 400 k-points
Info(bandstr): 95 of 400 k-points
Info(bandstr): 96 of 400 k-points
Info(bandstr): 97 of 400 k-points
Info(bandstr): 98 of 400 k-points
Info(bandstr): 99 of 400 k-points
Info(bandstr): 100 of 400 k-points
Info(bandstr): 101 of 400 k-points
Info(bandstr): 102 of 400 k-points
Info(bandstr): 103 of 400 k-points
Info(bandstr): 104 of 400 k-points
Info(bandstr): 105 of 400 k-points
Info(bandstr): 106 of 400 k-points
Info(bandstr): 107 of 400 k-points
Info(bandstr): 108 of 400 k-points
Info(bandstr): 109 of 400 k-points
Info(bandstr): 110 of 400 k-points
Info(bandstr): 111 of 400 k-points
Info(bandstr): 112 of 400 k-points
Info(bandstr): 113 of 400 k-points
Info(bandstr): 114 of 400 k-points
Info(bandstr): 115 of 400 k-points
Info(bandstr): 116 of 400 k-points
Info(bandstr): 117 of 400 k-points
Info(bandstr): 118 of 400 k-points
Info(bandstr): 119 of 400 k-points
Info(bandstr): 120 of 400 k-points
Info(bandstr): 121 of 400 k-points
Info(bandstr): 122 of 400 k-points
Info(bandstr): 123 of 400 k-points
Info(bandstr): 124 of 400 k-points
Info(bandstr): 125 of 400 k-points
Info(bandstr): 126 of 400 k-points
Info(bandstr): 127 of 400 k-points
Info(bandstr): 128 of 400 k-points
Info(bandstr): 129 of 400 k-points
Info(bandstr): 130 of 400 k-points
Info(bandstr): 131 of 400 k-points
Info(bandstr): 132 of 400 k-points
Info(bandstr): 133 of 400 k-points
Info(bandstr): 134 of 400 k-points
Info(bandstr): 135 of 400 k-points
Info(bandstr): 136 of 400 k-points
Info(bandstr): 137 of 400 k-points
Info(bandstr): 138 of 400 k-points
Info(bandstr): 139 of 400 k-points
Info(bandstr): 140 of 400 k-points
Info(bandstr): 141 of 400 k-points
Info(bandstr): 142 of 400 k-points
Info(bandstr): 143 of 400 k-points
Info(bandstr): 144 of 400 k-points
Info(bandstr): 145 of 400 k-points
Info(bandstr): 146 of 400 k-points
Info(bandstr): 147 of 400 k-points
Info(bandstr): 148 of 400 k-points
Info(bandstr): 149 of 400 k-points
Info(bandstr): 150 of 400 k-points
Info(bandstr): 151 of 400 k-points
Info(bandstr): 152 of 400 k-points
Info(bandstr): 153 of 400 k-points
Info(bandstr): 154 of 400 k-points
Info(bandstr): 155 of 400 k-points
Info(bandstr): 156 of 400 k-points
Info(bandstr): 157 of 400 k-points
Info(bandstr): 158 of 400 k-points
Info(bandstr): 159 of 400 k-points
Info(bandstr): 160 of 400 k-points
Info(bandstr): 161 of 400 k-points
Info(bandstr): 162 of 400 k-points
Info(bandstr): 163 of 400 k-points
Info(bandstr): 164 of 400 k-points
Info(bandstr): 165 of 400 k-points
Info(bandstr): 166 of 400 k-points
Info(bandstr): 167 of 400 k-points
Info(bandstr): 168 of 400 k-points
Info(bandstr): 169 of 400 k-points
Info(bandstr): 170 of 400 k-points
Info(bandstr): 171 of 400 k-points
Info(bandstr): 172 of 400 k-points
Info(bandstr): 173 of 400 k-points
Info(bandstr): 174 of 400 k-points
Info(bandstr): 175 of 400 k-points
Info(bandstr): 176 of 400 k-points
Info(bandstr): 177 of 400 k-points
Info(bandstr): 178 of 400 k-points
Info(bandstr): 179 of 400 k-points
Info(bandstr): 180 of 400 k-points
Info(bandstr): 181 of 400 k-points
Info(bandstr): 182 of 400 k-points
Info(bandstr): 183 of 400 k-points
Info(bandstr): 184 of 400 k-points
Info(bandstr): 185 of 400 k-points
Info(bandstr): 186 of 400 k-points
Info(bandstr): 187 of 400 k-points
Info(bandstr): 188 of 400 k-points
Info(bandstr): 189 of 400 k-points
Info(bandstr): 190 of 400 k-points
Info(bandstr): 191 of 400 k-points
Info(bandstr): 192 of 400 k-points
Info(bandstr): 193 of 400 k-points
Info(bandstr): 194 of 400 k-points
Info(bandstr): 195 of 400 k-points
Info(bandstr): 196 of 400 k-points
Info(bandstr): 197 of 400 k-points
Info(bandstr): 198 of 400 k-points
Info(bandstr): 199 of 400 k-points
Info(bandstr): 200 of 400 k-points
Info(bandstr): 201 of 400 k-points
Info(bandstr): 202 of 400 k-points
Info(bandstr): 203 of 400 k-points
Info(bandstr): 204 of 400 k-points
Info(bandstr): 205 of 400 k-points
Info(bandstr): 206 of 400 k-points
Info(bandstr): 207 of 400 k-points
Info(bandstr): 208 of 400 k-points
Info(bandstr): 209 of 400 k-points
Info(bandstr): 210 of 400 k-points
Info(bandstr): 211 of 400 k-points
Info(bandstr): 212 of 400 k-points
Info(bandstr): 213 of 400 k-points
Info(bandstr): 214 of 400 k-points
Info(bandstr): 215 of 400 k-points
Info(bandstr): 216 of 400 k-points
Info(bandstr): 217 of 400 k-points
Info(bandstr): 218 of 400 k-points
Info(bandstr): 219 of 400 k-points
Info(bandstr): 220 of 400 k-points
Info(bandstr): 221 of 400 k-points
Info(bandstr): 222 of 400 k-points
Info(bandstr): 223 of 400 k-points
Info(bandstr): 224 of 400 k-points
Info(bandstr): 225 of 400 k-points
Info(bandstr): 226 of 400 k-points
Info(bandstr): 227 of 400 k-points
Info(bandstr): 228 of 400 k-points
Info(bandstr): 229 of 400 k-points
Info(bandstr): 230 of 400 k-points
Info(bandstr): 231 of 400 k-points
Info(bandstr): 232 of 400 k-points
Info(bandstr): 233 of 400 k-points
Info(bandstr): 234 of 400 k-points
Info(bandstr): 235 of 400 k-points
Info(bandstr): 236 of 400 k-points
Info(bandstr): 237 of 400 k-points
Info(bandstr): 238 of 400 k-points
Info(bandstr): 239 of 400 k-points
Info(bandstr): 240 of 400 k-points
Info(bandstr): 241 of 400 k-points
Info(bandstr): 242 of 400 k-points
Info(bandstr): 243 of 400 k-points
Info(bandstr): 244 of 400 k-points
Info(bandstr): 245 of 400 k-points
Info(bandstr): 246 of 400 k-points
Info(bandstr): 247 of 400 k-points
Info(bandstr): 248 of 400 k-points
Info(bandstr): 249 of 400 k-points
Info(bandstr): 250 of 400 k-points
Info(bandstr): 251 of 400 k-points
Info(bandstr): 252 of 400 k-points
Info(bandstr): 253 of 400 k-points
Info(bandstr): 254 of 400 k-points
Info(bandstr): 255 of 400 k-points
Info(bandstr): 256 of 400 k-points
Info(bandstr): 257 of 400 k-points
Info(bandstr): 258 of 400 k-points
Info(bandstr): 259 of 400 k-points
Info(bandstr): 260 of 400 k-points
Info(bandstr): 261 of 400 k-points
Info(bandstr): 262 of 400 k-points
Info(bandstr): 263 of 400 k-points
Info(bandstr): 264 of 400 k-points
Info(bandstr): 265 of 400 k-points
Info(bandstr): 266 of 400 k-points
Info(bandstr): 267 of 400 k-points
Info(bandstr): 268 of 400 k-points
Info(bandstr): 269 of 400 k-points
Info(bandstr): 270 of 400 k-points
Info(bandstr): 271 of 400 k-points
Info(bandstr): 272 of 400 k-points
Info(bandstr): 273 of 400 k-points
Info(bandstr): 274 of 400 k-points
Info(bandstr): 275 of 400 k-points
Info(bandstr): 276 of 400 k-points
Info(bandstr): 277 of 400 k-points
Info(bandstr): 278 of 400 k-points
Info(bandstr): 279 of 400 k-points
Info(bandstr): 280 of 400 k-points
Info(bandstr): 281 of 400 k-points
Info(bandstr): 282 of 400 k-points
Info(bandstr): 283 of 400 k-points
Info(bandstr): 284 of 400 k-points
Info(bandstr): 285 of 400 k-points
Info(bandstr): 286 of 400 k-points
Info(bandstr): 287 of 400 k-points
Info(bandstr): 288 of 400 k-points
Info(bandstr): 289 of 400 k-points
Info(bandstr): 290 of 400 k-points
Info(bandstr): 291 of 400 k-points
Info(bandstr): 292 of 400 k-points
Info(bandstr): 293 of 400 k-points
Info(bandstr): 294 of 400 k-points
Info(bandstr): 295 of 400 k-points
Info(bandstr): 296 of 400 k-points
Info(bandstr): 297 of 400 k-points
Info(bandstr): 298 of 400 k-points
Info(bandstr): 299 of 400 k-points
Info(bandstr): 300 of 400 k-points
Info(bandstr): 301 of 400 k-points
Info(bandstr): 302 of 400 k-points
Info(bandstr): 303 of 400 k-points
Info(bandstr): 304 of 400 k-points
Info(bandstr): 305 of 400 k-points
Info(bandstr): 306 of 400 k-points
Info(bandstr): 307 of 400 k-points
Info(bandstr): 308 of 400 k-points
Info(bandstr): 309 of 400 k-points
Info(bandstr): 310 of 400 k-points
Info(bandstr): 311 of 400 k-points
Info(bandstr): 312 of 400 k-points
Info(bandstr): 313 of 400 k-points
Info(bandstr): 314 of 400 k-points
Info(bandstr): 315 of 400 k-points
Info(bandstr): 316 of 400 k-points
Info(bandstr): 317 of 400 k-points
Info(bandstr): 318 of 400 k-points
Info(bandstr): 319 of 400 k-points
Info(bandstr): 320 of 400 k-points
Info(bandstr): 321 of 400 k-points
Info(bandstr): 322 of 400 k-points
Info(bandstr): 323 of 400 k-points
Info(bandstr): 324 of 400 k-points
Info(bandstr): 325 of 400 k-points
Info(bandstr): 326 of 400 k-points
Info(bandstr): 327 of 400 k-points
Info(bandstr): 328 of 400 k-points
Info(bandstr): 329 of 400 k-points
Info(bandstr): 330 of 400 k-points
Info(bandstr): 331 of 400 k-points
Info(bandstr): 332 of 400 k-points
Info(bandstr): 333 of 400 k-points
Info(bandstr): 334 of 400 k-points
Info(bandstr): 335 of 400 k-points
Info(bandstr): 336 of 400 k-points
Info(bandstr): 337 of 400 k-points
Info(bandstr): 338 of 400 k-points
Info(bandstr): 339 of 400 k-points
Info(bandstr): 340 of 400 k-points
Info(bandstr): 341 of 400 k-points
Info(bandstr): 342 of 400 k-points
Info(bandstr): 343 of 400 k-points
Info(bandstr): 344 of 400 k-points
Info(bandstr): 345 of 400 k-points
Info(bandstr): 346 of 400 k-points
Info(bandstr): 347 of 400 k-points
Info(bandstr): 348 of 400 k-points
Info(bandstr): 349 of 400 k-points
Info(bandstr): 350 of 400 k-points
Info(bandstr): 351 of 400 k-points
Info(bandstr): 352 of 400 k-points
Info(bandstr): 353 of 400 k-points
Info(bandstr): 354 of 400 k-points
Info(bandstr): 355 of 400 k-points
Info(bandstr): 356 of 400 k-points
Info(bandstr): 357 of 400 k-points
Info(bandstr): 358 of 400 k-points
Info(bandstr): 359 of 400 k-points
Info(bandstr): 360 of 400 k-points
Info(bandstr): 361 of 400 k-points
Info(bandstr): 362 of 400 k-points
Info(bandstr): 363 of 400 k-points
Info(bandstr): 364 of 400 k-points
Info(bandstr): 365 of 400 k-points
Info(bandstr): 366 of 400 k-points
Info(bandstr): 367 of 400 k-points
Info(bandstr): 368 of 400 k-points
Info(bandstr): 369 of 400 k-points
Info(bandstr): 370 of 400 k-points
Info(bandstr): 371 of 400 k-points
Info(bandstr): 372 of 400 k-points
Info(bandstr): 373 of 400 k-points
Info(bandstr): 374 of 400 k-points
Info(bandstr): 375 of 400 k-points
Info(bandstr): 376 of 400 k-points
Info(bandstr): 377 of 400 k-points
Info(bandstr): 378 of 400 k-points
Info(bandstr): 379 of 400 k-points
Info(bandstr): 380 of 400 k-points
Info(bandstr): 381 of 400 k-points
Info(bandstr): 382 of 400 k-points
Info(bandstr): 383 of 400 k-points
Info(bandstr): 384 of 400 k-points
Info(bandstr): 385 of 400 k-points
Info(bandstr): 386 of 400 k-points
Info(bandstr): 387 of 400 k-points
Info(bandstr): 388 of 400 k-points
Info(bandstr): 389 of 400 k-points
Info(bandstr): 390 of 400 k-points
Info(bandstr): 391 of 400 k-points
Info(bandstr): 392 of 400 k-points
Info(bandstr): 393 of 400 k-points
Info(bandstr): 394 of 400 k-points
Info(bandstr): 395 of 400 k-points
Info(bandstr): 396 of 400 k-points
Info(bandstr): 397 of 400 k-points
Info(bandstr): 398 of 400 k-points
Info(bandstr): 399 of 400 k-points
Info(bandstr): 400 of 400 k-points

Info(bandstr):
 Band structure plot written to BAND.OUT

 Fermi energy is at zero in plot

 Vertex location lines written to BANDLINES.OUT

┌──────────────────┐
│ Elk code stopped │
└──────────────────┘
