    29 : nkpt
    13 : nstsv

     1   0.000000000       0.000000000       0.000000000     : k-point, vkl
 (state, eigenvalue and occupancy below)
     1  -2587434.855       0.000000000    
     2  -2328208.472       0.000000000    
     3  -557765.6539       0.000000000    
     4  -547001.2073       0.000000000    
     5  -455946.5931       0.000000000    
     6  -426114.6279       0.000000000    
     7  -421041.1744       0.000000000    
     8  -388245.6709       0.000000000    
     9  -91057.42071       0.000000000    
    10  -90407.45815       0.000000000    
    11  -88175.73092       0.000000000    
    12  -87238.91742       0.000000000    
    13  -50400.82441       0.000000000    


     2  0.1250000000       0.000000000       0.000000000     : k-point, vkl
 (state, eigenvalue and occupancy below)
     1  -2725085.829       0.000000000    
     2  -2374109.582       0.000000000    
     3  -605338.6615       0.000000000    
     4  -506539.0174       0.000000000    
     5  -486798.6900       0.000000000    
     6  -470243.3025       0.000000000    
     7  -398369.8359       0.000000000    
     8  -360812.2917       0.000000000    
     9  -106970.4312       0.000000000    
    10  -98932.37961       0.000000000    
    11  -87868.28311       0.000000000    
    12  -82909.86073       0.000000000    
    13  -51465.80545       0.000000000    


     3  0.2500000000       0.000000000       0.000000000     : k-point, vkl
 (state, eigenvalue and occupancy below)
     1  -2381312.064       0.000000000    
     2  -2264602.447       0.000000000    
     3  -530883.9639       0.000000000    
     4  -467447.7054       0.000000000    
     5  -432824.9224       0.000000000    
     6  -410596.6387       0.000000000    
     7  -389571.7511       0.000000000    
     8  -344230.9410       0.000000000    
     9  -95400.55447       0.000000000    
    10  -87763.97909       0.000000000    
    11  -82589.28471       0.000000000    
    12  -80044.30111       0.000000000    
    13  -45259.90789       0.000000000    


     4  0.3750000000       0.000000000       0.000000000     : k-point, vkl
 (state, eigenvalue and occupancy below)
     1  -2482025.848       0.000000000    
     2  -2268636.932       0.000000000    
     3  -536474.6832       0.000000000    
     4  -476919.9227       0.000000000    
     5  -458939.9851       0.000000000    
     6  -406945.5212       0.000000000    
     7  -386281.2963       0.000000000    
     8  -334166.2234       0.000000000    
     9  -98830.09741       0.000000000    
    10  -89216.64876       0.000000000    
    11  -88144.81299       0.000000000    
    12  -76463.05409       0.000000000    
    13  -49752.22583       0.000000000    


     5  0.5000000000       0.000000000       0.000000000     : k-point, vkl
 (state, eigenvalue and occupancy below)
     1  -2453592.779       0.000000000    
     2  -2204498.825       0.000000000    
     3  -543776.0503       0.000000000    
     4  -543665.6562       0.000000000    
     5  -395574.1171       0.000000000    
     6  -379660.2593       0.000000000    
     7  -360453.2476       0.000000000    
     8  -351010.0766       0.000000000    
     9  -91523.74688       0.000000000    
    10  -90562.27140       0.000000000    
    11  -80171.65396       0.000000000    
    12  -79360.43938       0.000000000    
    13  -47027.55703       0.000000000    


     6  0.1250000000      0.1250000000       0.000000000     : k-point, vkl
 (state, eigenvalue and occupancy below)
     1  -2588949.095       0.000000000    
     2  -2297259.162       0.000000000    
     3  -536881.3805       0.000000000    
     4  -514645.1955       0.000000000    
     5  -441606.2804       0.000000000    
     6  -415808.6990       0.000000000    
     7  -405655.8516       0.000000000    
     8  -379733.4683       0.000000000    
     9  -94282.00113       0.000000000    
    10  -90969.03420       0.000000000    
    11  -88365.66194       0.000000000    
    12  -86024.74252       0.000000000    
    13  -47798.08444       0.000000000    


     7  0.2500000000      0.1250000000       0.000000000     : k-point, vkl
 (state, eigenvalue and occupancy below)
     1  -2284472.705       0.000000000    
     2  -2240722.985       0.000000000    
     3  -500622.5113       0.000000000    
     4  -467184.4443       0.000000000    
     5  -422711.0765       0.000000000    
     6  -393330.6951       0.000000000    
     7  -367245.2112       0.000000000    
     8  -345111.0516       0.000000000    
     9  -91205.36124       0.000000000    
    10  -84935.41202       0.000000000    
    11  -80010.73457       0.000000000    
    12  -78274.63266       0.000000000    
    13  -42437.91025       0.000000000    


     8  0.3750000000      0.1250000000       0.000000000     : k-point, vkl
 (state, eigenvalue and occupancy below)
     1  -2456721.763       0.000000000    
     2  -2309028.789       0.000000000    
     3  -541473.6302       0.000000000    
     4  -489083.8803       0.000000000    
     5  -447560.1215       0.000000000    
     6  -407478.8605       0.000000000    
     7  -398738.4152       0.000000000    
     8  -344490.9781       0.000000000    
     9  -94674.39720       0.000000000    
    10  -88076.53439       0.000000000    
    11  -86455.30787       0.000000000    
    12  -80604.32877       0.000000000    
    13  -43152.48725       0.000000000    


     9  0.5000000000      0.1250000000       0.000000000     : k-point, vkl
 (state, eigenvalue and occupancy below)
     1  -2492747.719       0.000000000    
     2  -2332057.840       0.000000000    
     3  -578616.3166       0.000000000    
     4  -491262.4104       0.000000000    
     5  -448907.8485       0.000000000    
     6  -420399.5188       0.000000000    
     7  -407428.8060       0.000000000    
     8  -343130.1862       0.000000000    
     9  -97679.63337       0.000000000    
    10  -92543.37493       0.000000000    
    11  -87986.44354       0.000000000    
    12  -81867.51246       0.000000000    
    13  -45974.64254       0.000000000    


    10  0.6250000000      0.1250000000       0.000000000     : k-point, vkl
 (state, eigenvalue and occupancy below)
     1  -2371177.434       0.000000000    
     2  -2297510.075       0.000000000    
     3  -544315.9163       0.000000000    
     4  -481483.4665       0.000000000    
     5  -423685.1394       0.000000000    
     6  -411247.9651       0.000000000    
     7  -373028.1396       0.000000000    
     8  -349081.5826       0.000000000    
     9  -92881.10763       0.000000000    
    10  -91323.25398       0.000000000    
    11  -85164.59885       0.000000000    
    12  -78029.60898       0.000000000    
    13  -45847.53030       0.000000000    


    11  0.7500000000      0.1250000000       0.000000000     : k-point, vkl
 (state, eigenvalue and occupancy below)
     1  -2412633.990       0.000000000    
     2  -2337303.261       0.000000000    
     3  -542520.7354       0.000000000    
     4  -496698.4105       0.000000000    
     5  -428197.1752       0.000000000    
     6  -409647.1070       0.000000000    
     7  -393419.6098       0.000000000    
     8  -366997.2252       0.000000000    
     9  -99329.46389       0.000000000    
    10  -91907.75828       0.000000000    
    11  -86381.88835       0.000000000    
    12  -81910.25616       0.000000000    
    13  -46128.42217       0.000000000    


    12  0.8750000000      0.1250000000       0.000000000     : k-point, vkl
 (state, eigenvalue and occupancy below)
     1  -2387712.694       0.000000000    
     2  -2314478.260       0.000000000    
     3  -542061.4408       0.000000000    
     4  -478010.4071       0.000000000    
     5  -425676.0401       0.000000000    
     6  -396074.7168       0.000000000    
     7  -388913.1355       0.000000000    
     8  -360695.5069       0.000000000    
     9  -93362.91230       0.000000000    
    10  -88198.99924       0.000000000    
    11  -86987.10797       0.000000000    
    12  -83272.40476       0.000000000    
    13  -45262.73869       0.000000000    


    13  0.2500000000      0.2500000000       0.000000000     : k-point, vkl
 (state, eigenvalue and occupancy below)
     1  -2283973.731       0.000000000    
     2  -2211542.293       0.000000000    
     3  -505653.0254       0.000000000    
     4  -471502.1079       0.000000000    
     5  -409103.7252       0.000000000    
     6  -388427.8928       0.000000000    
     7  -381141.8673       0.000000000    
     8  -358434.2312       0.000000000    
     9  -90624.32207       0.000000000    
    10  -86380.23845       0.000000000    
    11  -83673.40257       0.000000000    
    12  -79350.75873       0.000000000    
    13  -39700.85204       0.000000000    


    14  0.3750000000      0.2500000000       0.000000000     : k-point, vkl
 (state, eigenvalue and occupancy below)
     1  -2410198.913       0.000000000    
     2  -2359009.255       0.000000000    
     3  -545739.0682       0.000000000    
     4  -515093.0827       0.000000000    
     5  -451013.2548       0.000000000    
     6  -414583.6791       0.000000000    
     7  -405842.8952       0.000000000    
     8  -361004.7339       0.000000000    
     9  -97488.19371       0.000000000    
    10  -93089.48636       0.000000000    
    11  -91865.80900       0.000000000    
    12  -85909.61688       0.000000000    
    13  -42570.82959       0.000000000    


    15  0.5000000000      0.2500000000       0.000000000     : k-point, vkl
 (state, eigenvalue and occupancy below)
     1  -2446387.349       0.000000000    
     2  -2340380.462       0.000000000    
     3  -557547.2479       0.000000000    
     4  -490234.0949       0.000000000    
     5  -451786.8799       0.000000000    
     6  -431262.6005       0.000000000    
     7  -397791.1033       0.000000000    
     8  -364374.5668       0.000000000    
     9  -95608.13415       0.000000000    
    10  -90550.82048       0.000000000    
    11  -88447.98577       0.000000000    
    12  -83150.15768       0.000000000    
    13  -43335.52222       0.000000000    


    16  0.6250000000      0.2500000000       0.000000000     : k-point, vkl
 (state, eigenvalue and occupancy below)
     1  -2460695.208       0.000000000    
     2  -2334693.681       0.000000000    
     3  -523843.3460       0.000000000    
     4  -488155.0873       0.000000000    
     5  -462903.6715       0.000000000    
     6  -421088.8733       0.000000000    
     7  -388300.8838       0.000000000    
     8  -358116.5541       0.000000000    
     9  -96485.28260       0.000000000    
    10  -91338.72367       0.000000000    
    11  -89615.66474       0.000000000    
    12  -82493.44037       0.000000000    
    13  -43236.51345       0.000000000    


    17  0.7500000000      0.2500000000       0.000000000     : k-point, vkl
 (state, eigenvalue and occupancy below)
     1  -2320472.738       0.000000000    
     2  -2287087.631       0.000000000    
     3  -522266.0096       0.000000000    
     4  -464188.5412       0.000000000    
     5  -433574.5208       0.000000000    
     6  -417637.5983       0.000000000    
     7  -359949.4403       0.000000000    
     8  -339521.6610       0.000000000    
     9  -93599.19067       0.000000000    
    10  -91607.45022       0.000000000    
    11  -83513.20825       0.000000000    
    12  -80956.10360       0.000000000    
    13  -43196.63049       0.000000000    


    18  0.3750000000      0.3750000000       0.000000000     : k-point, vkl
 (state, eigenvalue and occupancy below)
     1  -2551611.466       0.000000000    
     2  -2334169.521       0.000000000    
     3  -597879.5793       0.000000000    
     4  -509356.6051       0.000000000    
     5  -480387.2605       0.000000000    
     6  -423093.5488       0.000000000    
     7  -404378.7370       0.000000000    
     8  -382452.5156       0.000000000    
     9  -103308.9993       0.000000000    
    10  -92665.18319       0.000000000    
    11  -89844.10084       0.000000000    
    12  -85505.37971       0.000000000    
    13  -44762.80035       0.000000000    


    19  0.5000000000      0.3750000000       0.000000000     : k-point, vkl
 (state, eigenvalue and occupancy below)
     1  -2345567.133       0.000000000    
     2  -2218654.344       0.000000000    
     3  -534130.6156       0.000000000    
     4  -482578.9965       0.000000000    
     5  -452247.6180       0.000000000    
     6  -400779.7815       0.000000000    
     7  -382606.6851       0.000000000    
     8  -362467.8554       0.000000000    
     9  -91537.19064       0.000000000    
    10  -87961.97348       0.000000000    
    11  -86562.84916       0.000000000    
    12  -82863.12986       0.000000000    
    13  -39913.77104       0.000000000    


    20  0.6250000000      0.3750000000       0.000000000     : k-point, vkl
 (state, eigenvalue and occupancy below)
     1  -2209999.882       0.000000000    
     2  -2204412.121       0.000000000    
     3  -527128.9405       0.000000000    
     4  -469159.6145       0.000000000    
     5  -427517.3508       0.000000000    
     6  -392269.3775       0.000000000    
     7  -354849.5447       0.000000000    
     8  -342622.2774       0.000000000    
     9  -85562.24754       0.000000000    
    10  -83803.45509       0.000000000    
    11  -80536.13757       0.000000000    
    12  -77357.71596       0.000000000    
    13  -39538.07486       0.000000000    


    21  0.5000000000      0.5000000000       0.000000000     : k-point, vkl
 (state, eigenvalue and occupancy below)
     1  -2374713.682       0.000000000    
     2  -2305683.722       0.000000000    
     3  -501879.5517       0.000000000    
     4  -493540.7317       0.000000000    
     5  -412041.7140       0.000000000    
     6  -404080.6394       0.000000000    
     7  -382574.0877       0.000000000    
     8  -376589.6228       0.000000000    
     9  -88208.24133       0.000000000    
    10  -87681.08150       0.000000000    
    11  -83713.43597       0.000000000    
    12  -80277.54615       0.000000000    
    13  -40815.86010       0.000000000    


    22  0.3750000000      0.2500000000      0.1250000000     : k-point, vkl
 (state, eigenvalue and occupancy below)
     1  -2460337.508       0.000000000    
     2  -2363837.456       0.000000000    
     3  -548500.3164       0.000000000    
     4  -508203.4922       0.000000000    
     5  -440775.6400       0.000000000    
     6  -431830.2716       0.000000000    
     7  -390225.8962       0.000000000    
     8  -356530.4326       0.000000000    
     9  -95615.03216       0.000000000    
    10  -92744.73238       0.000000000    
    11  -88979.97792       0.000000000    
    12  -82882.15394       0.000000000    
    13  -43272.49413       0.000000000    


    23  0.5000000000      0.2500000000      0.1250000000     : k-point, vkl
 (state, eigenvalue and occupancy below)
     1  -2487804.429       0.000000000    
     2  -2380595.299       0.000000000    
     3  -582644.6223       0.000000000    
     4  -522037.4425       0.000000000    
     5  -442532.4724       0.000000000    
     6  -425618.5647       0.000000000    
     7  -391306.1528       0.000000000    
     8  -362113.0734       0.000000000    
     9  -98954.89351       0.000000000    
    10  -92984.86187       0.000000000    
    11  -90995.54279       0.000000000    
    12  -86025.59327       0.000000000    
    13  -43035.16173       0.000000000    


    24  0.6250000000      0.2500000000      0.1250000000     : k-point, vkl
 (state, eigenvalue and occupancy below)
     1  -2534775.814       0.000000000    
     2  -2489820.159       0.000000000    
     3  -582390.8998       0.000000000    
     4  -513344.4359       0.000000000    
     5  -467718.9017       0.000000000    
     6  -446412.0227       0.000000000    
     7  -431156.6431       0.000000000    
     8  -390872.2766       0.000000000    
     9  -98016.63335       0.000000000    
    10  -96251.97219       0.000000000    
    11  -93814.04250       0.000000000    
    12  -90265.37551       0.000000000    
    13  -45384.61084       0.000000000    


    25  0.5000000000      0.3750000000      0.1250000000     : k-point, vkl
 (state, eigenvalue and occupancy below)
     1  -2421580.220       0.000000000    
     2  -2346163.906       0.000000000    
     3  -553474.3522       0.000000000    
     4  -491825.0189       0.000000000    
     5  -445459.3404       0.000000000    
     6  -412275.6308       0.000000000    
     7  -402565.1087       0.000000000    
     8  -376258.3045       0.000000000    
     9  -97276.10946       0.000000000    
    10  -92619.34974       0.000000000    
    11  -88703.65921       0.000000000    
    12  -85959.79469       0.000000000    
    13  -42075.33976       0.000000000    


    26  0.6250000000      0.3750000000      0.1250000000     : k-point, vkl
 (state, eigenvalue and occupancy below)
     1  -2301345.167       0.000000000    
     2  -2235048.479       0.000000000    
     3  -526898.9392       0.000000000    
     4  -473138.1431       0.000000000    
     5  -432887.3102       0.000000000    
     6  -414500.4619       0.000000000    
     7  -381757.4476       0.000000000    
     8  -357792.4387       0.000000000    
     9  -94778.04620       0.000000000    
    10  -88900.17766       0.000000000    
    11  -86536.77640       0.000000000    
    12  -83589.41033       0.000000000    
    13  -41107.32490       0.000000000    


    27  0.7500000000      0.3750000000      0.1250000000     : k-point, vkl
 (state, eigenvalue and occupancy below)
     1  -2453366.430       0.000000000    
     2  -2352430.271       0.000000000    
     3  -555438.4250       0.000000000    
     4  -506225.7136       0.000000000    
     5  -450483.8570       0.000000000    
     6  -418312.5232       0.000000000    
     7  -410175.6573       0.000000000    
     8  -367639.6721       0.000000000    
     9  -94974.76236       0.000000000    
    10  -91460.80163       0.000000000    
    11  -88984.25428       0.000000000    
    12  -87874.58332       0.000000000    
    13  -41927.98751       0.000000000    


    28  0.6250000000      0.5000000000      0.1250000000     : k-point, vkl
 (state, eigenvalue and occupancy below)
     1  -2211068.637       0.000000000    
     2  -2175605.729       0.000000000    
     3  -509298.4886       0.000000000    
     4  -452255.4130       0.000000000    
     5  -409251.7507       0.000000000    
     6  -376560.9864       0.000000000    
     7  -363479.8627       0.000000000    
     8  -342945.0692       0.000000000    
     9  -86432.10621       0.000000000    
    10  -82807.35976       0.000000000    
    11  -82005.07354       0.000000000    
    12  -79955.72133       0.000000000    
    13  -37805.93400       0.000000000    


    29  0.7500000000      0.5000000000      0.2500000000     : k-point, vkl
 (state, eigenvalue and occupancy below)
     1  -2561214.549       0.000000000    
     2  -2435230.396       0.000000000    
     3  -597048.1265       0.000000000    
     4  -515198.5593       0.000000000    
     5  -475624.2782       0.000000000    
     6  -444496.1033       0.000000000    
     7  -422659.8426       0.000000000    
     8  -386078.9651       0.000000000    
     9  -101228.9969       0.000000000    
    10  -95505.62163       0.000000000    
    11  -90257.08170       0.000000000    
    12  -88885.58364       0.000000000    
    13  -44091.12137       0.000000000    

