  0.5034951650    
  0.1639919624    
  0.6435231938    
  0.9078748671    
  0.3837631279    
  0.9891473550E-03
  0.7560508146E-01
  0.2644768718    
  0.6872667815E-01
   26256.66230    
   19685.03569    
   4921.611218    
   1230.638748    
   308.1941490    
   84.63595972    
   25.22832391    
   1.097334773    
  0.3411778147    
  0.3542831927    
   2692.403837    
   2042.043821    
   474.9110824    
   118.5247188    
   38.76819764    
   24.28354210    
  0.6165631722    
   2595.543001    
   2044.834416    
   393.5979009    
   100.4163722    
   43.22115016    
   22.56870157    
   7.089225699    
   416.5678060    
   356.6375760    
   46.04503368    
   5.909677918    
   2.562917227    
  0.3414073289    
   2.737886291    
   131242.0669    
   99595.58975    
   23448.35933    
   6179.891794    
   1734.830643    
   467.4467168    
   81.90344591    
   78.20547994    
   19.62897376    
   5.063785836    
  0.7105979814    
   1.258735601    
   113582.8699    
   85186.79138    
   21296.65284    
   5323.947100    
   1331.088638    
   332.7858200    
   81.95686875    
   201.0751061    
   3776.074085    
   2955.877139    
   739.5962669    
   185.4371869    
   46.02117148    
   11.62755970    
   8.784123821    
   4714.442008    
   3555.321218    
   889.2171175    
   220.8556514    
   54.08385206    
   4.176890579    
   31.01044819    
   34541.65320    
   26136.95731    
   6161.254640    
   1574.980527    
   454.7182432    
   209.7013006    
   44.51072115    
   45.50668629    
   431.0109381    
   333.1323392    
   51.52417126    
   16.56074565    
   12.22813755    
   7.628787096    
   78.77885394    
   61.30868979    
   4.804229945    
   2.032345038    
   1.005028871    
   4.092594660    
   247.2135235    
   133.8166801    
   46.30358905    
   13.08817653    
   19.73116679    
   63.71856823    
   3.610814028    
   24.85608734    
   87990.93284    
   66489.77993    
   15851.94318    
   4094.799882    
   1185.837396    
   479.9687891    
   9.093628653    
   82.99545176    
   21.02696070    
   344499.3266    
   260692.2135    
