    29 : nkpt
    13 : nstsv

     1   0.000000000       0.000000000       0.000000000     : k-point, vkl
 (state, eigenvalue and occupancy below)
     1  -250.4291050       0.000000000    
     2  -195.1067285       0.000000000    
     3  -180.0470326       0.000000000    
     4  -141.2847432       0.000000000    
     5 -0.4720197601       2.000000000    
     6  0.2968910156       1.999999984    
     7  0.2969041310       1.999999984    
     8  0.2971059698       1.999999980    
     9  0.5169929105       0.000000000    
    10  0.5170204800       0.000000000    
    11  0.5172538822       0.000000000    
    12  0.7939508827       0.000000000    
    13   1.051414387       0.000000000    


     2  0.1250000000       0.000000000       0.000000000     : k-point, vkl
 (state, eigenvalue and occupancy below)
     1  -190.5381132       0.000000000    
     2  -114.2428870       0.000000000    
     3  -103.2941459       0.000000000    
     4  -52.56609249       0.000000000    
     5 -0.4564294776       2.000000000    
     6  0.2136344140       2.000000000    
     7  0.2745266936       2.000000000    
     8  0.2747251773       2.000000000    
     9  0.5470421282       0.000000000    
    10  0.5472486203       0.000000000    
    11  0.5621965837       0.000000000    
    12  0.8078909359       0.000000000    
    13   1.072784094       0.000000000    


     3  0.2500000000       0.000000000       0.000000000     : k-point, vkl
 (state, eigenvalue and occupancy below)
     1  -112.3737430       0.000000000    
     2  -86.05631223       0.000000000    
     3  -73.51387289       0.000000000    
     4  -50.72252357       0.000000000    
     5 -0.4102201871       2.000000000    
     6  0.6584799351E-01   2.000000000    
     7  0.2358969316       2.000000000    
     8  0.2361128115       2.000000000    
     9  0.5964679712       0.000000000    
    10  0.5966309471       0.000000000    
    11  0.6097151861       0.000000000    
    12  0.8457183926       0.000000000    
    13   1.098457280       0.000000000    


     4  0.3750000000       0.000000000       0.000000000     : k-point, vkl
 (state, eigenvalue and occupancy below)
     1  -97.00260573       0.000000000    
     2  -74.85656069       0.000000000    
     3  -67.53393378       0.000000000    
     4  -55.37132311       0.000000000    
     5 -0.3362922633       2.000000000    
     6 -0.7951324834E-01   2.000000000    
     7  0.2077314800       2.000000000    
     8  0.2079576646       2.000000000    
     9  0.6217450786       0.000000000    
    10  0.6218639285       0.000000000    
    11  0.6308936535       0.000000000    
    12  0.8847062208       0.000000000    
    13   1.110356789       0.000000000    


     5  0.5000000000       0.000000000       0.000000000     : k-point, vkl
 (state, eigenvalue and occupancy below)
     1  -101.7068305       0.000000000    
     2  -70.83421158       0.000000000    
     3  -68.94208155       0.000000000    
     4  -54.70823747       0.000000000    
     5 -0.2675537720       2.000000000    
     6 -0.1733315521       2.000000000    
     7  0.1978454278       2.000000000    
     8  0.1980754401       2.000000000    
     9  0.6263685387       0.000000000    
    10  0.6264698803       0.000000000    
    11  0.6366258875       0.000000000    
    12  0.8989264545       0.000000000    
    13   1.131966909       0.000000000    


     6  0.1250000000      0.1250000000       0.000000000     : k-point, vkl
 (state, eigenvalue and occupancy below)
     1  -169.6334499       0.000000000    
     2  -129.7468225       0.000000000    
     3  -126.6562087       0.000000000    
     4  -91.47593711       0.000000000    
     5 -0.4512395821       2.000000000    
     6  0.2380354137       2.000000000    
     7  0.2381622988       2.000000000    
     8  0.2493928260       2.000000000    
     9  0.5047396309       0.000000000    
    10  0.5941153718       0.000000000    
    11  0.5942672670       0.000000000    
    12  0.7976449893       0.000000000    
    13   1.082469394       0.000000000    


     7  0.2500000000      0.1250000000       0.000000000     : k-point, vkl
 (state, eigenvalue and occupancy below)
     1  -127.7315590       0.000000000    
     2  -96.35213945       0.000000000    
     3  -91.96814019       0.000000000    
     4  -57.09488620       0.000000000    
     5 -0.4152384391       2.000000000    
     6  0.1185447683       2.000000000    
     7  0.1974745634       2.000000000    
     8  0.2254157106       2.000000000    
     9  0.5291994763       0.000000000    
    10  0.6501748175       0.000000000    
    11  0.6530416213       0.000000000    
    12  0.7905815442       0.000000000    
    13   1.078665424       0.000000000    


     8  0.3750000000      0.1250000000       0.000000000     : k-point, vkl
 (state, eigenvalue and occupancy below)
     1  -108.1979501       0.000000000    
     2  -99.96189909       0.000000000    
     3  -68.28095766       0.000000000    
     4  -57.92354213       0.000000000    
     5 -0.3502220500       2.000000000    
     6 -0.2448418147E-01   2.000000000    
     7  0.1739201789       2.000000000    
     8  0.1844542817       2.000000000    
     9  0.5743207129       0.000000000    
    10  0.6784903413       0.000000000    
    11  0.6804986896       0.000000000    
    12  0.8158699014       0.000000000    
    13   1.110399196       0.000000000    


     9  0.5000000000      0.1250000000       0.000000000     : k-point, vkl
 (state, eigenvalue and occupancy below)
     1  -101.8068912       0.000000000    
     2  -93.99847087       0.000000000    
     3  -66.99285111       0.000000000    
     4  -62.64091577       0.000000000    
     5 -0.2683286500       2.000000000    
     6 -0.1455139813       2.000000000    
     7  0.1510189200       2.000000000    
     8  0.1732235770       2.000000000    
     9  0.5995173220       0.000000000    
    10  0.6735029905       0.000000000    
    11  0.6874801045       0.000000000    
    12  0.8741350572       0.000000000    
    13   1.084891971       0.000000000    


    10  0.6250000000      0.1250000000       0.000000000     : k-point, vkl
 (state, eigenvalue and occupancy below)
     1  -119.3128471       0.000000000    
     2  -96.70919073       0.000000000    
     3  -67.82988855       0.000000000    
     4  -50.12546092       0.000000000    
     5 -0.2948714417       2.000000000    
     6 -0.1106553866       2.000000000    
     7  0.1363335884       2.000000000    
     8  0.1945566415       2.000000000    
     9  0.6192762574       0.000000000    
    10  0.6496117485       0.000000000    
    11  0.6848668057       0.000000000    
    12  0.8785854747       0.000000000    
    13   1.084320958       0.000000000    


    11  0.7500000000      0.1250000000       0.000000000     : k-point, vkl
 (state, eigenvalue and occupancy below)
     1  -124.5194711       0.000000000    
     2  -98.76081940       0.000000000    
     3  -61.13491347       0.000000000    
     4  -51.82104973       0.000000000    
     5 -0.3749331758       2.000000000    
     6  0.2353343150E-01   2.000000000    
     7  0.1449154668       2.000000000    
     8  0.2320866698       2.000000000    
     9  0.6093880462       0.000000000    
    10  0.6297175985       0.000000000    
    11  0.6632137701       0.000000000    
    12  0.8330568960       0.000000000    
    13   1.105699294       0.000000000    


    12  0.8750000000      0.1250000000       0.000000000     : k-point, vkl
 (state, eigenvalue and occupancy below)
     1  -148.3410950       0.000000000    
     2  -95.25635394       0.000000000    
     3  -65.49103993       0.000000000    
     4  -56.53009324       0.000000000    
     5 -0.4306284906       2.000000000    
     6  0.1568153305       2.000000000    
     7  0.1857132572       2.000000000    
     8  0.2700413458       2.000000000    
     9  0.5590445336       0.000000000    
    10  0.6052372913       0.000000000    
    11  0.6087744019       0.000000000    
    12  0.8152964429       0.000000000    
    13   1.097490475       0.000000000    


    13  0.2500000000      0.2500000000       0.000000000     : k-point, vkl
 (state, eigenvalue and occupancy below)
     1  -115.6270550       0.000000000    
     2  -88.26932529       0.000000000    
     3  -77.62373161       0.000000000    
     4  -43.09315409       0.000000000    
     5 -0.3896772959       2.000000000    
     6  0.1348590108       2.000000000    
     7  0.1534559688       2.000000000    
     8  0.1535783167       2.000000000    
     9  0.4829452902       0.000000000    
    10  0.7057514689       0.000000000    
    11  0.7298426136       0.000000000    
    12  0.7299971697       0.000000000    
    13   1.062580809       0.000000000    


    14  0.3750000000      0.2500000000       0.000000000     : k-point, vkl
 (state, eigenvalue and occupancy below)
     1  -131.6922415       0.000000000    
     2  -101.6254507       0.000000000    
     3  -93.52864803       0.000000000    
     4  -70.47976238       0.000000000    
     5 -0.3347205410       2.000000000    
     6  0.2947329261E-01   2.000000000    
     7  0.1143321501       2.000000000    
     8  0.1273715299       2.000000000    
     9  0.5109264520       0.000000000    
    10  0.6727560220       0.000000000    
    11  0.7782508731       0.000000000    
    12  0.7791598039       0.000000000    
    13   1.103282003       0.000000000    


    15  0.5000000000      0.2500000000       0.000000000     : k-point, vkl
 (state, eigenvalue and occupancy below)
     1  -119.9907276       0.000000000    
     2  -80.90830939       0.000000000    
     3  -60.89650449       0.000000000    
     4  -48.75464498       0.000000000    
     5 -0.2563247816       2.000000000    
     6 -0.8540791913E-01   2.000000000    
     7  0.6106697319E-01   2.000000000    
     8  0.1260732062       2.000000000    
     9  0.5480990440       0.000000000    
    10  0.7396071110       0.000000000    
    11  0.7778418927       0.000000000    
    12  0.7976658798       0.000000000    
    13   1.069147085       0.000000000    


    16  0.6250000000      0.2500000000       0.000000000     : k-point, vkl
 (state, eigenvalue and occupancy below)
     1  -111.3823893       0.000000000    
     2  -90.40531067       0.000000000    
     3  -62.86032517       0.000000000    
     4  -58.89366034       0.000000000    
     5 -0.2325233788       2.000000000    
     6 -0.1125255983       2.000000000    
     7  0.2592833452E-01   2.000000000    
     8  0.1495511937       2.000000000    
     9  0.5761786543       0.000000000    
    10  0.7406585730       0.000000000    
    11  0.7927941929       0.000000000    
    12  0.8533889572       0.000000000    
    13  0.9825076412       0.000000000    


    17  0.7500000000      0.2500000000       0.000000000     : k-point, vkl
 (state, eigenvalue and occupancy below)
     1  -120.9071379       0.000000000    
     2  -90.00564927       0.000000000    
     3  -70.08806824       0.000000000    
     4  -56.27073522       0.000000000    
     5 -0.3115768531       2.000000000    
     6 -0.1270531684E-01   2.000000000    
     7  0.3280694993E-01   2.000000000    
     8  0.1912325747       2.000000000    
     9  0.6111346403       0.000000000    
    10  0.6764185318       0.000000000    
    11  0.7623057929       0.000000000    
    12  0.8219322280       0.000000000    
    13   1.052774148       0.000000000    


    18  0.3750000000      0.3750000000       0.000000000     : k-point, vkl
 (state, eigenvalue and occupancy below)
     1  -141.5524774       0.000000000    
     2  -101.4320661       0.000000000    
     3  -83.63013254       0.000000000    
     4  -46.24852919       0.000000000    
     5 -0.2901555772       2.000000000    
     6 -0.1029829697E-01   2.000000000    
     7  0.9570795432E-01   2.000000000    
     8  0.9582767240E-01   2.000000000    
     9  0.4767149465       0.000000000    
    10  0.5799661624       0.000000000    
    11  0.8567905886       0.000000000    
    12  0.8569508226       0.000000000    
    13   1.119576193       0.000000000    


    19  0.5000000000      0.3750000000       0.000000000     : k-point, vkl
 (state, eigenvalue and occupancy below)
     1  -125.7356328       0.000000000    
     2  -101.0180747       0.000000000    
     3  -73.46401166       0.000000000    
     4  -64.34239626       0.000000000    
     5 -0.2201315713       2.000000000    
     6 -0.8516822331E-01   2.000000000    
     7  0.4145992297E-01   2.000000000    
     8  0.8916681749E-01   2.000000000    
     9  0.5100468617       0.000000000    
    10  0.5845225927       0.000000000    
    11  0.8764043369       0.000000000    
    12  0.8857662263       0.000000000    
    13   1.120060973       0.000000000    


    20  0.6250000000      0.3750000000       0.000000000     : k-point, vkl
 (state, eigenvalue and occupancy below)
     1  -121.2581018       0.000000000    
     2  -97.36653390       0.000000000    
     3  -70.57389736       0.000000000    
     4  -66.64118322       0.000000000    
     5 -0.1698534796       2.000000000    
     6 -0.1220434845       2.000000000    
     7 -0.2523947544E-01   2.000000000    
     8  0.1087813331       2.000000000    
     9  0.5364750378       0.000000000    
    10  0.7134481616       0.000000000    
    11  0.8314266816       0.000000000    
    12  0.8768408761       0.000000000    
    13   1.011231317       0.000000000    


    21  0.5000000000      0.5000000000       0.000000000     : k-point, vkl
 (state, eigenvalue and occupancy below)
     1  -90.64090933       0.000000000    
     2  -74.69892461       0.000000000    
     3  -56.09218241       0.000000000    
     4  -55.37336619       0.000000000    
     5 -0.1592457737       2.000000000    
     6 -0.1592427175       2.000000000    
     7  0.7567449913E-01   2.000000000    
     8  0.7579384271E-01   2.000000000    
     9  0.5043340490       0.000000000    
    10  0.5043645520       0.000000000    
    11  0.9160450822       0.000000000    
    12  0.9162103158       0.000000000    
    13   1.170101086       0.000000000    


    22  0.3750000000      0.2500000000      0.1250000000     : k-point, vkl
 (state, eigenvalue and occupancy below)
     1  -112.3401342       0.000000000    
     2  -93.50465882       0.000000000    
     3  -87.61026098       0.000000000    
     4  -61.63423938       0.000000000    
     5 -0.3697287684       2.000000000    
     6  0.6567762803E-01   2.000000000    
     7  0.1064621286       2.000000000    
     8  0.1958221559       2.000000000    
     9  0.5565661972       0.000000000    
    10  0.6791742370       0.000000000    
    11  0.7308792660       0.000000000    
    12  0.7551187311       0.000000000    
    13   1.088850205       0.000000000    


    23  0.5000000000      0.2500000000      0.1250000000     : k-point, vkl
 (state, eigenvalue and occupancy below)
     1  -105.0892399       0.000000000    
     2  -93.98459019       0.000000000    
     3  -89.52642104       0.000000000    
     4  -57.18995875       0.000000000    
     5 -0.2973683834       2.000000000    
     6 -0.5148842662E-01   2.000000000    
     7  0.7706382057E-01   2.000000000    
     8  0.1546670333       2.000000000    
     9  0.6103275905       0.000000000    
    10  0.6696322846       0.000000000    
    11  0.7652711996       0.000000000    
    12  0.8026050257       0.000000000    
    13   1.071890157       0.000000000    


    24  0.6250000000      0.2500000000      0.1250000000     : k-point, vkl
 (state, eigenvalue and occupancy below)
     1  -112.7183209       0.000000000    
     2  -101.4852323       0.000000000    
     3  -78.24549971       0.000000000    
     4  -69.86946488       0.000000000    
     5 -0.2311016722       2.000000000    
     6 -0.1385372206       2.000000000    
     7  0.7497482088E-01   2.000000000    
     8  0.1338620915       2.000000000    
     9  0.6275682803       0.000000000    
    10  0.6608559194       0.000000000    
    11  0.7834076308       0.000000000    
    12  0.8561380537       0.000000000    
    13   1.009533260       0.000000000    


    25  0.5000000000      0.3750000000      0.1250000000     : k-point, vkl
 (state, eigenvalue and occupancy below)
     1  -138.9554568       0.000000000    
     2  -101.1246565       0.000000000    
     3  -92.87396673       0.000000000    
     4  -57.45761421       0.000000000    
     5 -0.2721653337       2.000000000    
     6 -0.2620026611E-01   2.000000000    
     7  0.5346056919E-01   2.000000000    
     8  0.9079698043E-01   2.000000000    
     9  0.5526820219       0.000000000    
    10  0.6450812650       0.000000000    
    11  0.7841846839       0.000000000    
    12  0.8566401058       0.000000000    
    13   1.123270833       0.000000000    


    26  0.6250000000      0.3750000000      0.1250000000     : k-point, vkl
 (state, eigenvalue and occupancy below)
     1  -110.8865436       0.000000000    
     2  -87.40905057       0.000000000    
     3  -66.63322500       0.000000000    
     4  -51.40638814       0.000000000    
     5 -0.1952319841       2.000000000    
     6 -0.1014861518       2.000000000    
     7  0.4202826793E-02   2.000000000    
     8  0.7652784735E-01   2.000000000    
     9  0.6002062733       0.000000000    
    10  0.7217902966       0.000000000    
    11  0.7679902225       0.000000000    
    12  0.8520675761       0.000000000    
    13   1.037808536       0.000000000    


    27  0.7500000000      0.3750000000      0.1250000000     : k-point, vkl
 (state, eigenvalue and occupancy below)
     1  -115.1715361       0.000000000    
     2  -85.12849794       0.000000000    
     3  -74.94763516       0.000000000    
     4  -60.02190662       0.000000000    
     5 -0.2231140108       2.000000000    
     6 -0.7503191143E-01   2.000000000    
     7 -0.1087831040E-01   2.000000000    
     8  0.1067976158       2.000000000    
     9  0.6302818610       0.000000000    
    10  0.7084827626       0.000000000    
    11  0.7919676535       0.000000000    
    12  0.8371423539       0.000000000    
    13  0.9959479707       0.000000000    


    28  0.6250000000      0.5000000000      0.1250000000     : k-point, vkl
 (state, eigenvalue and occupancy below)
     1  -104.3027356       0.000000000    
     2  -96.01419222       0.000000000    
     3  -78.22530240       0.000000000    
     4  -71.57534950       0.000000000    
     5 -0.1480228382       2.000000000    
     6 -0.1480016863       2.000000000    
     7  0.4235516928E-01   2.000000000    
     8  0.4250470038E-01   2.000000000    
     9  0.5777468850       0.000000000    
    10  0.5778329832       0.000000000    
    11  0.8743910456       0.000000000    
    12  0.8745428270       0.000000000    
    13   1.132175274       0.000000000    


    29  0.7500000000      0.5000000000      0.2500000000     : k-point, vkl
 (state, eigenvalue and occupancy below)
     1  -156.1671838       0.000000000    
     2  -118.3144211       0.000000000    
     3  -97.51947572       0.000000000    
     4  -85.57380148       0.000000000    
     5 -0.1335108769       2.000000000    
     6 -0.1334671890       2.000000000    
     7  0.9309758046E-02   2.000000000    
     8  0.9494620018E-02   2.000000000    
     9  0.7139136697       0.000000000    
    10  0.7139808312       0.000000000    
    11  0.7596438781       0.000000000    
    12  0.7597782401       0.000000000    
    13   1.101470078       0.000000000    

