   3.438806789    
   5.933148029    
   5.933510782    
   5.572489699    
   3.793576266    
   1.006881464    
  0.3968213816    
  0.3452329963E-01
  0.1322355546E-01
   267.9303415    
   2.608401170    
   2.425242597    
   2.392521989    
   2.341706751    
   2.246284936    
   1.186420877    
  0.9562370986E-01
  0.6989951434E-01
   5.141891470    
   86.65392322    
   21.47090814    
   10.13322394    
   7.708673915    
   6.263176737    
   4.235179754    
   1.172754369    
   143.1672778    
   54.78144286    
   20.10683573    
   13.97157861    
   10.00756078    
   5.357221428    
   1.074209956    
   34.50198697    
   23.25395075    
   7.848116667    
   3.787768217    
   2.005438288    
  0.7886881283    
  0.9358095817E-01
   1734.823075    
   879.7146813    
   396.4393770    
   278.2055748    
   165.4915832    
   72.87220499    
   12.47258829    
   1.715459353    
  0.7281243094    
   3.127385793    
   4.820224305    
   5.058179308    
   149.2731658    
   1.431858327    
   1.403414257    
   1.370140778    
   1.253897248    
   1.223266627    
   1.185727634    
   28.29347916    
   415.5252302    
   6.582340488    
   4.261083516    
   2.109947751    
   1.622317528    
   1.596404124    
   1.555716731    
   444.3607948    
   7.820484216    
   6.878084412    
   6.743991795    
   6.485760296    
   6.219888356    
   4.908987100    
   878.0164036    
   167.9622787    
   71.21750478    
   59.69970800    
   48.16168445    
   33.33225693    
   12.14803389    
  0.9098057417    
   59.94797219    
   13.26898278    
   5.355422607    
   4.543021863    
   3.592695798    
   2.015531688    
   48.65489913    
   3.983140161    
   1.795156680    
   1.684352415    
   1.498190379    
   1.315375005    
   184.0831905    
   56.13891897    
   41.09717483    
   30.17728895    
   23.23094558    
   16.82083469    
   5.471686572    
   5.183671974    
   1336.242436    
   474.6309142    
   224.3458158    
   169.7455397    
   120.4913633    
   70.17047851    
   16.91023563    
   1.730966461    
  0.8013998103    
   3504.098390    
   1353.908589    
