    29 : nkpt
    13 : nstsv

     1   0.000000000       0.000000000       0.000000000     : k-point, vkl
 (state, eigenvalue and occupancy below)
     1 -0.4488726346E+11   0.000000000    
     2 -0.3516613260E+11   0.000000000    
     3  -718215089.9       0.000000000    
     4  -573651598.1       0.000000000    
     5  -441767687.2       0.000000000    
     6  -441635025.4       0.000000000    
     7  -356048091.3       0.000000000    
     8  -355974854.9       0.000000000    
     9  -34412865.27       0.000000000    
    10  -34411794.81       0.000000000    
    11  -28715171.32       0.000000000    
    12  -28714374.97       0.000000000    
    13  -6000413.612       0.000000000    


     2  0.1250000000       0.000000000       0.000000000     : k-point, vkl
 (state, eigenvalue and occupancy below)
     1 -0.4023543794E+11   0.000000000    
     2 -0.3720173496E+11   0.000000000    
     3  -667817944.2       0.000000000    
     4  -635578688.0       0.000000000    
     5  -461304275.6       0.000000000    
     6  -426826424.1       0.000000000    
     7  -406444273.4       0.000000000    
     8  -382148364.7       0.000000000    
     9  -38296864.35       0.000000000    
    10  -35256258.86       0.000000000    
    11  -33280002.16       0.000000000    
    12  -31014663.17       0.000000000    
    13  -6666155.152       0.000000000    


     3  0.2500000000       0.000000000       0.000000000     : k-point, vkl
 (state, eigenvalue and occupancy below)
     1 -0.4376337621E+11   0.000000000    
     2 -0.3543385591E+11   0.000000000    
     3  -769218673.1       0.000000000    
     4  -651078423.4       0.000000000    
     5  -500046144.1       0.000000000    
     6  -476519352.8       0.000000000    
     7  -397489265.4       0.000000000    
     8  -383083989.7       0.000000000    
     9  -40633257.20       0.000000000    
    10  -39956249.05       0.000000000    
    11  -33272786.36       0.000000000    
    12  -32579339.87       0.000000000    
    13  -7355393.287       0.000000000    


     4  0.3750000000       0.000000000       0.000000000     : k-point, vkl
 (state, eigenvalue and occupancy below)
     1 -0.3942044935E+11   0.000000000    
     2 -0.3406126233E+11   0.000000000    
     3  -710895024.6       0.000000000    
     4  -618367461.9       0.000000000    
     5  -443677688.3       0.000000000    
     6  -418770108.7       0.000000000    
     7  -377716781.3       0.000000000    
     8  -367840537.3       0.000000000    
     9  -38859106.64       0.000000000    
    10  -37632145.74       0.000000000    
    11  -33693013.31       0.000000000    
    12  -31809370.99       0.000000000    
    13  -6457827.347       0.000000000    


     5  0.5000000000       0.000000000       0.000000000     : k-point, vkl
 (state, eigenvalue and occupancy below)
     1 -0.4066988414E+11   0.000000000    
     2 -0.3300122329E+11   0.000000000    
     3  -716961584.3       0.000000000    
     4  -562609481.8       0.000000000    
     5  -450322007.2       0.000000000    
     6  -445249600.7       0.000000000    
     7  -400486593.2       0.000000000    
     8  -326198275.6       0.000000000    
     9  -38150070.07       0.000000000    
    10  -38014889.72       0.000000000    
    11  -31960977.13       0.000000000    
    12  -27228554.26       0.000000000    
    13  -6369338.923       0.000000000    


     6  0.1250000000      0.1250000000       0.000000000     : k-point, vkl
 (state, eigenvalue and occupancy below)
     1 -0.3989418459E+11   0.000000000    
     2 -0.3835676416E+11   0.000000000    
     3  -698132975.6       0.000000000    
     4  -673255589.9       0.000000000    
     5  -447014001.8       0.000000000    
     6  -418714874.9       0.000000000    
     7  -408220944.8       0.000000000    
     8  -402947624.4       0.000000000    
     9  -37264725.81       0.000000000    
    10  -35481399.02       0.000000000    
    11  -33839922.62       0.000000000    
    12  -31767659.26       0.000000000    
    13  -6896619.576       0.000000000    


     7  0.2500000000      0.1250000000       0.000000000     : k-point, vkl
 (state, eigenvalue and occupancy below)
     1 -0.4031908696E+11   0.000000000    
     2 -0.3412589021E+11   0.000000000    
     3  -669308401.9       0.000000000    
     4  -626957442.6       0.000000000    
     5  -464648378.8       0.000000000    
     6  -419708268.4       0.000000000    
     7  -381681130.5       0.000000000    
     8  -377532466.4       0.000000000    
     9  -37615189.11       0.000000000    
    10  -34303114.47       0.000000000    
    11  -32525093.07       0.000000000    
    12  -32192005.20       0.000000000    
    13  -6639254.381       0.000000000    


     8  0.3750000000      0.1250000000       0.000000000     : k-point, vkl
 (state, eigenvalue and occupancy below)
     1 -0.4031989611E+11   0.000000000    
     2 -0.3887366216E+11   0.000000000    
     3  -682637713.1       0.000000000    
     4  -658201668.5       0.000000000    
     5  -459899993.3       0.000000000    
     6  -422142251.6       0.000000000    
     7  -407588377.9       0.000000000    
     8  -393970124.7       0.000000000    
     9  -38121291.82       0.000000000    
    10  -37152185.04       0.000000000    
    11  -34334476.17       0.000000000    
    12  -32237444.97       0.000000000    
    13  -6929291.723       0.000000000    


     9  0.5000000000      0.1250000000       0.000000000     : k-point, vkl
 (state, eigenvalue and occupancy below)
     1 -0.3803455603E+11   0.000000000    
     2 -0.3691347177E+11   0.000000000    
     3  -668761634.8       0.000000000    
     4  -665152175.1       0.000000000    
     5  -422339254.7       0.000000000    
     6  -404331357.4       0.000000000    
     7  -396223057.2       0.000000000    
     8  -380128491.8       0.000000000    
     9  -35779633.04       0.000000000    
    10  -35599698.65       0.000000000    
    11  -35133274.00       0.000000000    
    12  -31602695.99       0.000000000    
    13  -6355225.589       0.000000000    


    10  0.6250000000      0.1250000000       0.000000000     : k-point, vkl
 (state, eigenvalue and occupancy below)
     1 -0.3612845861E+11   0.000000000    
     2 -0.3597510753E+11   0.000000000    
     3  -635053317.3       0.000000000    
     4  -627797704.4       0.000000000    
     5  -427283862.8       0.000000000    
     6  -415391217.6       0.000000000    
     7  -390356135.9       0.000000000    
     8  -376775935.8       0.000000000    
     9  -35208884.01       0.000000000    
    10  -33897360.53       0.000000000    
    11  -33741955.53       0.000000000    
    12  -31837641.51       0.000000000    
    13  -6350475.193       0.000000000    


    11  0.7500000000      0.1250000000       0.000000000     : k-point, vkl
 (state, eigenvalue and occupancy below)
     1 -0.3905521393E+11   0.000000000    
     2 -0.3365950404E+11   0.000000000    
     3  -718004547.1       0.000000000    
     4  -603981052.0       0.000000000    
     5  -439344183.8       0.000000000    
     6  -404160151.7       0.000000000    
     7  -377595823.3       0.000000000    
     8  -375690985.0       0.000000000    
     9  -39000193.47       0.000000000    
    10  -37169998.74       0.000000000    
    11  -32354627.17       0.000000000    
    12  -31455075.32       0.000000000    
    13  -6391537.300       0.000000000    


    12  0.8750000000      0.1250000000       0.000000000     : k-point, vkl
 (state, eigenvalue and occupancy below)
     1 -0.4142545037E+11   0.000000000    
     2 -0.3816336031E+11   0.000000000    
     3  -699575425.2       0.000000000    
     4  -657267989.2       0.000000000    
     5  -491333330.9       0.000000000    
     6  -438072858.3       0.000000000    
     7  -408693889.8       0.000000000    
     8  -402119155.4       0.000000000    
     9  -37838003.33       0.000000000    
    10  -37599334.06       0.000000000    
    11  -35280973.00       0.000000000    
    12  -34421798.45       0.000000000    
    13  -6735806.962       0.000000000    


    13  0.2500000000      0.2500000000       0.000000000     : k-point, vkl
 (state, eigenvalue and occupancy below)
     1 -0.4289997862E+11   0.000000000    
     2 -0.4071436366E+11   0.000000000    
     3  -740203845.8       0.000000000    
     4  -701418975.3       0.000000000    
     5  -455060062.2       0.000000000    
     6  -451875967.8       0.000000000    
     7  -443922108.9       0.000000000    
     8  -429492780.4       0.000000000    
     9  -40055485.58       0.000000000    
    10  -37573443.04       0.000000000    
    11  -35740769.53       0.000000000    
    12  -35589283.53       0.000000000    
    13  -7232455.193       0.000000000    


    14  0.3750000000      0.2500000000       0.000000000     : k-point, vkl
 (state, eigenvalue and occupancy below)
     1 -0.3916652994E+11   0.000000000    
     2 -0.3589458719E+11   0.000000000    
     3  -681436635.9       0.000000000    
     4  -645074287.0       0.000000000    
     5  -438846127.5       0.000000000    
     6  -417418692.8       0.000000000    
     7  -405751291.0       0.000000000    
     8  -368759069.5       0.000000000    
     9  -37042487.94       0.000000000    
    10  -34011251.39       0.000000000    
    11  -33248451.58       0.000000000    
    12  -31915445.18       0.000000000    
    13  -6719537.189       0.000000000    


    15  0.5000000000      0.2500000000       0.000000000     : k-point, vkl
 (state, eigenvalue and occupancy below)
     1 -0.3710581641E+11   0.000000000    
     2 -0.3607018373E+11   0.000000000    
     3  -682367616.2       0.000000000    
     4  -651954634.3       0.000000000    
     5  -428425291.7       0.000000000    
     6  -415495581.3       0.000000000    
     7  -403779689.1       0.000000000    
     8  -394862985.7       0.000000000    
     9  -37546360.71       0.000000000    
    10  -35915174.82       0.000000000    
    11  -34302513.35       0.000000000    
    12  -33820589.11       0.000000000    
    13  -6567584.202       0.000000000    


    16  0.6250000000      0.2500000000       0.000000000     : k-point, vkl
 (state, eigenvalue and occupancy below)
     1 -0.3749912533E+11   0.000000000    
     2 -0.3504143506E+11   0.000000000    
     3  -655721098.3       0.000000000    
     4  -629297426.8       0.000000000    
     5  -411521220.1       0.000000000    
     6  -399196145.9       0.000000000    
     7  -393716428.3       0.000000000    
     8  -378030123.4       0.000000000    
     9  -35851120.17       0.000000000    
    10  -34446834.43       0.000000000    
    11  -33547541.15       0.000000000    
    12  -32269262.45       0.000000000    
    13  -6494800.301       0.000000000    


    17  0.7500000000      0.2500000000       0.000000000     : k-point, vkl
 (state, eigenvalue and occupancy below)
     1 -0.3768875817E+11   0.000000000    
     2 -0.3739963652E+11   0.000000000    
     3  -671753979.0       0.000000000    
     4  -664777242.8       0.000000000    
     5  -432041172.9       0.000000000    
     6  -430283353.0       0.000000000    
     7  -413192145.2       0.000000000    
     8  -412527658.3       0.000000000    
     9  -37897576.50       0.000000000    
    10  -37001071.92       0.000000000    
    11  -34558225.13       0.000000000    
    12  -31939048.61       0.000000000    
    13  -6523807.497       0.000000000    


    18  0.3750000000      0.3750000000       0.000000000     : k-point, vkl
 (state, eigenvalue and occupancy below)
     1 -0.3780874116E+11   0.000000000    
     2 -0.3581921733E+11   0.000000000    
     3  -665201988.7       0.000000000    
     4  -642785026.2       0.000000000    
     5  -409013286.0       0.000000000    
     6  -408809098.4       0.000000000    
     7  -399789718.6       0.000000000    
     8  -392063926.6       0.000000000    
     9  -37151535.35       0.000000000    
    10  -34552712.55       0.000000000    
    11  -33257777.33       0.000000000    
    12  -32672263.82       0.000000000    
    13  -6606013.088       0.000000000    


    19  0.5000000000      0.3750000000       0.000000000     : k-point, vkl
 (state, eigenvalue and occupancy below)
     1 -0.3748182303E+11   0.000000000    
     2 -0.3632580251E+11   0.000000000    
     3  -663641614.9       0.000000000    
     4  -641605527.4       0.000000000    
     5  -429719669.5       0.000000000    
     6  -411671013.2       0.000000000    
     7  -396398405.4       0.000000000    
     8  -373609436.7       0.000000000    
     9  -34855124.78       0.000000000    
    10  -34423402.16       0.000000000    
    11  -33381416.82       0.000000000    
    12  -32873591.06       0.000000000    
    13  -6539189.294       0.000000000    


    20  0.6250000000      0.3750000000       0.000000000     : k-point, vkl
 (state, eigenvalue and occupancy below)
     1 -0.3748515264E+11   0.000000000    
     2 -0.3550445913E+11   0.000000000    
     3  -701406258.2       0.000000000    
     4  -642838155.4       0.000000000    
     5  -435841869.0       0.000000000    
     6  -397535018.3       0.000000000    
     7  -384520398.8       0.000000000    
     8  -377460376.3       0.000000000    
     9  -37347522.02       0.000000000    
    10  -34461190.87       0.000000000    
    11  -33741569.17       0.000000000    
    12  -31999285.82       0.000000000    
    13  -6280863.079       0.000000000    


    21  0.5000000000      0.5000000000       0.000000000     : k-point, vkl
 (state, eigenvalue and occupancy below)
     1 -0.4296133329E+11   0.000000000    
     2 -0.4234751557E+11   0.000000000    
     3  -737699744.0       0.000000000    
     4  -732625075.1       0.000000000    
     5  -474786585.3       0.000000000    
     6  -461284270.9       0.000000000    
     7  -429679111.6       0.000000000    
     8  -404957540.2       0.000000000    
     9  -43246967.95       0.000000000    
    10  -37897032.76       0.000000000    
    11  -35865001.39       0.000000000    
    12  -35638926.63       0.000000000    
    13  -7177405.925       0.000000000    


    22  0.3750000000      0.2500000000      0.1250000000     : k-point, vkl
 (state, eigenvalue and occupancy below)
     1 -0.3680775132E+11   0.000000000    
     2 -0.3506200088E+11   0.000000000    
     3  -687981503.4       0.000000000    
     4  -647544475.5       0.000000000    
     5  -419377853.3       0.000000000    
     6  -391326222.2       0.000000000    
     7  -383542162.1       0.000000000    
     8  -381788064.7       0.000000000    
     9  -37084081.04       0.000000000    
    10  -33986735.79       0.000000000    
    11  -33753940.37       0.000000000    
    12  -32872638.17       0.000000000    
    13  -6454284.826       0.000000000    


    23  0.5000000000      0.2500000000      0.1250000000     : k-point, vkl
 (state, eigenvalue and occupancy below)
     1 -0.3823730319E+11   0.000000000    
     2 -0.3475749809E+11   0.000000000    
     3  -658318642.6       0.000000000    
     4  -623252064.0       0.000000000    
     5  -436801039.2       0.000000000    
     6  -424915643.5       0.000000000    
     7  -380760561.6       0.000000000    
     8  -377509779.0       0.000000000    
     9  -35380354.86       0.000000000    
    10  -35234548.38       0.000000000    
    11  -33229850.17       0.000000000    
    12  -30976789.95       0.000000000    
    13  -6399116.014       0.000000000    


    24  0.6250000000      0.2500000000      0.1250000000     : k-point, vkl
 (state, eigenvalue and occupancy below)
     1 -0.3326071543E+11   0.000000000    
     2 -0.3298409426E+11   0.000000000    
     3  -632830197.7       0.000000000    
     4  -624379104.6       0.000000000    
     5  -397458712.0       0.000000000    
     6  -374404628.4       0.000000000    
     7  -367354890.5       0.000000000    
     8  -361831445.8       0.000000000    
     9  -34268612.63       0.000000000    
    10  -33681299.19       0.000000000    
    11  -32341580.88       0.000000000    
    12  -31174855.89       0.000000000    
    13  -6058008.059       0.000000000    


    25  0.5000000000      0.3750000000      0.1250000000     : k-point, vkl
 (state, eigenvalue and occupancy below)
     1 -0.3777281900E+11   0.000000000    
     2 -0.3611015456E+11   0.000000000    
     3  -687105308.8       0.000000000    
     4  -662577836.8       0.000000000    
     5  -425453240.8       0.000000000    
     6  -410104724.8       0.000000000    
     7  -396509843.0       0.000000000    
     8  -394594613.5       0.000000000    
     9  -37808059.50       0.000000000    
    10  -34576466.35       0.000000000    
    11  -34471026.32       0.000000000    
    12  -33870472.28       0.000000000    
    13  -6556554.624       0.000000000    


    26  0.6250000000      0.3750000000      0.1250000000     : k-point, vkl
 (state, eigenvalue and occupancy below)
     1 -0.3714565131E+11   0.000000000    
     2 -0.3520754705E+11   0.000000000    
     3  -661409587.9       0.000000000    
     4  -636562969.0       0.000000000    
     5  -416455507.8       0.000000000    
     6  -402702166.0       0.000000000    
     7  -389922921.8       0.000000000    
     8  -384785366.7       0.000000000    
     9  -35612259.96       0.000000000    
    10  -34746761.82       0.000000000    
    11  -34007025.72       0.000000000    
    12  -33515579.82       0.000000000    
    13  -6329109.468       0.000000000    


    27  0.7500000000      0.3750000000      0.1250000000     : k-point, vkl
 (state, eigenvalue and occupancy below)
     1 -0.3681033524E+11   0.000000000    
     2 -0.3530114062E+11   0.000000000    
     3  -668977567.9       0.000000000    
     4  -655346282.6       0.000000000    
     5  -427226078.8       0.000000000    
     6  -417209807.3       0.000000000    
     7  -399224961.1       0.000000000    
     8  -384968461.8       0.000000000    
     9  -37741602.55       0.000000000    
    10  -35942568.70       0.000000000    
    11  -33173179.16       0.000000000    
    12  -32211579.26       0.000000000    
    13  -6556275.952       0.000000000    


    28  0.6250000000      0.5000000000      0.1250000000     : k-point, vkl
 (state, eigenvalue and occupancy below)
     1 -0.3545151865E+11   0.000000000    
     2 -0.3530051791E+11   0.000000000    
     3  -659282507.5       0.000000000    
     4  -650478780.0       0.000000000    
     5  -415538554.0       0.000000000    
     6  -408590538.3       0.000000000    
     7  -396260948.3       0.000000000    
     8  -390487907.5       0.000000000    
     9  -36406247.68       0.000000000    
    10  -35337785.42       0.000000000    
    11  -34659328.70       0.000000000    
    12  -33310559.73       0.000000000    
    13  -6412796.499       0.000000000    


    29  0.7500000000      0.5000000000      0.2500000000     : k-point, vkl
 (state, eigenvalue and occupancy below)
     1 -0.3348318000E+11   0.000000000    
     2 -0.3277279329E+11   0.000000000    
     3  -615242522.4       0.000000000    
     4  -589237161.2       0.000000000    
     5  -395021741.5       0.000000000    
     6  -379839089.0       0.000000000    
     7  -354858395.4       0.000000000    
     8  -345805323.9       0.000000000    
     9  -34520498.95       0.000000000    
    10  -31498653.08       0.000000000    
    11  -30992741.81       0.000000000    
    12  -29287434.51       0.000000000    
    13  -5803418.668       0.000000000    

