    10 : nkpt
    13 : nstsv

     1   0.000000000       0.000000000       0.000000000     : k-point, vkl
 (state, eigenvalue and occupancy below)
     1  -313251.7197       0.000000000    
     2  -281791.2599       0.000000000    
     3  -7535.236419       0.000000000    
     4  -7535.236032       0.000000000    
     5  -6307.915430       0.000000000    
     6  -6307.915206       0.000000000    
     7  -2835.914572       0.000000000    
     8  -2027.980841       0.000000000    
     9  -1937.683162       0.000000000    
    10  -1937.683147       0.000000000    
    11  -1470.376401       0.000000000    
    12  -1470.376388       0.000000000    
    13  -459.2169884       0.000000000    


     2  0.2000000000       0.000000000       0.000000000     : k-point, vkl
 (state, eigenvalue and occupancy below)
     1  -297074.8536       0.000000000    
     2  -290162.6753       0.000000000    
     3  -7679.463624       0.000000000    
     4  -7394.888564       0.000000000    
     5  -6530.007270       0.000000000    
     6  -6509.741019       0.000000000    
     7  -2764.280247       0.000000000    
     8  -2442.958927       0.000000000    
     9  -2020.780359       0.000000000    
    10  -1978.275558       0.000000000    
    11  -1655.979161       0.000000000    
    12  -1647.816518       0.000000000    
    13  -494.9138120       0.000000000    


     3  0.4000000000       0.000000000       0.000000000     : k-point, vkl
 (state, eigenvalue and occupancy below)
     1  -307459.6549       0.000000000    
     2  -294318.3441       0.000000000    
     3  -8071.379307       0.000000000    
     4  -8066.636601       0.000000000    
     5  -6819.394764       0.000000000    
     6  -6769.830868       0.000000000    
     7  -2810.432674       0.000000000    
     8  -2396.793749       0.000000000    
     9  -2126.271569       0.000000000    
    10  -1965.836486       0.000000000    
    11  -1703.415030       0.000000000    
    12  -1599.713987       0.000000000    
    13  -545.7522576       0.000000000    


     4  0.2000000000      0.2000000000       0.000000000     : k-point, vkl
 (state, eigenvalue and occupancy below)
     1  -337761.6827       0.000000000    
     2  -320657.4574       0.000000000    
     3  -8456.866719       0.000000000    
     4  -7705.277057       0.000000000    
     5  -7619.278636       0.000000000    
     6  -6964.226075       0.000000000    
     7  -2889.689573       0.000000000    
     8  -2641.320282       0.000000000    
     9  -2026.422088       0.000000000    
    10  -1998.288686       0.000000000    
    11  -1847.307328       0.000000000    
    12  -1837.908523       0.000000000    
    13  -513.6714275       0.000000000    


     5  0.4000000000      0.2000000000       0.000000000     : k-point, vkl
 (state, eigenvalue and occupancy below)
     1  -291359.1299       0.000000000    
     2  -288730.7035       0.000000000    
     3  -7642.955247       0.000000000    
     4  -7367.700765       0.000000000    
     5  -7097.454352       0.000000000    
     6  -6305.238020       0.000000000    
     7  -2537.619525       0.000000000    
     8  -2174.448384       0.000000000    
     9  -1999.784854       0.000000000    
    10  -1831.222449       0.000000000    
    11  -1692.588657       0.000000000    
    12  -1641.211895       0.000000000    
    13  -500.0073165       0.000000000    


     6  0.6000000000      0.2000000000       0.000000000     : k-point, vkl
 (state, eigenvalue and occupancy below)
     1  -315302.2336       0.000000000    
     2  -295321.9000       0.000000000    
     3  -7857.769392       0.000000000    
     4  -7401.672094       0.000000000    
     5  -7307.845983       0.000000000    
     6  -6657.079614       0.000000000    
     7  -2642.282850       0.000000000    
     8  -2527.931388       0.000000000    
     9  -1927.109517       0.000000000    
    10  -1914.622258       0.000000000    
    11  -1768.751435       0.000000000    
    12  -1701.352388       0.000000000    
    13  -466.5086847       0.000000000    


     7  0.8000000000      0.2000000000       0.000000000     : k-point, vkl
 (state, eigenvalue and occupancy below)
     1  -289272.9121       0.000000000    
     2  -272593.9797       0.000000000    
     3  -7435.197508       0.000000000    
     4  -7427.552512       0.000000000    
     5  -6673.997032       0.000000000    
     6  -6261.237496       0.000000000    
     7  -2568.323713       0.000000000    
     8  -2366.970617       0.000000000    
     9  -1790.359541       0.000000000    
    10  -1707.910172       0.000000000    
    11  -1635.793485       0.000000000    
    12  -1542.582211       0.000000000    
    13  -494.2497600       0.000000000    


     8  0.4000000000      0.4000000000       0.000000000     : k-point, vkl
 (state, eigenvalue and occupancy below)
     1  -300860.3982       0.000000000    
     2  -260551.9640       0.000000000    
     3  -7306.501657       0.000000000    
     4  -6729.079531       0.000000000    
     5  -6617.514432       0.000000000    
     6  -6111.792585       0.000000000    
     7  -2505.032406       0.000000000    
     8  -2255.270709       0.000000000    
     9  -1781.042682       0.000000000    
    10  -1653.871474       0.000000000    
    11  -1595.228227       0.000000000    
    12  -1589.317230       0.000000000    
    13  -436.0648991       0.000000000    


     9  0.6000000000      0.4000000000       0.000000000     : k-point, vkl
 (state, eigenvalue and occupancy below)
     1  -295175.0259       0.000000000    
     2  -270267.1022       0.000000000    
     3  -7417.587585       0.000000000    
     4  -6753.850681       0.000000000    
     5  -6728.029388       0.000000000    
     6  -6366.625359       0.000000000    
     7  -2580.259810       0.000000000    
     8  -2565.261365       0.000000000    
     9  -1923.483847       0.000000000    
    10  -1770.372032       0.000000000    
    11  -1753.372216       0.000000000    
    12  -1549.647335       0.000000000    
    13  -455.7307925       0.000000000    


    10  0.6000000000      0.4000000000      0.2000000000     : k-point, vkl
 (state, eigenvalue and occupancy below)
     1  -321181.6423       0.000000000    
     2  -277240.6121       0.000000000    
     3  -7745.406606       0.000000000    
     4  -7294.693099       0.000000000    
     5  -7050.127404       0.000000000    
     6  -6616.444304       0.000000000    
     7  -2910.096076       0.000000000    
     8  -2611.491124       0.000000000    
     9  -1934.612018       0.000000000    
    10  -1910.743025       0.000000000    
    11  -1756.269350       0.000000000    
    12  -1682.369136       0.000000000    
    13  -470.5519551       0.000000000    

